Logging for round 7, fold 1 configured to file: D:\SPAN\logs\fafa-round_7-fold_1.log - 2026-04-06 15:59:55
========== Round 7 - Fold 1 Training ==========
current_sys_path: D:\SPAN
device = cuda
Global seed initialized to 42 for reproducibility
Using GPU: NVIDIA GeForce RTX 3060 Laptop GPU
Starting fold 1 in 5-folds
Training data - Positive samples: tensor([44993.]), Negative samples: tensor([392091.])
Fold 1, Epoch: 1/1000, Batch: 854, Loss: 0.0264
Fold 1, Epoch 1/1000, Average Train Loss: 0.0311, LR: 0.000200
Fold 1, Epoch 1, Current decision threshold: 0.2000
Fold 1, Epoch 1/1000, Validation Loss: 0.0125, Accuracy: 0.7223
Fold 1, Epoch 1/1000, Precision: 0.0824, Recall: 0.9956, F1-Score: 0.1522, AUC: 0.9655, AUPR: 0.3615
New best model saved, F1: 0.1522, AUC: 0.9655, AUPR: 0.3615
Fold 1, Epoch: 2/1000, Batch: 854, Loss: 0.0180
Fold 1, Epoch 2/1000, Average Train Loss: 0.0172, LR: 0.000200
Fold 1, Epoch 2, Current decision threshold: 0.2000
Fold 1, Epoch 2/1000, Validation Loss: 0.0099, Accuracy: 0.9728
Fold 1, Epoch 2/1000, Precision: 0.4725, Recall: 0.7365, F1-Score: 0.5757, AUC: 0.9838, AUPR: 0.5472
New best model saved, F1: 0.5757, AUC: 0.9838, AUPR: 0.5472
Fold 1, Epoch: 3/1000, Batch: 854, Loss: 0.0153
Fold 1, Epoch 3/1000, Average Train Loss: 0.0131, LR: 0.000200
Fold 1, Epoch 3, Current decision threshold: 0.2000
Fold 1, Epoch 3/1000, Validation Loss: 0.0085, Accuracy: 0.9819
Fold 1, Epoch 3/1000, Precision: 0.6047, Recall: 0.8031, F1-Score: 0.6899, AUC: 0.9914, AUPR: 0.6919
New best model saved, F1: 0.6899, AUC: 0.9914, AUPR: 0.6919
Fold 1, Epoch: 4/1000, Batch: 854, Loss: 0.0164
Fold 1, Epoch 4/1000, Average Train Loss: 0.0115, LR: 0.000200
Fold 1, Epoch 4, Current decision threshold: 0.2000
Fold 1, Epoch 4/1000, Validation Loss: 0.0083, Accuracy: 0.9859
Fold 1, Epoch 4/1000, Precision: 0.6907, Recall: 0.7936, F1-Score: 0.7386, AUC: 0.9939, AUPR: 0.7672
New best model saved, F1: 0.7386, AUC: 0.9939, AUPR: 0.7672
Fold 1, Epoch: 5/1000, Batch: 854, Loss: 0.0067
Fold 1, Epoch 5/1000, Average Train Loss: 0.0102, LR: 0.000200
Epoch 5: Optimal threshold updated to = 0.2050
Fold 1, Epoch 5, Current decision threshold: 0.2050
Fold 1, Epoch 5/1000, Validation Loss: 0.0066, Accuracy: 0.9874
Fold 1, Epoch 5/1000, Precision: 0.7019, Recall: 0.8637, F1-Score: 0.7744, AUC: 0.9950, AUPR: 0.8085
New best model saved, F1: 0.7744, AUC: 0.9950, AUPR: 0.8085
Fold 1, Epoch: 6/1000, Batch: 854, Loss: 0.0116
Fold 1, Epoch 6/1000, Average Train Loss: 0.0095, LR: 0.000200
Fold 1, Epoch 6, Current decision threshold: 0.2050
Fold 1, Epoch 6/1000, Validation Loss: 0.0074, Accuracy: 0.9895
Fold 1, Epoch 6/1000, Precision: 0.7688, Recall: 0.8328, F1-Score: 0.7995, AUC: 0.9958, AUPR: 0.8196
New best model saved, F1: 0.7995, AUC: 0.9958, AUPR: 0.8196
Fold 1, Epoch: 7/1000, Batch: 854, Loss: 0.0060
Fold 1, Epoch 7/1000, Average Train Loss: 0.0087, LR: 0.000200
Fold 1, Epoch 7, Current decision threshold: 0.2050
Fold 1, Epoch 7/1000, Validation Loss: 0.0065, Accuracy: 0.9908
Fold 1, Epoch 7/1000, Precision: 0.7902, Recall: 0.8597, F1-Score: 0.8235, AUC: 0.9966, AUPR: 0.8532
New best model saved, F1: 0.8235, AUC: 0.9966, AUPR: 0.8532
Fold 1, Epoch: 8/1000, Batch: 854, Loss: 0.0065
Fold 1, Epoch 8/1000, Average Train Loss: 0.0081, LR: 0.000200
Fold 1, Epoch 8, Current decision threshold: 0.2050
Fold 1, Epoch 8/1000, Validation Loss: 0.0069, Accuracy: 0.9910
Fold 1, Epoch 8/1000, Precision: 0.8087, Recall: 0.8407, F1-Score: 0.8244, AUC: 0.9966, AUPR: 0.8548
New best model saved, F1: 0.8244, AUC: 0.9966, AUPR: 0.8548
Fold 1, Epoch: 9/1000, Batch: 854, Loss: 0.0072
Fold 1, Epoch 9/1000, Average Train Loss: 0.0077, LR: 0.000200
Fold 1, Epoch 9, Current decision threshold: 0.2050
Fold 1, Epoch 9/1000, Validation Loss: 0.0081, Accuracy: 0.9916
Fold 1, Epoch 9/1000, Precision: 0.8627, Recall: 0.7888, F1-Score: 0.8241, AUC: 0.9972, AUPR: 0.8766
New best model saved, F1: 0.8241, AUC: 0.9972, AUPR: 0.8766
Fold 1, Epoch: 10/1000, Batch: 854, Loss: 0.0072
Fold 1, Epoch 10/1000, Average Train Loss: 0.0073, LR: 0.000200
Epoch 10: Optimal threshold updated to = 0.1515
Fold 1, Epoch 10, Current decision threshold: 0.1515
Fold 1, Epoch 10/1000, Validation Loss: 0.0063, Accuracy: 0.9915
Fold 1, Epoch 10/1000, Precision: 0.7790, Recall: 0.9192, F1-Score: 0.8433, AUC: 0.9972, AUPR: 0.8832
New best model saved, F1: 0.8433, AUC: 0.9972, AUPR: 0.8832
Fold 1, Epoch: 11/1000, Batch: 854, Loss: 0.0042
Fold 1, Epoch 11/1000, Average Train Loss: 0.0070, LR: 0.000200
Fold 1, Epoch 11, Current decision threshold: 0.1515
Fold 1, Epoch 11/1000, Validation Loss: 0.0057, Accuracy: 0.9918
Fold 1, Epoch 11/1000, Precision: 0.7820, Recall: 0.9338, F1-Score: 0.8512, AUC: 0.9974, AUPR: 0.8866
New best model saved, F1: 0.8512, AUC: 0.9974, AUPR: 0.8866
Fold 1, Epoch: 12/1000, Batch: 854, Loss: 0.0038
Fold 1, Epoch 12/1000, Average Train Loss: 0.0066, LR: 0.000200
Fold 1, Epoch 12, Current decision threshold: 0.1515
Fold 1, Epoch 12/1000, Validation Loss: 0.0065, Accuracy: 0.9927
Fold 1, Epoch 12/1000, Precision: 0.8201, Recall: 0.9065, F1-Score: 0.8611, AUC: 0.9975, AUPR: 0.9018
New best model saved, F1: 0.8611, AUC: 0.9975, AUPR: 0.9018
Fold 1, Epoch: 13/1000, Batch: 854, Loss: 0.0029
Fold 1, Epoch 13/1000, Average Train Loss: 0.0065, LR: 0.000200
Fold 1, Epoch 13, Current decision threshold: 0.1515
Fold 1, Epoch 13/1000, Validation Loss: 0.0067, Accuracy: 0.9931
Fold 1, Epoch 13/1000, Precision: 0.8334, Recall: 0.9037, F1-Score: 0.8671, AUC: 0.9976, AUPR: 0.9011
New best model saved, F1: 0.8671, AUC: 0.9976, AUPR: 0.9011
Fold 1, Epoch: 14/1000, Batch: 854, Loss: 0.0058
Fold 1, Epoch 14/1000, Average Train Loss: 0.0062, LR: 0.000200
Fold 1, Epoch 14, Current decision threshold: 0.1515
Fold 1, Epoch 14/1000, Validation Loss: 0.0073, Accuracy: 0.9934
Fold 1, Epoch 14/1000, Precision: 0.8542, Recall: 0.8867, F1-Score: 0.8701, AUC: 0.9979, AUPR: 0.9037
New best model saved, F1: 0.8701, AUC: 0.9979, AUPR: 0.9037
Fold 1, Epoch: 15/1000, Batch: 854, Loss: 0.0043
Fold 1, Epoch 15/1000, Average Train Loss: 0.0060, LR: 0.000200
Epoch 15: Optimal threshold updated to = 0.1336
Fold 1, Epoch 15, Current decision threshold: 0.1336
Fold 1, Epoch 15/1000, Validation Loss: 0.0070, Accuracy: 0.9936
Fold 1, Epoch 15/1000, Precision: 0.8496, Recall: 0.9061, F1-Score: 0.8769, AUC: 0.9979, AUPR: 0.9101
New best model saved, F1: 0.8769, AUC: 0.9979, AUPR: 0.9101
Fold 1, Epoch: 16/1000, Batch: 854, Loss: 0.0055
Fold 1, Epoch 16/1000, Average Train Loss: 0.0058, LR: 0.000200
Fold 1, Epoch 16, Current decision threshold: 0.1336
Fold 1, Epoch 16/1000, Validation Loss: 0.0077, Accuracy: 0.9937
Fold 1, Epoch 16/1000, Precision: 0.8617, Recall: 0.8910, F1-Score: 0.8761, AUC: 0.9979, AUPR: 0.9136
New best model saved, F1: 0.8761, AUC: 0.9979, AUPR: 0.9136
Fold 1, Epoch: 17/1000, Batch: 854, Loss: 0.0038
Fold 1, Epoch 17/1000, Average Train Loss: 0.0056, LR: 0.000200
Fold 1, Epoch 17, Current decision threshold: 0.1336
Fold 1, Epoch 17/1000, Validation Loss: 0.0082, Accuracy: 0.9936
Fold 1, Epoch 17/1000, Precision: 0.8702, Recall: 0.8768, F1-Score: 0.8735, AUC: 0.9979, AUPR: 0.9102
No improvement, patience counter: 1/25
Fold 1, Epoch: 18/1000, Batch: 854, Loss: 0.0061
Fold 1, Epoch 18/1000, Average Train Loss: 0.0055, LR: 0.000200
Fold 1, Epoch 18, Current decision threshold: 0.1336
Fold 1, Epoch 18/1000, Validation Loss: 0.0069, Accuracy: 0.9942
Fold 1, Epoch 18/1000, Precision: 0.8688, Recall: 0.9053, F1-Score: 0.8867, AUC: 0.9983, AUPR: 0.9271
New best model saved, F1: 0.8867, AUC: 0.9983, AUPR: 0.9271
Fold 1, Epoch: 19/1000, Batch: 854, Loss: 0.0038
Fold 1, Epoch 19/1000, Average Train Loss: 0.0053, LR: 0.000200
Fold 1, Epoch 19, Current decision threshold: 0.1336
Fold 1, Epoch 19/1000, Validation Loss: 0.0070, Accuracy: 0.9944
Fold 1, Epoch 19/1000, Precision: 0.8750, Recall: 0.9041, F1-Score: 0.8893, AUC: 0.9981, AUPR: 0.9243
No improvement, patience counter: 1/25
Fold 1, Epoch: 20/1000, Batch: 854, Loss: 0.0062
Fold 1, Epoch 20/1000, Average Train Loss: 0.0052, LR: 0.000200
Epoch 20: Optimal threshold updated to = 0.0989
Fold 1, Epoch 20, Current decision threshold: 0.0989
Fold 1, Epoch 20/1000, Validation Loss: 0.0081, Accuracy: 0.9942
Fold 1, Epoch 20/1000, Precision: 0.8598, Recall: 0.9160, F1-Score: 0.8870, AUC: 0.9981, AUPR: 0.9233
No improvement, patience counter: 2/25
Fold 1, Epoch: 21/1000, Batch: 854, Loss: 0.0035
Fold 1, Epoch 21/1000, Average Train Loss: 0.0051, LR: 0.000200
Fold 1, Epoch 21, Current decision threshold: 0.0989
Fold 1, Epoch 21/1000, Validation Loss: 0.0071, Accuracy: 0.9944
Fold 1, Epoch 21/1000, Precision: 0.8557, Recall: 0.9350, F1-Score: 0.8936, AUC: 0.9983, AUPR: 0.9303
New best model saved, F1: 0.8936, AUC: 0.9983, AUPR: 0.9303
Fold 1, Epoch: 22/1000, Batch: 854, Loss: 0.0037
Fold 1, Epoch 22/1000, Average Train Loss: 0.0049, LR: 0.000200
Fold 1, Epoch 22, Current decision threshold: 0.0989
Fold 1, Epoch 22/1000, Validation Loss: 0.0083, Accuracy: 0.9945
Fold 1, Epoch 22/1000, Precision: 0.8770, Recall: 0.9097, F1-Score: 0.8930, AUC: 0.9984, AUPR: 0.9330
New best model saved, F1: 0.8930, AUC: 0.9984, AUPR: 0.9330
Fold 1, Epoch: 23/1000, Batch: 854, Loss: 0.0058
Fold 1, Epoch 23/1000, Average Train Loss: 0.0048, LR: 0.000200
Fold 1, Epoch 23, Current decision threshold: 0.0989
Fold 1, Epoch 23/1000, Validation Loss: 0.0075, Accuracy: 0.9944
Fold 1, Epoch 23/1000, Precision: 0.8671, Recall: 0.9180, F1-Score: 0.8918, AUC: 0.9984, AUPR: 0.9334
New best model saved, F1: 0.8918, AUC: 0.9984, AUPR: 0.9334
Fold 1, Epoch: 24/1000, Batch: 854, Loss: 0.0060
Fold 1, Epoch 24/1000, Average Train Loss: 0.0047, LR: 0.000200
Fold 1, Epoch 24, Current decision threshold: 0.0989
Fold 1, Epoch 24/1000, Validation Loss: 0.0051, Accuracy: 0.9934
Fold 1, Epoch 24/1000, Precision: 0.8154, Recall: 0.9540, F1-Score: 0.8793, AUC: 0.9985, AUPR: 0.9403
New best model saved, F1: 0.8793, AUC: 0.9985, AUPR: 0.9403
Fold 1, Epoch: 25/1000, Batch: 854, Loss: 0.0028
Fold 1, Epoch 25/1000, Average Train Loss: 0.0046, LR: 0.000200
Epoch 25: Optimal threshold updated to = 0.0982
Fold 1, Epoch 25, Current decision threshold: 0.0982
Fold 1, Epoch 25/1000, Validation Loss: 0.0076, Accuracy: 0.9949
Fold 1, Epoch 25/1000, Precision: 0.8790, Recall: 0.9239, F1-Score: 0.9009, AUC: 0.9985, AUPR: 0.9403
New best model saved, F1: 0.9009, AUC: 0.9985, AUPR: 0.9403
Fold 1, Epoch: 26/1000, Batch: 854, Loss: 0.0048
Fold 1, Epoch 26/1000, Average Train Loss: 0.0045, LR: 0.000200
Fold 1, Epoch 26, Current decision threshold: 0.0982
Fold 1, Epoch 26/1000, Validation Loss: 0.0065, Accuracy: 0.9950
Fold 1, Epoch 26/1000, Precision: 0.8704, Recall: 0.9394, F1-Score: 0.9036, AUC: 0.9985, AUPR: 0.9412
New best model saved, F1: 0.9036, AUC: 0.9985, AUPR: 0.9412
Fold 1, Epoch: 27/1000, Batch: 854, Loss: 0.0031
Fold 1, Epoch 27/1000, Average Train Loss: 0.0044, LR: 0.000200
Fold 1, Epoch 27, Current decision threshold: 0.0982
Fold 1, Epoch 27/1000, Validation Loss: 0.0066, Accuracy: 0.9950
Fold 1, Epoch 27/1000, Precision: 0.8723, Recall: 0.9394, F1-Score: 0.9046, AUC: 0.9986, AUPR: 0.9418
New best model saved, F1: 0.9046, AUC: 0.9986, AUPR: 0.9418
Fold 1, Epoch: 28/1000, Batch: 854, Loss: 0.0085
Fold 1, Epoch 28/1000, Average Train Loss: 0.0044, LR: 0.000200
Fold 1, Epoch 28, Current decision threshold: 0.0982
Fold 1, Epoch 28/1000, Validation Loss: 0.0075, Accuracy: 0.9954
Fold 1, Epoch 28/1000, Precision: 0.8949, Recall: 0.9243, F1-Score: 0.9094, AUC: 0.9986, AUPR: 0.9449
New best model saved, F1: 0.9094, AUC: 0.9986, AUPR: 0.9449
Fold 1, Epoch: 29/1000, Batch: 854, Loss: 0.0029
Fold 1, Epoch 29/1000, Average Train Loss: 0.0042, LR: 0.000200
Fold 1, Epoch 29, Current decision threshold: 0.0982
Fold 1, Epoch 29/1000, Validation Loss: 0.0072, Accuracy: 0.9954
Fold 1, Epoch 29/1000, Precision: 0.8927, Recall: 0.9259, F1-Score: 0.9090, AUC: 0.9987, AUPR: 0.9500
New best model saved, F1: 0.9090, AUC: 0.9987, AUPR: 0.9500
Fold 1, Epoch: 30/1000, Batch: 854, Loss: 0.0019
Fold 1, Epoch 30/1000, Average Train Loss: 0.0041, LR: 0.000200
Epoch 30: Optimal threshold updated to = 0.1776
Fold 1, Epoch 30, Current decision threshold: 0.1776
Fold 1, Epoch 30/1000, Validation Loss: 0.0050, Accuracy: 0.9953
Fold 1, Epoch 30/1000, Precision: 0.9012, Recall: 0.9144, F1-Score: 0.9078, AUC: 0.9985, AUPR: 0.9487
No improvement, patience counter: 1/25
Fold 1, Epoch: 31/1000, Batch: 854, Loss: 0.0026
Fold 1, Epoch 31/1000, Average Train Loss: 0.0041, LR: 0.000200
Fold 1, Epoch 31, Current decision threshold: 0.1776
Fold 1, Epoch 31/1000, Validation Loss: 0.0063, Accuracy: 0.9952
Fold 1, Epoch 31/1000, Precision: 0.9212, Recall: 0.8843, F1-Score: 0.9024, AUC: 0.9986, AUPR: 0.9490
No improvement, patience counter: 2/25
Fold 1, Epoch: 32/1000, Batch: 854, Loss: 0.0058
Fold 1, Epoch 32/1000, Average Train Loss: 0.0040, LR: 0.000200
Fold 1, Epoch 32, Current decision threshold: 0.1776
Fold 1, Epoch 32/1000, Validation Loss: 0.0086, Accuracy: 0.9945
Fold 1, Epoch 32/1000, Precision: 0.9478, Recall: 0.8269, F1-Score: 0.8832, AUC: 0.9987, AUPR: 0.9526
No improvement, patience counter: 3/25
Fold 1, Epoch: 33/1000, Batch: 854, Loss: 0.0030
Fold 1, Epoch 33/1000, Average Train Loss: 0.0039, LR: 0.000200
Fold 1, Epoch 33, Current decision threshold: 0.1776
Fold 1, Epoch 33/1000, Validation Loss: 0.0070, Accuracy: 0.9952
Fold 1, Epoch 33/1000, Precision: 0.9330, Recall: 0.8720, F1-Score: 0.9015, AUC: 0.9986, AUPR: 0.9497
No improvement, patience counter: 4/25
Fold 1, Epoch: 34/1000, Batch: 854, Loss: 0.0026
Fold 1, Epoch 34/1000, Average Train Loss: 0.0034, LR: 0.000100
Fold 1, Epoch 34, Current decision threshold: 0.1776
Fold 1, Epoch 34/1000, Validation Loss: 0.0065, Accuracy: 0.9953
Fold 1, Epoch 34/1000, Precision: 0.9304, Recall: 0.8788, F1-Score: 0.9038, AUC: 0.9987, AUPR: 0.9510
No improvement, patience counter: 5/25
Fold 1, Epoch: 35/1000, Batch: 854, Loss: 0.0032
Fold 1, Epoch 35/1000, Average Train Loss: 0.0033, LR: 0.000100
Epoch 35: Optimal threshold updated to = 0.1034
Fold 1, Epoch 35, Current decision threshold: 0.1034
Fold 1, Epoch 35/1000, Validation Loss: 0.0073, Accuracy: 0.9956
Fold 1, Epoch 35/1000, Precision: 0.9108, Recall: 0.9148, F1-Score: 0.9128, AUC: 0.9987, AUPR: 0.9496
New best model saved, F1: 0.9128, AUC: 0.9987, AUPR: 0.9496
Fold 1, Epoch: 36/1000, Batch: 854, Loss: 0.0068
Fold 1, Epoch 36/1000, Average Train Loss: 0.0032, LR: 0.000100
Fold 1, Epoch 36, Current decision threshold: 0.1034
Fold 1, Epoch 36/1000, Validation Loss: 0.0075, Accuracy: 0.9956
Fold 1, Epoch 36/1000, Precision: 0.9114, Recall: 0.9124, F1-Score: 0.9119, AUC: 0.9986, AUPR: 0.9512
New best model saved, F1: 0.9119, AUC: 0.9986, AUPR: 0.9512
Fold 1, Epoch: 37/1000, Batch: 854, Loss: 0.0035
Fold 1, Epoch 37/1000, Average Train Loss: 0.0032, LR: 0.000100
Fold 1, Epoch 37, Current decision threshold: 0.1034
Fold 1, Epoch 37/1000, Validation Loss: 0.0069, Accuracy: 0.9960
Fold 1, Epoch 37/1000, Precision: 0.9205, Recall: 0.9176, F1-Score: 0.9190, AUC: 0.9988, AUPR: 0.9564
New best model saved, F1: 0.9190, AUC: 0.9988, AUPR: 0.9564
Fold 1, Epoch: 38/1000, Batch: 854, Loss: 0.0024
Fold 1, Epoch 38/1000, Average Train Loss: 0.0031, LR: 0.000100
Fold 1, Epoch 38, Current decision threshold: 0.1034
Fold 1, Epoch 38/1000, Validation Loss: 0.0072, Accuracy: 0.9958
Fold 1, Epoch 38/1000, Precision: 0.9123, Recall: 0.9188, F1-Score: 0.9155, AUC: 0.9988, AUPR: 0.9543
No improvement, patience counter: 1/25
Fold 1, Epoch: 39/1000, Batch: 854, Loss: 0.0028
Fold 1, Epoch 39/1000, Average Train Loss: 0.0032, LR: 0.000100
Fold 1, Epoch 39, Current decision threshold: 0.1034
Fold 1, Epoch 39/1000, Validation Loss: 0.0074, Accuracy: 0.9956
Fold 1, Epoch 39/1000, Precision: 0.9142, Recall: 0.9077, F1-Score: 0.9109, AUC: 0.9987, AUPR: 0.9531
No improvement, patience counter: 2/25
Fold 1, Epoch: 40/1000, Batch: 854, Loss: 0.0025
Fold 1, Epoch 40/1000, Average Train Loss: 0.0031, LR: 0.000100
Epoch 40: Optimal threshold updated to = 0.1116
Fold 1, Epoch 40, Current decision threshold: 0.1116
Fold 1, Epoch 40/1000, Validation Loss: 0.0067, Accuracy: 0.9959
Fold 1, Epoch 40/1000, Precision: 0.9193, Recall: 0.9164, F1-Score: 0.9179, AUC: 0.9988, AUPR: 0.9557
No improvement, patience counter: 3/25
Fold 1, Epoch: 41/1000, Batch: 854, Loss: 0.0017
Fold 1, Epoch 41/1000, Average Train Loss: 0.0030, LR: 0.000100
Fold 1, Epoch 41, Current decision threshold: 0.1116
Fold 1, Epoch 41/1000, Validation Loss: 0.0066, Accuracy: 0.9958
Fold 1, Epoch 41/1000, Precision: 0.9138, Recall: 0.9196, F1-Score: 0.9167, AUC: 0.9988, AUPR: 0.9575
New best model saved, F1: 0.9167, AUC: 0.9988, AUPR: 0.9575
Fold 1, Epoch: 42/1000, Batch: 854, Loss: 0.0037
Fold 1, Epoch 42/1000, Average Train Loss: 0.0030, LR: 0.000100
Fold 1, Epoch 42, Current decision threshold: 0.1116
Fold 1, Epoch 42/1000, Validation Loss: 0.0074, Accuracy: 0.9957
Fold 1, Epoch 42/1000, Precision: 0.9218, Recall: 0.9065, F1-Score: 0.9141, AUC: 0.9987, AUPR: 0.9565
No improvement, patience counter: 1/25
Fold 1, Epoch: 43/1000, Batch: 854, Loss: 0.0051
Fold 1, Epoch 43/1000, Average Train Loss: 0.0030, LR: 0.000100
Fold 1, Epoch 43, Current decision threshold: 0.1116
Fold 1, Epoch 43/1000, Validation Loss: 0.0085, Accuracy: 0.9956
Fold 1, Epoch 43/1000, Precision: 0.9367, Recall: 0.8855, F1-Score: 0.9104, AUC: 0.9988, AUPR: 0.9561
No improvement, patience counter: 2/25
Fold 1, Epoch: 44/1000, Batch: 854, Loss: 0.0034
Fold 1, Epoch 44/1000, Average Train Loss: 0.0030, LR: 0.000100
Fold 1, Epoch 44, Current decision threshold: 0.1116
Fold 1, Epoch 44/1000, Validation Loss: 0.0070, Accuracy: 0.9956
Fold 1, Epoch 44/1000, Precision: 0.9130, Recall: 0.9109, F1-Score: 0.9119, AUC: 0.9987, AUPR: 0.9552
No improvement, patience counter: 3/25
Fold 1, Epoch: 45/1000, Batch: 854, Loss: 0.0037
Fold 1, Epoch 45/1000, Average Train Loss: 0.0029, LR: 0.000100
Epoch 45: Optimal threshold updated to = 0.1384
Fold 1, Epoch 45, Current decision threshold: 0.1384
Fold 1, Epoch 45/1000, Validation Loss: 0.0065, Accuracy: 0.9961
Fold 1, Epoch 45/1000, Precision: 0.9304, Recall: 0.9109, F1-Score: 0.9205, AUC: 0.9988, AUPR: 0.9591
New best model saved, F1: 0.9205, AUC: 0.9988, AUPR: 0.9591
Fold 1, Epoch: 46/1000, Batch: 854, Loss: 0.0019
Fold 1, Epoch 46/1000, Average Train Loss: 0.0029, LR: 0.000100
Fold 1, Epoch 46, Current decision threshold: 0.1384
Fold 1, Epoch 46/1000, Validation Loss: 0.0067, Accuracy: 0.9958
Fold 1, Epoch 46/1000, Precision: 0.9296, Recall: 0.8998, F1-Score: 0.9144, AUC: 0.9988, AUPR: 0.9591
No improvement, patience counter: 1/25
Fold 1, Epoch: 47/1000, Batch: 854, Loss: 0.0041
Fold 1, Epoch 47/1000, Average Train Loss: 0.0029, LR: 0.000100
Fold 1, Epoch 47, Current decision threshold: 0.1384
Fold 1, Epoch 47/1000, Validation Loss: 0.0078, Accuracy: 0.9953
Fold 1, Epoch 47/1000, Precision: 0.9355, Recall: 0.8736, F1-Score: 0.9035, AUC: 0.9988, AUPR: 0.9593
No improvement, patience counter: 2/25
Fold 1, Epoch: 48/1000, Batch: 854, Loss: 0.0017
Fold 1, Epoch 48/1000, Average Train Loss: 0.0028, LR: 0.000100
Fold 1, Epoch 48, Current decision threshold: 0.1384
Fold 1, Epoch 48/1000, Validation Loss: 0.0058, Accuracy: 0.9961
Fold 1, Epoch 48/1000, Precision: 0.9213, Recall: 0.9223, F1-Score: 0.9218, AUC: 0.9988, AUPR: 0.9580
No improvement, patience counter: 3/25
Fold 1, Epoch: 49/1000, Batch: 854, Loss: 0.0027
Fold 1, Epoch 49/1000, Average Train Loss: 0.0028, LR: 0.000100
Fold 1, Epoch 49, Current decision threshold: 0.1384
Fold 1, Epoch 49/1000, Validation Loss: 0.0085, Accuracy: 0.9952
Fold 1, Epoch 49/1000, Precision: 0.9419, Recall: 0.8609, F1-Score: 0.8996, AUC: 0.9987, AUPR: 0.9567
No improvement, patience counter: 4/25
Fold 1, Epoch: 50/1000, Batch: 854, Loss: 0.0028
Fold 1, Epoch 50/1000, Average Train Loss: 0.0025, LR: 0.000050
Epoch 50: Optimal threshold updated to = 0.1184
Fold 1, Epoch 50, Current decision threshold: 0.1184
Fold 1, Epoch 50/1000, Validation Loss: 0.0068, Accuracy: 0.9961
Fold 1, Epoch 50/1000, Precision: 0.9279, Recall: 0.9132, F1-Score: 0.9205, AUC: 0.9988, AUPR: 0.9604
New best model saved, F1: 0.9205, AUC: 0.9988, AUPR: 0.9604
Fold 1, Epoch: 51/1000, Batch: 854, Loss: 0.0031
Fold 1, Epoch 51/1000, Average Train Loss: 0.0025, LR: 0.000050
Fold 1, Epoch 51, Current decision threshold: 0.1184
Fold 1, Epoch 51/1000, Validation Loss: 0.0070, Accuracy: 0.9960
Fold 1, Epoch 51/1000, Precision: 0.9303, Recall: 0.9093, F1-Score: 0.9197, AUC: 0.9988, AUPR: 0.9612
New best model saved, F1: 0.9197, AUC: 0.9988, AUPR: 0.9612
Fold 1, Epoch: 52/1000, Batch: 854, Loss: 0.0025
Fold 1, Epoch 52/1000, Average Train Loss: 0.0024, LR: 0.000050
Fold 1, Epoch 52, Current decision threshold: 0.1184
Fold 1, Epoch 52/1000, Validation Loss: 0.0067, Accuracy: 0.9961
Fold 1, Epoch 52/1000, Precision: 0.9318, Recall: 0.9097, F1-Score: 0.9206, AUC: 0.9988, AUPR: 0.9611
New best model saved, F1: 0.9206, AUC: 0.9988, AUPR: 0.9611
Fold 1, Epoch: 53/1000, Batch: 854, Loss: 0.0031
Fold 1, Epoch 53/1000, Average Train Loss: 0.0025, LR: 0.000050
Fold 1, Epoch 53, Current decision threshold: 0.1184
Fold 1, Epoch 53/1000, Validation Loss: 0.0076, Accuracy: 0.9958
Fold 1, Epoch 53/1000, Precision: 0.9331, Recall: 0.8958, F1-Score: 0.9141, AUC: 0.9988, AUPR: 0.9597
No improvement, patience counter: 1/25
Fold 1, Epoch: 54/1000, Batch: 854, Loss: 0.0016
Fold 1, Epoch 54/1000, Average Train Loss: 0.0024, LR: 0.000050
Fold 1, Epoch 54, Current decision threshold: 0.1184
Fold 1, Epoch 54/1000, Validation Loss: 0.0078, Accuracy: 0.9958
Fold 1, Epoch 54/1000, Precision: 0.9365, Recall: 0.8942, F1-Score: 0.9149, AUC: 0.9988, AUPR: 0.9599
No improvement, patience counter: 2/25
Fold 1, Epoch: 55/1000, Batch: 854, Loss: 0.0013
Fold 1, Epoch 55/1000, Average Train Loss: 0.0024, LR: 0.000050
Epoch 55: Optimal threshold updated to = 0.1061
Fold 1, Epoch 55, Current decision threshold: 0.1061
Fold 1, Epoch 55/1000, Validation Loss: 0.0074, Accuracy: 0.9962
Fold 1, Epoch 55/1000, Precision: 0.9304, Recall: 0.9168, F1-Score: 0.9236, AUC: 0.9989, AUPR: 0.9610
New best model saved, F1: 0.9236, AUC: 0.9989, AUPR: 0.9610
Fold 1, Epoch: 56/1000, Batch: 854, Loss: 0.0021
Fold 1, Epoch 56/1000, Average Train Loss: 0.0024, LR: 0.000050
Fold 1, Epoch 56, Current decision threshold: 0.1061
Fold 1, Epoch 56/1000, Validation Loss: 0.0063, Accuracy: 0.9962
Fold 1, Epoch 56/1000, Precision: 0.9202, Recall: 0.9271, F1-Score: 0.9236, AUC: 0.9988, AUPR: 0.9631
New best model saved, F1: 0.9236, AUC: 0.9988, AUPR: 0.9631
Fold 1, Epoch: 57/1000, Batch: 854, Loss: 0.0009
Fold 1, Epoch 57/1000, Average Train Loss: 0.0024, LR: 0.000050
Fold 1, Epoch 57, Current decision threshold: 0.1061
Fold 1, Epoch 57/1000, Validation Loss: 0.0070, Accuracy: 0.9961
Fold 1, Epoch 57/1000, Precision: 0.9245, Recall: 0.9172, F1-Score: 0.9208, AUC: 0.9988, AUPR: 0.9628
No improvement, patience counter: 1/25
Fold 1, Epoch: 58/1000, Batch: 854, Loss: 0.0024
Fold 1, Epoch 58/1000, Average Train Loss: 0.0023, LR: 0.000050
Fold 1, Epoch 58, Current decision threshold: 0.1061
Fold 1, Epoch 58/1000, Validation Loss: 0.0080, Accuracy: 0.9960
Fold 1, Epoch 58/1000, Precision: 0.9340, Recall: 0.9021, F1-Score: 0.9178, AUC: 0.9989, AUPR: 0.9617
No improvement, patience counter: 2/25
Fold 1, Epoch: 59/1000, Batch: 854, Loss: 0.0026
Fold 1, Epoch 59/1000, Average Train Loss: 0.0024, LR: 0.000050
Fold 1, Epoch 59, Current decision threshold: 0.1061
Fold 1, Epoch 59/1000, Validation Loss: 0.0071, Accuracy: 0.9961
Fold 1, Epoch 59/1000, Precision: 0.9260, Recall: 0.9168, F1-Score: 0.9214, AUC: 0.9989, AUPR: 0.9638
New best model saved, F1: 0.9214, AUC: 0.9989, AUPR: 0.9638
Fold 1, Epoch: 60/1000, Batch: 854, Loss: 0.0014
Fold 1, Epoch 60/1000, Average Train Loss: 0.0023, LR: 0.000050
Epoch 60: Optimal threshold updated to = 0.1012
Fold 1, Epoch 60, Current decision threshold: 0.1012
Fold 1, Epoch 60/1000, Validation Loss: 0.0072, Accuracy: 0.9963
Fold 1, Epoch 60/1000, Precision: 0.9321, Recall: 0.9188, F1-Score: 0.9254, AUC: 0.9989, AUPR: 0.9655
New best model saved, F1: 0.9254, AUC: 0.9989, AUPR: 0.9655
Fold 1, Epoch: 61/1000, Batch: 854, Loss: 0.0012
Fold 1, Epoch 61/1000, Average Train Loss: 0.0023, LR: 0.000050
Fold 1, Epoch 61, Current decision threshold: 0.1012
Fold 1, Epoch 61/1000, Validation Loss: 0.0068, Accuracy: 0.9961
Fold 1, Epoch 61/1000, Precision: 0.9197, Recall: 0.9255, F1-Score: 0.9226, AUC: 0.9989, AUPR: 0.9625
No improvement, patience counter: 1/25
Fold 1, Epoch: 62/1000, Batch: 854, Loss: 0.0013
Fold 1, Epoch 62/1000, Average Train Loss: 0.0023, LR: 0.000050
Fold 1, Epoch 62, Current decision threshold: 0.1012
Fold 1, Epoch 62/1000, Validation Loss: 0.0066, Accuracy: 0.9963
Fold 1, Epoch 62/1000, Precision: 0.9263, Recall: 0.9259, F1-Score: 0.9261, AUC: 0.9989, AUPR: 0.9649
No improvement, patience counter: 2/25
Fold 1, Epoch: 63/1000, Batch: 854, Loss: 0.0042
Fold 1, Epoch 63/1000, Average Train Loss: 0.0023, LR: 0.000050
Fold 1, Epoch 63, Current decision threshold: 0.1012
Fold 1, Epoch 63/1000, Validation Loss: 0.0068, Accuracy: 0.9962
Fold 1, Epoch 63/1000, Precision: 0.9256, Recall: 0.9223, F1-Score: 0.9240, AUC: 0.9989, AUPR: 0.9643
No improvement, patience counter: 3/25
Fold 1, Epoch: 64/1000, Batch: 854, Loss: 0.0025
Fold 1, Epoch 64/1000, Average Train Loss: 0.0023, LR: 0.000050
Fold 1, Epoch 64, Current decision threshold: 0.1012
Fold 1, Epoch 64/1000, Validation Loss: 0.0076, Accuracy: 0.9960
Fold 1, Epoch 64/1000, Precision: 0.9303, Recall: 0.9097, F1-Score: 0.9199, AUC: 0.9989, AUPR: 0.9641
No improvement, patience counter: 4/25
Fold 1, Epoch: 65/1000, Batch: 854, Loss: 0.0030
Fold 1, Epoch 65/1000, Average Train Loss: 0.0021, LR: 0.000025
Epoch 65: Optimal threshold updated to = 0.0868
Fold 1, Epoch 65, Current decision threshold: 0.0868
Fold 1, Epoch 65/1000, Validation Loss: 0.0076, Accuracy: 0.9963
Fold 1, Epoch 65/1000, Precision: 0.9314, Recall: 0.9204, F1-Score: 0.9259, AUC: 0.9989, AUPR: 0.9644
No improvement, patience counter: 5/25
Fold 1, Epoch: 66/1000, Batch: 854, Loss: 0.0011
Fold 1, Epoch 66/1000, Average Train Loss: 0.0021, LR: 0.000025
Fold 1, Epoch 66, Current decision threshold: 0.0868
Fold 1, Epoch 66/1000, Validation Loss: 0.0078, Accuracy: 0.9962
Fold 1, Epoch 66/1000, Precision: 0.9301, Recall: 0.9168, F1-Score: 0.9234, AUC: 0.9989, AUPR: 0.9649
No improvement, patience counter: 6/25
Fold 1, Epoch: 67/1000, Batch: 854, Loss: 0.0006
Fold 1, Epoch 67/1000, Average Train Loss: 0.0021, LR: 0.000025
Fold 1, Epoch 67, Current decision threshold: 0.0868
Fold 1, Epoch 67/1000, Validation Loss: 0.0076, Accuracy: 0.9962
Fold 1, Epoch 67/1000, Precision: 0.9252, Recall: 0.9216, F1-Score: 0.9234, AUC: 0.9989, AUPR: 0.9635
No improvement, patience counter: 7/25
Fold 1, Epoch: 68/1000, Batch: 854, Loss: 0.0010
Fold 1, Epoch 68/1000, Average Train Loss: 0.0021, LR: 0.000025
Fold 1, Epoch 68, Current decision threshold: 0.0868
Fold 1, Epoch 68/1000, Validation Loss: 0.0075, Accuracy: 0.9962
Fold 1, Epoch 68/1000, Precision: 0.9262, Recall: 0.9204, F1-Score: 0.9233, AUC: 0.9989, AUPR: 0.9648
No improvement, patience counter: 8/25
Fold 1, Epoch: 69/1000, Batch: 854, Loss: 0.0024
Fold 1, Epoch 69/1000, Average Train Loss: 0.0020, LR: 0.000013
Fold 1, Epoch 69, Current decision threshold: 0.0868
Fold 1, Epoch 69/1000, Validation Loss: 0.0070, Accuracy: 0.9963
Fold 1, Epoch 69/1000, Precision: 0.9228, Recall: 0.9279, F1-Score: 0.9253, AUC: 0.9989, AUPR: 0.9656
New best model saved, F1: 0.9253, AUC: 0.9989, AUPR: 0.9656
Fold 1, Epoch: 70/1000, Batch: 854, Loss: 0.0014
Fold 1, Epoch 70/1000, Average Train Loss: 0.0020, LR: 0.000013
Epoch 70: Optimal threshold updated to = 0.1025
Fold 1, Epoch 70, Current decision threshold: 0.1025
Fold 1, Epoch 70/1000, Validation Loss: 0.0068, Accuracy: 0.9964
Fold 1, Epoch 70/1000, Precision: 0.9334, Recall: 0.9216, F1-Score: 0.9274, AUC: 0.9990, AUPR: 0.9665
New best model saved, F1: 0.9274, AUC: 0.9990, AUPR: 0.9665
Fold 1, Epoch: 71/1000, Batch: 854, Loss: 0.0035
Fold 1, Epoch 71/1000, Average Train Loss: 0.0020, LR: 0.000013
Fold 1, Epoch 71, Current decision threshold: 0.1025
Fold 1, Epoch 71/1000, Validation Loss: 0.0071, Accuracy: 0.9963
Fold 1, Epoch 71/1000, Precision: 0.9342, Recall: 0.9172, F1-Score: 0.9256, AUC: 0.9989, AUPR: 0.9660
No improvement, patience counter: 1/25
Fold 1, Epoch: 72/1000, Batch: 854, Loss: 0.0025
Fold 1, Epoch 72/1000, Average Train Loss: 0.0020, LR: 0.000013
Fold 1, Epoch 72, Current decision threshold: 0.1025
Fold 1, Epoch 72/1000, Validation Loss: 0.0071, Accuracy: 0.9963
Fold 1, Epoch 72/1000, Precision: 0.9346, Recall: 0.9168, F1-Score: 0.9256, AUC: 0.9989, AUPR: 0.9653
No improvement, patience counter: 2/25
Fold 1, Epoch: 73/1000, Batch: 854, Loss: 0.0014
Fold 1, Epoch 73/1000, Average Train Loss: 0.0020, LR: 0.000013
Fold 1, Epoch 73, Current decision threshold: 0.1025
Fold 1, Epoch 73/1000, Validation Loss: 0.0073, Accuracy: 0.9962
Fold 1, Epoch 73/1000, Precision: 0.9347, Recall: 0.9132, F1-Score: 0.9238, AUC: 0.9990, AUPR: 0.9663
No improvement, patience counter: 3/25
Fold 1, Epoch: 74/1000, Batch: 854, Loss: 0.0013
Fold 1, Epoch 74/1000, Average Train Loss: 0.0019, LR: 0.000013
Fold 1, Epoch 74, Current decision threshold: 0.1025
Fold 1, Epoch 74/1000, Validation Loss: 0.0070, Accuracy: 0.9963
Fold 1, Epoch 74/1000, Precision: 0.9309, Recall: 0.9184, F1-Score: 0.9246, AUC: 0.9989, AUPR: 0.9658
No improvement, patience counter: 4/25
Fold 1, Epoch: 75/1000, Batch: 854, Loss: 0.0008
Fold 1, Epoch 75/1000, Average Train Loss: 0.0019, LR: 0.000006
Epoch 75: Optimal threshold updated to = 0.0844
Fold 1, Epoch 75, Current decision threshold: 0.0844
Fold 1, Epoch 75/1000, Validation Loss: 0.0074, Accuracy: 0.9963
Fold 1, Epoch 75/1000, Precision: 0.9294, Recall: 0.9235, F1-Score: 0.9265, AUC: 0.9989, AUPR: 0.9659
No improvement, patience counter: 5/25
Fold 1, Epoch: 76/1000, Batch: 854, Loss: 0.0007
Fold 1, Epoch 76/1000, Average Train Loss: 0.0019, LR: 0.000006
Fold 1, Epoch 76, Current decision threshold: 0.0844
Fold 1, Epoch 76/1000, Validation Loss: 0.0072, Accuracy: 0.9963
Fold 1, Epoch 76/1000, Precision: 0.9252, Recall: 0.9267, F1-Score: 0.9260, AUC: 0.9990, AUPR: 0.9660
No improvement, patience counter: 6/25
Fold 1, Epoch: 77/1000, Batch: 854, Loss: 0.0019
Fold 1, Epoch 77/1000, Average Train Loss: 0.0019, LR: 0.000006
Fold 1, Epoch 77, Current decision threshold: 0.0844
Fold 1, Epoch 77/1000, Validation Loss: 0.0073, Accuracy: 0.9963
Fold 1, Epoch 77/1000, Precision: 0.9274, Recall: 0.9263, F1-Score: 0.9269, AUC: 0.9990, AUPR: 0.9661
No improvement, patience counter: 7/25
Fold 1, Epoch: 78/1000, Batch: 854, Loss: 0.0026
Fold 1, Epoch 78/1000, Average Train Loss: 0.0019, LR: 0.000006
Fold 1, Epoch 78, Current decision threshold: 0.0844
Fold 1, Epoch 78/1000, Validation Loss: 0.0072, Accuracy: 0.9962
Fold 1, Epoch 78/1000, Precision: 0.9237, Recall: 0.9255, F1-Score: 0.9246, AUC: 0.9989, AUPR: 0.9662
No improvement, patience counter: 8/25
Fold 1, Epoch: 79/1000, Batch: 854, Loss: 0.0009
Fold 1, Epoch 79/1000, Average Train Loss: 0.0019, LR: 0.000003
Fold 1, Epoch 79, Current decision threshold: 0.0844
Fold 1, Epoch 79/1000, Validation Loss: 0.0071, Accuracy: 0.9963
Fold 1, Epoch 79/1000, Precision: 0.9241, Recall: 0.9263, F1-Score: 0.9252, AUC: 0.9989, AUPR: 0.9661
No improvement, patience counter: 9/25
Fold 1, Epoch: 80/1000, Batch: 854, Loss: 0.0018
Fold 1, Epoch 80/1000, Average Train Loss: 0.0019, LR: 0.000003
Epoch 80: Optimal threshold updated to = 0.0923
Fold 1, Epoch 80, Current decision threshold: 0.0923
Fold 1, Epoch 80/1000, Validation Loss: 0.0072, Accuracy: 0.9963
Fold 1, Epoch 80/1000, Precision: 0.9319, Recall: 0.9212, F1-Score: 0.9265, AUC: 0.9989, AUPR: 0.9660
No improvement, patience counter: 10/25
Fold 1, Epoch: 81/1000, Batch: 854, Loss: 0.0016
Fold 1, Epoch 81/1000, Average Train Loss: 0.0019, LR: 0.000003
Fold 1, Epoch 81, Current decision threshold: 0.0923
Fold 1, Epoch 81/1000, Validation Loss: 0.0072, Accuracy: 0.9963
Fold 1, Epoch 81/1000, Precision: 0.9310, Recall: 0.9196, F1-Score: 0.9253, AUC: 0.9989, AUPR: 0.9659
No improvement, patience counter: 11/25
Fold 1, Epoch: 82/1000, Batch: 854, Loss: 0.0023
Fold 1, Epoch 82/1000, Average Train Loss: 0.0019, LR: 0.000003
Fold 1, Epoch 82, Current decision threshold: 0.0923
Fold 1, Epoch 82/1000, Validation Loss: 0.0074, Accuracy: 0.9963
Fold 1, Epoch 82/1000, Precision: 0.9338, Recall: 0.9168, F1-Score: 0.9252, AUC: 0.9989, AUPR: 0.9660
No improvement, patience counter: 12/25
Fold 1, Epoch: 83/1000, Batch: 854, Loss: 0.0020
Fold 1, Epoch 83/1000, Average Train Loss: 0.0019, LR: 0.000002
Fold 1, Epoch 83, Current decision threshold: 0.0923
Fold 1, Epoch 83/1000, Validation Loss: 0.0075, Accuracy: 0.9963
Fold 1, Epoch 83/1000, Precision: 0.9345, Recall: 0.9156, F1-Score: 0.9250, AUC: 0.9990, AUPR: 0.9660
No improvement, patience counter: 13/25
Fold 1, Epoch: 84/1000, Batch: 854, Loss: 0.0017
Fold 1, Epoch 84/1000, Average Train Loss: 0.0019, LR: 0.000002
Fold 1, Epoch 84, Current decision threshold: 0.0923
Fold 1, Epoch 84/1000, Validation Loss: 0.0074, Accuracy: 0.9963
Fold 1, Epoch 84/1000, Precision: 0.9328, Recall: 0.9188, F1-Score: 0.9257, AUC: 0.9989, AUPR: 0.9659
No improvement, patience counter: 14/25
Fold 1, Epoch: 85/1000, Batch: 854, Loss: 0.0010
Fold 1, Epoch 85/1000, Average Train Loss: 0.0019, LR: 0.000002
Epoch 85: Optimal threshold updated to = 0.0879
Fold 1, Epoch 85, Current decision threshold: 0.0879
Fold 1, Epoch 85/1000, Validation Loss: 0.0073, Accuracy: 0.9964
Fold 1, Epoch 85/1000, Precision: 0.9302, Recall: 0.9235, F1-Score: 0.9268, AUC: 0.9990, AUPR: 0.9662
No improvement, patience counter: 15/25
Fold 1, Epoch: 86/1000, Batch: 854, Loss: 0.0016
Fold 1, Epoch 86/1000, Average Train Loss: 0.0019, LR: 0.000002
Fold 1, Epoch 86, Current decision threshold: 0.0879
Fold 1, Epoch 86/1000, Validation Loss: 0.0075, Accuracy: 0.9963
Fold 1, Epoch 86/1000, Precision: 0.9315, Recall: 0.9212, F1-Score: 0.9263, AUC: 0.9989, AUPR: 0.9660
No improvement, patience counter: 16/25
Fold 1, Epoch: 87/1000, Batch: 854, Loss: 0.0010
Fold 1, Epoch 87/1000, Average Train Loss: 0.0019, LR: 0.000001
Fold 1, Epoch 87, Current decision threshold: 0.0879
Fold 1, Epoch 87/1000, Validation Loss: 0.0073, Accuracy: 0.9963
Fold 1, Epoch 87/1000, Precision: 0.9301, Recall: 0.9231, F1-Score: 0.9266, AUC: 0.9989, AUPR: 0.9661
No improvement, patience counter: 17/25
Fold 1, Epoch: 88/1000, Batch: 854, Loss: 0.0008
Fold 1, Epoch 88/1000, Average Train Loss: 0.0019, LR: 0.000001
Fold 1, Epoch 88, Current decision threshold: 0.0879
Fold 1, Epoch 88/1000, Validation Loss: 0.0073, Accuracy: 0.9963
Fold 1, Epoch 88/1000, Precision: 0.9301, Recall: 0.9227, F1-Score: 0.9264, AUC: 0.9989, AUPR: 0.9663
No improvement, patience counter: 18/25
Fold 1, Epoch: 89/1000, Batch: 854, Loss: 0.0036
Fold 1, Epoch 89/1000, Average Train Loss: 0.0019, LR: 0.000001
Fold 1, Epoch 89, Current decision threshold: 0.0879
Fold 1, Epoch 89/1000, Validation Loss: 0.0074, Accuracy: 0.9963
Fold 1, Epoch 89/1000, Precision: 0.9311, Recall: 0.9212, F1-Score: 0.9261, AUC: 0.9989, AUPR: 0.9662
No improvement, patience counter: 19/25
Fold 1, Epoch: 90/1000, Batch: 854, Loss: 0.0017
Fold 1, Epoch 90/1000, Average Train Loss: 0.0019, LR: 0.000001
Epoch 90: Optimal threshold updated to = 0.0861
Fold 1, Epoch 90, Current decision threshold: 0.0861
Fold 1, Epoch 90/1000, Validation Loss: 0.0073, Accuracy: 0.9964
Fold 1, Epoch 90/1000, Precision: 0.9292, Recall: 0.9251, F1-Score: 0.9271, AUC: 0.9990, AUPR: 0.9664
No improvement, patience counter: 20/25
Fold 1, Epoch: 91/1000, Batch: 854, Loss: 0.0019
Fold 1, Epoch 91/1000, Average Train Loss: 0.0019, LR: 0.000000
Fold 1, Epoch 91, Current decision threshold: 0.0861
Fold 1, Epoch 91/1000, Validation Loss: 0.0072, Accuracy: 0.9964
Fold 1, Epoch 91/1000, Precision: 0.9285, Recall: 0.9255, F1-Score: 0.9270, AUC: 0.9990, AUPR: 0.9664
No improvement, patience counter: 21/25
Fold 1, Epoch: 92/1000, Batch: 854, Loss: 0.0016
Fold 1, Epoch 92/1000, Average Train Loss: 0.0019, LR: 0.000000
Fold 1, Epoch 92, Current decision threshold: 0.0861
Fold 1, Epoch 92/1000, Validation Loss: 0.0073, Accuracy: 0.9964
Fold 1, Epoch 92/1000, Precision: 0.9291, Recall: 0.9247, F1-Score: 0.9269, AUC: 0.9990, AUPR: 0.9664
No improvement, patience counter: 22/25
Fold 1, Epoch: 93/1000, Batch: 854, Loss: 0.0032
Fold 1, Epoch 93/1000, Average Train Loss: 0.0019, LR: 0.000000
Fold 1, Epoch 93, Current decision threshold: 0.0861
Fold 1, Epoch 93/1000, Validation Loss: 0.0073, Accuracy: 0.9963
Fold 1, Epoch 93/1000, Precision: 0.9284, Recall: 0.9251, F1-Score: 0.9268, AUC: 0.9990, AUPR: 0.9664
No improvement, patience counter: 23/25
Fold 1, Epoch: 94/1000, Batch: 854, Loss: 0.0008
Fold 1, Epoch 94/1000, Average Train Loss: 0.0018, LR: 0.000000
Fold 1, Epoch 94, Current decision threshold: 0.0861
Fold 1, Epoch 94/1000, Validation Loss: 0.0073, Accuracy: 0.9964
Fold 1, Epoch 94/1000, Precision: 0.9295, Recall: 0.9247, F1-Score: 0.9271, AUC: 0.9990, AUPR: 0.9664
No improvement, patience counter: 24/25
Fold 1, Epoch: 95/1000, Batch: 854, Loss: 0.0009
Fold 1, Epoch 95/1000, Average Train Loss: 0.0019, LR: 0.000000
Epoch 95: Optimal threshold updated to = 0.0862
Fold 1, Epoch 95, Current decision threshold: 0.0862
Fold 1, Epoch 95/1000, Validation Loss: 0.0073, Accuracy: 0.9964
Fold 1, Epoch 95/1000, Precision: 0.9291, Recall: 0.9247, F1-Score: 0.9269, AUC: 0.9990, AUPR: 0.9664
No improvement, patience counter: 25/25
Early stopping at epoch 95
Restored best model, F1: 0.9274, AUC: 0.9990, AUPR: 0.9665
Round 7, Fold 1 best model and threshold 0.0862 saved to D:\SPAN\models\span_round_7_fold_1.pkl
Completed fold 1 in 5-folds, Validation Loss: 0.0068, Accuracy: 0.9964
Completed fold 1 in 5-folds, Precision: 0.9334, Recall: 0.9216, F1-Score: 0.9274, AUC: 0.9990, AUPR: 0.9665
Fold 1 test Finished! - 2026-04-06 20:16:56
======================================================================
Final Results Summary
----------------------------------------------------------------------
AUC         AUPR        Acc         F1          Pre         Recall      
0.9990      0.9665      0.9964      0.9274      0.9334      0.9216      
======================================================================
