Logging for round 5, fold 1 configured to file: D:\SPAN\logs\fafa-round_5-fold_1.log - 2026-04-05 17:21:39
========== Round 5 - Fold 1 Training ==========
current_sys_path: D:\SPAN
device = cuda
Global seed initialized to 42 for reproducibility
Using GPU: NVIDIA GeForce RTX 3060 Laptop GPU
Starting fold 1 in 5-folds
Training data - Positive samples: tensor([44911.]), Negative samples: tensor([392091.])
Fold 1, Epoch: 1/1000, Batch: 854, Loss: 0.0208
Fold 1, Epoch 1/1000, Average Train Loss: 0.0314, LR: 0.000200
Fold 1, Epoch 1, Current decision threshold: 0.2000
Fold 1, Epoch 1/1000, Validation Loss: 0.0119, Accuracy: 0.7611
Fold 1, Epoch 1/1000, Precision: 0.0921, Recall: 0.9967, F1-Score: 0.1686, AUC: 0.9667, AUPR: 0.3479
New best model saved, F1: 0.1686, AUC: 0.9667, AUPR: 0.3479
Fold 1, Epoch: 2/1000, Batch: 854, Loss: 0.0136
Fold 1, Epoch 2/1000, Average Train Loss: 0.0174, LR: 0.000200
Fold 1, Epoch 2, Current decision threshold: 0.2000
Fold 1, Epoch 2/1000, Validation Loss: 0.0061, Accuracy: 0.9537
Fold 1, Epoch 2/1000, Precision: 0.3386, Recall: 0.9490, F1-Score: 0.4991, AUC: 0.9871, AUPR: 0.6164
New best model saved, F1: 0.4991, AUC: 0.9871, AUPR: 0.6164
Fold 1, Epoch: 3/1000, Batch: 854, Loss: 0.0121
Fold 1, Epoch 3/1000, Average Train Loss: 0.0128, LR: 0.000200
Fold 1, Epoch 3, Current decision threshold: 0.2000
Fold 1, Epoch 3/1000, Validation Loss: 0.0066, Accuracy: 0.9785
Fold 1, Epoch 3/1000, Precision: 0.5334, Recall: 0.9065, F1-Score: 0.6716, AUC: 0.9914, AUPR: 0.6894
New best model saved, F1: 0.6716, AUC: 0.9914, AUPR: 0.6894
Fold 1, Epoch: 4/1000, Batch: 854, Loss: 0.0079
Fold 1, Epoch 4/1000, Average Train Loss: 0.0111, LR: 0.000200
Fold 1, Epoch 4, Current decision threshold: 0.2000
Fold 1, Epoch 4/1000, Validation Loss: 0.0062, Accuracy: 0.9837
Fold 1, Epoch 4/1000, Precision: 0.6120, Recall: 0.9008, F1-Score: 0.7289, AUC: 0.9936, AUPR: 0.7557
New best model saved, F1: 0.7289, AUC: 0.9936, AUPR: 0.7557
Fold 1, Epoch: 5/1000, Batch: 854, Loss: 0.0086
Fold 1, Epoch 5/1000, Average Train Loss: 0.0099, LR: 0.000200
Epoch 5: Optimal threshold updated to = 0.2277
Fold 1, Epoch 5, Current decision threshold: 0.2277
Fold 1, Epoch 5/1000, Validation Loss: 0.0063, Accuracy: 0.9874
Fold 1, Epoch 5/1000, Precision: 0.6972, Recall: 0.8514, F1-Score: 0.7666, AUC: 0.9945, AUPR: 0.7840
New best model saved, F1: 0.7666, AUC: 0.9945, AUPR: 0.7840
Fold 1, Epoch: 6/1000, Batch: 854, Loss: 0.0125
Fold 1, Epoch 6/1000, Average Train Loss: 0.0090, LR: 0.000200
Fold 1, Epoch 6, Current decision threshold: 0.2277
Fold 1, Epoch 6/1000, Validation Loss: 0.0068, Accuracy: 0.9897
Fold 1, Epoch 6/1000, Precision: 0.7679, Recall: 0.8249, F1-Score: 0.7954, AUC: 0.9955, AUPR: 0.8157
New best model saved, F1: 0.7954, AUC: 0.9955, AUPR: 0.8157
Fold 1, Epoch: 7/1000, Batch: 854, Loss: 0.0104
Fold 1, Epoch 7/1000, Average Train Loss: 0.0083, LR: 0.000200
Fold 1, Epoch 7, Current decision threshold: 0.2277
Fold 1, Epoch 7/1000, Validation Loss: 0.0073, Accuracy: 0.9903
Fold 1, Epoch 7/1000, Precision: 0.8104, Recall: 0.7869, F1-Score: 0.7985, AUC: 0.9961, AUPR: 0.8376
New best model saved, F1: 0.7985, AUC: 0.9961, AUPR: 0.8376
Fold 1, Epoch: 8/1000, Batch: 854, Loss: 0.0068
Fold 1, Epoch 8/1000, Average Train Loss: 0.0079, LR: 0.000200
Fold 1, Epoch 8, Current decision threshold: 0.2277
Fold 1, Epoch 8/1000, Validation Loss: 0.0073, Accuracy: 0.9911
Fold 1, Epoch 8/1000, Precision: 0.8272, Recall: 0.8008, F1-Score: 0.8138, AUC: 0.9963, AUPR: 0.8490
New best model saved, F1: 0.8138, AUC: 0.9963, AUPR: 0.8490
Fold 1, Epoch: 9/1000, Batch: 854, Loss: 0.0049
Fold 1, Epoch 9/1000, Average Train Loss: 0.0074, LR: 0.000200
Fold 1, Epoch 9, Current decision threshold: 0.2277
Fold 1, Epoch 9/1000, Validation Loss: 0.0057, Accuracy: 0.9915
Fold 1, Epoch 9/1000, Precision: 0.7972, Recall: 0.8727, F1-Score: 0.8332, AUC: 0.9965, AUPR: 0.8590
New best model saved, F1: 0.8332, AUC: 0.9965, AUPR: 0.8590
Fold 1, Epoch: 10/1000, Batch: 854, Loss: 0.0058
Fold 1, Epoch 10/1000, Average Train Loss: 0.0070, LR: 0.000200
Epoch 10: Optimal threshold updated to = 0.1665
Fold 1, Epoch 10, Current decision threshold: 0.1665
Fold 1, Epoch 10/1000, Validation Loss: 0.0070, Accuracy: 0.9922
Fold 1, Epoch 10/1000, Precision: 0.8098, Recall: 0.8898, F1-Score: 0.8479, AUC: 0.9968, AUPR: 0.8731
New best model saved, F1: 0.8479, AUC: 0.9968, AUPR: 0.8731
Fold 1, Epoch: 11/1000, Batch: 854, Loss: 0.0086
Fold 1, Epoch 11/1000, Average Train Loss: 0.0067, LR: 0.000200
Fold 1, Epoch 11, Current decision threshold: 0.1665
Fold 1, Epoch 11/1000, Validation Loss: 0.0045, Accuracy: 0.9900
Fold 1, Epoch 11/1000, Precision: 0.7246, Recall: 0.9502, F1-Score: 0.8222, AUC: 0.9967, AUPR: 0.8843
New best model saved, F1: 0.8222, AUC: 0.9967, AUPR: 0.8843
Fold 1, Epoch: 12/1000, Batch: 854, Loss: 0.0034
Fold 1, Epoch 12/1000, Average Train Loss: 0.0064, LR: 0.000200
Fold 1, Epoch 12, Current decision threshold: 0.1665
Fold 1, Epoch 12/1000, Validation Loss: 0.0072, Accuracy: 0.9933
Fold 1, Epoch 12/1000, Precision: 0.8482, Recall: 0.8800, F1-Score: 0.8638, AUC: 0.9972, AUPR: 0.8917
New best model saved, F1: 0.8638, AUC: 0.9972, AUPR: 0.8917
Fold 1, Epoch: 13/1000, Batch: 854, Loss: 0.0036
Fold 1, Epoch 13/1000, Average Train Loss: 0.0061, LR: 0.000200
Fold 1, Epoch 13, Current decision threshold: 0.1665
Fold 1, Epoch 13/1000, Validation Loss: 0.0070, Accuracy: 0.9937
Fold 1, Epoch 13/1000, Precision: 0.8604, Recall: 0.8833, F1-Score: 0.8717, AUC: 0.9975, AUPR: 0.8996
New best model saved, F1: 0.8717, AUC: 0.9975, AUPR: 0.8996
Fold 1, Epoch: 14/1000, Batch: 854, Loss: 0.0082
Fold 1, Epoch 14/1000, Average Train Loss: 0.0060, LR: 0.000200
Fold 1, Epoch 14, Current decision threshold: 0.1665
Fold 1, Epoch 14/1000, Validation Loss: 0.0071, Accuracy: 0.9939
Fold 1, Epoch 14/1000, Precision: 0.8717, Recall: 0.8792, F1-Score: 0.8754, AUC: 0.9975, AUPR: 0.9103
New best model saved, F1: 0.8754, AUC: 0.9975, AUPR: 0.9103
Fold 1, Epoch: 15/1000, Batch: 854, Loss: 0.0053
Fold 1, Epoch 15/1000, Average Train Loss: 0.0057, LR: 0.000200
Epoch 15: Optimal threshold updated to = 0.1650
Fold 1, Epoch 15, Current decision threshold: 0.1650
Fold 1, Epoch 15/1000, Validation Loss: 0.0058, Accuracy: 0.9936
Fold 1, Epoch 15/1000, Precision: 0.8338, Recall: 0.9176, F1-Score: 0.8737, AUC: 0.9975, AUPR: 0.9089
No improvement, patience counter: 1/25
Fold 1, Epoch: 16/1000, Batch: 854, Loss: 0.0060
Fold 1, Epoch 16/1000, Average Train Loss: 0.0055, LR: 0.000200
Fold 1, Epoch 16, Current decision threshold: 0.1650
Fold 1, Epoch 16/1000, Validation Loss: 0.0059, Accuracy: 0.9932
Fold 1, Epoch 16/1000, Precision: 0.8295, Recall: 0.9078, F1-Score: 0.8669, AUC: 0.9974, AUPR: 0.9111
No improvement, patience counter: 2/25
Fold 1, Epoch: 17/1000, Batch: 854, Loss: 0.0031
Fold 1, Epoch 17/1000, Average Train Loss: 0.0054, LR: 0.000200
Fold 1, Epoch 17, Current decision threshold: 0.1650
Fold 1, Epoch 17/1000, Validation Loss: 0.0064, Accuracy: 0.9938
Fold 1, Epoch 17/1000, Precision: 0.8530, Recall: 0.9000, F1-Score: 0.8759, AUC: 0.9975, AUPR: 0.9149
New best model saved, F1: 0.8759, AUC: 0.9975, AUPR: 0.9149
Fold 1, Epoch: 18/1000, Batch: 854, Loss: 0.0070
Fold 1, Epoch 18/1000, Average Train Loss: 0.0053, LR: 0.000200
Fold 1, Epoch 18, Current decision threshold: 0.1650
Fold 1, Epoch 18/1000, Validation Loss: 0.0063, Accuracy: 0.9942
Fold 1, Epoch 18/1000, Precision: 0.8651, Recall: 0.9033, F1-Score: 0.8838, AUC: 0.9977, AUPR: 0.9163
New best model saved, F1: 0.8838, AUC: 0.9977, AUPR: 0.9163
Fold 1, Epoch: 19/1000, Batch: 854, Loss: 0.0045
Fold 1, Epoch 19/1000, Average Train Loss: 0.0051, LR: 0.000200
Fold 1, Epoch 19, Current decision threshold: 0.1650
Fold 1, Epoch 19/1000, Validation Loss: 0.0064, Accuracy: 0.9941
Fold 1, Epoch 19/1000, Precision: 0.8676, Recall: 0.8935, F1-Score: 0.8804, AUC: 0.9978, AUPR: 0.9226
New best model saved, F1: 0.8804, AUC: 0.9978, AUPR: 0.9226
Fold 1, Epoch: 20/1000, Batch: 854, Loss: 0.0042
Fold 1, Epoch 20/1000, Average Train Loss: 0.0050, LR: 0.000200
Epoch 20: Optimal threshold updated to = 0.1755
Fold 1, Epoch 20, Current decision threshold: 0.1755
Fold 1, Epoch 20/1000, Validation Loss: 0.0062, Accuracy: 0.9944
Fold 1, Epoch 20/1000, Precision: 0.8766, Recall: 0.8963, F1-Score: 0.8864, AUC: 0.9978, AUPR: 0.9242
New best model saved, F1: 0.8864, AUC: 0.9978, AUPR: 0.9242
Fold 1, Epoch: 21/1000, Batch: 854, Loss: 0.0027
Fold 1, Epoch 21/1000, Average Train Loss: 0.0049, LR: 0.000200
Fold 1, Epoch 21, Current decision threshold: 0.1755
Fold 1, Epoch 21/1000, Validation Loss: 0.0063, Accuracy: 0.9942
Fold 1, Epoch 21/1000, Precision: 0.8721, Recall: 0.8931, F1-Score: 0.8824, AUC: 0.9978, AUPR: 0.9228
No improvement, patience counter: 1/25
Fold 1, Epoch: 22/1000, Batch: 854, Loss: 0.0015
Fold 1, Epoch 22/1000, Average Train Loss: 0.0048, LR: 0.000200
Fold 1, Epoch 22, Current decision threshold: 0.1755
Fold 1, Epoch 22/1000, Validation Loss: 0.0071, Accuracy: 0.9946
Fold 1, Epoch 22/1000, Precision: 0.9040, Recall: 0.8722, F1-Score: 0.8878, AUC: 0.9980, AUPR: 0.9307
New best model saved, F1: 0.8878, AUC: 0.9980, AUPR: 0.9307
Fold 1, Epoch: 23/1000, Batch: 854, Loss: 0.0017
Fold 1, Epoch 23/1000, Average Train Loss: 0.0047, LR: 0.000200
Fold 1, Epoch 23, Current decision threshold: 0.1755
Fold 1, Epoch 23/1000, Validation Loss: 0.0080, Accuracy: 0.9939
Fold 1, Epoch 23/1000, Precision: 0.9050, Recall: 0.8355, F1-Score: 0.8688, AUC: 0.9980, AUPR: 0.9284
No improvement, patience counter: 1/25
Fold 1, Epoch: 24/1000, Batch: 854, Loss: 0.0043
Fold 1, Epoch 24/1000, Average Train Loss: 0.0045, LR: 0.000200
Fold 1, Epoch 24, Current decision threshold: 0.1755
Fold 1, Epoch 24/1000, Validation Loss: 0.0084, Accuracy: 0.9943
Fold 1, Epoch 24/1000, Precision: 0.9251, Recall: 0.8322, F1-Score: 0.8762, AUC: 0.9980, AUPR: 0.9350
New best model saved, F1: 0.8762, AUC: 0.9980, AUPR: 0.9350
Fold 1, Epoch: 25/1000, Batch: 854, Loss: 0.0041
Fold 1, Epoch 25/1000, Average Train Loss: 0.0044, LR: 0.000200
Epoch 25: Optimal threshold updated to = 0.1434
Fold 1, Epoch 25, Current decision threshold: 0.1434
Fold 1, Epoch 25/1000, Validation Loss: 0.0067, Accuracy: 0.9950
Fold 1, Epoch 25/1000, Precision: 0.8869, Recall: 0.9094, F1-Score: 0.8980, AUC: 0.9981, AUPR: 0.9341
New best model saved, F1: 0.8980, AUC: 0.9981, AUPR: 0.9341
Fold 1, Epoch: 26/1000, Batch: 854, Loss: 0.0029
Fold 1, Epoch 26/1000, Average Train Loss: 0.0044, LR: 0.000200
Fold 1, Epoch 26, Current decision threshold: 0.1434
Fold 1, Epoch 26/1000, Validation Loss: 0.0061, Accuracy: 0.9949
Fold 1, Epoch 26/1000, Precision: 0.8823, Recall: 0.9118, F1-Score: 0.8968, AUC: 0.9981, AUPR: 0.9351
New best model saved, F1: 0.8968, AUC: 0.9981, AUPR: 0.9351
Fold 1, Epoch: 27/1000, Batch: 854, Loss: 0.0069
Fold 1, Epoch 27/1000, Average Train Loss: 0.0042, LR: 0.000200
Fold 1, Epoch 27, Current decision threshold: 0.1434
Fold 1, Epoch 27/1000, Validation Loss: 0.0078, Accuracy: 0.9950
Fold 1, Epoch 27/1000, Precision: 0.9119, Recall: 0.8792, F1-Score: 0.8953, AUC: 0.9982, AUPR: 0.9387
New best model saved, F1: 0.8953, AUC: 0.9982, AUPR: 0.9387
Fold 1, Epoch: 28/1000, Batch: 854, Loss: 0.0048
Fold 1, Epoch 28/1000, Average Train Loss: 0.0042, LR: 0.000200
Fold 1, Epoch 28, Current decision threshold: 0.1434
Fold 1, Epoch 28/1000, Validation Loss: 0.0057, Accuracy: 0.9945
Fold 1, Epoch 28/1000, Precision: 0.8623, Recall: 0.9204, F1-Score: 0.8904, AUC: 0.9981, AUPR: 0.9366
No improvement, patience counter: 1/25
Fold 1, Epoch: 29/1000, Batch: 854, Loss: 0.0174
Fold 1, Epoch 29/1000, Average Train Loss: 0.0041, LR: 0.000200
Fold 1, Epoch 29, Current decision threshold: 0.1434
Fold 1, Epoch 29/1000, Validation Loss: 0.0060, Accuracy: 0.9950
Fold 1, Epoch 29/1000, Precision: 0.8811, Recall: 0.9196, F1-Score: 0.8999, AUC: 0.9982, AUPR: 0.9410
New best model saved, F1: 0.8999, AUC: 0.9982, AUPR: 0.9410
Fold 1, Epoch: 30/1000, Batch: 854, Loss: 0.0022
Fold 1, Epoch 30/1000, Average Train Loss: 0.0040, LR: 0.000200
Epoch 30: Optimal threshold updated to = 0.1256
Fold 1, Epoch 30, Current decision threshold: 0.1256
Fold 1, Epoch 30/1000, Validation Loss: 0.0065, Accuracy: 0.9952
Fold 1, Epoch 30/1000, Precision: 0.8887, Recall: 0.9188, F1-Score: 0.9035, AUC: 0.9982, AUPR: 0.9422
New best model saved, F1: 0.9035, AUC: 0.9982, AUPR: 0.9422
Fold 1, Epoch: 31/1000, Batch: 854, Loss: 0.0078
Fold 1, Epoch 31/1000, Average Train Loss: 0.0039, LR: 0.000200
Fold 1, Epoch 31, Current decision threshold: 0.1256
Fold 1, Epoch 31/1000, Validation Loss: 0.0065, Accuracy: 0.9953
Fold 1, Epoch 31/1000, Precision: 0.8921, Recall: 0.9184, F1-Score: 0.9051, AUC: 0.9983, AUPR: 0.9440
New best model saved, F1: 0.9051, AUC: 0.9983, AUPR: 0.9440
Fold 1, Epoch: 32/1000, Batch: 854, Loss: 0.0049
Fold 1, Epoch 32/1000, Average Train Loss: 0.0039, LR: 0.000200
Fold 1, Epoch 32, Current decision threshold: 0.1256
Fold 1, Epoch 32/1000, Validation Loss: 0.0057, Accuracy: 0.9955
Fold 1, Epoch 32/1000, Precision: 0.8883, Recall: 0.9314, F1-Score: 0.9093, AUC: 0.9983, AUPR: 0.9479
New best model saved, F1: 0.9093, AUC: 0.9983, AUPR: 0.9479
Fold 1, Epoch: 33/1000, Batch: 854, Loss: 0.0030
Fold 1, Epoch 33/1000, Average Train Loss: 0.0038, LR: 0.000200
Fold 1, Epoch 33, Current decision threshold: 0.1256
Fold 1, Epoch 33/1000, Validation Loss: 0.0071, Accuracy: 0.9953
Fold 1, Epoch 33/1000, Precision: 0.9018, Recall: 0.9033, F1-Score: 0.9025, AUC: 0.9983, AUPR: 0.9467
No improvement, patience counter: 1/25
Fold 1, Epoch: 34/1000, Batch: 854, Loss: 0.0032
Fold 1, Epoch 34/1000, Average Train Loss: 0.0038, LR: 0.000200
Fold 1, Epoch 34, Current decision threshold: 0.1256
Fold 1, Epoch 34/1000, Validation Loss: 0.0066, Accuracy: 0.9953
Fold 1, Epoch 34/1000, Precision: 0.8954, Recall: 0.9122, F1-Score: 0.9038, AUC: 0.9984, AUPR: 0.9461
No improvement, patience counter: 2/25
Fold 1, Epoch: 35/1000, Batch: 854, Loss: 0.0025
Fold 1, Epoch 35/1000, Average Train Loss: 0.0037, LR: 0.000200
Epoch 35: Optimal threshold updated to = 0.0937
Fold 1, Epoch 35, Current decision threshold: 0.0937
Fold 1, Epoch 35/1000, Validation Loss: 0.0074, Accuracy: 0.9955
Fold 1, Epoch 35/1000, Precision: 0.8904, Recall: 0.9286, F1-Score: 0.9091, AUC: 0.9983, AUPR: 0.9443
No improvement, patience counter: 3/25
Fold 1, Epoch: 36/1000, Batch: 854, Loss: 0.0036
Fold 1, Epoch 36/1000, Average Train Loss: 0.0036, LR: 0.000200
Fold 1, Epoch 36, Current decision threshold: 0.0937
Fold 1, Epoch 36/1000, Validation Loss: 0.0066, Accuracy: 0.9949
Fold 1, Epoch 36/1000, Precision: 0.8685, Recall: 0.9331, F1-Score: 0.8996, AUC: 0.9982, AUPR: 0.9432
No improvement, patience counter: 4/25
Fold 1, Epoch: 37/1000, Batch: 854, Loss: 0.0071
Fold 1, Epoch 37/1000, Average Train Loss: 0.0032, LR: 0.000100
Fold 1, Epoch 37, Current decision threshold: 0.0937
Fold 1, Epoch 37/1000, Validation Loss: 0.0066, Accuracy: 0.9955
Fold 1, Epoch 37/1000, Precision: 0.8891, Recall: 0.9327, F1-Score: 0.9104, AUC: 0.9984, AUPR: 0.9507
New best model saved, F1: 0.9104, AUC: 0.9984, AUPR: 0.9507
Fold 1, Epoch: 38/1000, Batch: 854, Loss: 0.0074
Fold 1, Epoch 38/1000, Average Train Loss: 0.0030, LR: 0.000100
Fold 1, Epoch 38, Current decision threshold: 0.0937
Fold 1, Epoch 38/1000, Validation Loss: 0.0070, Accuracy: 0.9954
Fold 1, Epoch 38/1000, Precision: 0.8900, Recall: 0.9249, F1-Score: 0.9071, AUC: 0.9984, AUPR: 0.9520
New best model saved, F1: 0.9071, AUC: 0.9984, AUPR: 0.9520
Fold 1, Epoch: 39/1000, Batch: 854, Loss: 0.0095
Fold 1, Epoch 39/1000, Average Train Loss: 0.0030, LR: 0.000100
Fold 1, Epoch 39, Current decision threshold: 0.0937
Fold 1, Epoch 39/1000, Validation Loss: 0.0068, Accuracy: 0.9955
Fold 1, Epoch 39/1000, Precision: 0.8927, Recall: 0.9269, F1-Score: 0.9095, AUC: 0.9985, AUPR: 0.9519
New best model saved, F1: 0.9095, AUC: 0.9985, AUPR: 0.9519
Fold 1, Epoch: 40/1000, Batch: 854, Loss: 0.0053
Fold 1, Epoch 40/1000, Average Train Loss: 0.0029, LR: 0.000100
Epoch 40: Optimal threshold updated to = 0.0967
Fold 1, Epoch 40, Current decision threshold: 0.0967
Fold 1, Epoch 40/1000, Validation Loss: 0.0066, Accuracy: 0.9959
Fold 1, Epoch 40/1000, Precision: 0.9013, Recall: 0.9355, F1-Score: 0.9181, AUC: 0.9985, AUPR: 0.9534
New best model saved, F1: 0.9181, AUC: 0.9985, AUPR: 0.9534
Fold 1, Epoch: 41/1000, Batch: 854, Loss: 0.0056
Fold 1, Epoch 41/1000, Average Train Loss: 0.0029, LR: 0.000100
Fold 1, Epoch 41, Current decision threshold: 0.0967
Fold 1, Epoch 41/1000, Validation Loss: 0.0076, Accuracy: 0.9957
Fold 1, Epoch 41/1000, Precision: 0.9099, Recall: 0.9151, F1-Score: 0.9125, AUC: 0.9985, AUPR: 0.9546
No improvement, patience counter: 1/25
Fold 1, Epoch: 42/1000, Batch: 854, Loss: 0.0014
Fold 1, Epoch 42/1000, Average Train Loss: 0.0028, LR: 0.000100
Fold 1, Epoch 42, Current decision threshold: 0.0967
Fold 1, Epoch 42/1000, Validation Loss: 0.0066, Accuracy: 0.9957
Fold 1, Epoch 42/1000, Precision: 0.8970, Recall: 0.9278, F1-Score: 0.9121, AUC: 0.9985, AUPR: 0.9560
New best model saved, F1: 0.9121, AUC: 0.9985, AUPR: 0.9560
Fold 1, Epoch: 43/1000, Batch: 854, Loss: 0.0012
Fold 1, Epoch 43/1000, Average Train Loss: 0.0028, LR: 0.000100
Fold 1, Epoch 43, Current decision threshold: 0.0967
Fold 1, Epoch 43/1000, Validation Loss: 0.0058, Accuracy: 0.9955
Fold 1, Epoch 43/1000, Precision: 0.8796, Recall: 0.9420, F1-Score: 0.9097, AUC: 0.9984, AUPR: 0.9560
No improvement, patience counter: 1/25
Fold 1, Epoch: 44/1000, Batch: 854, Loss: 0.0054
Fold 1, Epoch 44/1000, Average Train Loss: 0.0028, LR: 0.000100
Fold 1, Epoch 44, Current decision threshold: 0.0967
Fold 1, Epoch 44/1000, Validation Loss: 0.0070, Accuracy: 0.9958
Fold 1, Epoch 44/1000, Precision: 0.9054, Recall: 0.9216, F1-Score: 0.9134, AUC: 0.9984, AUPR: 0.9568
New best model saved, F1: 0.9134, AUC: 0.9984, AUPR: 0.9568
Fold 1, Epoch: 45/1000, Batch: 854, Loss: 0.0100
Fold 1, Epoch 45/1000, Average Train Loss: 0.0028, LR: 0.000100
Epoch 45: Optimal threshold updated to = 0.1152
Fold 1, Epoch 45, Current decision threshold: 0.1152
Fold 1, Epoch 45/1000, Validation Loss: 0.0068, Accuracy: 0.9959
Fold 1, Epoch 45/1000, Precision: 0.9161, Recall: 0.9131, F1-Score: 0.9146, AUC: 0.9985, AUPR: 0.9558
No improvement, patience counter: 1/25
Fold 1, Epoch: 46/1000, Batch: 854, Loss: 0.0019
Fold 1, Epoch 46/1000, Average Train Loss: 0.0027, LR: 0.000100
Fold 1, Epoch 46, Current decision threshold: 0.1152
Fold 1, Epoch 46/1000, Validation Loss: 0.0089, Accuracy: 0.9955
Fold 1, Epoch 46/1000, Precision: 0.9346, Recall: 0.8743, F1-Score: 0.9034, AUC: 0.9984, AUPR: 0.9553
No improvement, patience counter: 2/25
Fold 1, Epoch: 47/1000, Batch: 854, Loss: 0.0029
Fold 1, Epoch 47/1000, Average Train Loss: 0.0027, LR: 0.000100
Fold 1, Epoch 47, Current decision threshold: 0.1152
Fold 1, Epoch 47/1000, Validation Loss: 0.0064, Accuracy: 0.9959
Fold 1, Epoch 47/1000, Precision: 0.9120, Recall: 0.9216, F1-Score: 0.9168, AUC: 0.9985, AUPR: 0.9589
New best model saved, F1: 0.9168, AUC: 0.9985, AUPR: 0.9589
Fold 1, Epoch: 48/1000, Batch: 854, Loss: 0.0010
Fold 1, Epoch 48/1000, Average Train Loss: 0.0027, LR: 0.000100
Fold 1, Epoch 48, Current decision threshold: 0.1152
Fold 1, Epoch 48/1000, Validation Loss: 0.0074, Accuracy: 0.9956
Fold 1, Epoch 48/1000, Precision: 0.9166, Recall: 0.9016, F1-Score: 0.9091, AUC: 0.9984, AUPR: 0.9562
No improvement, patience counter: 1/25
Fold 1, Epoch: 49/1000, Batch: 854, Loss: 0.0022
Fold 1, Epoch 49/1000, Average Train Loss: 0.0026, LR: 0.000100
Fold 1, Epoch 49, Current decision threshold: 0.1152
Fold 1, Epoch 49/1000, Validation Loss: 0.0071, Accuracy: 0.9959
Fold 1, Epoch 49/1000, Precision: 0.9174, Recall: 0.9114, F1-Score: 0.9144, AUC: 0.9985, AUPR: 0.9567
No improvement, patience counter: 2/25
Fold 1, Epoch: 50/1000, Batch: 854, Loss: 0.0015
Fold 1, Epoch 50/1000, Average Train Loss: 0.0026, LR: 0.000100
Epoch 50: Optimal threshold updated to = 0.0812
Fold 1, Epoch 50, Current decision threshold: 0.0812
Fold 1, Epoch 50/1000, Validation Loss: 0.0073, Accuracy: 0.9960
Fold 1, Epoch 50/1000, Precision: 0.9061, Recall: 0.9298, F1-Score: 0.9178, AUC: 0.9986, AUPR: 0.9582
No improvement, patience counter: 3/25
Fold 1, Epoch: 51/1000, Batch: 854, Loss: 0.0051
Fold 1, Epoch 51/1000, Average Train Loss: 0.0026, LR: 0.000100
Fold 1, Epoch 51, Current decision threshold: 0.0812
Fold 1, Epoch 51/1000, Validation Loss: 0.0073, Accuracy: 0.9955
Fold 1, Epoch 51/1000, Precision: 0.8928, Recall: 0.9249, F1-Score: 0.9086, AUC: 0.9985, AUPR: 0.9576
No improvement, patience counter: 4/25
Fold 1, Epoch: 52/1000, Batch: 854, Loss: 0.0025
Fold 1, Epoch 52/1000, Average Train Loss: 0.0023, LR: 0.000050
Fold 1, Epoch 52, Current decision threshold: 0.0812
Fold 1, Epoch 52/1000, Validation Loss: 0.0069, Accuracy: 0.9956
Fold 1, Epoch 52/1000, Precision: 0.8926, Recall: 0.9294, F1-Score: 0.9106, AUC: 0.9986, AUPR: 0.9604
New best model saved, F1: 0.9106, AUC: 0.9986, AUPR: 0.9604
Fold 1, Epoch: 53/1000, Batch: 854, Loss: 0.0024
Fold 1, Epoch 53/1000, Average Train Loss: 0.0023, LR: 0.000050
Fold 1, Epoch 53, Current decision threshold: 0.0812
Fold 1, Epoch 53/1000, Validation Loss: 0.0065, Accuracy: 0.9958
Fold 1, Epoch 53/1000, Precision: 0.8944, Recall: 0.9371, F1-Score: 0.9153, AUC: 0.9986, AUPR: 0.9615
New best model saved, F1: 0.9153, AUC: 0.9986, AUPR: 0.9615
Fold 1, Epoch: 54/1000, Batch: 854, Loss: 0.0029
Fold 1, Epoch 54/1000, Average Train Loss: 0.0023, LR: 0.000050
Fold 1, Epoch 54, Current decision threshold: 0.0812
Fold 1, Epoch 54/1000, Validation Loss: 0.0074, Accuracy: 0.9958
Fold 1, Epoch 54/1000, Precision: 0.9052, Recall: 0.9241, F1-Score: 0.9146, AUC: 0.9986, AUPR: 0.9607
No improvement, patience counter: 1/25
Fold 1, Epoch: 55/1000, Batch: 854, Loss: 0.0006
Fold 1, Epoch 55/1000, Average Train Loss: 0.0022, LR: 0.000050
Epoch 55: Optimal threshold updated to = 0.1067
Fold 1, Epoch 55, Current decision threshold: 0.1067
Fold 1, Epoch 55/1000, Validation Loss: 0.0070, Accuracy: 0.9959
Fold 1, Epoch 55/1000, Precision: 0.9192, Recall: 0.9098, F1-Score: 0.9145, AUC: 0.9986, AUPR: 0.9598
No improvement, patience counter: 2/25
Fold 1, Epoch: 56/1000, Batch: 854, Loss: 0.0110
Fold 1, Epoch 56/1000, Average Train Loss: 0.0022, LR: 0.000050
Fold 1, Epoch 56, Current decision threshold: 0.1067
Fold 1, Epoch 56/1000, Validation Loss: 0.0061, Accuracy: 0.9958
Fold 1, Epoch 56/1000, Precision: 0.9017, Recall: 0.9282, F1-Score: 0.9147, AUC: 0.9986, AUPR: 0.9620
New best model saved, F1: 0.9147, AUC: 0.9986, AUPR: 0.9620
Fold 1, Epoch: 57/1000, Batch: 854, Loss: 0.0046
Fold 1, Epoch 57/1000, Average Train Loss: 0.0022, LR: 0.000050
Fold 1, Epoch 57, Current decision threshold: 0.1067
Fold 1, Epoch 57/1000, Validation Loss: 0.0064, Accuracy: 0.9960
Fold 1, Epoch 57/1000, Precision: 0.9124, Recall: 0.9229, F1-Score: 0.9176, AUC: 0.9987, AUPR: 0.9626
New best model saved, F1: 0.9176, AUC: 0.9987, AUPR: 0.9626
Fold 1, Epoch: 58/1000, Batch: 854, Loss: 0.0023
Fold 1, Epoch 58/1000, Average Train Loss: 0.0022, LR: 0.000050
Fold 1, Epoch 58, Current decision threshold: 0.1067
Fold 1, Epoch 58/1000, Validation Loss: 0.0061, Accuracy: 0.9958
Fold 1, Epoch 58/1000, Precision: 0.9023, Recall: 0.9269, F1-Score: 0.9144, AUC: 0.9986, AUPR: 0.9616
No improvement, patience counter: 1/25
Fold 1, Epoch: 59/1000, Batch: 854, Loss: 0.0009
Fold 1, Epoch 59/1000, Average Train Loss: 0.0022, LR: 0.000050
Fold 1, Epoch 59, Current decision threshold: 0.1067
Fold 1, Epoch 59/1000, Validation Loss: 0.0074, Accuracy: 0.9958
Fold 1, Epoch 59/1000, Precision: 0.9194, Recall: 0.9073, F1-Score: 0.9133, AUC: 0.9986, AUPR: 0.9615
No improvement, patience counter: 2/25
Fold 1, Epoch: 60/1000, Batch: 854, Loss: 0.0052
Fold 1, Epoch 60/1000, Average Train Loss: 0.0022, LR: 0.000050
Epoch 60: Optimal threshold updated to = 0.1410
Fold 1, Epoch 60, Current decision threshold: 0.1410
Fold 1, Epoch 60/1000, Validation Loss: 0.0065, Accuracy: 0.9961
Fold 1, Epoch 60/1000, Precision: 0.9331, Recall: 0.9057, F1-Score: 0.9192, AUC: 0.9986, AUPR: 0.9638
New best model saved, F1: 0.9192, AUC: 0.9986, AUPR: 0.9638
Fold 1, Epoch: 61/1000, Batch: 854, Loss: 0.0022
Fold 1, Epoch 61/1000, Average Train Loss: 0.0021, LR: 0.000050
Fold 1, Epoch 61, Current decision threshold: 0.1410
Fold 1, Epoch 61/1000, Validation Loss: 0.0063, Accuracy: 0.9959
Fold 1, Epoch 61/1000, Precision: 0.9238, Recall: 0.9061, F1-Score: 0.9149, AUC: 0.9986, AUPR: 0.9633
No improvement, patience counter: 1/25
Fold 1, Epoch: 62/1000, Batch: 854, Loss: 0.0099
Fold 1, Epoch 62/1000, Average Train Loss: 0.0021, LR: 0.000050
Fold 1, Epoch 62, Current decision threshold: 0.1410
Fold 1, Epoch 62/1000, Validation Loss: 0.0067, Accuracy: 0.9957
Fold 1, Epoch 62/1000, Precision: 0.9265, Recall: 0.8951, F1-Score: 0.9105, AUC: 0.9986, AUPR: 0.9618
No improvement, patience counter: 2/25
Fold 1, Epoch: 63/1000, Batch: 854, Loss: 0.0010
Fold 1, Epoch 63/1000, Average Train Loss: 0.0021, LR: 0.000050
Fold 1, Epoch 63, Current decision threshold: 0.1410
Fold 1, Epoch 63/1000, Validation Loss: 0.0075, Accuracy: 0.9957
Fold 1, Epoch 63/1000, Precision: 0.9363, Recall: 0.8824, F1-Score: 0.9086, AUC: 0.9986, AUPR: 0.9605
No improvement, patience counter: 3/25
Fold 1, Epoch: 64/1000, Batch: 854, Loss: 0.0038
Fold 1, Epoch 64/1000, Average Train Loss: 0.0021, LR: 0.000050
Fold 1, Epoch 64, Current decision threshold: 0.1410
Fold 1, Epoch 64/1000, Validation Loss: 0.0069, Accuracy: 0.9959
Fold 1, Epoch 64/1000, Precision: 0.9346, Recall: 0.8922, F1-Score: 0.9129, AUC: 0.9986, AUPR: 0.9632
No improvement, patience counter: 4/25
Fold 1, Epoch: 65/1000, Batch: 854, Loss: 0.0006
Fold 1, Epoch 65/1000, Average Train Loss: 0.0020, LR: 0.000025
Epoch 65: Optimal threshold updated to = 0.1155
Fold 1, Epoch 65, Current decision threshold: 0.1155
Fold 1, Epoch 65/1000, Validation Loss: 0.0067, Accuracy: 0.9961
Fold 1, Epoch 65/1000, Precision: 0.9266, Recall: 0.9127, F1-Score: 0.9196, AUC: 0.9987, AUPR: 0.9638
New best model saved, F1: 0.9196, AUC: 0.9987, AUPR: 0.9638
Fold 1, Epoch: 66/1000, Batch: 854, Loss: 0.0040
Fold 1, Epoch 66/1000, Average Train Loss: 0.0019, LR: 0.000025
Fold 1, Epoch 66, Current decision threshold: 0.1155
Fold 1, Epoch 66/1000, Validation Loss: 0.0067, Accuracy: 0.9960
Fold 1, Epoch 66/1000, Precision: 0.9235, Recall: 0.9110, F1-Score: 0.9172, AUC: 0.9986, AUPR: 0.9633
No improvement, patience counter: 1/25
Fold 1, Epoch: 67/1000, Batch: 854, Loss: 0.0037
Fold 1, Epoch 67/1000, Average Train Loss: 0.0019, LR: 0.000025
Fold 1, Epoch 67, Current decision threshold: 0.1155
Fold 1, Epoch 67/1000, Validation Loss: 0.0063, Accuracy: 0.9961
Fold 1, Epoch 67/1000, Precision: 0.9189, Recall: 0.9204, F1-Score: 0.9197, AUC: 0.9987, AUPR: 0.9650
New best model saved, F1: 0.9197, AUC: 0.9987, AUPR: 0.9650
Fold 1, Epoch: 68/1000, Batch: 854, Loss: 0.0030
Fold 1, Epoch 68/1000, Average Train Loss: 0.0019, LR: 0.000025
Fold 1, Epoch 68, Current decision threshold: 0.1155
Fold 1, Epoch 68/1000, Validation Loss: 0.0069, Accuracy: 0.9960
Fold 1, Epoch 68/1000, Precision: 0.9251, Recall: 0.9069, F1-Score: 0.9159, AUC: 0.9986, AUPR: 0.9634
No improvement, patience counter: 1/25
Fold 1, Epoch: 69/1000, Batch: 854, Loss: 0.0002
Fold 1, Epoch 69/1000, Average Train Loss: 0.0019, LR: 0.000025
Fold 1, Epoch 69, Current decision threshold: 0.1155
Fold 1, Epoch 69/1000, Validation Loss: 0.0067, Accuracy: 0.9961
Fold 1, Epoch 69/1000, Precision: 0.9266, Recall: 0.9114, F1-Score: 0.9189, AUC: 0.9987, AUPR: 0.9645
No improvement, patience counter: 2/25
Fold 1, Epoch: 70/1000, Batch: 854, Loss: 0.0012
Fold 1, Epoch 70/1000, Average Train Loss: 0.0019, LR: 0.000025
Epoch 70: Optimal threshold updated to = 0.1348
Fold 1, Epoch 70, Current decision threshold: 0.1348
Fold 1, Epoch 70/1000, Validation Loss: 0.0067, Accuracy: 0.9960
Fold 1, Epoch 70/1000, Precision: 0.9283, Recall: 0.9033, F1-Score: 0.9156, AUC: 0.9986, AUPR: 0.9627
No improvement, patience counter: 3/25
Fold 1, Epoch: 71/1000, Batch: 854, Loss: 0.0009
Fold 1, Epoch 71/1000, Average Train Loss: 0.0019, LR: 0.000025
Fold 1, Epoch 71, Current decision threshold: 0.1348
Fold 1, Epoch 71/1000, Validation Loss: 0.0065, Accuracy: 0.9962
Fold 1, Epoch 71/1000, Precision: 0.9318, Recall: 0.9086, F1-Score: 0.9200, AUC: 0.9987, AUPR: 0.9644
No improvement, patience counter: 4/25
Fold 1, Epoch: 72/1000, Batch: 854, Loss: 0.0021
Fold 1, Epoch 72/1000, Average Train Loss: 0.0018, LR: 0.000013
Fold 1, Epoch 72, Current decision threshold: 0.1348
Fold 1, Epoch 72/1000, Validation Loss: 0.0065, Accuracy: 0.9960
Fold 1, Epoch 72/1000, Precision: 0.9306, Recall: 0.9037, F1-Score: 0.9170, AUC: 0.9987, AUPR: 0.9650
No improvement, patience counter: 5/25
Fold 1, Epoch: 73/1000, Batch: 854, Loss: 0.0010
Fold 1, Epoch 73/1000, Average Train Loss: 0.0018, LR: 0.000013
Fold 1, Epoch 73, Current decision threshold: 0.1348
Fold 1, Epoch 73/1000, Validation Loss: 0.0069, Accuracy: 0.9960
Fold 1, Epoch 73/1000, Precision: 0.9361, Recall: 0.8971, F1-Score: 0.9162, AUC: 0.9987, AUPR: 0.9655
No improvement, patience counter: 6/25
Fold 1, Epoch: 74/1000, Batch: 854, Loss: 0.0013
Fold 1, Epoch 74/1000, Average Train Loss: 0.0019, LR: 0.000013
Fold 1, Epoch 74, Current decision threshold: 0.1348
Fold 1, Epoch 74/1000, Validation Loss: 0.0070, Accuracy: 0.9961
Fold 1, Epoch 74/1000, Precision: 0.9382, Recall: 0.8988, F1-Score: 0.9181, AUC: 0.9987, AUPR: 0.9650
No improvement, patience counter: 7/25
Fold 1, Epoch: 75/1000, Batch: 854, Loss: 0.0017
Fold 1, Epoch 75/1000, Average Train Loss: 0.0019, LR: 0.000013
Epoch 75: Optimal threshold updated to = 0.0981
Fold 1, Epoch 75, Current decision threshold: 0.0981
Fold 1, Epoch 75/1000, Validation Loss: 0.0069, Accuracy: 0.9962
Fold 1, Epoch 75/1000, Precision: 0.9234, Recall: 0.9204, F1-Score: 0.9219, AUC: 0.9987, AUPR: 0.9652
New best model saved, F1: 0.9219, AUC: 0.9987, AUPR: 0.9652
Fold 1, Epoch: 76/1000, Batch: 854, Loss: 0.0015
Fold 1, Epoch 76/1000, Average Train Loss: 0.0018, LR: 0.000013
Fold 1, Epoch 76, Current decision threshold: 0.0981
Fold 1, Epoch 76/1000, Validation Loss: 0.0065, Accuracy: 0.9959
Fold 1, Epoch 76/1000, Precision: 0.9084, Recall: 0.9233, F1-Score: 0.9158, AUC: 0.9987, AUPR: 0.9642
No improvement, patience counter: 1/25
Fold 1, Epoch: 77/1000, Batch: 854, Loss: 0.0036
Fold 1, Epoch 77/1000, Average Train Loss: 0.0018, LR: 0.000013
Fold 1, Epoch 77, Current decision threshold: 0.0981
Fold 1, Epoch 77/1000, Validation Loss: 0.0068, Accuracy: 0.9962
Fold 1, Epoch 77/1000, Precision: 0.9208, Recall: 0.9208, F1-Score: 0.9208, AUC: 0.9987, AUPR: 0.9658
New best model saved, F1: 0.9208, AUC: 0.9987, AUPR: 0.9658
Fold 1, Epoch: 78/1000, Batch: 854, Loss: 0.0015
Fold 1, Epoch 78/1000, Average Train Loss: 0.0018, LR: 0.000013
Fold 1, Epoch 78, Current decision threshold: 0.0981
Fold 1, Epoch 78/1000, Validation Loss: 0.0070, Accuracy: 0.9962
Fold 1, Epoch 78/1000, Precision: 0.9229, Recall: 0.9184, F1-Score: 0.9206, AUC: 0.9987, AUPR: 0.9652
No improvement, patience counter: 1/25
Fold 1, Epoch: 79/1000, Batch: 854, Loss: 0.0019
Fold 1, Epoch 79/1000, Average Train Loss: 0.0018, LR: 0.000013
Fold 1, Epoch 79, Current decision threshold: 0.0981
Fold 1, Epoch 79/1000, Validation Loss: 0.0069, Accuracy: 0.9961
Fold 1, Epoch 79/1000, Precision: 0.9189, Recall: 0.9208, F1-Score: 0.9199, AUC: 0.9987, AUPR: 0.9643
No improvement, patience counter: 2/25
Fold 1, Epoch: 80/1000, Batch: 854, Loss: 0.0021
Fold 1, Epoch 80/1000, Average Train Loss: 0.0018, LR: 0.000013
Epoch 80: Optimal threshold updated to = 0.1172
Fold 1, Epoch 80, Current decision threshold: 0.1172
Fold 1, Epoch 80/1000, Validation Loss: 0.0067, Accuracy: 0.9962
Fold 1, Epoch 80/1000, Precision: 0.9296, Recall: 0.9110, F1-Score: 0.9202, AUC: 0.9987, AUPR: 0.9653
No improvement, patience counter: 3/25
Fold 1, Epoch: 81/1000, Batch: 854, Loss: 0.0013
Fold 1, Epoch 81/1000, Average Train Loss: 0.0018, LR: 0.000013
Fold 1, Epoch 81, Current decision threshold: 0.1172
Fold 1, Epoch 81/1000, Validation Loss: 0.0066, Accuracy: 0.9962
Fold 1, Epoch 81/1000, Precision: 0.9269, Recall: 0.9163, F1-Score: 0.9216, AUC: 0.9987, AUPR: 0.9653
No improvement, patience counter: 4/25
Fold 1, Epoch: 82/1000, Batch: 854, Loss: 0.0030
Fold 1, Epoch 82/1000, Average Train Loss: 0.0018, LR: 0.000006
Fold 1, Epoch 82, Current decision threshold: 0.1172
Fold 1, Epoch 82/1000, Validation Loss: 0.0067, Accuracy: 0.9963
Fold 1, Epoch 82/1000, Precision: 0.9310, Recall: 0.9143, F1-Score: 0.9226, AUC: 0.9987, AUPR: 0.9658
New best model saved, F1: 0.9226, AUC: 0.9987, AUPR: 0.9658
Fold 1, Epoch: 83/1000, Batch: 854, Loss: 0.0009
Fold 1, Epoch 83/1000, Average Train Loss: 0.0017, LR: 0.000006
Fold 1, Epoch 83, Current decision threshold: 0.1172
Fold 1, Epoch 83/1000, Validation Loss: 0.0068, Accuracy: 0.9962
Fold 1, Epoch 83/1000, Precision: 0.9326, Recall: 0.9094, F1-Score: 0.9209, AUC: 0.9987, AUPR: 0.9656
No improvement, patience counter: 1/25
Fold 1, Epoch: 84/1000, Batch: 854, Loss: 0.0029
Fold 1, Epoch 84/1000, Average Train Loss: 0.0018, LR: 0.000006
Fold 1, Epoch 84, Current decision threshold: 0.1172
Fold 1, Epoch 84/1000, Validation Loss: 0.0069, Accuracy: 0.9962
Fold 1, Epoch 84/1000, Precision: 0.9332, Recall: 0.9069, F1-Score: 0.9199, AUC: 0.9987, AUPR: 0.9658
No improvement, patience counter: 2/25
Fold 1, Epoch: 85/1000, Batch: 854, Loss: 0.0006
Fold 1, Epoch 85/1000, Average Train Loss: 0.0018, LR: 0.000006
Epoch 85: Optimal threshold updated to = 0.0851
Fold 1, Epoch 85, Current decision threshold: 0.0851
Fold 1, Epoch 85/1000, Validation Loss: 0.0070, Accuracy: 0.9962
Fold 1, Epoch 85/1000, Precision: 0.9172, Recall: 0.9269, F1-Score: 0.9220, AUC: 0.9987, AUPR: 0.9655
No improvement, patience counter: 3/25
Fold 1, Epoch: 86/1000, Batch: 854, Loss: 0.0049
Fold 1, Epoch 86/1000, Average Train Loss: 0.0018, LR: 0.000006
Fold 1, Epoch 86, Current decision threshold: 0.0851
Fold 1, Epoch 86/1000, Validation Loss: 0.0068, Accuracy: 0.9961
Fold 1, Epoch 86/1000, Precision: 0.9128, Recall: 0.9269, F1-Score: 0.9198, AUC: 0.9987, AUPR: 0.9659
No improvement, patience counter: 4/25
Fold 1, Epoch: 87/1000, Batch: 854, Loss: 0.0017
Fold 1, Epoch 87/1000, Average Train Loss: 0.0017, LR: 0.000003
Fold 1, Epoch 87, Current decision threshold: 0.0851
Fold 1, Epoch 87/1000, Validation Loss: 0.0069, Accuracy: 0.9962
Fold 1, Epoch 87/1000, Precision: 0.9158, Recall: 0.9273, F1-Score: 0.9215, AUC: 0.9987, AUPR: 0.9658
No improvement, patience counter: 5/25
Fold 1, Epoch: 88/1000, Batch: 854, Loss: 0.0033
Fold 1, Epoch 88/1000, Average Train Loss: 0.0017, LR: 0.000003
Fold 1, Epoch 88, Current decision threshold: 0.0851
Fold 1, Epoch 88/1000, Validation Loss: 0.0068, Accuracy: 0.9961
Fold 1, Epoch 88/1000, Precision: 0.9140, Recall: 0.9286, F1-Score: 0.9212, AUC: 0.9987, AUPR: 0.9658
No improvement, patience counter: 6/25
Fold 1, Epoch: 89/1000, Batch: 854, Loss: 0.0014
Fold 1, Epoch 89/1000, Average Train Loss: 0.0018, LR: 0.000003
Fold 1, Epoch 89, Current decision threshold: 0.0851
Fold 1, Epoch 89/1000, Validation Loss: 0.0070, Accuracy: 0.9962
Fold 1, Epoch 89/1000, Precision: 0.9167, Recall: 0.9257, F1-Score: 0.9212, AUC: 0.9987, AUPR: 0.9658
No improvement, patience counter: 7/25
Fold 1, Epoch: 90/1000, Batch: 854, Loss: 0.0035
Fold 1, Epoch 90/1000, Average Train Loss: 0.0017, LR: 0.000003
Epoch 90: Optimal threshold updated to = 0.0831
Fold 1, Epoch 90, Current decision threshold: 0.0831
Fold 1, Epoch 90/1000, Validation Loss: 0.0069, Accuracy: 0.9962
Fold 1, Epoch 90/1000, Precision: 0.9166, Recall: 0.9282, F1-Score: 0.9223, AUC: 0.9987, AUPR: 0.9660
New best model saved, F1: 0.9223, AUC: 0.9987, AUPR: 0.9660
Fold 1, Epoch: 91/1000, Batch: 854, Loss: 0.0016
Fold 1, Epoch 91/1000, Average Train Loss: 0.0017, LR: 0.000002
Fold 1, Epoch 91, Current decision threshold: 0.0831
Fold 1, Epoch 91/1000, Validation Loss: 0.0067, Accuracy: 0.9961
Fold 1, Epoch 91/1000, Precision: 0.9104, Recall: 0.9294, F1-Score: 0.9198, AUC: 0.9987, AUPR: 0.9660
No improvement, patience counter: 1/25
Fold 1, Epoch: 92/1000, Batch: 854, Loss: 0.0038
Fold 1, Epoch 92/1000, Average Train Loss: 0.0017, LR: 0.000002
Fold 1, Epoch 92, Current decision threshold: 0.0831
Fold 1, Epoch 92/1000, Validation Loss: 0.0068, Accuracy: 0.9961
Fold 1, Epoch 92/1000, Precision: 0.9126, Recall: 0.9294, F1-Score: 0.9209, AUC: 0.9987, AUPR: 0.9659
No improvement, patience counter: 2/25
Fold 1, Epoch: 93/1000, Batch: 854, Loss: 0.0025
Fold 1, Epoch 93/1000, Average Train Loss: 0.0017, LR: 0.000002
Fold 1, Epoch 93, Current decision threshold: 0.0831
Fold 1, Epoch 93/1000, Validation Loss: 0.0068, Accuracy: 0.9961
Fold 1, Epoch 93/1000, Precision: 0.9116, Recall: 0.9298, F1-Score: 0.9206, AUC: 0.9987, AUPR: 0.9660
No improvement, patience counter: 3/25
Fold 1, Epoch: 94/1000, Batch: 854, Loss: 0.0219
Fold 1, Epoch 94/1000, Average Train Loss: 0.0017, LR: 0.000002
Fold 1, Epoch 94, Current decision threshold: 0.0831
Fold 1, Epoch 94/1000, Validation Loss: 0.0067, Accuracy: 0.9961
Fold 1, Epoch 94/1000, Precision: 0.9106, Recall: 0.9310, F1-Score: 0.9207, AUC: 0.9987, AUPR: 0.9661
No improvement, patience counter: 4/25
Fold 1, Epoch: 95/1000, Batch: 854, Loss: 0.0022
Fold 1, Epoch 95/1000, Average Train Loss: 0.0017, LR: 0.000001
Epoch 95: Optimal threshold updated to = 0.1037
Fold 1, Epoch 95, Current decision threshold: 0.1037
Fold 1, Epoch 95/1000, Validation Loss: 0.0067, Accuracy: 0.9962
Fold 1, Epoch 95/1000, Precision: 0.9259, Recall: 0.9184, F1-Score: 0.9221, AUC: 0.9987, AUPR: 0.9660
No improvement, patience counter: 5/25
Fold 1, Epoch: 96/1000, Batch: 854, Loss: 0.0004
Fold 1, Epoch 96/1000, Average Train Loss: 0.0017, LR: 0.000001
Fold 1, Epoch 96, Current decision threshold: 0.1037
Fold 1, Epoch 96/1000, Validation Loss: 0.0067, Accuracy: 0.9962
Fold 1, Epoch 96/1000, Precision: 0.9255, Recall: 0.9176, F1-Score: 0.9215, AUC: 0.9987, AUPR: 0.9660
No improvement, patience counter: 6/25
Fold 1, Epoch: 97/1000, Batch: 854, Loss: 0.0024
Fold 1, Epoch 97/1000, Average Train Loss: 0.0017, LR: 0.000001
Fold 1, Epoch 97, Current decision threshold: 0.1037
Fold 1, Epoch 97/1000, Validation Loss: 0.0067, Accuracy: 0.9962
Fold 1, Epoch 97/1000, Precision: 0.9254, Recall: 0.9167, F1-Score: 0.9211, AUC: 0.9987, AUPR: 0.9660
No improvement, patience counter: 7/25
Fold 1, Epoch: 98/1000, Batch: 854, Loss: 0.0013
Fold 1, Epoch 98/1000, Average Train Loss: 0.0017, LR: 0.000001
Fold 1, Epoch 98, Current decision threshold: 0.1037
Fold 1, Epoch 98/1000, Validation Loss: 0.0066, Accuracy: 0.9962
Fold 1, Epoch 98/1000, Precision: 0.9245, Recall: 0.9192, F1-Score: 0.9218, AUC: 0.9987, AUPR: 0.9660
No improvement, patience counter: 8/25
Fold 1, Epoch: 99/1000, Batch: 854, Loss: 0.0031
Fold 1, Epoch 99/1000, Average Train Loss: 0.0017, LR: 0.000000
Fold 1, Epoch 99, Current decision threshold: 0.1037
Fold 1, Epoch 99/1000, Validation Loss: 0.0067, Accuracy: 0.9962
Fold 1, Epoch 99/1000, Precision: 0.9249, Recall: 0.9196, F1-Score: 0.9222, AUC: 0.9987, AUPR: 0.9660
New best model saved, F1: 0.9222, AUC: 0.9987, AUPR: 0.9660
Fold 1, Epoch: 100/1000, Batch: 854, Loss: 0.0003
Fold 1, Epoch 100/1000, Average Train Loss: 0.0017, LR: 0.000000
Epoch 100: Optimal threshold updated to = 0.0988
Fold 1, Epoch 100, Current decision threshold: 0.0988
Fold 1, Epoch 100/1000, Validation Loss: 0.0067, Accuracy: 0.9962
Fold 1, Epoch 100/1000, Precision: 0.9242, Recall: 0.9208, F1-Score: 0.9225, AUC: 0.9987, AUPR: 0.9660
New best model saved, F1: 0.9225, AUC: 0.9987, AUPR: 0.9660
Fold 1, Epoch: 101/1000, Batch: 854, Loss: 0.0012
Fold 1, Epoch 101/1000, Average Train Loss: 0.0017, LR: 0.000000
Fold 1, Epoch 101, Current decision threshold: 0.0988
Fold 1, Epoch 101/1000, Validation Loss: 0.0067, Accuracy: 0.9962
Fold 1, Epoch 101/1000, Precision: 0.9235, Recall: 0.9208, F1-Score: 0.9221, AUC: 0.9987, AUPR: 0.9660
No improvement, patience counter: 1/25
Fold 1, Epoch: 102/1000, Batch: 854, Loss: 0.0003
Fold 1, Epoch 102/1000, Average Train Loss: 0.0017, LR: 0.000000
Fold 1, Epoch 102, Current decision threshold: 0.0988
Fold 1, Epoch 102/1000, Validation Loss: 0.0067, Accuracy: 0.9962
Fold 1, Epoch 102/1000, Precision: 0.9231, Recall: 0.9208, F1-Score: 0.9219, AUC: 0.9987, AUPR: 0.9661
No improvement, patience counter: 2/25
Fold 1, Epoch: 103/1000, Batch: 854, Loss: 0.0016
Fold 1, Epoch 103/1000, Average Train Loss: 0.0017, LR: 0.000000
Fold 1, Epoch 103, Current decision threshold: 0.0988
Fold 1, Epoch 103/1000, Validation Loss: 0.0067, Accuracy: 0.9962
Fold 1, Epoch 103/1000, Precision: 0.9235, Recall: 0.9212, F1-Score: 0.9224, AUC: 0.9987, AUPR: 0.9660
No improvement, patience counter: 3/25
Fold 1, Epoch: 104/1000, Batch: 854, Loss: 0.0022
Fold 1, Epoch 104/1000, Average Train Loss: 0.0017, LR: 0.000000
Fold 1, Epoch 104, Current decision threshold: 0.0988
Fold 1, Epoch 104/1000, Validation Loss: 0.0068, Accuracy: 0.9962
Fold 1, Epoch 104/1000, Precision: 0.9238, Recall: 0.9208, F1-Score: 0.9223, AUC: 0.9987, AUPR: 0.9660
No improvement, patience counter: 4/25
Fold 1, Epoch: 105/1000, Batch: 854, Loss: 0.0042
Fold 1, Epoch 105/1000, Average Train Loss: 0.0017, LR: 0.000000
Epoch 105: Optimal threshold updated to = 0.1001
Fold 1, Epoch 105, Current decision threshold: 0.1001
Fold 1, Epoch 105/1000, Validation Loss: 0.0068, Accuracy: 0.9962
Fold 1, Epoch 105/1000, Precision: 0.9242, Recall: 0.9208, F1-Score: 0.9225, AUC: 0.9987, AUPR: 0.9660
New best model saved, F1: 0.9225, AUC: 0.9987, AUPR: 0.9660
Fold 1, Epoch: 106/1000, Batch: 854, Loss: 0.0050
Fold 1, Epoch 106/1000, Average Train Loss: 0.0017, LR: 0.000000
Fold 1, Epoch 106, Current decision threshold: 0.1001
Fold 1, Epoch 106/1000, Validation Loss: 0.0068, Accuracy: 0.9962
Fold 1, Epoch 106/1000, Precision: 0.9242, Recall: 0.9208, F1-Score: 0.9225, AUC: 0.9987, AUPR: 0.9660
No improvement, patience counter: 1/25
Fold 1, Epoch: 107/1000, Batch: 854, Loss: 0.0013
Fold 1, Epoch 107/1000, Average Train Loss: 0.0017, LR: 0.000000
Fold 1, Epoch 107, Current decision threshold: 0.1001
Fold 1, Epoch 107/1000, Validation Loss: 0.0068, Accuracy: 0.9962
Fold 1, Epoch 107/1000, Precision: 0.9242, Recall: 0.9208, F1-Score: 0.9225, AUC: 0.9987, AUPR: 0.9660
No improvement, patience counter: 2/25
Fold 1, Epoch: 108/1000, Batch: 854, Loss: 0.0034
Fold 1, Epoch 108/1000, Average Train Loss: 0.0017, LR: 0.000000
Fold 1, Epoch 108, Current decision threshold: 0.1001
Fold 1, Epoch 108/1000, Validation Loss: 0.0068, Accuracy: 0.9962
Fold 1, Epoch 108/1000, Precision: 0.9242, Recall: 0.9208, F1-Score: 0.9225, AUC: 0.9987, AUPR: 0.9660
New best model saved, F1: 0.9225, AUC: 0.9987, AUPR: 0.9660
Fold 1, Epoch: 109/1000, Batch: 854, Loss: 0.0007
Fold 1, Epoch 109/1000, Average Train Loss: 0.0017, LR: 0.000000
Fold 1, Epoch 109, Current decision threshold: 0.1001
Fold 1, Epoch 109/1000, Validation Loss: 0.0068, Accuracy: 0.9962
Fold 1, Epoch 109/1000, Precision: 0.9242, Recall: 0.9208, F1-Score: 0.9225, AUC: 0.9987, AUPR: 0.9660
No improvement, patience counter: 1/25
Fold 1, Epoch: 110/1000, Batch: 854, Loss: 0.0009
Fold 1, Epoch 110/1000, Average Train Loss: 0.0017, LR: 0.000000
Epoch 110: Optimal threshold updated to = 0.0978
Fold 1, Epoch 110, Current decision threshold: 0.0978
Fold 1, Epoch 110/1000, Validation Loss: 0.0068, Accuracy: 0.9963
Fold 1, Epoch 110/1000, Precision: 0.9242, Recall: 0.9212, F1-Score: 0.9227, AUC: 0.9987, AUPR: 0.9660
New best model saved, F1: 0.9227, AUC: 0.9987, AUPR: 0.9660
Fold 1, Epoch: 111/1000, Batch: 854, Loss: 0.0008
Fold 1, Epoch 111/1000, Average Train Loss: 0.0017, LR: 0.000000
Fold 1, Epoch 111, Current decision threshold: 0.0978
Fold 1, Epoch 111/1000, Validation Loss: 0.0068, Accuracy: 0.9963
Fold 1, Epoch 111/1000, Precision: 0.9243, Recall: 0.9216, F1-Score: 0.9230, AUC: 0.9987, AUPR: 0.9660
New best model saved, F1: 0.9230, AUC: 0.9987, AUPR: 0.9660
Fold 1, Epoch: 112/1000, Batch: 854, Loss: 0.0032
Fold 1, Epoch 112/1000, Average Train Loss: 0.0017, LR: 0.000000
Fold 1, Epoch 112, Current decision threshold: 0.0978
Fold 1, Epoch 112/1000, Validation Loss: 0.0068, Accuracy: 0.9962
Fold 1, Epoch 112/1000, Precision: 0.9235, Recall: 0.9216, F1-Score: 0.9226, AUC: 0.9987, AUPR: 0.9660
No improvement, patience counter: 1/25
Fold 1, Epoch: 113/1000, Batch: 854, Loss: 0.0017
Fold 1, Epoch 113/1000, Average Train Loss: 0.0017, LR: 0.000000
Fold 1, Epoch 113, Current decision threshold: 0.0978
Fold 1, Epoch 113/1000, Validation Loss: 0.0068, Accuracy: 0.9962
Fold 1, Epoch 113/1000, Precision: 0.9235, Recall: 0.9216, F1-Score: 0.9226, AUC: 0.9987, AUPR: 0.9660
No improvement, patience counter: 2/25
Fold 1, Epoch: 114/1000, Batch: 854, Loss: 0.0054
Fold 1, Epoch 114/1000, Average Train Loss: 0.0017, LR: 0.000000
Fold 1, Epoch 114, Current decision threshold: 0.0978
Fold 1, Epoch 114/1000, Validation Loss: 0.0068, Accuracy: 0.9962
Fold 1, Epoch 114/1000, Precision: 0.9235, Recall: 0.9216, F1-Score: 0.9226, AUC: 0.9987, AUPR: 0.9660
No improvement, patience counter: 3/25
Fold 1, Epoch: 115/1000, Batch: 854, Loss: 0.0017
Fold 1, Epoch 115/1000, Average Train Loss: 0.0017, LR: 0.000000
Epoch 115: Optimal threshold updated to = 0.0978
Fold 1, Epoch 115, Current decision threshold: 0.0978
Fold 1, Epoch 115/1000, Validation Loss: 0.0067, Accuracy: 0.9962
Fold 1, Epoch 115/1000, Precision: 0.9235, Recall: 0.9216, F1-Score: 0.9226, AUC: 0.9987, AUPR: 0.9660
No improvement, patience counter: 4/25
Fold 1, Epoch: 116/1000, Batch: 854, Loss: 0.0022
Fold 1, Epoch 116/1000, Average Train Loss: 0.0016, LR: 0.000000
Fold 1, Epoch 116, Current decision threshold: 0.0978
Fold 1, Epoch 116/1000, Validation Loss: 0.0068, Accuracy: 0.9962
Fold 1, Epoch 116/1000, Precision: 0.9235, Recall: 0.9216, F1-Score: 0.9226, AUC: 0.9987, AUPR: 0.9660
No improvement, patience counter: 5/25
Fold 1, Epoch: 117/1000, Batch: 854, Loss: 0.0016
Fold 1, Epoch 117/1000, Average Train Loss: 0.0017, LR: 0.000000
Fold 1, Epoch 117, Current decision threshold: 0.0978
Fold 1, Epoch 117/1000, Validation Loss: 0.0068, Accuracy: 0.9962
Fold 1, Epoch 117/1000, Precision: 0.9235, Recall: 0.9216, F1-Score: 0.9226, AUC: 0.9987, AUPR: 0.9660
No improvement, patience counter: 6/25
Fold 1, Epoch: 118/1000, Batch: 854, Loss: 0.0005
Fold 1, Epoch 118/1000, Average Train Loss: 0.0017, LR: 0.000000
Fold 1, Epoch 118, Current decision threshold: 0.0978
Fold 1, Epoch 118/1000, Validation Loss: 0.0068, Accuracy: 0.9962
Fold 1, Epoch 118/1000, Precision: 0.9235, Recall: 0.9216, F1-Score: 0.9226, AUC: 0.9987, AUPR: 0.9660
No improvement, patience counter: 7/25
Fold 1, Epoch: 119/1000, Batch: 854, Loss: 0.0016
Fold 1, Epoch 119/1000, Average Train Loss: 0.0017, LR: 0.000000
Fold 1, Epoch 119, Current decision threshold: 0.0978
Fold 1, Epoch 119/1000, Validation Loss: 0.0068, Accuracy: 0.9962
Fold 1, Epoch 119/1000, Precision: 0.9235, Recall: 0.9216, F1-Score: 0.9226, AUC: 0.9987, AUPR: 0.9660
No improvement, patience counter: 8/25
Fold 1, Epoch: 120/1000, Batch: 854, Loss: 0.0018
Fold 1, Epoch 120/1000, Average Train Loss: 0.0017, LR: 0.000000
Epoch 120: Optimal threshold updated to = 0.0975
Fold 1, Epoch 120, Current decision threshold: 0.0975
Fold 1, Epoch 120/1000, Validation Loss: 0.0068, Accuracy: 0.9962
Fold 1, Epoch 120/1000, Precision: 0.9235, Recall: 0.9216, F1-Score: 0.9226, AUC: 0.9987, AUPR: 0.9660
No improvement, patience counter: 9/25
Fold 1, Epoch: 121/1000, Batch: 854, Loss: 0.0012
Fold 1, Epoch 121/1000, Average Train Loss: 0.0017, LR: 0.000000
Fold 1, Epoch 121, Current decision threshold: 0.0975
Fold 1, Epoch 121/1000, Validation Loss: 0.0068, Accuracy: 0.9963
Fold 1, Epoch 121/1000, Precision: 0.9235, Recall: 0.9220, F1-Score: 0.9228, AUC: 0.9987, AUPR: 0.9660
No improvement, patience counter: 10/25
Fold 1, Epoch: 122/1000, Batch: 854, Loss: 0.0022
Fold 1, Epoch 122/1000, Average Train Loss: 0.0017, LR: 0.000000
Fold 1, Epoch 122, Current decision threshold: 0.0975
Fold 1, Epoch 122/1000, Validation Loss: 0.0068, Accuracy: 0.9963
Fold 1, Epoch 122/1000, Precision: 0.9235, Recall: 0.9220, F1-Score: 0.9228, AUC: 0.9987, AUPR: 0.9660
No improvement, patience counter: 11/25
Fold 1, Epoch: 123/1000, Batch: 854, Loss: 0.0026
Fold 1, Epoch 123/1000, Average Train Loss: 0.0017, LR: 0.000000
Fold 1, Epoch 123, Current decision threshold: 0.0975
Fold 1, Epoch 123/1000, Validation Loss: 0.0068, Accuracy: 0.9963
Fold 1, Epoch 123/1000, Precision: 0.9235, Recall: 0.9220, F1-Score: 0.9228, AUC: 0.9987, AUPR: 0.9660
No improvement, patience counter: 12/25
Fold 1, Epoch: 124/1000, Batch: 854, Loss: 0.0031
Fold 1, Epoch 124/1000, Average Train Loss: 0.0017, LR: 0.000000
Fold 1, Epoch 124, Current decision threshold: 0.0975
Fold 1, Epoch 124/1000, Validation Loss: 0.0068, Accuracy: 0.9963
Fold 1, Epoch 124/1000, Precision: 0.9235, Recall: 0.9220, F1-Score: 0.9228, AUC: 0.9987, AUPR: 0.9660
No improvement, patience counter: 13/25
Fold 1, Epoch: 125/1000, Batch: 854, Loss: 0.0025
Fold 1, Epoch 125/1000, Average Train Loss: 0.0017, LR: 0.000000
Epoch 125: Optimal threshold updated to = 0.0976
Fold 1, Epoch 125, Current decision threshold: 0.0976
Fold 1, Epoch 125/1000, Validation Loss: 0.0068, Accuracy: 0.9962
Fold 1, Epoch 125/1000, Precision: 0.9235, Recall: 0.9216, F1-Score: 0.9226, AUC: 0.9987, AUPR: 0.9660
No improvement, patience counter: 14/25
Fold 1, Epoch: 126/1000, Batch: 854, Loss: 0.0024
Fold 1, Epoch 126/1000, Average Train Loss: 0.0017, LR: 0.000000
Fold 1, Epoch 126, Current decision threshold: 0.0976
Fold 1, Epoch 126/1000, Validation Loss: 0.0068, Accuracy: 0.9962
Fold 1, Epoch 126/1000, Precision: 0.9235, Recall: 0.9216, F1-Score: 0.9226, AUC: 0.9987, AUPR: 0.9660
No improvement, patience counter: 15/25
Fold 1, Epoch: 127/1000, Batch: 854, Loss: 0.0020
Fold 1, Epoch 127/1000, Average Train Loss: 0.0017, LR: 0.000000
Fold 1, Epoch 127, Current decision threshold: 0.0976
Fold 1, Epoch 127/1000, Validation Loss: 0.0068, Accuracy: 0.9963
Fold 1, Epoch 127/1000, Precision: 0.9235, Recall: 0.9220, F1-Score: 0.9228, AUC: 0.9987, AUPR: 0.9660
No improvement, patience counter: 16/25
Fold 1, Epoch: 128/1000, Batch: 854, Loss: 0.0013
Fold 1, Epoch 128/1000, Average Train Loss: 0.0017, LR: 0.000000
Fold 1, Epoch 128, Current decision threshold: 0.0976
Fold 1, Epoch 128/1000, Validation Loss: 0.0068, Accuracy: 0.9963
Fold 1, Epoch 128/1000, Precision: 0.9235, Recall: 0.9220, F1-Score: 0.9228, AUC: 0.9987, AUPR: 0.9660
No improvement, patience counter: 17/25
Fold 1, Epoch: 129/1000, Batch: 854, Loss: 0.0088
Fold 1, Epoch 129/1000, Average Train Loss: 0.0017, LR: 0.000000
Fold 1, Epoch 129, Current decision threshold: 0.0976
Fold 1, Epoch 129/1000, Validation Loss: 0.0068, Accuracy: 0.9963
Fold 1, Epoch 129/1000, Precision: 0.9235, Recall: 0.9220, F1-Score: 0.9228, AUC: 0.9987, AUPR: 0.9660
No improvement, patience counter: 18/25
Fold 1, Epoch: 130/1000, Batch: 854, Loss: 0.0025
Fold 1, Epoch 130/1000, Average Train Loss: 0.0016, LR: 0.000000
Epoch 130: Optimal threshold updated to = 0.0978
Fold 1, Epoch 130, Current decision threshold: 0.0978
Fold 1, Epoch 130/1000, Validation Loss: 0.0068, Accuracy: 0.9962
Fold 1, Epoch 130/1000, Precision: 0.9235, Recall: 0.9216, F1-Score: 0.9226, AUC: 0.9987, AUPR: 0.9660
No improvement, patience counter: 19/25
Fold 1, Epoch: 131/1000, Batch: 854, Loss: 0.0005
Fold 1, Epoch 131/1000, Average Train Loss: 0.0017, LR: 0.000000
Fold 1, Epoch 131, Current decision threshold: 0.0978
Fold 1, Epoch 131/1000, Validation Loss: 0.0068, Accuracy: 0.9963
Fold 1, Epoch 131/1000, Precision: 0.9235, Recall: 0.9220, F1-Score: 0.9228, AUC: 0.9987, AUPR: 0.9660
No improvement, patience counter: 20/25
Fold 1, Epoch: 132/1000, Batch: 854, Loss: 0.0011
Fold 1, Epoch 132/1000, Average Train Loss: 0.0017, LR: 0.000000
Fold 1, Epoch 132, Current decision threshold: 0.0978
Fold 1, Epoch 132/1000, Validation Loss: 0.0068, Accuracy: 0.9962
Fold 1, Epoch 132/1000, Precision: 0.9235, Recall: 0.9212, F1-Score: 0.9224, AUC: 0.9987, AUPR: 0.9660
No improvement, patience counter: 21/25
Fold 1, Epoch: 133/1000, Batch: 854, Loss: 0.0032
Fold 1, Epoch 133/1000, Average Train Loss: 0.0017, LR: 0.000000
Fold 1, Epoch 133, Current decision threshold: 0.0978
Fold 1, Epoch 133/1000, Validation Loss: 0.0068, Accuracy: 0.9962
Fold 1, Epoch 133/1000, Precision: 0.9235, Recall: 0.9216, F1-Score: 0.9226, AUC: 0.9987, AUPR: 0.9660
No improvement, patience counter: 22/25
Fold 1, Epoch: 134/1000, Batch: 854, Loss: 0.0037
Fold 1, Epoch 134/1000, Average Train Loss: 0.0017, LR: 0.000000
Fold 1, Epoch 134, Current decision threshold: 0.0978
Fold 1, Epoch 134/1000, Validation Loss: 0.0068, Accuracy: 0.9962
Fold 1, Epoch 134/1000, Precision: 0.9235, Recall: 0.9212, F1-Score: 0.9224, AUC: 0.9987, AUPR: 0.9660
No improvement, patience counter: 23/25
Fold 1, Epoch: 135/1000, Batch: 854, Loss: 0.0016
Fold 1, Epoch 135/1000, Average Train Loss: 0.0017, LR: 0.000000
Epoch 135: Optimal threshold updated to = 0.0976
Fold 1, Epoch 135, Current decision threshold: 0.0976
Fold 1, Epoch 135/1000, Validation Loss: 0.0068, Accuracy: 0.9962
Fold 1, Epoch 135/1000, Precision: 0.9235, Recall: 0.9216, F1-Score: 0.9226, AUC: 0.9987, AUPR: 0.9660
No improvement, patience counter: 24/25
Fold 1, Epoch: 136/1000, Batch: 854, Loss: 0.0037
Fold 1, Epoch 136/1000, Average Train Loss: 0.0017, LR: 0.000000
Fold 1, Epoch 136, Current decision threshold: 0.0976
Fold 1, Epoch 136/1000, Validation Loss: 0.0068, Accuracy: 0.9963
Fold 1, Epoch 136/1000, Precision: 0.9235, Recall: 0.9220, F1-Score: 0.9228, AUC: 0.9987, AUPR: 0.9660
No improvement, patience counter: 25/25
Early stopping at epoch 136
Restored best model, F1: 0.9230, AUC: 0.9987, AUPR: 0.9660
Round 5, Fold 1 best model and threshold 0.0976 saved to D:\SPAN\models\span_round_5_fold_1.pkl
Completed fold 1 in 5-folds, Validation Loss: 0.0068, Accuracy: 0.9963
Completed fold 1 in 5-folds, Precision: 0.9243, Recall: 0.9216, F1-Score: 0.9230, AUC: 0.9987, AUPR: 0.9660
Fold 1 test Finished! - 2026-04-05 23:11:07
======================================================================
Final Results Summary
----------------------------------------------------------------------
AUC         AUPR        Acc         F1          Pre         Recall      
0.9987      0.9660      0.9963      0.9230      0.9243      0.9216      
======================================================================
