Logging for round 4, fold 2 configured to file: D:\SPAN\logs\fafa-round_4-fold_2.log - 2026-04-05 12:11:50
========== Round 4 - Fold 2 Training ==========
current_sys_path: D:\SPAN
device = cuda
Global seed initialized to 42 for reproducibility
Using GPU: NVIDIA GeForce RTX 3060 Laptop GPU
Starting fold 2 in 5-folds
Training data - Positive samples: tensor([45062.]), Negative samples: tensor([392091.])
Fold 2, Epoch: 1/1000, Batch: 854, Loss: 0.0236
Fold 2, Epoch 1/1000, Average Train Loss: 0.0310, LR: 0.000200
Fold 2, Epoch 1, Current decision threshold: 0.2000
Fold 2, Epoch 1/1000, Validation Loss: 0.0134, Accuracy: 0.6859
Fold 2, Epoch 1/1000, Precision: 0.0755, Recall: 0.9996, F1-Score: 0.1403, AUC: 0.9622, AUPR: 0.3582
New best model saved, F1: 0.1403, AUC: 0.9622, AUPR: 0.3582
Fold 2, Epoch: 2/1000, Batch: 854, Loss: 0.0153
Fold 2, Epoch 2/1000, Average Train Loss: 0.0172, LR: 0.000200
Fold 2, Epoch 2, Current decision threshold: 0.2000
Fold 2, Epoch 2/1000, Validation Loss: 0.0096, Accuracy: 0.9716
Fold 2, Epoch 2/1000, Precision: 0.4671, Recall: 0.7726, F1-Score: 0.5823, AUC: 0.9837, AUPR: 0.5516
New best model saved, F1: 0.5823, AUC: 0.9837, AUPR: 0.5516
Fold 2, Epoch: 3/1000, Batch: 854, Loss: 0.0131
Fold 2, Epoch 3/1000, Average Train Loss: 0.0130, LR: 0.000200
Fold 2, Epoch 3, Current decision threshold: 0.2000
Fold 2, Epoch 3/1000, Validation Loss: 0.0080, Accuracy: 0.9803
Fold 2, Epoch 3/1000, Precision: 0.5805, Recall: 0.8314, F1-Score: 0.6836, AUC: 0.9912, AUPR: 0.6967
New best model saved, F1: 0.6836, AUC: 0.9912, AUPR: 0.6967
Fold 2, Epoch: 4/1000, Batch: 854, Loss: 0.0109
Fold 2, Epoch 4/1000, Average Train Loss: 0.0112, LR: 0.000200
Fold 2, Epoch 4, Current decision threshold: 0.2000
Fold 2, Epoch 4/1000, Validation Loss: 0.0092, Accuracy: 0.9856
Fold 2, Epoch 4/1000, Precision: 0.7008, Recall: 0.7680, F1-Score: 0.7328, AUC: 0.9933, AUPR: 0.7519
New best model saved, F1: 0.7328, AUC: 0.9933, AUPR: 0.7519
Fold 2, Epoch: 5/1000, Batch: 854, Loss: 0.0078
Fold 2, Epoch 5/1000, Average Train Loss: 0.0102, LR: 0.000200
Epoch 5: Optimal threshold updated to = 0.1962
Fold 2, Epoch 5, Current decision threshold: 0.1962
Fold 2, Epoch 5/1000, Validation Loss: 0.0074, Accuracy: 0.9870
Fold 2, Epoch 5/1000, Precision: 0.7006, Recall: 0.8623, F1-Score: 0.7731, AUC: 0.9947, AUPR: 0.7912
New best model saved, F1: 0.7731, AUC: 0.9947, AUPR: 0.7912
Fold 2, Epoch: 6/1000, Batch: 854, Loss: 0.0057
Fold 2, Epoch 6/1000, Average Train Loss: 0.0093, LR: 0.000200
Fold 2, Epoch 6, Current decision threshold: 0.1962
Fold 2, Epoch 6/1000, Validation Loss: 0.0071, Accuracy: 0.9897
Fold 2, Epoch 6/1000, Precision: 0.7583, Recall: 0.8782, F1-Score: 0.8138, AUC: 0.9959, AUPR: 0.8345
New best model saved, F1: 0.8138, AUC: 0.9959, AUPR: 0.8345
Fold 2, Epoch: 7/1000, Batch: 854, Loss: 0.0069
Fold 2, Epoch 7/1000, Average Train Loss: 0.0087, LR: 0.000200
Fold 2, Epoch 7, Current decision threshold: 0.1962
Fold 2, Epoch 7/1000, Validation Loss: 0.0096, Accuracy: 0.9895
Fold 2, Epoch 7/1000, Precision: 0.8178, Recall: 0.7618, F1-Score: 0.7888, AUC: 0.9960, AUPR: 0.8425
New best model saved, F1: 0.7888, AUC: 0.9960, AUPR: 0.8425
Fold 2, Epoch: 8/1000, Batch: 854, Loss: 0.0057
Fold 2, Epoch 8/1000, Average Train Loss: 0.0082, LR: 0.000200
Fold 2, Epoch 8, Current decision threshold: 0.1962
Fold 2, Epoch 8/1000, Validation Loss: 0.0076, Accuracy: 0.9903
Fold 2, Epoch 8/1000, Precision: 0.7890, Recall: 0.8461, F1-Score: 0.8166, AUC: 0.9960, AUPR: 0.8471
New best model saved, F1: 0.8166, AUC: 0.9960, AUPR: 0.8471
Fold 2, Epoch: 9/1000, Batch: 854, Loss: 0.0067
Fold 2, Epoch 9/1000, Average Train Loss: 0.0077, LR: 0.000200
Fold 2, Epoch 9, Current decision threshold: 0.1962
Fold 2, Epoch 9/1000, Validation Loss: 0.0083, Accuracy: 0.9907
Fold 2, Epoch 9/1000, Precision: 0.8221, Recall: 0.8148, F1-Score: 0.8184, AUC: 0.9965, AUPR: 0.8591
New best model saved, F1: 0.8184, AUC: 0.9965, AUPR: 0.8591
Fold 2, Epoch: 10/1000, Batch: 854, Loss: 0.0085
Fold 2, Epoch 10/1000, Average Train Loss: 0.0073, LR: 0.000200
Epoch 10: Optimal threshold updated to = 0.1561
Fold 2, Epoch 10, Current decision threshold: 0.1561
Fold 2, Epoch 10/1000, Validation Loss: 0.0081, Accuracy: 0.9917
Fold 2, Epoch 10/1000, Precision: 0.8160, Recall: 0.8743, F1-Score: 0.8441, AUC: 0.9970, AUPR: 0.8810
New best model saved, F1: 0.8441, AUC: 0.9970, AUPR: 0.8810
Fold 2, Epoch: 11/1000, Batch: 854, Loss: 0.0064
Fold 2, Epoch 11/1000, Average Train Loss: 0.0069, LR: 0.000200
Fold 2, Epoch 11, Current decision threshold: 0.1561
Fold 2, Epoch 11/1000, Validation Loss: 0.0090, Accuracy: 0.9923
Fold 2, Epoch 11/1000, Precision: 0.8484, Recall: 0.8503, F1-Score: 0.8494, AUC: 0.9971, AUPR: 0.8861
New best model saved, F1: 0.8494, AUC: 0.9971, AUPR: 0.8861
Fold 2, Epoch: 12/1000, Batch: 854, Loss: 0.0067
Fold 2, Epoch 12/1000, Average Train Loss: 0.0067, LR: 0.000200
Fold 2, Epoch 12, Current decision threshold: 0.1561
Fold 2, Epoch 12/1000, Validation Loss: 0.0084, Accuracy: 0.9919
Fold 2, Epoch 12/1000, Precision: 0.8290, Recall: 0.8604, F1-Score: 0.8444, AUC: 0.9970, AUPR: 0.8842
No improvement, patience counter: 1/25
Fold 2, Epoch: 13/1000, Batch: 854, Loss: 0.0042
Fold 2, Epoch 13/1000, Average Train Loss: 0.0063, LR: 0.000200
Fold 2, Epoch 13, Current decision threshold: 0.1561
Fold 2, Epoch 13/1000, Validation Loss: 0.0084, Accuracy: 0.9927
Fold 2, Epoch 13/1000, Precision: 0.8509, Recall: 0.8670, F1-Score: 0.8588, AUC: 0.9974, AUPR: 0.8976
New best model saved, F1: 0.8588, AUC: 0.9974, AUPR: 0.8976
Fold 2, Epoch: 14/1000, Batch: 854, Loss: 0.0078
Fold 2, Epoch 14/1000, Average Train Loss: 0.0061, LR: 0.000200
Fold 2, Epoch 14, Current decision threshold: 0.1561
Fold 2, Epoch 14/1000, Validation Loss: 0.0076, Accuracy: 0.9927
Fold 2, Epoch 14/1000, Precision: 0.8412, Recall: 0.8809, F1-Score: 0.8606, AUC: 0.9974, AUPR: 0.8997
New best model saved, F1: 0.8606, AUC: 0.9974, AUPR: 0.8997
Fold 2, Epoch: 15/1000, Batch: 854, Loss: 0.0046
Fold 2, Epoch 15/1000, Average Train Loss: 0.0059, LR: 0.000200
Epoch 15: Optimal threshold updated to = 0.1319
Fold 2, Epoch 15, Current decision threshold: 0.1319
Fold 2, Epoch 15/1000, Validation Loss: 0.0089, Accuracy: 0.9930
Fold 2, Epoch 15/1000, Precision: 0.8554, Recall: 0.8759, F1-Score: 0.8655, AUC: 0.9976, AUPR: 0.9012
New best model saved, F1: 0.8655, AUC: 0.9976, AUPR: 0.9012
Fold 2, Epoch: 16/1000, Batch: 854, Loss: 0.0050
Fold 2, Epoch 16/1000, Average Train Loss: 0.0058, LR: 0.000200
Fold 2, Epoch 16, Current decision threshold: 0.1319
Fold 2, Epoch 16/1000, Validation Loss: 0.0086, Accuracy: 0.9931
Fold 2, Epoch 16/1000, Precision: 0.8587, Recall: 0.8763, F1-Score: 0.8674, AUC: 0.9976, AUPR: 0.9065
New best model saved, F1: 0.8674, AUC: 0.9976, AUPR: 0.9065
Fold 2, Epoch: 17/1000, Batch: 854, Loss: 0.0058
Fold 2, Epoch 17/1000, Average Train Loss: 0.0056, LR: 0.000200
Fold 2, Epoch 17, Current decision threshold: 0.1319
Fold 2, Epoch 17/1000, Validation Loss: 0.0083, Accuracy: 0.9935
Fold 2, Epoch 17/1000, Precision: 0.8663, Recall: 0.8844, F1-Score: 0.8752, AUC: 0.9978, AUPR: 0.9176
New best model saved, F1: 0.8752, AUC: 0.9978, AUPR: 0.9176
Fold 2, Epoch: 18/1000, Batch: 854, Loss: 0.0076
Fold 2, Epoch 18/1000, Average Train Loss: 0.0054, LR: 0.000200
Fold 2, Epoch 18, Current decision threshold: 0.1319
Fold 2, Epoch 18/1000, Validation Loss: 0.0089, Accuracy: 0.9931
Fold 2, Epoch 18/1000, Precision: 0.8659, Recall: 0.8666, F1-Score: 0.8663, AUC: 0.9977, AUPR: 0.9135
No improvement, patience counter: 1/25
Fold 2, Epoch: 19/1000, Batch: 854, Loss: 0.0055
Fold 2, Epoch 19/1000, Average Train Loss: 0.0054, LR: 0.000200
Fold 2, Epoch 19, Current decision threshold: 0.1319
Fold 2, Epoch 19/1000, Validation Loss: 0.0102, Accuracy: 0.9931
Fold 2, Epoch 19/1000, Precision: 0.8899, Recall: 0.8345, F1-Score: 0.8613, AUC: 0.9978, AUPR: 0.9178
No improvement, patience counter: 2/25
Fold 2, Epoch: 20/1000, Batch: 854, Loss: 0.0059
Fold 2, Epoch 20/1000, Average Train Loss: 0.0051, LR: 0.000200
Epoch 20: Optimal threshold updated to = 0.1245
Fold 2, Epoch 20, Current decision threshold: 0.1245
Fold 2, Epoch 20/1000, Validation Loss: 0.0081, Accuracy: 0.9937
Fold 2, Epoch 20/1000, Precision: 0.8654, Recall: 0.8925, F1-Score: 0.8787, AUC: 0.9980, AUPR: 0.9244
New best model saved, F1: 0.8787, AUC: 0.9980, AUPR: 0.9244
Fold 2, Epoch: 21/1000, Batch: 854, Loss: 0.0080
Fold 2, Epoch 21/1000, Average Train Loss: 0.0049, LR: 0.000200
Fold 2, Epoch 21, Current decision threshold: 0.1245
Fold 2, Epoch 21/1000, Validation Loss: 0.0078, Accuracy: 0.9941
Fold 2, Epoch 21/1000, Precision: 0.8755, Recall: 0.8975, F1-Score: 0.8864, AUC: 0.9981, AUPR: 0.9304
New best model saved, F1: 0.8864, AUC: 0.9981, AUPR: 0.9304
Fold 2, Epoch: 22/1000, Batch: 854, Loss: 0.0064
Fold 2, Epoch 22/1000, Average Train Loss: 0.0049, LR: 0.000200
Fold 2, Epoch 22, Current decision threshold: 0.1245
Fold 2, Epoch 22/1000, Validation Loss: 0.0096, Accuracy: 0.9939
Fold 2, Epoch 22/1000, Precision: 0.8989, Recall: 0.8565, F1-Score: 0.8772, AUC: 0.9982, AUPR: 0.9319
No improvement, patience counter: 1/25
Fold 2, Epoch: 23/1000, Batch: 854, Loss: 0.0072
Fold 2, Epoch 23/1000, Average Train Loss: 0.0048, LR: 0.000200
Fold 2, Epoch 23, Current decision threshold: 0.1245
Fold 2, Epoch 23/1000, Validation Loss: 0.0079, Accuracy: 0.9937
Fold 2, Epoch 23/1000, Precision: 0.8644, Recall: 0.8948, F1-Score: 0.8793, AUC: 0.9979, AUPR: 0.9277
No improvement, patience counter: 2/25
Fold 2, Epoch: 24/1000, Batch: 854, Loss: 0.0048
Fold 2, Epoch 24/1000, Average Train Loss: 0.0047, LR: 0.000200
Fold 2, Epoch 24, Current decision threshold: 0.1245
Fold 2, Epoch 24/1000, Validation Loss: 0.0080, Accuracy: 0.9938
Fold 2, Epoch 24/1000, Precision: 0.8703, Recall: 0.8902, F1-Score: 0.8801, AUC: 0.9980, AUPR: 0.9280
No improvement, patience counter: 3/25
Fold 2, Epoch: 25/1000, Batch: 854, Loss: 0.0070
Fold 2, Epoch 25/1000, Average Train Loss: 0.0045, LR: 0.000200
Epoch 25: Optimal threshold updated to = 0.0944
Fold 2, Epoch 25, Current decision threshold: 0.0944
Fold 2, Epoch 25/1000, Validation Loss: 0.0094, Accuracy: 0.9944
Fold 2, Epoch 25/1000, Precision: 0.8851, Recall: 0.8995, F1-Score: 0.8922, AUC: 0.9981, AUPR: 0.9355
New best model saved, F1: 0.8922, AUC: 0.9981, AUPR: 0.9355
Fold 2, Epoch: 26/1000, Batch: 854, Loss: 0.0059
Fold 2, Epoch 26/1000, Average Train Loss: 0.0045, LR: 0.000200
Fold 2, Epoch 26, Current decision threshold: 0.0944
Fold 2, Epoch 26/1000, Validation Loss: 0.0066, Accuracy: 0.9930
Fold 2, Epoch 26/1000, Precision: 0.8172, Recall: 0.9389, F1-Score: 0.8739, AUC: 0.9982, AUPR: 0.9340
No improvement, patience counter: 1/25
Fold 2, Epoch: 27/1000, Batch: 854, Loss: 0.0044
Fold 2, Epoch 27/1000, Average Train Loss: 0.0044, LR: 0.000200
Fold 2, Epoch 27, Current decision threshold: 0.0944
Fold 2, Epoch 27/1000, Validation Loss: 0.0066, Accuracy: 0.9932
Fold 2, Epoch 27/1000, Precision: 0.8200, Recall: 0.9404, F1-Score: 0.8761, AUC: 0.9982, AUPR: 0.9367
No improvement, patience counter: 2/25
Fold 2, Epoch: 28/1000, Batch: 854, Loss: 0.0051
Fold 2, Epoch 28/1000, Average Train Loss: 0.0043, LR: 0.000200
Fold 2, Epoch 28, Current decision threshold: 0.0944
Fold 2, Epoch 28/1000, Validation Loss: 0.0072, Accuracy: 0.9933
Fold 2, Epoch 28/1000, Precision: 0.8332, Recall: 0.9250, F1-Score: 0.8767, AUC: 0.9980, AUPR: 0.9331
No improvement, patience counter: 3/25
Fold 2, Epoch: 29/1000, Batch: 854, Loss: 0.0041
Fold 2, Epoch 29/1000, Average Train Loss: 0.0042, LR: 0.000200
Fold 2, Epoch 29, Current decision threshold: 0.0944
Fold 2, Epoch 29/1000, Validation Loss: 0.0073, Accuracy: 0.9939
Fold 2, Epoch 29/1000, Precision: 0.8484, Recall: 0.9304, F1-Score: 0.8875, AUC: 0.9981, AUPR: 0.9370
New best model saved, F1: 0.8875, AUC: 0.9981, AUPR: 0.9370
Fold 2, Epoch: 30/1000, Batch: 854, Loss: 0.0027
Fold 2, Epoch 30/1000, Average Train Loss: 0.0041, LR: 0.000200
Epoch 30: Optimal threshold updated to = 0.1354
Fold 2, Epoch 30, Current decision threshold: 0.1354
Fold 2, Epoch 30/1000, Validation Loss: 0.0072, Accuracy: 0.9947
Fold 2, Epoch 30/1000, Precision: 0.8926, Recall: 0.9029, F1-Score: 0.8977, AUC: 0.9982, AUPR: 0.9405
New best model saved, F1: 0.8977, AUC: 0.9982, AUPR: 0.9405
Fold 2, Epoch: 31/1000, Batch: 854, Loss: 0.0060
Fold 2, Epoch 31/1000, Average Train Loss: 0.0041, LR: 0.000200
Fold 2, Epoch 31, Current decision threshold: 0.1354
Fold 2, Epoch 31/1000, Validation Loss: 0.0087, Accuracy: 0.9944
Fold 2, Epoch 31/1000, Precision: 0.9134, Recall: 0.8647, F1-Score: 0.8884, AUC: 0.9983, AUPR: 0.9433
New best model saved, F1: 0.8884, AUC: 0.9983, AUPR: 0.9433
Fold 2, Epoch: 32/1000, Batch: 854, Loss: 0.0058
Fold 2, Epoch 32/1000, Average Train Loss: 0.0040, LR: 0.000200
Fold 2, Epoch 32, Current decision threshold: 0.1354
Fold 2, Epoch 32/1000, Validation Loss: 0.0082, Accuracy: 0.9944
Fold 2, Epoch 32/1000, Precision: 0.9036, Recall: 0.8770, F1-Score: 0.8901, AUC: 0.9982, AUPR: 0.9399
No improvement, patience counter: 1/25
Fold 2, Epoch: 33/1000, Batch: 854, Loss: 0.0054
Fold 2, Epoch 33/1000, Average Train Loss: 0.0039, LR: 0.000200
Fold 2, Epoch 33, Current decision threshold: 0.1354
Fold 2, Epoch 33/1000, Validation Loss: 0.0094, Accuracy: 0.9941
Fold 2, Epoch 33/1000, Precision: 0.9152, Recall: 0.8473, F1-Score: 0.8799, AUC: 0.9982, AUPR: 0.9415
No improvement, patience counter: 2/25
Fold 2, Epoch: 34/1000, Batch: 854, Loss: 0.0041
Fold 2, Epoch 34/1000, Average Train Loss: 0.0039, LR: 0.000200
Fold 2, Epoch 34, Current decision threshold: 0.1354
Fold 2, Epoch 34/1000, Validation Loss: 0.0070, Accuracy: 0.9943
Fold 2, Epoch 34/1000, Precision: 0.8751, Recall: 0.9053, F1-Score: 0.8899, AUC: 0.9981, AUPR: 0.9405
No improvement, patience counter: 3/25
Fold 2, Epoch: 35/1000, Batch: 854, Loss: 0.0053
Fold 2, Epoch 35/1000, Average Train Loss: 0.0038, LR: 0.000200
Epoch 35: Optimal threshold updated to = 0.1064
Fold 2, Epoch 35, Current decision threshold: 0.1064
Fold 2, Epoch 35/1000, Validation Loss: 0.0084, Accuracy: 0.9947
Fold 2, Epoch 35/1000, Precision: 0.8922, Recall: 0.9022, F1-Score: 0.8971, AUC: 0.9983, AUPR: 0.9424
New best model saved, F1: 0.8971, AUC: 0.9983, AUPR: 0.9424
Fold 2, Epoch: 36/1000, Batch: 854, Loss: 0.0030
Fold 2, Epoch 36/1000, Average Train Loss: 0.0038, LR: 0.000200
Fold 2, Epoch 36, Current decision threshold: 0.1064
Fold 2, Epoch 36/1000, Validation Loss: 0.0090, Accuracy: 0.9944
Fold 2, Epoch 36/1000, Precision: 0.8917, Recall: 0.8886, F1-Score: 0.8902, AUC: 0.9982, AUPR: 0.9405
No improvement, patience counter: 1/25
Fold 2, Epoch: 37/1000, Batch: 854, Loss: 0.0036
Fold 2, Epoch 37/1000, Average Train Loss: 0.0037, LR: 0.000200
Fold 2, Epoch 37, Current decision threshold: 0.1064
Fold 2, Epoch 37/1000, Validation Loss: 0.0071, Accuracy: 0.9948
Fold 2, Epoch 37/1000, Precision: 0.8783, Recall: 0.9238, F1-Score: 0.9005, AUC: 0.9982, AUPR: 0.9440
New best model saved, F1: 0.9005, AUC: 0.9982, AUPR: 0.9440
Fold 2, Epoch: 38/1000, Batch: 854, Loss: 0.0015
Fold 2, Epoch 38/1000, Average Train Loss: 0.0036, LR: 0.000200
Fold 2, Epoch 38, Current decision threshold: 0.1064
Fold 2, Epoch 38/1000, Validation Loss: 0.0100, Accuracy: 0.9944
Fold 2, Epoch 38/1000, Precision: 0.9075, Recall: 0.8689, F1-Score: 0.8878, AUC: 0.9983, AUPR: 0.9449
No improvement, patience counter: 1/25
Fold 2, Epoch: 39/1000, Batch: 854, Loss: 0.0035
Fold 2, Epoch 39/1000, Average Train Loss: 0.0036, LR: 0.000200
Fold 2, Epoch 39, Current decision threshold: 0.1064
Fold 2, Epoch 39/1000, Validation Loss: 0.0087, Accuracy: 0.9950
Fold 2, Epoch 39/1000, Precision: 0.9082, Recall: 0.8956, F1-Score: 0.9019, AUC: 0.9984, AUPR: 0.9461
New best model saved, F1: 0.9019, AUC: 0.9984, AUPR: 0.9461
Fold 2, Epoch: 40/1000, Batch: 854, Loss: 0.0033
Fold 2, Epoch 40/1000, Average Train Loss: 0.0035, LR: 0.000200
Epoch 40: Optimal threshold updated to = 0.1247
Fold 2, Epoch 40, Current decision threshold: 0.1247
Fold 2, Epoch 40/1000, Validation Loss: 0.0069, Accuracy: 0.9952
Fold 2, Epoch 40/1000, Precision: 0.9018, Recall: 0.9126, F1-Score: 0.9072, AUC: 0.9985, AUPR: 0.9487
New best model saved, F1: 0.9072, AUC: 0.9985, AUPR: 0.9487
Fold 2, Epoch: 41/1000, Batch: 854, Loss: 0.0022
Fold 2, Epoch 41/1000, Average Train Loss: 0.0034, LR: 0.000200
Fold 2, Epoch 41, Current decision threshold: 0.1247
Fold 2, Epoch 41/1000, Validation Loss: 0.0069, Accuracy: 0.9947
Fold 2, Epoch 41/1000, Precision: 0.8853, Recall: 0.9130, F1-Score: 0.8989, AUC: 0.9984, AUPR: 0.9491
No improvement, patience counter: 1/25
Fold 2, Epoch: 42/1000, Batch: 854, Loss: 0.0035
Fold 2, Epoch 42/1000, Average Train Loss: 0.0034, LR: 0.000200
Fold 2, Epoch 42, Current decision threshold: 0.1247
Fold 2, Epoch 42/1000, Validation Loss: 0.0078, Accuracy: 0.9955
Fold 2, Epoch 42/1000, Precision: 0.9203, Recall: 0.9014, F1-Score: 0.9107, AUC: 0.9985, AUPR: 0.9545
New best model saved, F1: 0.9107, AUC: 0.9985, AUPR: 0.9545
Fold 2, Epoch: 43/1000, Batch: 854, Loss: 0.0034
Fold 2, Epoch 43/1000, Average Train Loss: 0.0033, LR: 0.000200
Fold 2, Epoch 43, Current decision threshold: 0.1247
Fold 2, Epoch 43/1000, Validation Loss: 0.0081, Accuracy: 0.9948
Fold 2, Epoch 43/1000, Precision: 0.9087, Recall: 0.8855, F1-Score: 0.8970, AUC: 0.9983, AUPR: 0.9502
No improvement, patience counter: 1/25
Fold 2, Epoch: 44/1000, Batch: 854, Loss: 0.0022
Fold 2, Epoch 44/1000, Average Train Loss: 0.0034, LR: 0.000200
Fold 2, Epoch 44, Current decision threshold: 0.1247
Fold 2, Epoch 44/1000, Validation Loss: 0.0091, Accuracy: 0.9947
Fold 2, Epoch 44/1000, Precision: 0.9200, Recall: 0.8670, F1-Score: 0.8927, AUC: 0.9982, AUPR: 0.9489
No improvement, patience counter: 2/25
Fold 2, Epoch: 45/1000, Batch: 854, Loss: 0.0043
Fold 2, Epoch 45/1000, Average Train Loss: 0.0033, LR: 0.000200
Epoch 45: Optimal threshold updated to = 0.0843
Fold 2, Epoch 45, Current decision threshold: 0.0843
Fold 2, Epoch 45/1000, Validation Loss: 0.0080, Accuracy: 0.9954
Fold 2, Epoch 45/1000, Precision: 0.8973, Recall: 0.9254, F1-Score: 0.9111, AUC: 0.9985, AUPR: 0.9537
No improvement, patience counter: 3/25
Fold 2, Epoch: 46/1000, Batch: 854, Loss: 0.0031
Fold 2, Epoch 46/1000, Average Train Loss: 0.0032, LR: 0.000200
Fold 2, Epoch 46, Current decision threshold: 0.0843
Fold 2, Epoch 46/1000, Validation Loss: 0.0086, Accuracy: 0.9949
Fold 2, Epoch 46/1000, Precision: 0.8914, Recall: 0.9111, F1-Score: 0.9011, AUC: 0.9984, AUPR: 0.9505
No improvement, patience counter: 4/25
Fold 2, Epoch: 47/1000, Batch: 854, Loss: 0.0024
Fold 2, Epoch 47/1000, Average Train Loss: 0.0027, LR: 0.000100
Fold 2, Epoch 47, Current decision threshold: 0.0843
Fold 2, Epoch 47/1000, Validation Loss: 0.0073, Accuracy: 0.9956
Fold 2, Epoch 47/1000, Precision: 0.8957, Recall: 0.9366, F1-Score: 0.9157, AUC: 0.9986, AUPR: 0.9600
New best model saved, F1: 0.9157, AUC: 0.9986, AUPR: 0.9600
Fold 2, Epoch: 48/1000, Batch: 854, Loss: 0.0030
Fold 2, Epoch 48/1000, Average Train Loss: 0.0026, LR: 0.000100
Fold 2, Epoch 48, Current decision threshold: 0.0843
Fold 2, Epoch 48/1000, Validation Loss: 0.0071, Accuracy: 0.9954
Fold 2, Epoch 48/1000, Precision: 0.8921, Recall: 0.9339, F1-Score: 0.9125, AUC: 0.9986, AUPR: 0.9570
No improvement, patience counter: 1/25
Fold 2, Epoch: 49/1000, Batch: 854, Loss: 0.0021
Fold 2, Epoch 49/1000, Average Train Loss: 0.0026, LR: 0.000100
Fold 2, Epoch 49, Current decision threshold: 0.0843
Fold 2, Epoch 49/1000, Validation Loss: 0.0078, Accuracy: 0.9954
Fold 2, Epoch 49/1000, Precision: 0.8999, Recall: 0.9250, F1-Score: 0.9123, AUC: 0.9985, AUPR: 0.9566
No improvement, patience counter: 2/25
Fold 2, Epoch: 50/1000, Batch: 854, Loss: 0.0030
Fold 2, Epoch 50/1000, Average Train Loss: 0.0026, LR: 0.000100
Epoch 50: Optimal threshold updated to = 0.0727
Fold 2, Epoch 50, Current decision threshold: 0.0727
Fold 2, Epoch 50/1000, Validation Loss: 0.0082, Accuracy: 0.9954
Fold 2, Epoch 50/1000, Precision: 0.8938, Recall: 0.9312, F1-Score: 0.9121, AUC: 0.9985, AUPR: 0.9552
No improvement, patience counter: 3/25
Fold 2, Epoch: 51/1000, Batch: 854, Loss: 0.0030
Fold 2, Epoch 51/1000, Average Train Loss: 0.0026, LR: 0.000100
Fold 2, Epoch 51, Current decision threshold: 0.0727
Fold 2, Epoch 51/1000, Validation Loss: 0.0081, Accuracy: 0.9955
Fold 2, Epoch 51/1000, Precision: 0.8974, Recall: 0.9331, F1-Score: 0.9149, AUC: 0.9986, AUPR: 0.9562
No improvement, patience counter: 4/25
Fold 2, Epoch: 52/1000, Batch: 854, Loss: 0.0023
Fold 2, Epoch 52/1000, Average Train Loss: 0.0023, LR: 0.000050
Fold 2, Epoch 52, Current decision threshold: 0.0727
Fold 2, Epoch 52/1000, Validation Loss: 0.0080, Accuracy: 0.9956
Fold 2, Epoch 52/1000, Precision: 0.9010, Recall: 0.9288, F1-Score: 0.9147, AUC: 0.9987, AUPR: 0.9605
New best model saved, F1: 0.9147, AUC: 0.9987, AUPR: 0.9605
Fold 2, Epoch: 53/1000, Batch: 854, Loss: 0.0006
Fold 2, Epoch 53/1000, Average Train Loss: 0.0023, LR: 0.000050
Fold 2, Epoch 53, Current decision threshold: 0.0727
Fold 2, Epoch 53/1000, Validation Loss: 0.0071, Accuracy: 0.9953
Fold 2, Epoch 53/1000, Precision: 0.8822, Recall: 0.9412, F1-Score: 0.9108, AUC: 0.9986, AUPR: 0.9583
No improvement, patience counter: 1/25
Fold 2, Epoch: 54/1000, Batch: 854, Loss: 0.0011
Fold 2, Epoch 54/1000, Average Train Loss: 0.0023, LR: 0.000050
Fold 2, Epoch 54, Current decision threshold: 0.0727
Fold 2, Epoch 54/1000, Validation Loss: 0.0077, Accuracy: 0.9956
Fold 2, Epoch 54/1000, Precision: 0.8988, Recall: 0.9339, F1-Score: 0.9160, AUC: 0.9987, AUPR: 0.9607
New best model saved, F1: 0.9160, AUC: 0.9987, AUPR: 0.9607
Fold 2, Epoch: 55/1000, Batch: 854, Loss: 0.0045
Fold 2, Epoch 55/1000, Average Train Loss: 0.0022, LR: 0.000050
Epoch 55: Optimal threshold updated to = 0.0902
Fold 2, Epoch 55, Current decision threshold: 0.0902
Fold 2, Epoch 55/1000, Validation Loss: 0.0073, Accuracy: 0.9960
Fold 2, Epoch 55/1000, Precision: 0.9155, Recall: 0.9300, F1-Score: 0.9227, AUC: 0.9987, AUPR: 0.9622
New best model saved, F1: 0.9227, AUC: 0.9987, AUPR: 0.9622
Fold 2, Epoch: 56/1000, Batch: 854, Loss: 0.0040
Fold 2, Epoch 56/1000, Average Train Loss: 0.0022, LR: 0.000050
Fold 2, Epoch 56, Current decision threshold: 0.0902
Fold 2, Epoch 56/1000, Validation Loss: 0.0072, Accuracy: 0.9954
Fold 2, Epoch 56/1000, Precision: 0.9000, Recall: 0.9254, F1-Score: 0.9125, AUC: 0.9986, AUPR: 0.9602
No improvement, patience counter: 1/25
Fold 2, Epoch: 57/1000, Batch: 854, Loss: 0.0027
Fold 2, Epoch 57/1000, Average Train Loss: 0.0022, LR: 0.000050
Fold 2, Epoch 57, Current decision threshold: 0.0902
Fold 2, Epoch 57/1000, Validation Loss: 0.0070, Accuracy: 0.9955
Fold 2, Epoch 57/1000, Precision: 0.8987, Recall: 0.9296, F1-Score: 0.9139, AUC: 0.9987, AUPR: 0.9620
No improvement, patience counter: 2/25
Fold 2, Epoch: 58/1000, Batch: 854, Loss: 0.0017
Fold 2, Epoch 58/1000, Average Train Loss: 0.0022, LR: 0.000050
Fold 2, Epoch 58, Current decision threshold: 0.0902
Fold 2, Epoch 58/1000, Validation Loss: 0.0074, Accuracy: 0.9954
Fold 2, Epoch 58/1000, Precision: 0.9035, Recall: 0.9192, F1-Score: 0.9113, AUC: 0.9987, AUPR: 0.9611
No improvement, patience counter: 3/25
Fold 2, Epoch: 59/1000, Batch: 854, Loss: 0.0034
Fold 2, Epoch 59/1000, Average Train Loss: 0.0022, LR: 0.000050
Fold 2, Epoch 59, Current decision threshold: 0.0902
Fold 2, Epoch 59/1000, Validation Loss: 0.0081, Accuracy: 0.9956
Fold 2, Epoch 59/1000, Precision: 0.9197, Recall: 0.9080, F1-Score: 0.9138, AUC: 0.9987, AUPR: 0.9615
No improvement, patience counter: 4/25
Fold 2, Epoch: 60/1000, Batch: 854, Loss: 0.0009
Fold 2, Epoch 60/1000, Average Train Loss: 0.0020, LR: 0.000025
Epoch 60: Optimal threshold updated to = 0.0656
Fold 2, Epoch 60, Current decision threshold: 0.0656
Fold 2, Epoch 60/1000, Validation Loss: 0.0079, Accuracy: 0.9958
Fold 2, Epoch 60/1000, Precision: 0.9036, Recall: 0.9350, F1-Score: 0.9190, AUC: 0.9987, AUPR: 0.9629
No improvement, patience counter: 5/25
Fold 2, Epoch: 61/1000, Batch: 854, Loss: 0.0042
Fold 2, Epoch 61/1000, Average Train Loss: 0.0020, LR: 0.000025
Fold 2, Epoch 61, Current decision threshold: 0.0656
Fold 2, Epoch 61/1000, Validation Loss: 0.0082, Accuracy: 0.9957
Fold 2, Epoch 61/1000, Precision: 0.9051, Recall: 0.9292, F1-Score: 0.9170, AUC: 0.9987, AUPR: 0.9628
No improvement, patience counter: 6/25
Fold 2, Epoch: 62/1000, Batch: 854, Loss: 0.0011
Fold 2, Epoch 62/1000, Average Train Loss: 0.0020, LR: 0.000025
Fold 2, Epoch 62, Current decision threshold: 0.0656
Fold 2, Epoch 62/1000, Validation Loss: 0.0074, Accuracy: 0.9957
Fold 2, Epoch 62/1000, Precision: 0.8946, Recall: 0.9420, F1-Score: 0.9177, AUC: 0.9987, AUPR: 0.9631
No improvement, patience counter: 7/25
Fold 2, Epoch: 63/1000, Batch: 854, Loss: 0.0029
Fold 2, Epoch 63/1000, Average Train Loss: 0.0019, LR: 0.000025
Fold 2, Epoch 63, Current decision threshold: 0.0656
Fold 2, Epoch 63/1000, Validation Loss: 0.0084, Accuracy: 0.9958
Fold 2, Epoch 63/1000, Precision: 0.9106, Recall: 0.9258, F1-Score: 0.9181, AUC: 0.9987, AUPR: 0.9636
New best model saved, F1: 0.9181, AUC: 0.9987, AUPR: 0.9636
Fold 2, Epoch: 64/1000, Batch: 854, Loss: 0.0015
Fold 2, Epoch 64/1000, Average Train Loss: 0.0020, LR: 0.000025
Fold 2, Epoch 64, Current decision threshold: 0.0656
Fold 2, Epoch 64/1000, Validation Loss: 0.0079, Accuracy: 0.9958
Fold 2, Epoch 64/1000, Precision: 0.9044, Recall: 0.9331, F1-Score: 0.9185, AUC: 0.9987, AUPR: 0.9632
No improvement, patience counter: 1/25
Fold 2, Epoch: 65/1000, Batch: 854, Loss: 0.0036
Fold 2, Epoch 65/1000, Average Train Loss: 0.0019, LR: 0.000025
Epoch 65: Optimal threshold updated to = 0.0731
Fold 2, Epoch 65, Current decision threshold: 0.0731
Fold 2, Epoch 65/1000, Validation Loss: 0.0078, Accuracy: 0.9957
Fold 2, Epoch 65/1000, Precision: 0.9054, Recall: 0.9292, F1-Score: 0.9172, AUC: 0.9987, AUPR: 0.9621
No improvement, patience counter: 2/25
Fold 2, Epoch: 66/1000, Batch: 854, Loss: 0.0013
Fold 2, Epoch 66/1000, Average Train Loss: 0.0019, LR: 0.000025
Fold 2, Epoch 66, Current decision threshold: 0.0731
Fold 2, Epoch 66/1000, Validation Loss: 0.0079, Accuracy: 0.9957
Fold 2, Epoch 66/1000, Precision: 0.9074, Recall: 0.9281, F1-Score: 0.9176, AUC: 0.9987, AUPR: 0.9621
No improvement, patience counter: 3/25
Fold 2, Epoch: 67/1000, Batch: 854, Loss: 0.0012
Fold 2, Epoch 67/1000, Average Train Loss: 0.0019, LR: 0.000025
Fold 2, Epoch 67, Current decision threshold: 0.0731
Fold 2, Epoch 67/1000, Validation Loss: 0.0075, Accuracy: 0.9957
Fold 2, Epoch 67/1000, Precision: 0.9013, Recall: 0.9327, F1-Score: 0.9168, AUC: 0.9987, AUPR: 0.9630
No improvement, patience counter: 4/25
Fold 2, Epoch: 68/1000, Batch: 854, Loss: 0.0034
Fold 2, Epoch 68/1000, Average Train Loss: 0.0019, LR: 0.000013
Fold 2, Epoch 68, Current decision threshold: 0.0731
Fold 2, Epoch 68/1000, Validation Loss: 0.0084, Accuracy: 0.9957
Fold 2, Epoch 68/1000, Precision: 0.9122, Recall: 0.9200, F1-Score: 0.9161, AUC: 0.9987, AUPR: 0.9623
No improvement, patience counter: 5/25
Fold 2, Epoch: 69/1000, Batch: 854, Loss: 0.0022
Fold 2, Epoch 69/1000, Average Train Loss: 0.0019, LR: 0.000013
Fold 2, Epoch 69, Current decision threshold: 0.0731
Fold 2, Epoch 69/1000, Validation Loss: 0.0080, Accuracy: 0.9956
Fold 2, Epoch 69/1000, Precision: 0.9077, Recall: 0.9238, F1-Score: 0.9157, AUC: 0.9987, AUPR: 0.9630
No improvement, patience counter: 6/25
Fold 2, Epoch: 70/1000, Batch: 854, Loss: 0.0008
Fold 2, Epoch 70/1000, Average Train Loss: 0.0019, LR: 0.000013
Epoch 70: Optimal threshold updated to = 0.0644
Fold 2, Epoch 70, Current decision threshold: 0.0644
Fold 2, Epoch 70/1000, Validation Loss: 0.0079, Accuracy: 0.9957
Fold 2, Epoch 70/1000, Precision: 0.9029, Recall: 0.9346, F1-Score: 0.9185, AUC: 0.9987, AUPR: 0.9635
No improvement, patience counter: 7/25
Fold 2, Epoch: 71/1000, Batch: 854, Loss: 0.0005
Fold 2, Epoch 71/1000, Average Train Loss: 0.0019, LR: 0.000013
Fold 2, Epoch 71, Current decision threshold: 0.0644
Fold 2, Epoch 71/1000, Validation Loss: 0.0080, Accuracy: 0.9958
Fold 2, Epoch 71/1000, Precision: 0.9055, Recall: 0.9335, F1-Score: 0.9193, AUC: 0.9987, AUPR: 0.9638
New best model saved, F1: 0.9193, AUC: 0.9987, AUPR: 0.9638
Fold 2, Epoch: 72/1000, Batch: 854, Loss: 0.0014
Fold 2, Epoch 72/1000, Average Train Loss: 0.0018, LR: 0.000013
Fold 2, Epoch 72, Current decision threshold: 0.0644
Fold 2, Epoch 72/1000, Validation Loss: 0.0083, Accuracy: 0.9957
Fold 2, Epoch 72/1000, Precision: 0.9063, Recall: 0.9281, F1-Score: 0.9171, AUC: 0.9987, AUPR: 0.9635
No improvement, patience counter: 1/25
Fold 2, Epoch: 73/1000, Batch: 854, Loss: 0.0018
Fold 2, Epoch 73/1000, Average Train Loss: 0.0019, LR: 0.000013
Fold 2, Epoch 73, Current decision threshold: 0.0644
Fold 2, Epoch 73/1000, Validation Loss: 0.0082, Accuracy: 0.9957
Fold 2, Epoch 73/1000, Precision: 0.9076, Recall: 0.9269, F1-Score: 0.9172, AUC: 0.9987, AUPR: 0.9640
No improvement, patience counter: 2/25
Fold 2, Epoch: 74/1000, Batch: 854, Loss: 0.0028
Fold 2, Epoch 74/1000, Average Train Loss: 0.0019, LR: 0.000013
Fold 2, Epoch 74, Current decision threshold: 0.0644
Fold 2, Epoch 74/1000, Validation Loss: 0.0076, Accuracy: 0.9957
Fold 2, Epoch 74/1000, Precision: 0.8997, Recall: 0.9362, F1-Score: 0.9176, AUC: 0.9987, AUPR: 0.9640
No improvement, patience counter: 3/25
Fold 2, Epoch: 75/1000, Batch: 854, Loss: 0.0011
Fold 2, Epoch 75/1000, Average Train Loss: 0.0018, LR: 0.000013
Epoch 75: Optimal threshold updated to = 0.0710
Fold 2, Epoch 75, Current decision threshold: 0.0710
Fold 2, Epoch 75/1000, Validation Loss: 0.0077, Accuracy: 0.9959
Fold 2, Epoch 75/1000, Precision: 0.9102, Recall: 0.9327, F1-Score: 0.9213, AUC: 0.9988, AUPR: 0.9646
New best model saved, F1: 0.9213, AUC: 0.9988, AUPR: 0.9646
Fold 2, Epoch: 76/1000, Batch: 854, Loss: 0.0012
Fold 2, Epoch 76/1000, Average Train Loss: 0.0018, LR: 0.000013
Fold 2, Epoch 76, Current decision threshold: 0.0710
Fold 2, Epoch 76/1000, Validation Loss: 0.0080, Accuracy: 0.9958
Fold 2, Epoch 76/1000, Precision: 0.9119, Recall: 0.9250, F1-Score: 0.9184, AUC: 0.9988, AUPR: 0.9649
No improvement, patience counter: 1/25
Fold 2, Epoch: 77/1000, Batch: 854, Loss: 0.0019
Fold 2, Epoch 77/1000, Average Train Loss: 0.0018, LR: 0.000013
Fold 2, Epoch 77, Current decision threshold: 0.0710
Fold 2, Epoch 77/1000, Validation Loss: 0.0074, Accuracy: 0.9956
Fold 2, Epoch 77/1000, Precision: 0.8992, Recall: 0.9346, F1-Score: 0.9166, AUC: 0.9987, AUPR: 0.9636
No improvement, patience counter: 2/25
Fold 2, Epoch: 78/1000, Batch: 854, Loss: 0.0022
Fold 2, Epoch 78/1000, Average Train Loss: 0.0018, LR: 0.000013
Fold 2, Epoch 78, Current decision threshold: 0.0710
Fold 2, Epoch 78/1000, Validation Loss: 0.0081, Accuracy: 0.9957
Fold 2, Epoch 78/1000, Precision: 0.9087, Recall: 0.9238, F1-Score: 0.9162, AUC: 0.9987, AUPR: 0.9635
No improvement, patience counter: 3/25
Fold 2, Epoch: 79/1000, Batch: 854, Loss: 0.0018
Fold 2, Epoch 79/1000, Average Train Loss: 0.0018, LR: 0.000013
Fold 2, Epoch 79, Current decision threshold: 0.0710
Fold 2, Epoch 79/1000, Validation Loss: 0.0079, Accuracy: 0.9958
Fold 2, Epoch 79/1000, Precision: 0.9096, Recall: 0.9265, F1-Score: 0.9180, AUC: 0.9988, AUPR: 0.9646
No improvement, patience counter: 4/25
Fold 2, Epoch: 80/1000, Batch: 854, Loss: 0.0010
Fold 2, Epoch 80/1000, Average Train Loss: 0.0018, LR: 0.000006
Epoch 80: Optimal threshold updated to = 0.0533
Fold 2, Epoch 80, Current decision threshold: 0.0533
Fold 2, Epoch 80/1000, Validation Loss: 0.0081, Accuracy: 0.9958
Fold 2, Epoch 80/1000, Precision: 0.8986, Recall: 0.9420, F1-Score: 0.9198, AUC: 0.9988, AUPR: 0.9644
No improvement, patience counter: 5/25
Fold 2, Epoch: 81/1000, Batch: 854, Loss: 0.0014
Fold 2, Epoch 81/1000, Average Train Loss: 0.0018, LR: 0.000006
Fold 2, Epoch 81, Current decision threshold: 0.0533
Fold 2, Epoch 81/1000, Validation Loss: 0.0079, Accuracy: 0.9957
Fold 2, Epoch 81/1000, Precision: 0.8939, Recall: 0.9451, F1-Score: 0.9188, AUC: 0.9988, AUPR: 0.9644
No improvement, patience counter: 6/25
Fold 2, Epoch: 82/1000, Batch: 854, Loss: 0.0029
Fold 2, Epoch 82/1000, Average Train Loss: 0.0018, LR: 0.000006
Fold 2, Epoch 82, Current decision threshold: 0.0533
Fold 2, Epoch 82/1000, Validation Loss: 0.0079, Accuracy: 0.9956
Fold 2, Epoch 82/1000, Precision: 0.8931, Recall: 0.9432, F1-Score: 0.9174, AUC: 0.9988, AUPR: 0.9643
No improvement, patience counter: 7/25
Fold 2, Epoch: 83/1000, Batch: 854, Loss: 0.0027
Fold 2, Epoch 83/1000, Average Train Loss: 0.0018, LR: 0.000006
Fold 2, Epoch 83, Current decision threshold: 0.0533
Fold 2, Epoch 83/1000, Validation Loss: 0.0082, Accuracy: 0.9957
Fold 2, Epoch 83/1000, Precision: 0.8981, Recall: 0.9404, F1-Score: 0.9188, AUC: 0.9987, AUPR: 0.9642
No improvement, patience counter: 8/25
Fold 2, Epoch: 84/1000, Batch: 854, Loss: 0.0007
Fold 2, Epoch 84/1000, Average Train Loss: 0.0018, LR: 0.000003
Fold 2, Epoch 84, Current decision threshold: 0.0533
Fold 2, Epoch 84/1000, Validation Loss: 0.0078, Accuracy: 0.9957
Fold 2, Epoch 84/1000, Precision: 0.8932, Recall: 0.9439, F1-Score: 0.9178, AUC: 0.9988, AUPR: 0.9645
No improvement, patience counter: 9/25
Fold 2, Epoch: 85/1000, Batch: 854, Loss: 0.0028
Fold 2, Epoch 85/1000, Average Train Loss: 0.0018, LR: 0.000003
Epoch 85: Optimal threshold updated to = 0.0723
Fold 2, Epoch 85, Current decision threshold: 0.0723
Fold 2, Epoch 85/1000, Validation Loss: 0.0077, Accuracy: 0.9958
Fold 2, Epoch 85/1000, Precision: 0.9111, Recall: 0.9277, F1-Score: 0.9193, AUC: 0.9988, AUPR: 0.9645
No improvement, patience counter: 10/25
Fold 2, Epoch: 86/1000, Batch: 854, Loss: 0.0017
Fold 2, Epoch 86/1000, Average Train Loss: 0.0018, LR: 0.000003
Fold 2, Epoch 86, Current decision threshold: 0.0723
Fold 2, Epoch 86/1000, Validation Loss: 0.0079, Accuracy: 0.9959
Fold 2, Epoch 86/1000, Precision: 0.9134, Recall: 0.9261, F1-Score: 0.9197, AUC: 0.9987, AUPR: 0.9645
No improvement, patience counter: 11/25
Fold 2, Epoch: 87/1000, Batch: 854, Loss: 0.0032
Fold 2, Epoch 87/1000, Average Train Loss: 0.0017, LR: 0.000003
Fold 2, Epoch 87, Current decision threshold: 0.0723
Fold 2, Epoch 87/1000, Validation Loss: 0.0079, Accuracy: 0.9959
Fold 2, Epoch 87/1000, Precision: 0.9138, Recall: 0.9261, F1-Score: 0.9199, AUC: 0.9988, AUPR: 0.9645
No improvement, patience counter: 12/25
Fold 2, Epoch: 88/1000, Batch: 854, Loss: 0.0016
Fold 2, Epoch 88/1000, Average Train Loss: 0.0018, LR: 0.000002
Fold 2, Epoch 88, Current decision threshold: 0.0723
Fold 2, Epoch 88/1000, Validation Loss: 0.0077, Accuracy: 0.9958
Fold 2, Epoch 88/1000, Precision: 0.9105, Recall: 0.9281, F1-Score: 0.9192, AUC: 0.9988, AUPR: 0.9647
No improvement, patience counter: 13/25
Fold 2, Epoch: 89/1000, Batch: 854, Loss: 0.0007
Fold 2, Epoch 89/1000, Average Train Loss: 0.0017, LR: 0.000002
Fold 2, Epoch 89, Current decision threshold: 0.0723
Fold 2, Epoch 89/1000, Validation Loss: 0.0079, Accuracy: 0.9959
Fold 2, Epoch 89/1000, Precision: 0.9142, Recall: 0.9265, F1-Score: 0.9203, AUC: 0.9988, AUPR: 0.9646
No improvement, patience counter: 14/25
Fold 2, Epoch: 90/1000, Batch: 854, Loss: 0.0013
Fold 2, Epoch 90/1000, Average Train Loss: 0.0018, LR: 0.000002
Epoch 90: Optimal threshold updated to = 0.0780
Fold 2, Epoch 90, Current decision threshold: 0.0780
Fold 2, Epoch 90/1000, Validation Loss: 0.0077, Accuracy: 0.9959
Fold 2, Epoch 90/1000, Precision: 0.9168, Recall: 0.9250, F1-Score: 0.9209, AUC: 0.9988, AUPR: 0.9648
New best model saved, F1: 0.9209, AUC: 0.9988, AUPR: 0.9648
Fold 2, Epoch: 91/1000, Batch: 854, Loss: 0.0010
Fold 2, Epoch 91/1000, Average Train Loss: 0.0018, LR: 0.000002
Fold 2, Epoch 91, Current decision threshold: 0.0780
Fold 2, Epoch 91/1000, Validation Loss: 0.0078, Accuracy: 0.9959
Fold 2, Epoch 91/1000, Precision: 0.9163, Recall: 0.9230, F1-Score: 0.9197, AUC: 0.9988, AUPR: 0.9647
No improvement, patience counter: 1/25
Fold 2, Epoch: 92/1000, Batch: 854, Loss: 0.0009
Fold 2, Epoch 92/1000, Average Train Loss: 0.0018, LR: 0.000001
Fold 2, Epoch 92, Current decision threshold: 0.0780
Fold 2, Epoch 92/1000, Validation Loss: 0.0079, Accuracy: 0.9959
Fold 2, Epoch 92/1000, Precision: 0.9177, Recall: 0.9223, F1-Score: 0.9200, AUC: 0.9988, AUPR: 0.9645
No improvement, patience counter: 2/25
Fold 2, Epoch: 93/1000, Batch: 854, Loss: 0.0015
Fold 2, Epoch 93/1000, Average Train Loss: 0.0017, LR: 0.000001
Fold 2, Epoch 93, Current decision threshold: 0.0780
Fold 2, Epoch 93/1000, Validation Loss: 0.0077, Accuracy: 0.9959
Fold 2, Epoch 93/1000, Precision: 0.9157, Recall: 0.9238, F1-Score: 0.9197, AUC: 0.9988, AUPR: 0.9646
No improvement, patience counter: 3/25
Fold 2, Epoch: 94/1000, Batch: 854, Loss: 0.0024
Fold 2, Epoch 94/1000, Average Train Loss: 0.0017, LR: 0.000001
Fold 2, Epoch 94, Current decision threshold: 0.0780
Fold 2, Epoch 94/1000, Validation Loss: 0.0077, Accuracy: 0.9958
Fold 2, Epoch 94/1000, Precision: 0.9150, Recall: 0.9238, F1-Score: 0.9194, AUC: 0.9988, AUPR: 0.9646
No improvement, patience counter: 4/25
Fold 2, Epoch: 95/1000, Batch: 854, Loss: 0.0010
Fold 2, Epoch 95/1000, Average Train Loss: 0.0017, LR: 0.000001
Epoch 95: Optimal threshold updated to = 0.0716
Fold 2, Epoch 95, Current decision threshold: 0.0716
Fold 2, Epoch 95/1000, Validation Loss: 0.0078, Accuracy: 0.9959
Fold 2, Epoch 95/1000, Precision: 0.9122, Recall: 0.9285, F1-Score: 0.9203, AUC: 0.9988, AUPR: 0.9647
No improvement, patience counter: 5/25
Fold 2, Epoch: 96/1000, Batch: 854, Loss: 0.0006
Fold 2, Epoch 96/1000, Average Train Loss: 0.0017, LR: 0.000000
Fold 2, Epoch 96, Current decision threshold: 0.0716
Fold 2, Epoch 96/1000, Validation Loss: 0.0078, Accuracy: 0.9959
Fold 2, Epoch 96/1000, Precision: 0.9123, Recall: 0.9288, F1-Score: 0.9205, AUC: 0.9988, AUPR: 0.9647
No improvement, patience counter: 6/25
Fold 2, Epoch: 97/1000, Batch: 854, Loss: 0.0012
Fold 2, Epoch 97/1000, Average Train Loss: 0.0017, LR: 0.000000
Fold 2, Epoch 97, Current decision threshold: 0.0716
Fold 2, Epoch 97/1000, Validation Loss: 0.0078, Accuracy: 0.9959
Fold 2, Epoch 97/1000, Precision: 0.9125, Recall: 0.9273, F1-Score: 0.9198, AUC: 0.9988, AUPR: 0.9647
No improvement, patience counter: 7/25
Fold 2, Epoch: 98/1000, Batch: 854, Loss: 0.0023
Fold 2, Epoch 98/1000, Average Train Loss: 0.0017, LR: 0.000000
Fold 2, Epoch 98, Current decision threshold: 0.0716
Fold 2, Epoch 98/1000, Validation Loss: 0.0078, Accuracy: 0.9959
Fold 2, Epoch 98/1000, Precision: 0.9132, Recall: 0.9281, F1-Score: 0.9206, AUC: 0.9988, AUPR: 0.9647
No improvement, patience counter: 8/25
Fold 2, Epoch: 99/1000, Batch: 854, Loss: 0.0018
Fold 2, Epoch 99/1000, Average Train Loss: 0.0017, LR: 0.000000
Fold 2, Epoch 99, Current decision threshold: 0.0716
Fold 2, Epoch 99/1000, Validation Loss: 0.0078, Accuracy: 0.9959
Fold 2, Epoch 99/1000, Precision: 0.9128, Recall: 0.9273, F1-Score: 0.9200, AUC: 0.9988, AUPR: 0.9647
No improvement, patience counter: 9/25
Fold 2, Epoch: 100/1000, Batch: 854, Loss: 0.0016
Fold 2, Epoch 100/1000, Average Train Loss: 0.0018, LR: 0.000000
Epoch 100: Optimal threshold updated to = 0.0701
Fold 2, Epoch 100, Current decision threshold: 0.0701
Fold 2, Epoch 100/1000, Validation Loss: 0.0078, Accuracy: 0.9959
Fold 2, Epoch 100/1000, Precision: 0.9116, Recall: 0.9288, F1-Score: 0.9201, AUC: 0.9988, AUPR: 0.9647
No improvement, patience counter: 10/25
Fold 2, Epoch: 101/1000, Batch: 854, Loss: 0.0016
Fold 2, Epoch 101/1000, Average Train Loss: 0.0017, LR: 0.000000
Fold 2, Epoch 101, Current decision threshold: 0.0701
Fold 2, Epoch 101/1000, Validation Loss: 0.0078, Accuracy: 0.9959
Fold 2, Epoch 101/1000, Precision: 0.9116, Recall: 0.9292, F1-Score: 0.9203, AUC: 0.9988, AUPR: 0.9648
No improvement, patience counter: 11/25
Fold 2, Epoch: 102/1000, Batch: 854, Loss: 0.0008
Fold 2, Epoch 102/1000, Average Train Loss: 0.0017, LR: 0.000000
Fold 2, Epoch 102, Current decision threshold: 0.0701
Fold 2, Epoch 102/1000, Validation Loss: 0.0078, Accuracy: 0.9959
Fold 2, Epoch 102/1000, Precision: 0.9116, Recall: 0.9292, F1-Score: 0.9203, AUC: 0.9988, AUPR: 0.9648
No improvement, patience counter: 12/25
Fold 2, Epoch: 103/1000, Batch: 854, Loss: 0.0019
Fold 2, Epoch 103/1000, Average Train Loss: 0.0018, LR: 0.000000
Fold 2, Epoch 103, Current decision threshold: 0.0701
Fold 2, Epoch 103/1000, Validation Loss: 0.0078, Accuracy: 0.9959
Fold 2, Epoch 103/1000, Precision: 0.9116, Recall: 0.9288, F1-Score: 0.9201, AUC: 0.9988, AUPR: 0.9648
No improvement, patience counter: 13/25
Fold 2, Epoch: 104/1000, Batch: 854, Loss: 0.0009
Fold 2, Epoch 104/1000, Average Train Loss: 0.0017, LR: 0.000000
Fold 2, Epoch 104, Current decision threshold: 0.0701
Fold 2, Epoch 104/1000, Validation Loss: 0.0078, Accuracy: 0.9959
Fold 2, Epoch 104/1000, Precision: 0.9116, Recall: 0.9288, F1-Score: 0.9201, AUC: 0.9988, AUPR: 0.9648
No improvement, patience counter: 14/25
Fold 2, Epoch: 105/1000, Batch: 854, Loss: 0.0009
Fold 2, Epoch 105/1000, Average Train Loss: 0.0018, LR: 0.000000
Epoch 105: Optimal threshold updated to = 0.0723
Fold 2, Epoch 105, Current decision threshold: 0.0723
Fold 2, Epoch 105/1000, Validation Loss: 0.0078, Accuracy: 0.9959
Fold 2, Epoch 105/1000, Precision: 0.9132, Recall: 0.9273, F1-Score: 0.9202, AUC: 0.9988, AUPR: 0.9648
No improvement, patience counter: 15/25
Fold 2, Epoch: 106/1000, Batch: 854, Loss: 0.0011
Fold 2, Epoch 106/1000, Average Train Loss: 0.0017, LR: 0.000000
Fold 2, Epoch 106, Current decision threshold: 0.0723
Fold 2, Epoch 106/1000, Validation Loss: 0.0078, Accuracy: 0.9959
Fold 2, Epoch 106/1000, Precision: 0.9132, Recall: 0.9273, F1-Score: 0.9202, AUC: 0.9988, AUPR: 0.9648
No improvement, patience counter: 16/25
Fold 2, Epoch: 107/1000, Batch: 854, Loss: 0.0018
Fold 2, Epoch 107/1000, Average Train Loss: 0.0018, LR: 0.000000
Fold 2, Epoch 107, Current decision threshold: 0.0723
Fold 2, Epoch 107/1000, Validation Loss: 0.0078, Accuracy: 0.9959
Fold 2, Epoch 107/1000, Precision: 0.9128, Recall: 0.9273, F1-Score: 0.9200, AUC: 0.9988, AUPR: 0.9648
No improvement, patience counter: 17/25
Fold 2, Epoch: 108/1000, Batch: 854, Loss: 0.0016
Fold 2, Epoch 108/1000, Average Train Loss: 0.0017, LR: 0.000000
Fold 2, Epoch 108, Current decision threshold: 0.0723
Fold 2, Epoch 108/1000, Validation Loss: 0.0078, Accuracy: 0.9959
Fold 2, Epoch 108/1000, Precision: 0.9128, Recall: 0.9273, F1-Score: 0.9200, AUC: 0.9988, AUPR: 0.9648
No improvement, patience counter: 18/25
Fold 2, Epoch: 109/1000, Batch: 854, Loss: 0.0009
Fold 2, Epoch 109/1000, Average Train Loss: 0.0017, LR: 0.000000
Fold 2, Epoch 109, Current decision threshold: 0.0723
Fold 2, Epoch 109/1000, Validation Loss: 0.0078, Accuracy: 0.9959
Fold 2, Epoch 109/1000, Precision: 0.9128, Recall: 0.9273, F1-Score: 0.9200, AUC: 0.9988, AUPR: 0.9648
No improvement, patience counter: 19/25
Fold 2, Epoch: 110/1000, Batch: 854, Loss: 0.0013
Fold 2, Epoch 110/1000, Average Train Loss: 0.0018, LR: 0.000000
Epoch 110: Optimal threshold updated to = 0.0701
Fold 2, Epoch 110, Current decision threshold: 0.0701
Fold 2, Epoch 110/1000, Validation Loss: 0.0078, Accuracy: 0.9959
Fold 2, Epoch 110/1000, Precision: 0.9113, Recall: 0.9292, F1-Score: 0.9202, AUC: 0.9988, AUPR: 0.9648
No improvement, patience counter: 20/25
Fold 2, Epoch: 111/1000, Batch: 854, Loss: 0.0017
Fold 2, Epoch 111/1000, Average Train Loss: 0.0017, LR: 0.000000
Fold 2, Epoch 111, Current decision threshold: 0.0701
Fold 2, Epoch 111/1000, Validation Loss: 0.0078, Accuracy: 0.9959
Fold 2, Epoch 111/1000, Precision: 0.9113, Recall: 0.9292, F1-Score: 0.9202, AUC: 0.9988, AUPR: 0.9648
No improvement, patience counter: 21/25
Fold 2, Epoch: 112/1000, Batch: 854, Loss: 0.0027
Fold 2, Epoch 112/1000, Average Train Loss: 0.0017, LR: 0.000000
Fold 2, Epoch 112, Current decision threshold: 0.0701
Fold 2, Epoch 112/1000, Validation Loss: 0.0078, Accuracy: 0.9959
Fold 2, Epoch 112/1000, Precision: 0.9113, Recall: 0.9292, F1-Score: 0.9202, AUC: 0.9988, AUPR: 0.9648
No improvement, patience counter: 22/25
Fold 2, Epoch: 113/1000, Batch: 854, Loss: 0.0031
Fold 2, Epoch 113/1000, Average Train Loss: 0.0017, LR: 0.000000
Fold 2, Epoch 113, Current decision threshold: 0.0701
Fold 2, Epoch 113/1000, Validation Loss: 0.0078, Accuracy: 0.9959
Fold 2, Epoch 113/1000, Precision: 0.9113, Recall: 0.9292, F1-Score: 0.9202, AUC: 0.9988, AUPR: 0.9648
No improvement, patience counter: 23/25
Fold 2, Epoch: 114/1000, Batch: 854, Loss: 0.0012
Fold 2, Epoch 114/1000, Average Train Loss: 0.0017, LR: 0.000000
Fold 2, Epoch 114, Current decision threshold: 0.0701
Fold 2, Epoch 114/1000, Validation Loss: 0.0078, Accuracy: 0.9959
Fold 2, Epoch 114/1000, Precision: 0.9113, Recall: 0.9292, F1-Score: 0.9202, AUC: 0.9988, AUPR: 0.9648
No improvement, patience counter: 24/25
Fold 2, Epoch: 115/1000, Batch: 854, Loss: 0.0062
Fold 2, Epoch 115/1000, Average Train Loss: 0.0017, LR: 0.000000
Epoch 115: Optimal threshold updated to = 0.0708
Fold 2, Epoch 115, Current decision threshold: 0.0708
Fold 2, Epoch 115/1000, Validation Loss: 0.0078, Accuracy: 0.9959
Fold 2, Epoch 115/1000, Precision: 0.9119, Recall: 0.9288, F1-Score: 0.9203, AUC: 0.9988, AUPR: 0.9648
No improvement, patience counter: 25/25
Early stopping at epoch 115
Restored best model, F1: 0.9209, AUC: 0.9988, AUPR: 0.9648
Round 4, Fold 2 best model and threshold 0.0708 saved to D:\SPAN\models\span_round_4_fold_2.pkl
Completed fold 2 in 5-folds, Validation Loss: 0.0077, Accuracy: 0.9959
Completed fold 2 in 5-folds, Precision: 0.9168, Recall: 0.9250, F1-Score: 0.9209, AUC: 0.9988, AUPR: 0.9648
Fold 2 test Finished! - 2026-04-05 17:03:22
======================================================================
Final Results Summary
----------------------------------------------------------------------
AUC         AUPR        Acc         F1          Pre         Recall      
0.9988      0.9648      0.9959      0.9209      0.9168      0.9250      
======================================================================
