Logging for round 8, fold 3 configured to file: D:\SPAN\logs\fafa-round_8-fold_3.log - 2026-04-07 11:17:52
========== Round 8 - Fold 3 Training ==========
current_sys_path: D:\SPAN
device = cuda
Global seed initialized to 42 for reproducibility
Using GPU: NVIDIA GeForce RTX 3060 Laptop GPU
Starting fold 3 in 5-folds
Training data - Positive samples: tensor([44924.]), Negative samples: tensor([392092.])
Fold 3, Epoch: 1/1000, Batch: 854, Loss: 0.0286
Fold 3, Epoch 1/1000, Average Train Loss: 0.0312, LR: 0.000200
Fold 3, Epoch 1, Current decision threshold: 0.2000
Fold 3, Epoch 1/1000, Validation Loss: 0.0132, Accuracy: 0.7026
Fold 3, Epoch 1/1000, Precision: 0.0758, Recall: 0.9980, F1-Score: 0.1408, AUC: 0.9621, AUPR: 0.3485
New best model saved, F1: 0.1408, AUC: 0.9621, AUPR: 0.3485
Fold 3, Epoch: 2/1000, Batch: 854, Loss: 0.0162
Fold 3, Epoch 2/1000, Average Train Loss: 0.0170, LR: 0.000200
Fold 3, Epoch 2, Current decision threshold: 0.2000
Fold 3, Epoch 2/1000, Validation Loss: 0.0078, Accuracy: 0.9625
Fold 3, Epoch 2/1000, Precision: 0.3804, Recall: 0.8546, F1-Score: 0.5265, AUC: 0.9829, AUPR: 0.5526
New best model saved, F1: 0.5265, AUC: 0.9829, AUPR: 0.5526
Fold 3, Epoch: 3/1000, Batch: 854, Loss: 0.0144
Fold 3, Epoch 3/1000, Average Train Loss: 0.0126, LR: 0.000200
Fold 3, Epoch 3, Current decision threshold: 0.2000
Fold 3, Epoch 3/1000, Validation Loss: 0.0077, Accuracy: 0.9810
Fold 3, Epoch 3/1000, Precision: 0.5746, Recall: 0.8526, F1-Score: 0.6865, AUC: 0.9906, AUPR: 0.6807
New best model saved, F1: 0.6865, AUC: 0.9906, AUPR: 0.6807
Fold 3, Epoch: 4/1000, Batch: 854, Loss: 0.0105
Fold 3, Epoch 4/1000, Average Train Loss: 0.0110, LR: 0.000200
Fold 3, Epoch 4, Current decision threshold: 0.2000
Fold 3, Epoch 4/1000, Validation Loss: 0.0072, Accuracy: 0.9864
Fold 3, Epoch 4/1000, Precision: 0.6742, Recall: 0.8574, F1-Score: 0.7549, AUC: 0.9938, AUPR: 0.7675
New best model saved, F1: 0.7549, AUC: 0.9938, AUPR: 0.7675
Fold 3, Epoch: 5/1000, Batch: 854, Loss: 0.0093
Fold 3, Epoch 5/1000, Average Train Loss: 0.0098, LR: 0.000200
Epoch 5: Optimal threshold updated to = 0.2125
Fold 3, Epoch 5, Current decision threshold: 0.2125
Fold 3, Epoch 5/1000, Validation Loss: 0.0073, Accuracy: 0.9893
Fold 3, Epoch 5/1000, Precision: 0.7492, Recall: 0.8420, F1-Score: 0.7929, AUC: 0.9948, AUPR: 0.8077
New best model saved, F1: 0.7929, AUC: 0.9948, AUPR: 0.8077
Fold 3, Epoch: 6/1000, Batch: 854, Loss: 0.0073
Fold 3, Epoch 6/1000, Average Train Loss: 0.0090, LR: 0.000200
Fold 3, Epoch 6, Current decision threshold: 0.2125
Fold 3, Epoch 6/1000, Validation Loss: 0.0058, Accuracy: 0.9889
Fold 3, Epoch 6/1000, Precision: 0.7175, Recall: 0.9025, F1-Score: 0.7994, AUC: 0.9952, AUPR: 0.8253
New best model saved, F1: 0.7994, AUC: 0.9952, AUPR: 0.8253
Fold 3, Epoch: 7/1000, Batch: 854, Loss: 0.0045
Fold 3, Epoch 7/1000, Average Train Loss: 0.0084, LR: 0.000200
Fold 3, Epoch 7, Current decision threshold: 0.2125
Fold 3, Epoch 7/1000, Validation Loss: 0.0072, Accuracy: 0.9913
Fold 3, Epoch 7/1000, Precision: 0.8100, Recall: 0.8383, F1-Score: 0.8240, AUC: 0.9958, AUPR: 0.8505
New best model saved, F1: 0.8240, AUC: 0.9958, AUPR: 0.8505
Fold 3, Epoch: 8/1000, Batch: 854, Loss: 0.0060
Fold 3, Epoch 8/1000, Average Train Loss: 0.0079, LR: 0.000200
Fold 3, Epoch 8, Current decision threshold: 0.2125
Fold 3, Epoch 8/1000, Validation Loss: 0.0056, Accuracy: 0.9918
Fold 3, Epoch 8/1000, Precision: 0.7901, Recall: 0.9037, F1-Score: 0.8431, AUC: 0.9964, AUPR: 0.8676
New best model saved, F1: 0.8431, AUC: 0.9964, AUPR: 0.8676
Fold 3, Epoch: 9/1000, Batch: 854, Loss: 0.0077
Fold 3, Epoch 9/1000, Average Train Loss: 0.0074, LR: 0.000200
Fold 3, Epoch 9, Current decision threshold: 0.2125
Fold 3, Epoch 9/1000, Validation Loss: 0.0069, Accuracy: 0.9922
Fold 3, Epoch 9/1000, Precision: 0.8345, Recall: 0.8481, F1-Score: 0.8413, AUC: 0.9966, AUPR: 0.8736
New best model saved, F1: 0.8413, AUC: 0.9966, AUPR: 0.8736
Fold 3, Epoch: 10/1000, Batch: 854, Loss: 0.0054
Fold 3, Epoch 10/1000, Average Train Loss: 0.0071, LR: 0.000200
Epoch 10: Optimal threshold updated to = 0.1760
Fold 3, Epoch 10, Current decision threshold: 0.1760
Fold 3, Epoch 10/1000, Validation Loss: 0.0068, Accuracy: 0.9933
Fold 3, Epoch 10/1000, Precision: 0.8410, Recall: 0.8956, F1-Score: 0.8674, AUC: 0.9969, AUPR: 0.8916
New best model saved, F1: 0.8674, AUC: 0.9969, AUPR: 0.8916
Fold 3, Epoch: 11/1000, Batch: 854, Loss: 0.0049
Fold 3, Epoch 11/1000, Average Train Loss: 0.0067, LR: 0.000200
Fold 3, Epoch 11, Current decision threshold: 0.1760
Fold 3, Epoch 11/1000, Validation Loss: 0.0072, Accuracy: 0.9936
Fold 3, Epoch 11/1000, Precision: 0.8608, Recall: 0.8790, F1-Score: 0.8698, AUC: 0.9970, AUPR: 0.9014
New best model saved, F1: 0.8698, AUC: 0.9970, AUPR: 0.9014
Fold 3, Epoch: 12/1000, Batch: 854, Loss: 0.0046
Fold 3, Epoch 12/1000, Average Train Loss: 0.0064, LR: 0.000200
Fold 3, Epoch 12, Current decision threshold: 0.1760
Fold 3, Epoch 12/1000, Validation Loss: 0.0062, Accuracy: 0.9935
Fold 3, Epoch 12/1000, Precision: 0.8374, Recall: 0.9098, F1-Score: 0.8721, AUC: 0.9971, AUPR: 0.9004
No improvement, patience counter: 1/25
Fold 3, Epoch: 13/1000, Batch: 854, Loss: 0.0067
Fold 3, Epoch 13/1000, Average Train Loss: 0.0063, LR: 0.000200
Fold 3, Epoch 13, Current decision threshold: 0.1760
Fold 3, Epoch 13/1000, Validation Loss: 0.0062, Accuracy: 0.9935
Fold 3, Epoch 13/1000, Precision: 0.8384, Recall: 0.9082, F1-Score: 0.8719, AUC: 0.9971, AUPR: 0.8996
No improvement, patience counter: 2/25
Fold 3, Epoch: 14/1000, Batch: 854, Loss: 0.0073
Fold 3, Epoch 14/1000, Average Train Loss: 0.0060, LR: 0.000200
Fold 3, Epoch 14, Current decision threshold: 0.1760
Fold 3, Epoch 14/1000, Validation Loss: 0.0056, Accuracy: 0.9941
Fold 3, Epoch 14/1000, Precision: 0.8459, Recall: 0.9273, F1-Score: 0.8847, AUC: 0.9973, AUPR: 0.9128
New best model saved, F1: 0.8847, AUC: 0.9973, AUPR: 0.9128
Fold 3, Epoch: 15/1000, Batch: 854, Loss: 0.0077
Fold 3, Epoch 15/1000, Average Train Loss: 0.0058, LR: 0.000200
Epoch 15: Optimal threshold updated to = 0.1646
Fold 3, Epoch 15, Current decision threshold: 0.1646
Fold 3, Epoch 15/1000, Validation Loss: 0.0069, Accuracy: 0.9944
Fold 3, Epoch 15/1000, Precision: 0.8723, Recall: 0.9021, F1-Score: 0.8870, AUC: 0.9974, AUPR: 0.9172
New best model saved, F1: 0.8870, AUC: 0.9974, AUPR: 0.9172
Fold 3, Epoch: 16/1000, Batch: 854, Loss: 0.0036
Fold 3, Epoch 16/1000, Average Train Loss: 0.0056, LR: 0.000200
Fold 3, Epoch 16, Current decision threshold: 0.1646
Fold 3, Epoch 16/1000, Validation Loss: 0.0067, Accuracy: 0.9948
Fold 3, Epoch 16/1000, Precision: 0.8862, Recall: 0.9013, F1-Score: 0.8937, AUC: 0.9976, AUPR: 0.9295
New best model saved, F1: 0.8937, AUC: 0.9976, AUPR: 0.9295
Fold 3, Epoch: 17/1000, Batch: 854, Loss: 0.0107
Fold 3, Epoch 17/1000, Average Train Loss: 0.0055, LR: 0.000200
Fold 3, Epoch 17, Current decision threshold: 0.1646
Fold 3, Epoch 17/1000, Validation Loss: 0.0066, Accuracy: 0.9947
Fold 3, Epoch 17/1000, Precision: 0.8824, Recall: 0.9050, F1-Score: 0.8935, AUC: 0.9976, AUPR: 0.9249
No improvement, patience counter: 1/25
Fold 3, Epoch: 18/1000, Batch: 854, Loss: 0.0086
Fold 3, Epoch 18/1000, Average Train Loss: 0.0053, LR: 0.000200
Fold 3, Epoch 18, Current decision threshold: 0.1646
Fold 3, Epoch 18/1000, Validation Loss: 0.0057, Accuracy: 0.9943
Fold 3, Epoch 18/1000, Precision: 0.8534, Recall: 0.9249, F1-Score: 0.8877, AUC: 0.9976, AUPR: 0.9265
No improvement, patience counter: 2/25
Fold 3, Epoch: 19/1000, Batch: 854, Loss: 0.0062
Fold 3, Epoch 19/1000, Average Train Loss: 0.0052, LR: 0.000200
Fold 3, Epoch 19, Current decision threshold: 0.1646
Fold 3, Epoch 19/1000, Validation Loss: 0.0069, Accuracy: 0.9952
Fold 3, Epoch 19/1000, Precision: 0.9067, Recall: 0.8960, F1-Score: 0.9013, AUC: 0.9980, AUPR: 0.9311
New best model saved, F1: 0.9013, AUC: 0.9980, AUPR: 0.9311
Fold 3, Epoch: 20/1000, Batch: 854, Loss: 0.0105
Fold 3, Epoch 20/1000, Average Train Loss: 0.0050, LR: 0.000200
Epoch 20: Optimal threshold updated to = 0.1624
Fold 3, Epoch 20, Current decision threshold: 0.1624
Fold 3, Epoch 20/1000, Validation Loss: 0.0066, Accuracy: 0.9953
Fold 3, Epoch 20/1000, Precision: 0.8994, Recall: 0.9115, F1-Score: 0.9054, AUC: 0.9975, AUPR: 0.9357
New best model saved, F1: 0.9054, AUC: 0.9975, AUPR: 0.9357
Fold 3, Epoch: 21/1000, Batch: 854, Loss: 0.0027
Fold 3, Epoch 21/1000, Average Train Loss: 0.0049, LR: 0.000200
Fold 3, Epoch 21, Current decision threshold: 0.1624
Fold 3, Epoch 21/1000, Validation Loss: 0.0069, Accuracy: 0.9950
Fold 3, Epoch 21/1000, Precision: 0.9005, Recall: 0.8932, F1-Score: 0.8968, AUC: 0.9977, AUPR: 0.9363
No improvement, patience counter: 1/25
Fold 3, Epoch: 22/1000, Batch: 854, Loss: 0.0021
Fold 3, Epoch 22/1000, Average Train Loss: 0.0048, LR: 0.000200
Fold 3, Epoch 22, Current decision threshold: 0.1624
Fold 3, Epoch 22/1000, Validation Loss: 0.0059, Accuracy: 0.9955
Fold 3, Epoch 22/1000, Precision: 0.8918, Recall: 0.9277, F1-Score: 0.9094, AUC: 0.9978, AUPR: 0.9406
New best model saved, F1: 0.9094, AUC: 0.9978, AUPR: 0.9406
Fold 3, Epoch: 23/1000, Batch: 854, Loss: 0.0045
Fold 3, Epoch 23/1000, Average Train Loss: 0.0047, LR: 0.000200
Fold 3, Epoch 23, Current decision threshold: 0.1624
Fold 3, Epoch 23/1000, Validation Loss: 0.0071, Accuracy: 0.9954
Fold 3, Epoch 23/1000, Precision: 0.9175, Recall: 0.8940, F1-Score: 0.9056, AUC: 0.9979, AUPR: 0.9440
New best model saved, F1: 0.9056, AUC: 0.9979, AUPR: 0.9440
Fold 3, Epoch: 24/1000, Batch: 854, Loss: 0.0052
Fold 3, Epoch 24/1000, Average Train Loss: 0.0046, LR: 0.000200
Fold 3, Epoch 24, Current decision threshold: 0.1624
Fold 3, Epoch 24/1000, Validation Loss: 0.0093, Accuracy: 0.9946
Fold 3, Epoch 24/1000, Precision: 0.9338, Recall: 0.8371, F1-Score: 0.8828, AUC: 0.9978, AUPR: 0.9408
No improvement, patience counter: 1/25
Fold 3, Epoch: 25/1000, Batch: 854, Loss: 0.0061
Fold 3, Epoch 25/1000, Average Train Loss: 0.0044, LR: 0.000200
Epoch 25: Optimal threshold updated to = 0.0945
Fold 3, Epoch 25, Current decision threshold: 0.0945
Fold 3, Epoch 25/1000, Validation Loss: 0.0072, Accuracy: 0.9955
Fold 3, Epoch 25/1000, Precision: 0.8826, Recall: 0.9407, F1-Score: 0.9107, AUC: 0.9979, AUPR: 0.9438
New best model saved, F1: 0.9107, AUC: 0.9979, AUPR: 0.9438
Fold 3, Epoch: 26/1000, Batch: 854, Loss: 0.0039
Fold 3, Epoch 26/1000, Average Train Loss: 0.0043, LR: 0.000200
Fold 3, Epoch 26, Current decision threshold: 0.0945
Fold 3, Epoch 26/1000, Validation Loss: 0.0067, Accuracy: 0.9951
Fold 3, Epoch 26/1000, Precision: 0.8686, Recall: 0.9395, F1-Score: 0.9026, AUC: 0.9979, AUPR: 0.9458
No improvement, patience counter: 1/25
Fold 3, Epoch: 27/1000, Batch: 854, Loss: 0.0022
Fold 3, Epoch 27/1000, Average Train Loss: 0.0043, LR: 0.000200
Fold 3, Epoch 27, Current decision threshold: 0.0945
Fold 3, Epoch 27/1000, Validation Loss: 0.0063, Accuracy: 0.9947
Fold 3, Epoch 27/1000, Precision: 0.8509, Recall: 0.9500, F1-Score: 0.8977, AUC: 0.9977, AUPR: 0.9471
New best model saved, F1: 0.8977, AUC: 0.9977, AUPR: 0.9471
Fold 3, Epoch: 28/1000, Batch: 854, Loss: 0.0014
Fold 3, Epoch 28/1000, Average Train Loss: 0.0041, LR: 0.000200
Fold 3, Epoch 28, Current decision threshold: 0.0945
Fold 3, Epoch 28/1000, Validation Loss: 0.0082, Accuracy: 0.9959
Fold 3, Epoch 28/1000, Precision: 0.9080, Recall: 0.9261, F1-Score: 0.9170, AUC: 0.9979, AUPR: 0.9483
New best model saved, F1: 0.9170, AUC: 0.9979, AUPR: 0.9483
Fold 3, Epoch: 29/1000, Batch: 854, Loss: 0.0057
Fold 3, Epoch 29/1000, Average Train Loss: 0.0041, LR: 0.000200
Fold 3, Epoch 29, Current decision threshold: 0.0945
Fold 3, Epoch 29/1000, Validation Loss: 0.0075, Accuracy: 0.9953
Fold 3, Epoch 29/1000, Precision: 0.8845, Recall: 0.9297, F1-Score: 0.9065, AUC: 0.9981, AUPR: 0.9480
No improvement, patience counter: 1/25
Fold 3, Epoch: 30/1000, Batch: 854, Loss: 0.0028
Fold 3, Epoch 30/1000, Average Train Loss: 0.0039, LR: 0.000200
Epoch 30: Optimal threshold updated to = 0.1681
Fold 3, Epoch 30, Current decision threshold: 0.1681
Fold 3, Epoch 30/1000, Validation Loss: 0.0056, Accuracy: 0.9957
Fold 3, Epoch 30/1000, Precision: 0.9025, Recall: 0.9253, F1-Score: 0.9138, AUC: 0.9980, AUPR: 0.9485
No improvement, patience counter: 2/25
Fold 3, Epoch: 31/1000, Batch: 854, Loss: 0.0060
Fold 3, Epoch 31/1000, Average Train Loss: 0.0039, LR: 0.000200
Fold 3, Epoch 31, Current decision threshold: 0.1681
Fold 3, Epoch 31/1000, Validation Loss: 0.0062, Accuracy: 0.9954
Fold 3, Epoch 31/1000, Precision: 0.9058, Recall: 0.9058, F1-Score: 0.9058, AUC: 0.9978, AUPR: 0.9470
No improvement, patience counter: 3/25
Fold 3, Epoch: 32/1000, Batch: 854, Loss: 0.0039
Fold 3, Epoch 32/1000, Average Train Loss: 0.0038, LR: 0.000200
Fold 3, Epoch 32, Current decision threshold: 0.1681
Fold 3, Epoch 32/1000, Validation Loss: 0.0073, Accuracy: 0.9957
Fold 3, Epoch 32/1000, Precision: 0.9327, Recall: 0.8891, F1-Score: 0.9104, AUC: 0.9980, AUPR: 0.9540
New best model saved, F1: 0.9104, AUC: 0.9980, AUPR: 0.9540
Fold 3, Epoch: 33/1000, Batch: 854, Loss: 0.0027
Fold 3, Epoch 33/1000, Average Train Loss: 0.0038, LR: 0.000200
Fold 3, Epoch 33, Current decision threshold: 0.1681
Fold 3, Epoch 33/1000, Validation Loss: 0.0062, Accuracy: 0.9959
Fold 3, Epoch 33/1000, Precision: 0.9154, Recall: 0.9147, F1-Score: 0.9151, AUC: 0.9980, AUPR: 0.9525
No improvement, patience counter: 1/25
Fold 3, Epoch: 34/1000, Batch: 854, Loss: 0.0109
Fold 3, Epoch 34/1000, Average Train Loss: 0.0037, LR: 0.000200
Fold 3, Epoch 34, Current decision threshold: 0.1681
Fold 3, Epoch 34/1000, Validation Loss: 0.0078, Accuracy: 0.9958
Fold 3, Epoch 34/1000, Precision: 0.9445, Recall: 0.8781, F1-Score: 0.9101, AUC: 0.9981, AUPR: 0.9537
No improvement, patience counter: 2/25
Fold 3, Epoch: 35/1000, Batch: 854, Loss: 0.0032
Fold 3, Epoch 35/1000, Average Train Loss: 0.0036, LR: 0.000200
Epoch 35: Optimal threshold updated to = 0.1431
Fold 3, Epoch 35, Current decision threshold: 0.1431
Fold 3, Epoch 35/1000, Validation Loss: 0.0071, Accuracy: 0.9958
Fold 3, Epoch 35/1000, Precision: 0.9169, Recall: 0.9094, F1-Score: 0.9131, AUC: 0.9978, AUPR: 0.9500
No improvement, patience counter: 3/25
Fold 3, Epoch: 36/1000, Batch: 854, Loss: 0.0034
Fold 3, Epoch 36/1000, Average Train Loss: 0.0035, LR: 0.000200
Fold 3, Epoch 36, Current decision threshold: 0.1431
Fold 3, Epoch 36/1000, Validation Loss: 0.0088, Accuracy: 0.9953
Fold 3, Epoch 36/1000, Precision: 0.9364, Recall: 0.8676, F1-Score: 0.9007, AUC: 0.9979, AUPR: 0.9467
No improvement, patience counter: 4/25
Fold 3, Epoch: 37/1000, Batch: 854, Loss: 0.0026
Fold 3, Epoch 37/1000, Average Train Loss: 0.0030, LR: 0.000100
Fold 3, Epoch 37, Current decision threshold: 0.1431
Fold 3, Epoch 37/1000, Validation Loss: 0.0067, Accuracy: 0.9962
Fold 3, Epoch 37/1000, Precision: 0.9247, Recall: 0.9175, F1-Score: 0.9211, AUC: 0.9980, AUPR: 0.9550
New best model saved, F1: 0.9211, AUC: 0.9980, AUPR: 0.9550
Fold 3, Epoch: 38/1000, Batch: 854, Loss: 0.0035
Fold 3, Epoch 38/1000, Average Train Loss: 0.0030, LR: 0.000100
Fold 3, Epoch 38, Current decision threshold: 0.1431
Fold 3, Epoch 38/1000, Validation Loss: 0.0077, Accuracy: 0.9959
Fold 3, Epoch 38/1000, Precision: 0.9383, Recall: 0.8899, F1-Score: 0.9135, AUC: 0.9982, AUPR: 0.9562
No improvement, patience counter: 1/25
Fold 3, Epoch: 39/1000, Batch: 854, Loss: 0.0018
Fold 3, Epoch 39/1000, Average Train Loss: 0.0029, LR: 0.000100
Fold 3, Epoch 39, Current decision threshold: 0.1431
Fold 3, Epoch 39/1000, Validation Loss: 0.0083, Accuracy: 0.9960
Fold 3, Epoch 39/1000, Precision: 0.9439, Recall: 0.8887, F1-Score: 0.9155, AUC: 0.9981, AUPR: 0.9565
New best model saved, F1: 0.9155, AUC: 0.9981, AUPR: 0.9565
Fold 3, Epoch: 40/1000, Batch: 854, Loss: 0.0031
Fold 3, Epoch 40/1000, Average Train Loss: 0.0028, LR: 0.000100
Epoch 40: Optimal threshold updated to = 0.1553
Fold 3, Epoch 40, Current decision threshold: 0.1553
Fold 3, Epoch 40/1000, Validation Loss: 0.0064, Accuracy: 0.9963
Fold 3, Epoch 40/1000, Precision: 0.9282, Recall: 0.9192, F1-Score: 0.9237, AUC: 0.9980, AUPR: 0.9572
New best model saved, F1: 0.9237, AUC: 0.9980, AUPR: 0.9572
Fold 3, Epoch: 41/1000, Batch: 854, Loss: 0.0030
Fold 3, Epoch 41/1000, Average Train Loss: 0.0028, LR: 0.000100
Fold 3, Epoch 41, Current decision threshold: 0.1553
Fold 3, Epoch 41/1000, Validation Loss: 0.0078, Accuracy: 0.9960
Fold 3, Epoch 41/1000, Precision: 0.9418, Recall: 0.8932, F1-Score: 0.9168, AUC: 0.9981, AUPR: 0.9577
No improvement, patience counter: 1/25
Fold 3, Epoch: 42/1000, Batch: 854, Loss: 0.0026
Fold 3, Epoch 42/1000, Average Train Loss: 0.0028, LR: 0.000100
Fold 3, Epoch 42, Current decision threshold: 0.1553
Fold 3, Epoch 42/1000, Validation Loss: 0.0086, Accuracy: 0.9957
Fold 3, Epoch 42/1000, Precision: 0.9510, Recall: 0.8680, F1-Score: 0.9076, AUC: 0.9980, AUPR: 0.9555
No improvement, patience counter: 2/25
Fold 3, Epoch: 43/1000, Batch: 854, Loss: 0.0026
Fold 3, Epoch 43/1000, Average Train Loss: 0.0027, LR: 0.000100
Fold 3, Epoch 43, Current decision threshold: 0.1553
Fold 3, Epoch 43/1000, Validation Loss: 0.0076, Accuracy: 0.9963
Fold 3, Epoch 43/1000, Precision: 0.9503, Recall: 0.8932, F1-Score: 0.9209, AUC: 0.9983, AUPR: 0.9616
New best model saved, F1: 0.9209, AUC: 0.9983, AUPR: 0.9616
Fold 3, Epoch: 44/1000, Batch: 854, Loss: 0.0018
Fold 3, Epoch 44/1000, Average Train Loss: 0.0027, LR: 0.000100
Fold 3, Epoch 44, Current decision threshold: 0.1553
Fold 3, Epoch 44/1000, Validation Loss: 0.0078, Accuracy: 0.9959
Fold 3, Epoch 44/1000, Precision: 0.9442, Recall: 0.8863, F1-Score: 0.9143, AUC: 0.9981, AUPR: 0.9571
No improvement, patience counter: 1/25
Fold 3, Epoch: 45/1000, Batch: 854, Loss: 0.0021
Fold 3, Epoch 45/1000, Average Train Loss: 0.0026, LR: 0.000100
Epoch 45: Optimal threshold updated to = 0.0764
Fold 3, Epoch 45, Current decision threshold: 0.0764
Fold 3, Epoch 45/1000, Validation Loss: 0.0088, Accuracy: 0.9964
Fold 3, Epoch 45/1000, Precision: 0.9278, Recall: 0.9240, F1-Score: 0.9259, AUC: 0.9982, AUPR: 0.9578
No improvement, patience counter: 2/25
Fold 3, Epoch: 46/1000, Batch: 854, Loss: 0.0025
Fold 3, Epoch 46/1000, Average Train Loss: 0.0027, LR: 0.000100
Fold 3, Epoch 46, Current decision threshold: 0.0764
Fold 3, Epoch 46/1000, Validation Loss: 0.0087, Accuracy: 0.9962
Fold 3, Epoch 46/1000, Precision: 0.9206, Recall: 0.9232, F1-Score: 0.9219, AUC: 0.9982, AUPR: 0.9595
No improvement, patience counter: 3/25
Fold 3, Epoch: 47/1000, Batch: 854, Loss: 0.0029
Fold 3, Epoch 47/1000, Average Train Loss: 0.0026, LR: 0.000100
Fold 3, Epoch 47, Current decision threshold: 0.0764
Fold 3, Epoch 47/1000, Validation Loss: 0.0078, Accuracy: 0.9962
Fold 3, Epoch 47/1000, Precision: 0.9093, Recall: 0.9362, F1-Score: 0.9226, AUC: 0.9982, AUPR: 0.9602
No improvement, patience counter: 4/25
Fold 3, Epoch: 48/1000, Batch: 854, Loss: 0.0024
Fold 3, Epoch 48/1000, Average Train Loss: 0.0024, LR: 0.000050
Fold 3, Epoch 48, Current decision threshold: 0.0764
Fold 3, Epoch 48/1000, Validation Loss: 0.0085, Accuracy: 0.9961
Fold 3, Epoch 48/1000, Precision: 0.9212, Recall: 0.9208, F1-Score: 0.9210, AUC: 0.9983, AUPR: 0.9606
No improvement, patience counter: 5/25
Fold 3, Epoch: 49/1000, Batch: 854, Loss: 0.0030
Fold 3, Epoch 49/1000, Average Train Loss: 0.0023, LR: 0.000050
Fold 3, Epoch 49, Current decision threshold: 0.0764
Fold 3, Epoch 49/1000, Validation Loss: 0.0070, Accuracy: 0.9961
Fold 3, Epoch 49/1000, Precision: 0.9039, Recall: 0.9395, F1-Score: 0.9213, AUC: 0.9983, AUPR: 0.9628
New best model saved, F1: 0.9213, AUC: 0.9983, AUPR: 0.9628
Fold 3, Epoch: 50/1000, Batch: 854, Loss: 0.0013
Fold 3, Epoch 50/1000, Average Train Loss: 0.0024, LR: 0.000050
Epoch 50: Optimal threshold updated to = 0.0883
Fold 3, Epoch 50, Current decision threshold: 0.0883
Fold 3, Epoch 50/1000, Validation Loss: 0.0085, Accuracy: 0.9965
Fold 3, Epoch 50/1000, Precision: 0.9360, Recall: 0.9204, F1-Score: 0.9281, AUC: 0.9983, AUPR: 0.9618
New best model saved, F1: 0.9281, AUC: 0.9983, AUPR: 0.9618
Fold 3, Epoch: 51/1000, Batch: 854, Loss: 0.0009
Fold 3, Epoch 51/1000, Average Train Loss: 0.0023, LR: 0.000050
Fold 3, Epoch 51, Current decision threshold: 0.0883
Fold 3, Epoch 51/1000, Validation Loss: 0.0073, Accuracy: 0.9963
Fold 3, Epoch 51/1000, Precision: 0.9188, Recall: 0.9285, F1-Score: 0.9236, AUC: 0.9983, AUPR: 0.9622
No improvement, patience counter: 1/25
Fold 3, Epoch: 52/1000, Batch: 854, Loss: 0.0008
Fold 3, Epoch 52/1000, Average Train Loss: 0.0023, LR: 0.000050
Fold 3, Epoch 52, Current decision threshold: 0.0883
Fold 3, Epoch 52/1000, Validation Loss: 0.0073, Accuracy: 0.9962
Fold 3, Epoch 52/1000, Precision: 0.9160, Recall: 0.9301, F1-Score: 0.9230, AUC: 0.9983, AUPR: 0.9622
No improvement, patience counter: 2/25
Fold 3, Epoch: 53/1000, Batch: 854, Loss: 0.0028
Fold 3, Epoch 53/1000, Average Train Loss: 0.0023, LR: 0.000050
Fold 3, Epoch 53, Current decision threshold: 0.0883
Fold 3, Epoch 53/1000, Validation Loss: 0.0082, Accuracy: 0.9964
Fold 3, Epoch 53/1000, Precision: 0.9325, Recall: 0.9196, F1-Score: 0.9260, AUC: 0.9983, AUPR: 0.9628
New best model saved, F1: 0.9260, AUC: 0.9983, AUPR: 0.9628
Fold 3, Epoch: 54/1000, Batch: 854, Loss: 0.0021
Fold 3, Epoch 54/1000, Average Train Loss: 0.0022, LR: 0.000050
Fold 3, Epoch 54, Current decision threshold: 0.0883
Fold 3, Epoch 54/1000, Validation Loss: 0.0079, Accuracy: 0.9966
Fold 3, Epoch 54/1000, Precision: 0.9326, Recall: 0.9269, F1-Score: 0.9297, AUC: 0.9984, AUPR: 0.9628
New best model saved, F1: 0.9297, AUC: 0.9984, AUPR: 0.9628
Fold 3, Epoch: 55/1000, Batch: 854, Loss: 0.0041
Fold 3, Epoch 55/1000, Average Train Loss: 0.0022, LR: 0.000050
Epoch 55: Optimal threshold updated to = 0.1176
Fold 3, Epoch 55, Current decision threshold: 0.1176
Fold 3, Epoch 55/1000, Validation Loss: 0.0082, Accuracy: 0.9964
Fold 3, Epoch 55/1000, Precision: 0.9492, Recall: 0.9025, F1-Score: 0.9253, AUC: 0.9984, AUPR: 0.9617
No improvement, patience counter: 1/25
Fold 3, Epoch: 56/1000, Batch: 854, Loss: 0.0043
Fold 3, Epoch 56/1000, Average Train Loss: 0.0022, LR: 0.000050
Fold 3, Epoch 56, Current decision threshold: 0.1176
Fold 3, Epoch 56/1000, Validation Loss: 0.0081, Accuracy: 0.9964
Fold 3, Epoch 56/1000, Precision: 0.9496, Recall: 0.9021, F1-Score: 0.9252, AUC: 0.9984, AUPR: 0.9631
No improvement, patience counter: 2/25
Fold 3, Epoch: 57/1000, Batch: 854, Loss: 0.0030
Fold 3, Epoch 57/1000, Average Train Loss: 0.0022, LR: 0.000050
Fold 3, Epoch 57, Current decision threshold: 0.1176
Fold 3, Epoch 57/1000, Validation Loss: 0.0079, Accuracy: 0.9965
Fold 3, Epoch 57/1000, Precision: 0.9486, Recall: 0.9078, F1-Score: 0.9278, AUC: 0.9984, AUPR: 0.9645
New best model saved, F1: 0.9278, AUC: 0.9984, AUPR: 0.9645
Fold 3, Epoch: 58/1000, Batch: 854, Loss: 0.0022
Fold 3, Epoch 58/1000, Average Train Loss: 0.0022, LR: 0.000050
Fold 3, Epoch 58, Current decision threshold: 0.1176
Fold 3, Epoch 58/1000, Validation Loss: 0.0089, Accuracy: 0.9963
Fold 3, Epoch 58/1000, Precision: 0.9555, Recall: 0.8903, F1-Score: 0.9218, AUC: 0.9984, AUPR: 0.9632
No improvement, patience counter: 1/25
Fold 3, Epoch: 59/1000, Batch: 854, Loss: 0.0014
Fold 3, Epoch 59/1000, Average Train Loss: 0.0021, LR: 0.000050
Fold 3, Epoch 59, Current decision threshold: 0.1176
Fold 3, Epoch 59/1000, Validation Loss: 0.0082, Accuracy: 0.9963
Fold 3, Epoch 59/1000, Precision: 0.9466, Recall: 0.8993, F1-Score: 0.9223, AUC: 0.9984, AUPR: 0.9629
No improvement, patience counter: 2/25
Fold 3, Epoch: 60/1000, Batch: 854, Loss: 0.0050
Fold 3, Epoch 60/1000, Average Train Loss: 0.0022, LR: 0.000050
Epoch 60: Optimal threshold updated to = 0.0931
Fold 3, Epoch 60, Current decision threshold: 0.0931
Fold 3, Epoch 60/1000, Validation Loss: 0.0074, Accuracy: 0.9966
Fold 3, Epoch 60/1000, Precision: 0.9298, Recall: 0.9314, F1-Score: 0.9306, AUC: 0.9984, AUPR: 0.9637
No improvement, patience counter: 3/25
Fold 3, Epoch: 61/1000, Batch: 854, Loss: 0.0014
Fold 3, Epoch 61/1000, Average Train Loss: 0.0021, LR: 0.000050
Fold 3, Epoch 61, Current decision threshold: 0.0931
Fold 3, Epoch 61/1000, Validation Loss: 0.0074, Accuracy: 0.9966
Fold 3, Epoch 61/1000, Precision: 0.9311, Recall: 0.9281, F1-Score: 0.9296, AUC: 0.9984, AUPR: 0.9650
New best model saved, F1: 0.9296, AUC: 0.9984, AUPR: 0.9650
Fold 3, Epoch: 62/1000, Batch: 854, Loss: 0.0055
Fold 3, Epoch 62/1000, Average Train Loss: 0.0022, LR: 0.000050
Fold 3, Epoch 62, Current decision threshold: 0.0931
Fold 3, Epoch 62/1000, Validation Loss: 0.0083, Accuracy: 0.9963
Fold 3, Epoch 62/1000, Precision: 0.9361, Recall: 0.9106, F1-Score: 0.9232, AUC: 0.9984, AUPR: 0.9651
No improvement, patience counter: 1/25
Fold 3, Epoch: 63/1000, Batch: 854, Loss: 0.0046
Fold 3, Epoch 63/1000, Average Train Loss: 0.0021, LR: 0.000050
Fold 3, Epoch 63, Current decision threshold: 0.0931
Fold 3, Epoch 63/1000, Validation Loss: 0.0076, Accuracy: 0.9963
Fold 3, Epoch 63/1000, Precision: 0.9273, Recall: 0.9224, F1-Score: 0.9249, AUC: 0.9984, AUPR: 0.9642
No improvement, patience counter: 2/25
Fold 3, Epoch: 64/1000, Batch: 854, Loss: 0.0035
Fold 3, Epoch 64/1000, Average Train Loss: 0.0021, LR: 0.000050
Fold 3, Epoch 64, Current decision threshold: 0.0931
Fold 3, Epoch 64/1000, Validation Loss: 0.0076, Accuracy: 0.9965
Fold 3, Epoch 64/1000, Precision: 0.9308, Recall: 0.9236, F1-Score: 0.9272, AUC: 0.9985, AUPR: 0.9655
No improvement, patience counter: 3/25
Fold 3, Epoch: 65/1000, Batch: 854, Loss: 0.0025
Fold 3, Epoch 65/1000, Average Train Loss: 0.0021, LR: 0.000050
Epoch 65: Optimal threshold updated to = 0.1137
Fold 3, Epoch 65, Current decision threshold: 0.1137
Fold 3, Epoch 65/1000, Validation Loss: 0.0078, Accuracy: 0.9965
Fold 3, Epoch 65/1000, Precision: 0.9449, Recall: 0.9119, F1-Score: 0.9281, AUC: 0.9984, AUPR: 0.9655
New best model saved, F1: 0.9281, AUC: 0.9984, AUPR: 0.9655
Fold 3, Epoch: 66/1000, Batch: 854, Loss: 0.0007
Fold 3, Epoch 66/1000, Average Train Loss: 0.0021, LR: 0.000050
Fold 3, Epoch 66, Current decision threshold: 0.1137
Fold 3, Epoch 66/1000, Validation Loss: 0.0078, Accuracy: 0.9964
Fold 3, Epoch 66/1000, Precision: 0.9439, Recall: 0.9086, F1-Score: 0.9259, AUC: 0.9984, AUPR: 0.9654
No improvement, patience counter: 1/25
Fold 3, Epoch: 67/1000, Batch: 854, Loss: 0.0038
Fold 3, Epoch 67/1000, Average Train Loss: 0.0021, LR: 0.000050
Fold 3, Epoch 67, Current decision threshold: 0.1137
Fold 3, Epoch 67/1000, Validation Loss: 0.0077, Accuracy: 0.9965
Fold 3, Epoch 67/1000, Precision: 0.9437, Recall: 0.9115, F1-Score: 0.9273, AUC: 0.9984, AUPR: 0.9658
New best model saved, F1: 0.9273, AUC: 0.9984, AUPR: 0.9658
Fold 3, Epoch: 68/1000, Batch: 854, Loss: 0.0012
Fold 3, Epoch 68/1000, Average Train Loss: 0.0020, LR: 0.000050
Fold 3, Epoch 68, Current decision threshold: 0.1137
Fold 3, Epoch 68/1000, Validation Loss: 0.0077, Accuracy: 0.9965
Fold 3, Epoch 68/1000, Precision: 0.9418, Recall: 0.9135, F1-Score: 0.9274, AUC: 0.9985, AUPR: 0.9662
New best model saved, F1: 0.9274, AUC: 0.9985, AUPR: 0.9662
Fold 3, Epoch: 69/1000, Batch: 854, Loss: 0.0011
Fold 3, Epoch 69/1000, Average Train Loss: 0.0020, LR: 0.000050
Fold 3, Epoch 69, Current decision threshold: 0.1137
Fold 3, Epoch 69/1000, Validation Loss: 0.0079, Accuracy: 0.9966
Fold 3, Epoch 69/1000, Precision: 0.9483, Recall: 0.9094, F1-Score: 0.9285, AUC: 0.9985, AUPR: 0.9660
New best model saved, F1: 0.9285, AUC: 0.9985, AUPR: 0.9660
Fold 3, Epoch: 70/1000, Batch: 854, Loss: 0.0016
Fold 3, Epoch 70/1000, Average Train Loss: 0.0020, LR: 0.000050
Epoch 70: Optimal threshold updated to = 0.0857
Fold 3, Epoch 70, Current decision threshold: 0.0857
Fold 3, Epoch 70/1000, Validation Loss: 0.0074, Accuracy: 0.9967
Fold 3, Epoch 70/1000, Precision: 0.9308, Recall: 0.9338, F1-Score: 0.9323, AUC: 0.9985, AUPR: 0.9661
New best model saved, F1: 0.9323, AUC: 0.9985, AUPR: 0.9661
Fold 3, Epoch: 71/1000, Batch: 854, Loss: 0.0030
Fold 3, Epoch 71/1000, Average Train Loss: 0.0020, LR: 0.000050
Fold 3, Epoch 71, Current decision threshold: 0.0857
Fold 3, Epoch 71/1000, Validation Loss: 0.0084, Accuracy: 0.9965
Fold 3, Epoch 71/1000, Precision: 0.9403, Recall: 0.9143, F1-Score: 0.9271, AUC: 0.9985, AUPR: 0.9657
No improvement, patience counter: 1/25
Fold 3, Epoch: 72/1000, Batch: 854, Loss: 0.0014
Fold 3, Epoch 72/1000, Average Train Loss: 0.0020, LR: 0.000050
Fold 3, Epoch 72, Current decision threshold: 0.0857
Fold 3, Epoch 72/1000, Validation Loss: 0.0072, Accuracy: 0.9965
Fold 3, Epoch 72/1000, Precision: 0.9226, Recall: 0.9350, F1-Score: 0.9288, AUC: 0.9984, AUPR: 0.9651
No improvement, patience counter: 2/25
Fold 3, Epoch: 73/1000, Batch: 854, Loss: 0.0024
Fold 3, Epoch 73/1000, Average Train Loss: 0.0020, LR: 0.000050
Fold 3, Epoch 73, Current decision threshold: 0.0857
Fold 3, Epoch 73/1000, Validation Loss: 0.0089, Accuracy: 0.9964
Fold 3, Epoch 73/1000, Precision: 0.9371, Recall: 0.9135, F1-Score: 0.9251, AUC: 0.9985, AUPR: 0.9635
No improvement, patience counter: 3/25
Fold 3, Epoch: 74/1000, Batch: 854, Loss: 0.0033
Fold 3, Epoch 74/1000, Average Train Loss: 0.0020, LR: 0.000050
Fold 3, Epoch 74, Current decision threshold: 0.0857
Fold 3, Epoch 74/1000, Validation Loss: 0.0078, Accuracy: 0.9967
Fold 3, Epoch 74/1000, Precision: 0.9364, Recall: 0.9269, F1-Score: 0.9316, AUC: 0.9986, AUPR: 0.9665
New best model saved, F1: 0.9316, AUC: 0.9986, AUPR: 0.9665
Fold 3, Epoch: 75/1000, Batch: 854, Loss: 0.0030
Fold 3, Epoch 75/1000, Average Train Loss: 0.0020, LR: 0.000050
Epoch 75: Optimal threshold updated to = 0.0981
Fold 3, Epoch 75, Current decision threshold: 0.0981
Fold 3, Epoch 75/1000, Validation Loss: 0.0071, Accuracy: 0.9967
Fold 3, Epoch 75/1000, Precision: 0.9341, Recall: 0.9322, F1-Score: 0.9331, AUC: 0.9985, AUPR: 0.9673
New best model saved, F1: 0.9331, AUC: 0.9985, AUPR: 0.9673
Fold 3, Epoch: 76/1000, Batch: 854, Loss: 0.0010
Fold 3, Epoch 76/1000, Average Train Loss: 0.0020, LR: 0.000050
Fold 3, Epoch 76, Current decision threshold: 0.0981
Fold 3, Epoch 76/1000, Validation Loss: 0.0081, Accuracy: 0.9966
Fold 3, Epoch 76/1000, Precision: 0.9419, Recall: 0.9159, F1-Score: 0.9287, AUC: 0.9985, AUPR: 0.9651
No improvement, patience counter: 1/25
Fold 3, Epoch: 77/1000, Batch: 854, Loss: 0.0024
Fold 3, Epoch 77/1000, Average Train Loss: 0.0019, LR: 0.000050
Fold 3, Epoch 77, Current decision threshold: 0.0981
Fold 3, Epoch 77/1000, Validation Loss: 0.0087, Accuracy: 0.9965
Fold 3, Epoch 77/1000, Precision: 0.9467, Recall: 0.9098, F1-Score: 0.9279, AUC: 0.9986, AUPR: 0.9666
No improvement, patience counter: 2/25
Fold 3, Epoch: 78/1000, Batch: 854, Loss: 0.0015
Fold 3, Epoch 78/1000, Average Train Loss: 0.0020, LR: 0.000050
Fold 3, Epoch 78, Current decision threshold: 0.0981
Fold 3, Epoch 78/1000, Validation Loss: 0.0081, Accuracy: 0.9966
Fold 3, Epoch 78/1000, Precision: 0.9439, Recall: 0.9159, F1-Score: 0.9297, AUC: 0.9984, AUPR: 0.9670
No improvement, patience counter: 3/25
Fold 3, Epoch: 79/1000, Batch: 854, Loss: 0.0016
Fold 3, Epoch 79/1000, Average Train Loss: 0.0019, LR: 0.000050
Fold 3, Epoch 79, Current decision threshold: 0.0981
Fold 3, Epoch 79/1000, Validation Loss: 0.0075, Accuracy: 0.9966
Fold 3, Epoch 79/1000, Precision: 0.9354, Recall: 0.9228, F1-Score: 0.9291, AUC: 0.9985, AUPR: 0.9651
No improvement, patience counter: 4/25
Fold 3, Epoch: 80/1000, Batch: 854, Loss: 0.0007
Fold 3, Epoch 80/1000, Average Train Loss: 0.0018, LR: 0.000025
Epoch 80: Optimal threshold updated to = 0.0785
Fold 3, Epoch 80, Current decision threshold: 0.0785
Fold 3, Epoch 80/1000, Validation Loss: 0.0080, Accuracy: 0.9968
Fold 3, Epoch 80/1000, Precision: 0.9378, Recall: 0.9301, F1-Score: 0.9339, AUC: 0.9985, AUPR: 0.9668
No improvement, patience counter: 5/25
Fold 3, Epoch: 81/1000, Batch: 854, Loss: 0.0002
Fold 3, Epoch 81/1000, Average Train Loss: 0.0018, LR: 0.000025
Fold 3, Epoch 81, Current decision threshold: 0.0785
Fold 3, Epoch 81/1000, Validation Loss: 0.0078, Accuracy: 0.9966
Fold 3, Epoch 81/1000, Precision: 0.9313, Recall: 0.9310, F1-Score: 0.9311, AUC: 0.9985, AUPR: 0.9668
No improvement, patience counter: 6/25
Fold 3, Epoch: 82/1000, Batch: 854, Loss: 0.0007
Fold 3, Epoch 82/1000, Average Train Loss: 0.0018, LR: 0.000025
Fold 3, Epoch 82, Current decision threshold: 0.0785
Fold 3, Epoch 82/1000, Validation Loss: 0.0083, Accuracy: 0.9966
Fold 3, Epoch 82/1000, Precision: 0.9369, Recall: 0.9232, F1-Score: 0.9300, AUC: 0.9985, AUPR: 0.9673
No improvement, patience counter: 7/25
Fold 3, Epoch: 83/1000, Batch: 854, Loss: 0.0004
Fold 3, Epoch 83/1000, Average Train Loss: 0.0017, LR: 0.000025
Fold 3, Epoch 83, Current decision threshold: 0.0785
Fold 3, Epoch 83/1000, Validation Loss: 0.0082, Accuracy: 0.9967
Fold 3, Epoch 83/1000, Precision: 0.9401, Recall: 0.9240, F1-Score: 0.9320, AUC: 0.9986, AUPR: 0.9672
No improvement, patience counter: 8/25
Fold 3, Epoch: 84/1000, Batch: 854, Loss: 0.0011
Fold 3, Epoch 84/1000, Average Train Loss: 0.0017, LR: 0.000013
Fold 3, Epoch 84, Current decision threshold: 0.0785
Fold 3, Epoch 84/1000, Validation Loss: 0.0081, Accuracy: 0.9968
Fold 3, Epoch 84/1000, Precision: 0.9399, Recall: 0.9273, F1-Score: 0.9336, AUC: 0.9986, AUPR: 0.9682
New best model saved, F1: 0.9336, AUC: 0.9986, AUPR: 0.9682
Fold 3, Epoch: 85/1000, Batch: 854, Loss: 0.0051
Fold 3, Epoch 85/1000, Average Train Loss: 0.0017, LR: 0.000013
Epoch 85: Optimal threshold updated to = 0.0629
Fold 3, Epoch 85, Current decision threshold: 0.0629
Fold 3, Epoch 85/1000, Validation Loss: 0.0082, Accuracy: 0.9967
Fold 3, Epoch 85/1000, Precision: 0.9309, Recall: 0.9358, F1-Score: 0.9334, AUC: 0.9986, AUPR: 0.9677
No improvement, patience counter: 1/25
Fold 3, Epoch: 86/1000, Batch: 854, Loss: 0.0022
Fold 3, Epoch 86/1000, Average Train Loss: 0.0017, LR: 0.000013
Fold 3, Epoch 86, Current decision threshold: 0.0629
Fold 3, Epoch 86/1000, Validation Loss: 0.0082, Accuracy: 0.9966
Fold 3, Epoch 86/1000, Precision: 0.9278, Recall: 0.9338, F1-Score: 0.9308, AUC: 0.9986, AUPR: 0.9673
No improvement, patience counter: 2/25
Fold 3, Epoch: 87/1000, Batch: 854, Loss: 0.0049
Fold 3, Epoch 87/1000, Average Train Loss: 0.0017, LR: 0.000013
Fold 3, Epoch 87, Current decision threshold: 0.0629
Fold 3, Epoch 87/1000, Validation Loss: 0.0079, Accuracy: 0.9965
Fold 3, Epoch 87/1000, Precision: 0.9224, Recall: 0.9370, F1-Score: 0.9297, AUC: 0.9985, AUPR: 0.9674
No improvement, patience counter: 3/25
Fold 3, Epoch: 88/1000, Batch: 854, Loss: 0.0011
Fold 3, Epoch 88/1000, Average Train Loss: 0.0016, LR: 0.000013
Fold 3, Epoch 88, Current decision threshold: 0.0629
Fold 3, Epoch 88/1000, Validation Loss: 0.0078, Accuracy: 0.9965
Fold 3, Epoch 88/1000, Precision: 0.9218, Recall: 0.9379, F1-Score: 0.9297, AUC: 0.9986, AUPR: 0.9677
No improvement, patience counter: 4/25
Fold 3, Epoch: 89/1000, Batch: 854, Loss: 0.0018
Fold 3, Epoch 89/1000, Average Train Loss: 0.0016, LR: 0.000006
Fold 3, Epoch 89, Current decision threshold: 0.0629
Fold 3, Epoch 89/1000, Validation Loss: 0.0082, Accuracy: 0.9966
Fold 3, Epoch 89/1000, Precision: 0.9282, Recall: 0.9350, F1-Score: 0.9316, AUC: 0.9986, AUPR: 0.9676
No improvement, patience counter: 5/25
Fold 3, Epoch: 90/1000, Batch: 854, Loss: 0.0007
Fold 3, Epoch 90/1000, Average Train Loss: 0.0016, LR: 0.000006
Epoch 90: Optimal threshold updated to = 0.0698
Fold 3, Epoch 90, Current decision threshold: 0.0698
Fold 3, Epoch 90/1000, Validation Loss: 0.0079, Accuracy: 0.9968
Fold 3, Epoch 90/1000, Precision: 0.9346, Recall: 0.9346, F1-Score: 0.9346, AUC: 0.9986, AUPR: 0.9679
No improvement, patience counter: 6/25
Fold 3, Epoch: 91/1000, Batch: 854, Loss: 0.0018
Fold 3, Epoch 91/1000, Average Train Loss: 0.0016, LR: 0.000006
Fold 3, Epoch 91, Current decision threshold: 0.0698
Fold 3, Epoch 91/1000, Validation Loss: 0.0081, Accuracy: 0.9968
Fold 3, Epoch 91/1000, Precision: 0.9355, Recall: 0.9314, F1-Score: 0.9334, AUC: 0.9986, AUPR: 0.9681
No improvement, patience counter: 7/25
Fold 3, Epoch: 92/1000, Batch: 854, Loss: 0.0008
Fold 3, Epoch 92/1000, Average Train Loss: 0.0016, LR: 0.000006
Fold 3, Epoch 92, Current decision threshold: 0.0698
Fold 3, Epoch 92/1000, Validation Loss: 0.0078, Accuracy: 0.9967
Fold 3, Epoch 92/1000, Precision: 0.9311, Recall: 0.9338, F1-Score: 0.9325, AUC: 0.9986, AUPR: 0.9678
No improvement, patience counter: 8/25
Fold 3, Epoch: 93/1000, Batch: 854, Loss: 0.0012
Fold 3, Epoch 93/1000, Average Train Loss: 0.0016, LR: 0.000003
Fold 3, Epoch 93, Current decision threshold: 0.0698
Fold 3, Epoch 93/1000, Validation Loss: 0.0080, Accuracy: 0.9967
Fold 3, Epoch 93/1000, Precision: 0.9341, Recall: 0.9326, F1-Score: 0.9333, AUC: 0.9986, AUPR: 0.9680
No improvement, patience counter: 9/25
Fold 3, Epoch: 94/1000, Batch: 854, Loss: 0.0020
Fold 3, Epoch 94/1000, Average Train Loss: 0.0016, LR: 0.000003
Fold 3, Epoch 94, Current decision threshold: 0.0698
Fold 3, Epoch 94/1000, Validation Loss: 0.0080, Accuracy: 0.9967
Fold 3, Epoch 94/1000, Precision: 0.9322, Recall: 0.9326, F1-Score: 0.9324, AUC: 0.9986, AUPR: 0.9681
No improvement, patience counter: 10/25
Fold 3, Epoch: 95/1000, Batch: 854, Loss: 0.0015
Fold 3, Epoch 95/1000, Average Train Loss: 0.0016, LR: 0.000003
Epoch 95: Optimal threshold updated to = 0.0805
Fold 3, Epoch 95, Current decision threshold: 0.0805
Fold 3, Epoch 95/1000, Validation Loss: 0.0081, Accuracy: 0.9968
Fold 3, Epoch 95/1000, Precision: 0.9426, Recall: 0.9269, F1-Score: 0.9347, AUC: 0.9986, AUPR: 0.9678
No improvement, patience counter: 11/25
Fold 3, Epoch: 96/1000, Batch: 854, Loss: 0.0016
Fold 3, Epoch 96/1000, Average Train Loss: 0.0016, LR: 0.000003
Fold 3, Epoch 96, Current decision threshold: 0.0805
Fold 3, Epoch 96/1000, Validation Loss: 0.0079, Accuracy: 0.9969
Fold 3, Epoch 96/1000, Precision: 0.9397, Recall: 0.9310, F1-Score: 0.9353, AUC: 0.9986, AUPR: 0.9683
New best model saved, F1: 0.9353, AUC: 0.9986, AUPR: 0.9683
Fold 3, Epoch: 97/1000, Batch: 854, Loss: 0.0013
Fold 3, Epoch 97/1000, Average Train Loss: 0.0016, LR: 0.000003
Fold 3, Epoch 97, Current decision threshold: 0.0805
Fold 3, Epoch 97/1000, Validation Loss: 0.0080, Accuracy: 0.9968
Fold 3, Epoch 97/1000, Precision: 0.9415, Recall: 0.9281, F1-Score: 0.9348, AUC: 0.9986, AUPR: 0.9680
No improvement, patience counter: 1/25
Fold 3, Epoch: 98/1000, Batch: 854, Loss: 0.0004
Fold 3, Epoch 98/1000, Average Train Loss: 0.0016, LR: 0.000003
Fold 3, Epoch 98, Current decision threshold: 0.0805
Fold 3, Epoch 98/1000, Validation Loss: 0.0078, Accuracy: 0.9968
Fold 3, Epoch 98/1000, Precision: 0.9374, Recall: 0.9314, F1-Score: 0.9344, AUC: 0.9986, AUPR: 0.9680
No improvement, patience counter: 2/25
Fold 3, Epoch: 99/1000, Batch: 854, Loss: 0.0018
Fold 3, Epoch 99/1000, Average Train Loss: 0.0016, LR: 0.000003
Fold 3, Epoch 99, Current decision threshold: 0.0805
Fold 3, Epoch 99/1000, Validation Loss: 0.0079, Accuracy: 0.9968
Fold 3, Epoch 99/1000, Precision: 0.9393, Recall: 0.9301, F1-Score: 0.9347, AUC: 0.9986, AUPR: 0.9679
No improvement, patience counter: 3/25
Fold 3, Epoch: 100/1000, Batch: 854, Loss: 0.0013
Fold 3, Epoch 100/1000, Average Train Loss: 0.0016, LR: 0.000003
Epoch 100: Optimal threshold updated to = 0.0735
Fold 3, Epoch 100, Current decision threshold: 0.0735
Fold 3, Epoch 100/1000, Validation Loss: 0.0081, Accuracy: 0.9968
Fold 3, Epoch 100/1000, Precision: 0.9390, Recall: 0.9314, F1-Score: 0.9352, AUC: 0.9986, AUPR: 0.9680
No improvement, patience counter: 4/25
Fold 3, Epoch: 101/1000, Batch: 854, Loss: 0.0017
Fold 3, Epoch 101/1000, Average Train Loss: 0.0016, LR: 0.000002
Fold 3, Epoch 101, Current decision threshold: 0.0735
Fold 3, Epoch 101/1000, Validation Loss: 0.0081, Accuracy: 0.9968
Fold 3, Epoch 101/1000, Precision: 0.9386, Recall: 0.9310, F1-Score: 0.9347, AUC: 0.9986, AUPR: 0.9679
No improvement, patience counter: 5/25
Fold 3, Epoch: 102/1000, Batch: 854, Loss: 0.0035
Fold 3, Epoch 102/1000, Average Train Loss: 0.0016, LR: 0.000002
Fold 3, Epoch 102, Current decision threshold: 0.0735
Fold 3, Epoch 102/1000, Validation Loss: 0.0080, Accuracy: 0.9968
Fold 3, Epoch 102/1000, Precision: 0.9352, Recall: 0.9322, F1-Score: 0.9337, AUC: 0.9986, AUPR: 0.9678
No improvement, patience counter: 6/25
Fold 3, Epoch: 103/1000, Batch: 854, Loss: 0.0010
Fold 3, Epoch 103/1000, Average Train Loss: 0.0015, LR: 0.000002
Fold 3, Epoch 103, Current decision threshold: 0.0735
Fold 3, Epoch 103/1000, Validation Loss: 0.0081, Accuracy: 0.9968
Fold 3, Epoch 103/1000, Precision: 0.9374, Recall: 0.9314, F1-Score: 0.9344, AUC: 0.9986, AUPR: 0.9678
No improvement, patience counter: 7/25
Fold 3, Epoch: 104/1000, Batch: 854, Loss: 0.0002
Fold 3, Epoch 104/1000, Average Train Loss: 0.0016, LR: 0.000002
Fold 3, Epoch 104, Current decision threshold: 0.0735
Fold 3, Epoch 104/1000, Validation Loss: 0.0081, Accuracy: 0.9968
Fold 3, Epoch 104/1000, Precision: 0.9382, Recall: 0.9314, F1-Score: 0.9348, AUC: 0.9986, AUPR: 0.9679
No improvement, patience counter: 8/25
Fold 3, Epoch: 105/1000, Batch: 854, Loss: 0.0003
Fold 3, Epoch 105/1000, Average Train Loss: 0.0016, LR: 0.000001
Epoch 105: Optimal threshold updated to = 0.0758
Fold 3, Epoch 105, Current decision threshold: 0.0758
Fold 3, Epoch 105/1000, Validation Loss: 0.0081, Accuracy: 0.9968
Fold 3, Epoch 105/1000, Precision: 0.9393, Recall: 0.9305, F1-Score: 0.9349, AUC: 0.9986, AUPR: 0.9679
No improvement, patience counter: 9/25
Fold 3, Epoch: 106/1000, Batch: 854, Loss: 0.0009
Fold 3, Epoch 106/1000, Average Train Loss: 0.0016, LR: 0.000001
Fold 3, Epoch 106, Current decision threshold: 0.0758
Fold 3, Epoch 106/1000, Validation Loss: 0.0081, Accuracy: 0.9968
Fold 3, Epoch 106/1000, Precision: 0.9400, Recall: 0.9293, F1-Score: 0.9346, AUC: 0.9986, AUPR: 0.9679
No improvement, patience counter: 10/25
Fold 3, Epoch: 107/1000, Batch: 854, Loss: 0.0017
Fold 3, Epoch 107/1000, Average Train Loss: 0.0016, LR: 0.000001
Fold 3, Epoch 107, Current decision threshold: 0.0758
Fold 3, Epoch 107/1000, Validation Loss: 0.0081, Accuracy: 0.9968
Fold 3, Epoch 107/1000, Precision: 0.9393, Recall: 0.9305, F1-Score: 0.9349, AUC: 0.9986, AUPR: 0.9679
No improvement, patience counter: 11/25
Fold 3, Epoch: 108/1000, Batch: 854, Loss: 0.0003
Fold 3, Epoch 108/1000, Average Train Loss: 0.0015, LR: 0.000001
Fold 3, Epoch 108, Current decision threshold: 0.0758
Fold 3, Epoch 108/1000, Validation Loss: 0.0081, Accuracy: 0.9968
Fold 3, Epoch 108/1000, Precision: 0.9397, Recall: 0.9301, F1-Score: 0.9349, AUC: 0.9986, AUPR: 0.9680
No improvement, patience counter: 12/25
Fold 3, Epoch: 109/1000, Batch: 854, Loss: 0.0019
Fold 3, Epoch 109/1000, Average Train Loss: 0.0016, LR: 0.000000
Fold 3, Epoch 109, Current decision threshold: 0.0758
Fold 3, Epoch 109/1000, Validation Loss: 0.0081, Accuracy: 0.9968
Fold 3, Epoch 109/1000, Precision: 0.9390, Recall: 0.9310, F1-Score: 0.9349, AUC: 0.9986, AUPR: 0.9679
No improvement, patience counter: 13/25
Fold 3, Epoch: 110/1000, Batch: 854, Loss: 0.0043
Fold 3, Epoch 110/1000, Average Train Loss: 0.0015, LR: 0.000000
Epoch 110: Optimal threshold updated to = 0.0764
Fold 3, Epoch 110, Current decision threshold: 0.0764
Fold 3, Epoch 110/1000, Validation Loss: 0.0081, Accuracy: 0.9969
Fold 3, Epoch 110/1000, Precision: 0.9405, Recall: 0.9301, F1-Score: 0.9353, AUC: 0.9986, AUPR: 0.9680
No improvement, patience counter: 14/25
Fold 3, Epoch: 111/1000, Batch: 854, Loss: 0.0011
Fold 3, Epoch 111/1000, Average Train Loss: 0.0016, LR: 0.000000
Fold 3, Epoch 111, Current decision threshold: 0.0764
Fold 3, Epoch 111/1000, Validation Loss: 0.0081, Accuracy: 0.9969
Fold 3, Epoch 111/1000, Precision: 0.9405, Recall: 0.9305, F1-Score: 0.9355, AUC: 0.9986, AUPR: 0.9680
No improvement, patience counter: 15/25
Fold 3, Epoch: 112/1000, Batch: 854, Loss: 0.0004
Fold 3, Epoch 112/1000, Average Train Loss: 0.0015, LR: 0.000000
Fold 3, Epoch 112, Current decision threshold: 0.0764
Fold 3, Epoch 112/1000, Validation Loss: 0.0081, Accuracy: 0.9969
Fold 3, Epoch 112/1000, Precision: 0.9405, Recall: 0.9305, F1-Score: 0.9355, AUC: 0.9986, AUPR: 0.9680
No improvement, patience counter: 16/25
Fold 3, Epoch: 113/1000, Batch: 854, Loss: 0.0014
Fold 3, Epoch 113/1000, Average Train Loss: 0.0016, LR: 0.000000
Fold 3, Epoch 113, Current decision threshold: 0.0764
Fold 3, Epoch 113/1000, Validation Loss: 0.0081, Accuracy: 0.9969
Fold 3, Epoch 113/1000, Precision: 0.9409, Recall: 0.9305, F1-Score: 0.9357, AUC: 0.9986, AUPR: 0.9680
No improvement, patience counter: 17/25
Fold 3, Epoch: 114/1000, Batch: 854, Loss: 0.0025
Fold 3, Epoch 114/1000, Average Train Loss: 0.0016, LR: 0.000000
Fold 3, Epoch 114, Current decision threshold: 0.0764
Fold 3, Epoch 114/1000, Validation Loss: 0.0081, Accuracy: 0.9969
Fold 3, Epoch 114/1000, Precision: 0.9409, Recall: 0.9305, F1-Score: 0.9357, AUC: 0.9986, AUPR: 0.9680
No improvement, patience counter: 18/25
Fold 3, Epoch: 115/1000, Batch: 854, Loss: 0.0006
Fold 3, Epoch 115/1000, Average Train Loss: 0.0016, LR: 0.000000
Epoch 115: Optimal threshold updated to = 0.0776
Fold 3, Epoch 115, Current decision threshold: 0.0776
Fold 3, Epoch 115/1000, Validation Loss: 0.0081, Accuracy: 0.9969
Fold 3, Epoch 115/1000, Precision: 0.9412, Recall: 0.9301, F1-Score: 0.9356, AUC: 0.9986, AUPR: 0.9680
No improvement, patience counter: 19/25
Fold 3, Epoch: 116/1000, Batch: 854, Loss: 0.0007
Fold 3, Epoch 116/1000, Average Train Loss: 0.0015, LR: 0.000000
Fold 3, Epoch 116, Current decision threshold: 0.0776
Fold 3, Epoch 116/1000, Validation Loss: 0.0081, Accuracy: 0.9969
Fold 3, Epoch 116/1000, Precision: 0.9412, Recall: 0.9301, F1-Score: 0.9356, AUC: 0.9986, AUPR: 0.9680
No improvement, patience counter: 20/25
Fold 3, Epoch: 117/1000, Batch: 854, Loss: 0.0018
Fold 3, Epoch 117/1000, Average Train Loss: 0.0015, LR: 0.000000
Fold 3, Epoch 117, Current decision threshold: 0.0776
Fold 3, Epoch 117/1000, Validation Loss: 0.0081, Accuracy: 0.9969
Fold 3, Epoch 117/1000, Precision: 0.9412, Recall: 0.9305, F1-Score: 0.9359, AUC: 0.9986, AUPR: 0.9680
No improvement, patience counter: 21/25
Fold 3, Epoch: 118/1000, Batch: 854, Loss: 0.0012
Fold 3, Epoch 118/1000, Average Train Loss: 0.0016, LR: 0.000000
Fold 3, Epoch 118, Current decision threshold: 0.0776
Fold 3, Epoch 118/1000, Validation Loss: 0.0081, Accuracy: 0.9969
Fold 3, Epoch 118/1000, Precision: 0.9412, Recall: 0.9305, F1-Score: 0.9359, AUC: 0.9986, AUPR: 0.9680
No improvement, patience counter: 22/25
Fold 3, Epoch: 119/1000, Batch: 854, Loss: 0.0016
Fold 3, Epoch 119/1000, Average Train Loss: 0.0016, LR: 0.000000
Fold 3, Epoch 119, Current decision threshold: 0.0776
Fold 3, Epoch 119/1000, Validation Loss: 0.0081, Accuracy: 0.9969
Fold 3, Epoch 119/1000, Precision: 0.9412, Recall: 0.9305, F1-Score: 0.9359, AUC: 0.9986, AUPR: 0.9680
No improvement, patience counter: 23/25
Fold 3, Epoch: 120/1000, Batch: 854, Loss: 0.0011
Fold 3, Epoch 120/1000, Average Train Loss: 0.0015, LR: 0.000000
Epoch 120: Optimal threshold updated to = 0.0781
Fold 3, Epoch 120, Current decision threshold: 0.0781
Fold 3, Epoch 120/1000, Validation Loss: 0.0081, Accuracy: 0.9969
Fold 3, Epoch 120/1000, Precision: 0.9412, Recall: 0.9301, F1-Score: 0.9356, AUC: 0.9986, AUPR: 0.9680
No improvement, patience counter: 24/25
Fold 3, Epoch: 121/1000, Batch: 854, Loss: 0.0008
Fold 3, Epoch 121/1000, Average Train Loss: 0.0015, LR: 0.000000
Fold 3, Epoch 121, Current decision threshold: 0.0781
Fold 3, Epoch 121/1000, Validation Loss: 0.0081, Accuracy: 0.9969
Fold 3, Epoch 121/1000, Precision: 0.9412, Recall: 0.9301, F1-Score: 0.9356, AUC: 0.9986, AUPR: 0.9680
No improvement, patience counter: 25/25
Early stopping at epoch 121
Restored best model, F1: 0.9353, AUC: 0.9986, AUPR: 0.9683
Round 8, Fold 3 best model and threshold 0.0781 saved to D:\SPAN\models\span_round_8_fold_3.pkl
Completed fold 3 in 5-folds, Validation Loss: 0.0079, Accuracy: 0.9969
Completed fold 3 in 5-folds, Precision: 0.9397, Recall: 0.9310, F1-Score: 0.9353, AUC: 0.9986, AUPR: 0.9683
Fold 3 test Finished! - 2026-04-07 16:25:06
======================================================================
Final Results Summary
----------------------------------------------------------------------
AUC         AUPR        Acc         F1          Pre         Recall      
0.9986      0.9683      0.9969      0.9353      0.9397      0.9310      
======================================================================
