Logging for round 9, fold 4 configured to file: D:\SPAN\logs\fafa-round_9-fold_4.log - 2026-04-07 18:35:05
========== Round 9 - Fold 4 Training ==========
current_sys_path: D:\SPAN
device = cuda
Global seed initialized to 42 for reproducibility
Using GPU: NVIDIA GeForce RTX 3060 Laptop GPU
Starting fold 4 in 5-folds
Training data - Positive samples: tensor([44961.]), Negative samples: tensor([392092.])
Fold 4, Epoch: 1/1000, Batch: 854, Loss: 0.0242
Fold 4, Epoch 1/1000, Average Train Loss: 0.0314, LR: 0.000200
Fold 4, Epoch 1, Current decision threshold: 0.2000
Fold 4, Epoch 1/1000, Validation Loss: 0.0116, Accuracy: 0.7361
Fold 4, Epoch 1/1000, Precision: 0.0857, Recall: 0.9988, F1-Score: 0.1578, AUC: 0.9656, AUPR: 0.3885
New best model saved, F1: 0.1578, AUC: 0.9656, AUPR: 0.3885
Fold 4, Epoch: 2/1000, Batch: 854, Loss: 0.0089
Fold 4, Epoch 2/1000, Average Train Loss: 0.0173, LR: 0.000200
Fold 4, Epoch 2, Current decision threshold: 0.2000
Fold 4, Epoch 2/1000, Validation Loss: 0.0095, Accuracy: 0.9769
Fold 4, Epoch 2/1000, Precision: 0.5230, Recall: 0.7459, F1-Score: 0.6149, AUC: 0.9870, AUPR: 0.6100
New best model saved, F1: 0.6149, AUC: 0.9870, AUPR: 0.6100
Fold 4, Epoch: 3/1000, Batch: 854, Loss: 0.0113
Fold 4, Epoch 3/1000, Average Train Loss: 0.0130, LR: 0.000200
Fold 4, Epoch 3, Current decision threshold: 0.2000
Fold 4, Epoch 3/1000, Validation Loss: 0.0078, Accuracy: 0.9789
Fold 4, Epoch 3/1000, Precision: 0.5486, Recall: 0.8373, F1-Score: 0.6629, AUC: 0.9905, AUPR: 0.6613
New best model saved, F1: 0.6629, AUC: 0.9905, AUPR: 0.6613
Fold 4, Epoch: 4/1000, Batch: 854, Loss: 0.0069
Fold 4, Epoch 4/1000, Average Train Loss: 0.0114, LR: 0.000200
Fold 4, Epoch 4, Current decision threshold: 0.2000
Fold 4, Epoch 4/1000, Validation Loss: 0.0061, Accuracy: 0.9831
Fold 4, Epoch 4/1000, Precision: 0.6067, Recall: 0.9050, F1-Score: 0.7264, AUC: 0.9940, AUPR: 0.7500
New best model saved, F1: 0.7264, AUC: 0.9940, AUPR: 0.7500
Fold 4, Epoch: 5/1000, Batch: 854, Loss: 0.0121
Fold 4, Epoch 5/1000, Average Train Loss: 0.0103, LR: 0.000200
Epoch 5: Optimal threshold updated to = 0.2066
Fold 4, Epoch 5, Current decision threshold: 0.2066
Fold 4, Epoch 5/1000, Validation Loss: 0.0069, Accuracy: 0.9881
Fold 4, Epoch 5/1000, Precision: 0.7194, Recall: 0.8529, F1-Score: 0.7805, AUC: 0.9952, AUPR: 0.7892
New best model saved, F1: 0.7805, AUC: 0.9952, AUPR: 0.7892
Fold 4, Epoch: 6/1000, Batch: 854, Loss: 0.0060
Fold 4, Epoch 6/1000, Average Train Loss: 0.0094, LR: 0.000200
Fold 4, Epoch 6, Current decision threshold: 0.2066
Fold 4, Epoch 6/1000, Validation Loss: 0.0069, Accuracy: 0.9896
Fold 4, Epoch 6/1000, Precision: 0.7532, Recall: 0.8621, F1-Score: 0.8040, AUC: 0.9960, AUPR: 0.8071
New best model saved, F1: 0.8040, AUC: 0.9960, AUPR: 0.8071
Fold 4, Epoch: 7/1000, Batch: 854, Loss: 0.0089
Fold 4, Epoch 7/1000, Average Train Loss: 0.0088, LR: 0.000200
Fold 4, Epoch 7, Current decision threshold: 0.2066
Fold 4, Epoch 7/1000, Validation Loss: 0.0067, Accuracy: 0.9898
Fold 4, Epoch 7/1000, Precision: 0.7588, Recall: 0.8625, F1-Score: 0.8074, AUC: 0.9961, AUPR: 0.8219
New best model saved, F1: 0.8074, AUC: 0.9961, AUPR: 0.8219
Fold 4, Epoch: 8/1000, Batch: 854, Loss: 0.0068
Fold 4, Epoch 8/1000, Average Train Loss: 0.0082, LR: 0.000200
Fold 4, Epoch 8, Current decision threshold: 0.2066
Fold 4, Epoch 8/1000, Validation Loss: 0.0075, Accuracy: 0.9910
Fold 4, Epoch 8/1000, Precision: 0.8165, Recall: 0.8204, F1-Score: 0.8185, AUC: 0.9966, AUPR: 0.8366
New best model saved, F1: 0.8185, AUC: 0.9966, AUPR: 0.8366
Fold 4, Epoch: 9/1000, Batch: 854, Loss: 0.0097
Fold 4, Epoch 9/1000, Average Train Loss: 0.0078, LR: 0.000200
Fold 4, Epoch 9, Current decision threshold: 0.2066
Fold 4, Epoch 9/1000, Validation Loss: 0.0051, Accuracy: 0.9913
Fold 4, Epoch 9/1000, Precision: 0.7709, Recall: 0.9226, F1-Score: 0.8400, AUC: 0.9969, AUPR: 0.8537
New best model saved, F1: 0.8400, AUC: 0.9969, AUPR: 0.8537
Fold 4, Epoch: 10/1000, Batch: 854, Loss: 0.0037
Fold 4, Epoch 10/1000, Average Train Loss: 0.0073, LR: 0.000200
Epoch 10: Optimal threshold updated to = 0.1966
Fold 4, Epoch 10, Current decision threshold: 0.1966
Fold 4, Epoch 10/1000, Validation Loss: 0.0058, Accuracy: 0.9929
Fold 4, Epoch 10/1000, Precision: 0.8217, Recall: 0.9086, F1-Score: 0.8630, AUC: 0.9974, AUPR: 0.8704
New best model saved, F1: 0.8630, AUC: 0.9974, AUPR: 0.8704
Fold 4, Epoch: 11/1000, Batch: 854, Loss: 0.0082
Fold 4, Epoch 11/1000, Average Train Loss: 0.0070, LR: 0.000200
Fold 4, Epoch 11, Current decision threshold: 0.1966
Fold 4, Epoch 11/1000, Validation Loss: 0.0073, Accuracy: 0.9923
Fold 4, Epoch 11/1000, Precision: 0.8488, Recall: 0.8393, F1-Score: 0.8440, AUC: 0.9973, AUPR: 0.8657
No improvement, patience counter: 1/25
Fold 4, Epoch: 12/1000, Batch: 854, Loss: 0.0057
Fold 4, Epoch 12/1000, Average Train Loss: 0.0066, LR: 0.000200
Fold 4, Epoch 12, Current decision threshold: 0.1966
Fold 4, Epoch 12/1000, Validation Loss: 0.0062, Accuracy: 0.9926
Fold 4, Epoch 12/1000, Precision: 0.8322, Recall: 0.8786, F1-Score: 0.8547, AUC: 0.9974, AUPR: 0.8717
No improvement, patience counter: 2/25
Fold 4, Epoch: 13/1000, Batch: 854, Loss: 0.0068
Fold 4, Epoch 13/1000, Average Train Loss: 0.0064, LR: 0.000200
Fold 4, Epoch 13, Current decision threshold: 0.1966
Fold 4, Epoch 13/1000, Validation Loss: 0.0064, Accuracy: 0.9929
Fold 4, Epoch 13/1000, Precision: 0.8487, Recall: 0.8681, F1-Score: 0.8583, AUC: 0.9976, AUPR: 0.8847
New best model saved, F1: 0.8583, AUC: 0.9976, AUPR: 0.8847
Fold 4, Epoch: 14/1000, Batch: 854, Loss: 0.0098
Fold 4, Epoch 14/1000, Average Train Loss: 0.0061, LR: 0.000200
Fold 4, Epoch 14, Current decision threshold: 0.1966
Fold 4, Epoch 14/1000, Validation Loss: 0.0066, Accuracy: 0.9933
Fold 4, Epoch 14/1000, Precision: 0.8641, Recall: 0.8637, F1-Score: 0.8639, AUC: 0.9978, AUPR: 0.8944
New best model saved, F1: 0.8639, AUC: 0.9978, AUPR: 0.8944
Fold 4, Epoch: 15/1000, Batch: 854, Loss: 0.0049
Fold 4, Epoch 15/1000, Average Train Loss: 0.0059, LR: 0.000200
Epoch 15: Optimal threshold updated to = 0.1420
Fold 4, Epoch 15, Current decision threshold: 0.1420
Fold 4, Epoch 15/1000, Validation Loss: 0.0066, Accuracy: 0.9935
Fold 4, Epoch 15/1000, Precision: 0.8371, Recall: 0.9166, F1-Score: 0.8751, AUC: 0.9978, AUPR: 0.9010
New best model saved, F1: 0.8751, AUC: 0.9978, AUPR: 0.9010
Fold 4, Epoch: 16/1000, Batch: 854, Loss: 0.0038
Fold 4, Epoch 16/1000, Average Train Loss: 0.0057, LR: 0.000200
Fold 4, Epoch 16, Current decision threshold: 0.1420
Fold 4, Epoch 16/1000, Validation Loss: 0.0063, Accuracy: 0.9938
Fold 4, Epoch 16/1000, Precision: 0.8391, Recall: 0.9263, F1-Score: 0.8805, AUC: 0.9979, AUPR: 0.9008
New best model saved, F1: 0.8805, AUC: 0.9979, AUPR: 0.9008
Fold 4, Epoch: 17/1000, Batch: 854, Loss: 0.0050
Fold 4, Epoch 17/1000, Average Train Loss: 0.0055, LR: 0.000200
Fold 4, Epoch 17, Current decision threshold: 0.1420
Fold 4, Epoch 17/1000, Validation Loss: 0.0053, Accuracy: 0.9937
Fold 4, Epoch 17/1000, Precision: 0.8271, Recall: 0.9435, F1-Score: 0.8815, AUC: 0.9981, AUPR: 0.9106
New best model saved, F1: 0.8815, AUC: 0.9981, AUPR: 0.9106
Fold 4, Epoch: 18/1000, Batch: 854, Loss: 0.0055
Fold 4, Epoch 18/1000, Average Train Loss: 0.0054, LR: 0.000200
Fold 4, Epoch 18, Current decision threshold: 0.1420
Fold 4, Epoch 18/1000, Validation Loss: 0.0052, Accuracy: 0.9939
Fold 4, Epoch 18/1000, Precision: 0.8327, Recall: 0.9415, F1-Score: 0.8837, AUC: 0.9981, AUPR: 0.9169
New best model saved, F1: 0.8837, AUC: 0.9981, AUPR: 0.9169
Fold 4, Epoch: 19/1000, Batch: 854, Loss: 0.0052
Fold 4, Epoch 19/1000, Average Train Loss: 0.0053, LR: 0.000200
Fold 4, Epoch 19, Current decision threshold: 0.1420
Fold 4, Epoch 19/1000, Validation Loss: 0.0059, Accuracy: 0.9942
Fold 4, Epoch 19/1000, Precision: 0.8511, Recall: 0.9279, F1-Score: 0.8878, AUC: 0.9981, AUPR: 0.9158
No improvement, patience counter: 1/25
Fold 4, Epoch: 20/1000, Batch: 854, Loss: 0.0031
Fold 4, Epoch 20/1000, Average Train Loss: 0.0051, LR: 0.000200
Epoch 20: Optimal threshold updated to = 0.1074
Fold 4, Epoch 20, Current decision threshold: 0.1074
Fold 4, Epoch 20/1000, Validation Loss: 0.0078, Accuracy: 0.9941
Fold 4, Epoch 20/1000, Precision: 0.8547, Recall: 0.9170, F1-Score: 0.8848, AUC: 0.9981, AUPR: 0.9123
No improvement, patience counter: 2/25
Fold 4, Epoch: 21/1000, Batch: 854, Loss: 0.0042
Fold 4, Epoch 21/1000, Average Train Loss: 0.0050, LR: 0.000200
Fold 4, Epoch 21, Current decision threshold: 0.1074
Fold 4, Epoch 21/1000, Validation Loss: 0.0057, Accuracy: 0.9941
Fold 4, Epoch 21/1000, Precision: 0.8335, Recall: 0.9527, F1-Score: 0.8891, AUC: 0.9983, AUPR: 0.9266
New best model saved, F1: 0.8891, AUC: 0.9983, AUPR: 0.9266
Fold 4, Epoch: 22/1000, Batch: 854, Loss: 0.0047
Fold 4, Epoch 22/1000, Average Train Loss: 0.0048, LR: 0.000200
Fold 4, Epoch 22, Current decision threshold: 0.1074
Fold 4, Epoch 22/1000, Validation Loss: 0.0066, Accuracy: 0.9942
Fold 4, Epoch 22/1000, Precision: 0.8488, Recall: 0.9335, F1-Score: 0.8891, AUC: 0.9984, AUPR: 0.9288
New best model saved, F1: 0.8891, AUC: 0.9984, AUPR: 0.9288
Fold 4, Epoch: 23/1000, Batch: 854, Loss: 0.0021
Fold 4, Epoch 23/1000, Average Train Loss: 0.0048, LR: 0.000200
Fold 4, Epoch 23, Current decision threshold: 0.1074
Fold 4, Epoch 23/1000, Validation Loss: 0.0059, Accuracy: 0.9945
Fold 4, Epoch 23/1000, Precision: 0.8495, Recall: 0.9435, F1-Score: 0.8940, AUC: 0.9985, AUPR: 0.9349
New best model saved, F1: 0.8940, AUC: 0.9985, AUPR: 0.9349
Fold 4, Epoch: 24/1000, Batch: 854, Loss: 0.0069
Fold 4, Epoch 24/1000, Average Train Loss: 0.0046, LR: 0.000200
Fold 4, Epoch 24, Current decision threshold: 0.1074
Fold 4, Epoch 24/1000, Validation Loss: 0.0054, Accuracy: 0.9944
Fold 4, Epoch 24/1000, Precision: 0.8421, Recall: 0.9531, F1-Score: 0.8942, AUC: 0.9984, AUPR: 0.9323
No improvement, patience counter: 1/25
Fold 4, Epoch: 25/1000, Batch: 854, Loss: 0.0043
Fold 4, Epoch 25/1000, Average Train Loss: 0.0045, LR: 0.000200
Epoch 25: Optimal threshold updated to = 0.1968
Fold 4, Epoch 25, Current decision threshold: 0.1968
Fold 4, Epoch 25/1000, Validation Loss: 0.0050, Accuracy: 0.9951
Fold 4, Epoch 25/1000, Precision: 0.8941, Recall: 0.9098, F1-Score: 0.9019, AUC: 0.9985, AUPR: 0.9386
New best model saved, F1: 0.9019, AUC: 0.9985, AUPR: 0.9386
Fold 4, Epoch: 26/1000, Batch: 854, Loss: 0.0030
Fold 4, Epoch 26/1000, Average Train Loss: 0.0044, LR: 0.000200
Fold 4, Epoch 26, Current decision threshold: 0.1968
Fold 4, Epoch 26/1000, Validation Loss: 0.0060, Accuracy: 0.9947
Fold 4, Epoch 26/1000, Precision: 0.9075, Recall: 0.8729, F1-Score: 0.8899, AUC: 0.9985, AUPR: 0.9364
No improvement, patience counter: 1/25
Fold 4, Epoch: 27/1000, Batch: 854, Loss: 0.0088
Fold 4, Epoch 27/1000, Average Train Loss: 0.0043, LR: 0.000200
Fold 4, Epoch 27, Current decision threshold: 0.1968
Fold 4, Epoch 27/1000, Validation Loss: 0.0055, Accuracy: 0.9949
Fold 4, Epoch 27/1000, Precision: 0.9002, Recall: 0.8930, F1-Score: 0.8966, AUC: 0.9985, AUPR: 0.9355
No improvement, patience counter: 2/25
Fold 4, Epoch: 28/1000, Batch: 854, Loss: 0.0042
Fold 4, Epoch 28/1000, Average Train Loss: 0.0042, LR: 0.000200
Fold 4, Epoch 28, Current decision threshold: 0.1968
Fold 4, Epoch 28/1000, Validation Loss: 0.0050, Accuracy: 0.9954
Fold 4, Epoch 28/1000, Precision: 0.9052, Recall: 0.9074, F1-Score: 0.9063, AUC: 0.9987, AUPR: 0.9450
New best model saved, F1: 0.9063, AUC: 0.9987, AUPR: 0.9450
Fold 4, Epoch: 29/1000, Batch: 854, Loss: 0.0059
Fold 4, Epoch 29/1000, Average Train Loss: 0.0041, LR: 0.000200
Fold 4, Epoch 29, Current decision threshold: 0.1968
Fold 4, Epoch 29/1000, Validation Loss: 0.0069, Accuracy: 0.9942
Fold 4, Epoch 29/1000, Precision: 0.9158, Recall: 0.8417, F1-Score: 0.8772, AUC: 0.9985, AUPR: 0.9379
No improvement, patience counter: 1/25
Fold 4, Epoch: 30/1000, Batch: 854, Loss: 0.0063
Fold 4, Epoch 30/1000, Average Train Loss: 0.0041, LR: 0.000200
Epoch 30: Optimal threshold updated to = 0.1710
Fold 4, Epoch 30, Current decision threshold: 0.1710
Fold 4, Epoch 30/1000, Validation Loss: 0.0051, Accuracy: 0.9950
Fold 4, Epoch 30/1000, Precision: 0.8882, Recall: 0.9138, F1-Score: 0.9008, AUC: 0.9987, AUPR: 0.9437
No improvement, patience counter: 2/25
Fold 4, Epoch: 31/1000, Batch: 854, Loss: 0.0045
Fold 4, Epoch 31/1000, Average Train Loss: 0.0040, LR: 0.000200
Fold 4, Epoch 31, Current decision threshold: 0.1710
Fold 4, Epoch 31/1000, Validation Loss: 0.0064, Accuracy: 0.9950
Fold 4, Epoch 31/1000, Precision: 0.9098, Recall: 0.8850, F1-Score: 0.8972, AUC: 0.9986, AUPR: 0.9435
No improvement, patience counter: 3/25
Fold 4, Epoch: 32/1000, Batch: 854, Loss: 0.0042
Fold 4, Epoch 32/1000, Average Train Loss: 0.0040, LR: 0.000200
Fold 4, Epoch 32, Current decision threshold: 0.1710
Fold 4, Epoch 32/1000, Validation Loss: 0.0063, Accuracy: 0.9950
Fold 4, Epoch 32/1000, Precision: 0.9097, Recall: 0.8846, F1-Score: 0.8970, AUC: 0.9987, AUPR: 0.9449
No improvement, patience counter: 4/25
Fold 4, Epoch: 33/1000, Batch: 854, Loss: 0.0033
Fold 4, Epoch 33/1000, Average Train Loss: 0.0034, LR: 0.000100
Fold 4, Epoch 33, Current decision threshold: 0.1710
Fold 4, Epoch 33/1000, Validation Loss: 0.0057, Accuracy: 0.9957
Fold 4, Epoch 33/1000, Precision: 0.9190, Recall: 0.9046, F1-Score: 0.9117, AUC: 0.9988, AUPR: 0.9516
New best model saved, F1: 0.9117, AUC: 0.9988, AUPR: 0.9516
Fold 4, Epoch: 34/1000, Batch: 854, Loss: 0.0040
Fold 4, Epoch 34/1000, Average Train Loss: 0.0032, LR: 0.000100
Fold 4, Epoch 34, Current decision threshold: 0.1710
Fold 4, Epoch 34/1000, Validation Loss: 0.0060, Accuracy: 0.9953
Fold 4, Epoch 34/1000, Precision: 0.9182, Recall: 0.8914, F1-Score: 0.9046, AUC: 0.9988, AUPR: 0.9508
No improvement, patience counter: 1/25
Fold 4, Epoch: 35/1000, Batch: 854, Loss: 0.0023
Fold 4, Epoch 35/1000, Average Train Loss: 0.0032, LR: 0.000100
Epoch 35: Optimal threshold updated to = 0.0869
Fold 4, Epoch 35, Current decision threshold: 0.0869
Fold 4, Epoch 35/1000, Validation Loss: 0.0068, Accuracy: 0.9957
Fold 4, Epoch 35/1000, Precision: 0.8906, Recall: 0.9427, F1-Score: 0.9159, AUC: 0.9988, AUPR: 0.9497
No improvement, patience counter: 2/25
Fold 4, Epoch: 36/1000, Batch: 854, Loss: 0.0027
Fold 4, Epoch 36/1000, Average Train Loss: 0.0032, LR: 0.000100
Fold 4, Epoch 36, Current decision threshold: 0.0869
Fold 4, Epoch 36/1000, Validation Loss: 0.0080, Accuracy: 0.9957
Fold 4, Epoch 36/1000, Precision: 0.9011, Recall: 0.9275, F1-Score: 0.9141, AUC: 0.9988, AUPR: 0.9502
No improvement, patience counter: 3/25
Fold 4, Epoch: 37/1000, Batch: 854, Loss: 0.0050
Fold 4, Epoch 37/1000, Average Train Loss: 0.0031, LR: 0.000100
Fold 4, Epoch 37, Current decision threshold: 0.0869
Fold 4, Epoch 37/1000, Validation Loss: 0.0075, Accuracy: 0.9953
Fold 4, Epoch 37/1000, Precision: 0.8894, Recall: 0.9255, F1-Score: 0.9071, AUC: 0.9988, AUPR: 0.9486
No improvement, patience counter: 4/25
Fold 4, Epoch: 38/1000, Batch: 854, Loss: 0.0022
Fold 4, Epoch 38/1000, Average Train Loss: 0.0029, LR: 0.000050
Fold 4, Epoch 38, Current decision threshold: 0.0869
Fold 4, Epoch 38/1000, Validation Loss: 0.0072, Accuracy: 0.9957
Fold 4, Epoch 38/1000, Precision: 0.8971, Recall: 0.9331, F1-Score: 0.9147, AUC: 0.9989, AUPR: 0.9519
New best model saved, F1: 0.9147, AUC: 0.9989, AUPR: 0.9519
Fold 4, Epoch: 39/1000, Batch: 854, Loss: 0.0015
Fold 4, Epoch 39/1000, Average Train Loss: 0.0028, LR: 0.000050
Fold 4, Epoch 39, Current decision threshold: 0.0869
Fold 4, Epoch 39/1000, Validation Loss: 0.0063, Accuracy: 0.9956
Fold 4, Epoch 39/1000, Precision: 0.8841, Recall: 0.9447, F1-Score: 0.9134, AUC: 0.9989, AUPR: 0.9530
New best model saved, F1: 0.9134, AUC: 0.9989, AUPR: 0.9530
Fold 4, Epoch: 40/1000, Batch: 854, Loss: 0.0027
Fold 4, Epoch 40/1000, Average Train Loss: 0.0028, LR: 0.000050
Epoch 40: Optimal threshold updated to = 0.0820
Fold 4, Epoch 40, Current decision threshold: 0.0820
Fold 4, Epoch 40/1000, Validation Loss: 0.0070, Accuracy: 0.9958
Fold 4, Epoch 40/1000, Precision: 0.8977, Recall: 0.9391, F1-Score: 0.9179, AUC: 0.9989, AUPR: 0.9539
New best model saved, F1: 0.9179, AUC: 0.9989, AUPR: 0.9539
Fold 4, Epoch: 41/1000, Batch: 854, Loss: 0.0026
Fold 4, Epoch 41/1000, Average Train Loss: 0.0028, LR: 0.000050
Fold 4, Epoch 41, Current decision threshold: 0.0820
Fold 4, Epoch 41/1000, Validation Loss: 0.0069, Accuracy: 0.9958
Fold 4, Epoch 41/1000, Precision: 0.8959, Recall: 0.9383, F1-Score: 0.9166, AUC: 0.9989, AUPR: 0.9535
No improvement, patience counter: 1/25
Fold 4, Epoch: 42/1000, Batch: 854, Loss: 0.0032
Fold 4, Epoch 42/1000, Average Train Loss: 0.0027, LR: 0.000050
Fold 4, Epoch 42, Current decision threshold: 0.0820
Fold 4, Epoch 42/1000, Validation Loss: 0.0069, Accuracy: 0.9958
Fold 4, Epoch 42/1000, Precision: 0.8957, Recall: 0.9399, F1-Score: 0.9173, AUC: 0.9989, AUPR: 0.9552
New best model saved, F1: 0.9173, AUC: 0.9989, AUPR: 0.9552
Fold 4, Epoch: 43/1000, Batch: 854, Loss: 0.0034
Fold 4, Epoch 43/1000, Average Train Loss: 0.0026, LR: 0.000050
Fold 4, Epoch 43, Current decision threshold: 0.0820
Fold 4, Epoch 43/1000, Validation Loss: 0.0063, Accuracy: 0.9958
Fold 4, Epoch 43/1000, Precision: 0.8872, Recall: 0.9491, F1-Score: 0.9171, AUC: 0.9989, AUPR: 0.9551
No improvement, patience counter: 1/25
Fold 4, Epoch: 44/1000, Batch: 854, Loss: 0.0014
Fold 4, Epoch 44/1000, Average Train Loss: 0.0026, LR: 0.000050
Fold 4, Epoch 44, Current decision threshold: 0.0820
Fold 4, Epoch 44/1000, Validation Loss: 0.0068, Accuracy: 0.9957
Fold 4, Epoch 44/1000, Precision: 0.8908, Recall: 0.9415, F1-Score: 0.9154, AUC: 0.9989, AUPR: 0.9559
New best model saved, F1: 0.9154, AUC: 0.9989, AUPR: 0.9559
Fold 4, Epoch: 45/1000, Batch: 854, Loss: 0.0051
Fold 4, Epoch 45/1000, Average Train Loss: 0.0026, LR: 0.000050
Epoch 45: Optimal threshold updated to = 0.1013
Fold 4, Epoch 45, Current decision threshold: 0.1013
Fold 4, Epoch 45/1000, Validation Loss: 0.0057, Accuracy: 0.9958
Fold 4, Epoch 45/1000, Precision: 0.8920, Recall: 0.9435, F1-Score: 0.9170, AUC: 0.9989, AUPR: 0.9556
New best model saved, F1: 0.9170, AUC: 0.9989, AUPR: 0.9556
Fold 4, Epoch: 46/1000, Batch: 854, Loss: 0.0017
Fold 4, Epoch 46/1000, Average Train Loss: 0.0026, LR: 0.000050
Fold 4, Epoch 46, Current decision threshold: 0.1013
Fold 4, Epoch 46/1000, Validation Loss: 0.0064, Accuracy: 0.9961
Fold 4, Epoch 46/1000, Precision: 0.9111, Recall: 0.9319, F1-Score: 0.9213, AUC: 0.9990, AUPR: 0.9577
New best model saved, F1: 0.9213, AUC: 0.9990, AUPR: 0.9577
Fold 4, Epoch: 47/1000, Batch: 854, Loss: 0.0021
Fold 4, Epoch 47/1000, Average Train Loss: 0.0026, LR: 0.000050
Fold 4, Epoch 47, Current decision threshold: 0.1013
Fold 4, Epoch 47/1000, Validation Loss: 0.0069, Accuracy: 0.9960
Fold 4, Epoch 47/1000, Precision: 0.9123, Recall: 0.9255, F1-Score: 0.9188, AUC: 0.9989, AUPR: 0.9565
No improvement, patience counter: 1/25
Fold 4, Epoch: 48/1000, Batch: 854, Loss: 0.0039
Fold 4, Epoch 48/1000, Average Train Loss: 0.0026, LR: 0.000050
Fold 4, Epoch 48, Current decision threshold: 0.1013
Fold 4, Epoch 48/1000, Validation Loss: 0.0062, Accuracy: 0.9959
Fold 4, Epoch 48/1000, Precision: 0.9032, Recall: 0.9347, F1-Score: 0.9187, AUC: 0.9989, AUPR: 0.9559
No improvement, patience counter: 2/25
Fold 4, Epoch: 49/1000, Batch: 854, Loss: 0.0020
Fold 4, Epoch 49/1000, Average Train Loss: 0.0026, LR: 0.000050
Fold 4, Epoch 49, Current decision threshold: 0.1013
Fold 4, Epoch 49/1000, Validation Loss: 0.0064, Accuracy: 0.9957
Fold 4, Epoch 49/1000, Precision: 0.8989, Recall: 0.9303, F1-Score: 0.9143, AUC: 0.9989, AUPR: 0.9558
No improvement, patience counter: 3/25
Fold 4, Epoch: 50/1000, Batch: 854, Loss: 0.0034
Fold 4, Epoch 50/1000, Average Train Loss: 0.0026, LR: 0.000050
Epoch 50: Optimal threshold updated to = 0.0944
Fold 4, Epoch 50, Current decision threshold: 0.0944
Fold 4, Epoch 50/1000, Validation Loss: 0.0068, Accuracy: 0.9960
Fold 4, Epoch 50/1000, Precision: 0.9076, Recall: 0.9335, F1-Score: 0.9204, AUC: 0.9989, AUPR: 0.9556
No improvement, patience counter: 4/25
Fold 4, Epoch: 51/1000, Batch: 854, Loss: 0.0008
Fold 4, Epoch 51/1000, Average Train Loss: 0.0024, LR: 0.000025
Fold 4, Epoch 51, Current decision threshold: 0.0944
Fold 4, Epoch 51/1000, Validation Loss: 0.0069, Accuracy: 0.9960
Fold 4, Epoch 51/1000, Precision: 0.9122, Recall: 0.9287, F1-Score: 0.9204, AUC: 0.9990, AUPR: 0.9567
No improvement, patience counter: 5/25
Fold 4, Epoch: 52/1000, Batch: 854, Loss: 0.0045
Fold 4, Epoch 52/1000, Average Train Loss: 0.0024, LR: 0.000025
Fold 4, Epoch 52, Current decision threshold: 0.0944
Fold 4, Epoch 52/1000, Validation Loss: 0.0066, Accuracy: 0.9961
Fold 4, Epoch 52/1000, Precision: 0.9091, Recall: 0.9343, F1-Score: 0.9215, AUC: 0.9990, AUPR: 0.9588
New best model saved, F1: 0.9215, AUC: 0.9990, AUPR: 0.9588
Fold 4, Epoch: 53/1000, Batch: 854, Loss: 0.0005
Fold 4, Epoch 53/1000, Average Train Loss: 0.0024, LR: 0.000025
Fold 4, Epoch 53, Current decision threshold: 0.0944
Fold 4, Epoch 53/1000, Validation Loss: 0.0062, Accuracy: 0.9961
Fold 4, Epoch 53/1000, Precision: 0.9061, Recall: 0.9395, F1-Score: 0.9225, AUC: 0.9990, AUPR: 0.9585
No improvement, patience counter: 1/25
Fold 4, Epoch: 54/1000, Batch: 854, Loss: 0.0018
Fold 4, Epoch 54/1000, Average Train Loss: 0.0023, LR: 0.000025
Fold 4, Epoch 54, Current decision threshold: 0.0944
Fold 4, Epoch 54/1000, Validation Loss: 0.0069, Accuracy: 0.9960
Fold 4, Epoch 54/1000, Precision: 0.9142, Recall: 0.9271, F1-Score: 0.9206, AUC: 0.9990, AUPR: 0.9582
No improvement, patience counter: 2/25
Fold 4, Epoch: 55/1000, Batch: 854, Loss: 0.0040
Fold 4, Epoch 55/1000, Average Train Loss: 0.0024, LR: 0.000025
Epoch 55: Optimal threshold updated to = 0.0794
Fold 4, Epoch 55, Current decision threshold: 0.0794
Fold 4, Epoch 55/1000, Validation Loss: 0.0068, Accuracy: 0.9961
Fold 4, Epoch 55/1000, Precision: 0.9045, Recall: 0.9415, F1-Score: 0.9226, AUC: 0.9990, AUPR: 0.9592
New best model saved, F1: 0.9226, AUC: 0.9990, AUPR: 0.9592
Fold 4, Epoch: 56/1000, Batch: 854, Loss: 0.0029
Fold 4, Epoch 56/1000, Average Train Loss: 0.0024, LR: 0.000025
Fold 4, Epoch 56, Current decision threshold: 0.0794
Fold 4, Epoch 56/1000, Validation Loss: 0.0065, Accuracy: 0.9961
Fold 4, Epoch 56/1000, Precision: 0.9010, Recall: 0.9479, F1-Score: 0.9238, AUC: 0.9990, AUPR: 0.9588
No improvement, patience counter: 1/25
Fold 4, Epoch: 57/1000, Batch: 854, Loss: 0.0024
Fold 4, Epoch 57/1000, Average Train Loss: 0.0023, LR: 0.000025
Fold 4, Epoch 57, Current decision threshold: 0.0794
Fold 4, Epoch 57/1000, Validation Loss: 0.0065, Accuracy: 0.9961
Fold 4, Epoch 57/1000, Precision: 0.9016, Recall: 0.9439, F1-Score: 0.9223, AUC: 0.9990, AUPR: 0.9588
No improvement, patience counter: 2/25
Fold 4, Epoch: 58/1000, Batch: 854, Loss: 0.0022
Fold 4, Epoch 58/1000, Average Train Loss: 0.0023, LR: 0.000025
Fold 4, Epoch 58, Current decision threshold: 0.0794
Fold 4, Epoch 58/1000, Validation Loss: 0.0065, Accuracy: 0.9959
Fold 4, Epoch 58/1000, Precision: 0.8989, Recall: 0.9411, F1-Score: 0.9195, AUC: 0.9990, AUPR: 0.9585
No improvement, patience counter: 3/25
Fold 4, Epoch: 59/1000, Batch: 854, Loss: 0.0049
Fold 4, Epoch 59/1000, Average Train Loss: 0.0023, LR: 0.000025
Fold 4, Epoch 59, Current decision threshold: 0.0794
Fold 4, Epoch 59/1000, Validation Loss: 0.0076, Accuracy: 0.9961
Fold 4, Epoch 59/1000, Precision: 0.9145, Recall: 0.9299, F1-Score: 0.9221, AUC: 0.9990, AUPR: 0.9581
No improvement, patience counter: 4/25
Fold 4, Epoch: 60/1000, Batch: 854, Loss: 0.0011
Fold 4, Epoch 60/1000, Average Train Loss: 0.0022, LR: 0.000013
Epoch 60: Optimal threshold updated to = 0.0809
Fold 4, Epoch 60, Current decision threshold: 0.0809
Fold 4, Epoch 60/1000, Validation Loss: 0.0062, Accuracy: 0.9962
Fold 4, Epoch 60/1000, Precision: 0.9026, Recall: 0.9471, F1-Score: 0.9243, AUC: 0.9990, AUPR: 0.9591
New best model saved, F1: 0.9243, AUC: 0.9990, AUPR: 0.9591
Fold 4, Epoch: 61/1000, Batch: 854, Loss: 0.0041
Fold 4, Epoch 61/1000, Average Train Loss: 0.0022, LR: 0.000013
Fold 4, Epoch 61, Current decision threshold: 0.0809
Fold 4, Epoch 61/1000, Validation Loss: 0.0068, Accuracy: 0.9961
Fold 4, Epoch 61/1000, Precision: 0.9085, Recall: 0.9387, F1-Score: 0.9233, AUC: 0.9990, AUPR: 0.9589
No improvement, patience counter: 1/25
Fold 4, Epoch: 62/1000, Batch: 854, Loss: 0.0013
Fold 4, Epoch 62/1000, Average Train Loss: 0.0022, LR: 0.000013
Fold 4, Epoch 62, Current decision threshold: 0.0809
Fold 4, Epoch 62/1000, Validation Loss: 0.0070, Accuracy: 0.9961
Fold 4, Epoch 62/1000, Precision: 0.9094, Recall: 0.9371, F1-Score: 0.9230, AUC: 0.9990, AUPR: 0.9587
No improvement, patience counter: 2/25
Fold 4, Epoch: 63/1000, Batch: 854, Loss: 0.0023
Fold 4, Epoch 63/1000, Average Train Loss: 0.0022, LR: 0.000013
Fold 4, Epoch 63, Current decision threshold: 0.0809
Fold 4, Epoch 63/1000, Validation Loss: 0.0072, Accuracy: 0.9962
Fold 4, Epoch 63/1000, Precision: 0.9141, Recall: 0.9339, F1-Score: 0.9239, AUC: 0.9990, AUPR: 0.9587
No improvement, patience counter: 3/25
Fold 4, Epoch: 64/1000, Batch: 854, Loss: 0.0025
Fold 4, Epoch 64/1000, Average Train Loss: 0.0022, LR: 0.000013
Fold 4, Epoch 64, Current decision threshold: 0.0809
Fold 4, Epoch 64/1000, Validation Loss: 0.0066, Accuracy: 0.9961
Fold 4, Epoch 64/1000, Precision: 0.9069, Recall: 0.9407, F1-Score: 0.9235, AUC: 0.9990, AUPR: 0.9600
New best model saved, F1: 0.9235, AUC: 0.9990, AUPR: 0.9600
Fold 4, Epoch: 65/1000, Batch: 854, Loss: 0.0016
Fold 4, Epoch 65/1000, Average Train Loss: 0.0022, LR: 0.000013
Epoch 65: Optimal threshold updated to = 0.0758
Fold 4, Epoch 65, Current decision threshold: 0.0758
Fold 4, Epoch 65/1000, Validation Loss: 0.0067, Accuracy: 0.9962
Fold 4, Epoch 65/1000, Precision: 0.9048, Recall: 0.9443, F1-Score: 0.9241, AUC: 0.9990, AUPR: 0.9593
No improvement, patience counter: 1/25
Fold 4, Epoch: 66/1000, Batch: 854, Loss: 0.0021
Fold 4, Epoch 66/1000, Average Train Loss: 0.0022, LR: 0.000013
Fold 4, Epoch 66, Current decision threshold: 0.0758
Fold 4, Epoch 66/1000, Validation Loss: 0.0071, Accuracy: 0.9960
Fold 4, Epoch 66/1000, Precision: 0.9054, Recall: 0.9363, F1-Score: 0.9206, AUC: 0.9990, AUPR: 0.9585
No improvement, patience counter: 2/25
Fold 4, Epoch: 67/1000, Batch: 854, Loss: 0.0025
Fold 4, Epoch 67/1000, Average Train Loss: 0.0022, LR: 0.000013
Fold 4, Epoch 67, Current decision threshold: 0.0758
Fold 4, Epoch 67/1000, Validation Loss: 0.0061, Accuracy: 0.9961
Fold 4, Epoch 67/1000, Precision: 0.8972, Recall: 0.9511, F1-Score: 0.9233, AUC: 0.9990, AUPR: 0.9603
New best model saved, F1: 0.9233, AUC: 0.9990, AUPR: 0.9603
Fold 4, Epoch: 68/1000, Batch: 854, Loss: 0.0032
Fold 4, Epoch 68/1000, Average Train Loss: 0.0021, LR: 0.000013
Fold 4, Epoch 68, Current decision threshold: 0.0758
Fold 4, Epoch 68/1000, Validation Loss: 0.0065, Accuracy: 0.9960
Fold 4, Epoch 68/1000, Precision: 0.8993, Recall: 0.9451, F1-Score: 0.9216, AUC: 0.9990, AUPR: 0.9599
No improvement, patience counter: 1/25
Fold 4, Epoch: 69/1000, Batch: 854, Loss: 0.0039
Fold 4, Epoch 69/1000, Average Train Loss: 0.0021, LR: 0.000013
Fold 4, Epoch 69, Current decision threshold: 0.0758
Fold 4, Epoch 69/1000, Validation Loss: 0.0066, Accuracy: 0.9961
Fold 4, Epoch 69/1000, Precision: 0.9041, Recall: 0.9411, F1-Score: 0.9222, AUC: 0.9990, AUPR: 0.9601
No improvement, patience counter: 2/25
Fold 4, Epoch: 70/1000, Batch: 854, Loss: 0.0041
Fold 4, Epoch 70/1000, Average Train Loss: 0.0021, LR: 0.000013
Epoch 70: Optimal threshold updated to = 0.0902
Fold 4, Epoch 70, Current decision threshold: 0.0902
Fold 4, Epoch 70/1000, Validation Loss: 0.0067, Accuracy: 0.9963
Fold 4, Epoch 70/1000, Precision: 0.9183, Recall: 0.9331, F1-Score: 0.9256, AUC: 0.9990, AUPR: 0.9597
No improvement, patience counter: 3/25
Fold 4, Epoch: 71/1000, Batch: 854, Loss: 0.0018
Fold 4, Epoch 71/1000, Average Train Loss: 0.0022, LR: 0.000013
Fold 4, Epoch 71, Current decision threshold: 0.0902
Fold 4, Epoch 71/1000, Validation Loss: 0.0066, Accuracy: 0.9963
Fold 4, Epoch 71/1000, Precision: 0.9166, Recall: 0.9335, F1-Score: 0.9249, AUC: 0.9990, AUPR: 0.9596
No improvement, patience counter: 4/25
Fold 4, Epoch: 72/1000, Batch: 854, Loss: 0.0010
Fold 4, Epoch 72/1000, Average Train Loss: 0.0021, LR: 0.000006
Fold 4, Epoch 72, Current decision threshold: 0.0902
Fold 4, Epoch 72/1000, Validation Loss: 0.0065, Accuracy: 0.9962
Fold 4, Epoch 72/1000, Precision: 0.9141, Recall: 0.9339, F1-Score: 0.9239, AUC: 0.9990, AUPR: 0.9599
No improvement, patience counter: 5/25
Fold 4, Epoch: 73/1000, Batch: 854, Loss: 0.0004
Fold 4, Epoch 73/1000, Average Train Loss: 0.0021, LR: 0.000006
Fold 4, Epoch 73, Current decision threshold: 0.0902
Fold 4, Epoch 73/1000, Validation Loss: 0.0065, Accuracy: 0.9961
Fold 4, Epoch 73/1000, Precision: 0.9106, Recall: 0.9347, F1-Score: 0.9225, AUC: 0.9990, AUPR: 0.9596
No improvement, patience counter: 6/25
Fold 4, Epoch: 74/1000, Batch: 854, Loss: 0.0011
Fold 4, Epoch 74/1000, Average Train Loss: 0.0021, LR: 0.000006
Fold 4, Epoch 74, Current decision threshold: 0.0902
Fold 4, Epoch 74/1000, Validation Loss: 0.0067, Accuracy: 0.9962
Fold 4, Epoch 74/1000, Precision: 0.9147, Recall: 0.9323, F1-Score: 0.9234, AUC: 0.9990, AUPR: 0.9595
No improvement, patience counter: 7/25
Fold 4, Epoch: 75/1000, Batch: 854, Loss: 0.0040
Fold 4, Epoch 75/1000, Average Train Loss: 0.0021, LR: 0.000006
Epoch 75: Optimal threshold updated to = 0.0830
Fold 4, Epoch 75, Current decision threshold: 0.0830
Fold 4, Epoch 75/1000, Validation Loss: 0.0067, Accuracy: 0.9962
Fold 4, Epoch 75/1000, Precision: 0.9125, Recall: 0.9359, F1-Score: 0.9240, AUC: 0.9990, AUPR: 0.9594
No improvement, patience counter: 8/25
Fold 4, Epoch: 76/1000, Batch: 854, Loss: 0.0020
Fold 4, Epoch 76/1000, Average Train Loss: 0.0021, LR: 0.000003
Fold 4, Epoch 76, Current decision threshold: 0.0830
Fold 4, Epoch 76/1000, Validation Loss: 0.0066, Accuracy: 0.9961
Fold 4, Epoch 76/1000, Precision: 0.9087, Recall: 0.9375, F1-Score: 0.9229, AUC: 0.9990, AUPR: 0.9593
No improvement, patience counter: 9/25
Fold 4, Epoch: 77/1000, Batch: 854, Loss: 0.0028
Fold 4, Epoch 77/1000, Average Train Loss: 0.0021, LR: 0.000003
Fold 4, Epoch 77, Current decision threshold: 0.0830
Fold 4, Epoch 77/1000, Validation Loss: 0.0065, Accuracy: 0.9961
Fold 4, Epoch 77/1000, Precision: 0.9058, Recall: 0.9399, F1-Score: 0.9225, AUC: 0.9990, AUPR: 0.9596
No improvement, patience counter: 10/25
Fold 4, Epoch: 78/1000, Batch: 854, Loss: 0.0004
Fold 4, Epoch 78/1000, Average Train Loss: 0.0021, LR: 0.000003
Fold 4, Epoch 78, Current decision threshold: 0.0830
Fold 4, Epoch 78/1000, Validation Loss: 0.0068, Accuracy: 0.9962
Fold 4, Epoch 78/1000, Precision: 0.9110, Recall: 0.9359, F1-Score: 0.9233, AUC: 0.9990, AUPR: 0.9595
No improvement, patience counter: 11/25
Fold 4, Epoch: 79/1000, Batch: 854, Loss: 0.0033
Fold 4, Epoch 79/1000, Average Train Loss: 0.0021, LR: 0.000003
Fold 4, Epoch 79, Current decision threshold: 0.0830
Fold 4, Epoch 79/1000, Validation Loss: 0.0069, Accuracy: 0.9962
Fold 4, Epoch 79/1000, Precision: 0.9138, Recall: 0.9343, F1-Score: 0.9239, AUC: 0.9990, AUPR: 0.9597
No improvement, patience counter: 12/25
Fold 4, Epoch: 80/1000, Batch: 854, Loss: 0.0026
Fold 4, Epoch 80/1000, Average Train Loss: 0.0021, LR: 0.000002
Epoch 80: Optimal threshold updated to = 0.0869
Fold 4, Epoch 80, Current decision threshold: 0.0869
Fold 4, Epoch 80/1000, Validation Loss: 0.0068, Accuracy: 0.9962
Fold 4, Epoch 80/1000, Precision: 0.9154, Recall: 0.9323, F1-Score: 0.9237, AUC: 0.9990, AUPR: 0.9598
No improvement, patience counter: 13/25
Fold 4, Epoch: 81/1000, Batch: 854, Loss: 0.0019
Fold 4, Epoch 81/1000, Average Train Loss: 0.0020, LR: 0.000002
Fold 4, Epoch 81, Current decision threshold: 0.0869
Fold 4, Epoch 81/1000, Validation Loss: 0.0069, Accuracy: 0.9962
Fold 4, Epoch 81/1000, Precision: 0.9160, Recall: 0.9311, F1-Score: 0.9235, AUC: 0.9990, AUPR: 0.9597
No improvement, patience counter: 14/25
Fold 4, Epoch: 82/1000, Batch: 854, Loss: 0.0022
Fold 4, Epoch 82/1000, Average Train Loss: 0.0020, LR: 0.000002
Fold 4, Epoch 82, Current decision threshold: 0.0869
Fold 4, Epoch 82/1000, Validation Loss: 0.0068, Accuracy: 0.9962
Fold 4, Epoch 82/1000, Precision: 0.9150, Recall: 0.9323, F1-Score: 0.9236, AUC: 0.9990, AUPR: 0.9598
No improvement, patience counter: 15/25
Fold 4, Epoch: 83/1000, Batch: 854, Loss: 0.0013
Fold 4, Epoch 83/1000, Average Train Loss: 0.0020, LR: 0.000002
Fold 4, Epoch 83, Current decision threshold: 0.0869
Fold 4, Epoch 83/1000, Validation Loss: 0.0068, Accuracy: 0.9962
Fold 4, Epoch 83/1000, Precision: 0.9143, Recall: 0.9327, F1-Score: 0.9234, AUC: 0.9990, AUPR: 0.9598
No improvement, patience counter: 16/25
Fold 4, Epoch: 84/1000, Batch: 854, Loss: 0.0013
Fold 4, Epoch 84/1000, Average Train Loss: 0.0021, LR: 0.000001
Fold 4, Epoch 84, Current decision threshold: 0.0869
Fold 4, Epoch 84/1000, Validation Loss: 0.0068, Accuracy: 0.9962
Fold 4, Epoch 84/1000, Precision: 0.9150, Recall: 0.9315, F1-Score: 0.9231, AUC: 0.9990, AUPR: 0.9599
No improvement, patience counter: 17/25
Fold 4, Epoch: 85/1000, Batch: 854, Loss: 0.0019
Fold 4, Epoch 85/1000, Average Train Loss: 0.0020, LR: 0.000001
Epoch 85: Optimal threshold updated to = 0.0976
Fold 4, Epoch 85, Current decision threshold: 0.0976
Fold 4, Epoch 85/1000, Validation Loss: 0.0068, Accuracy: 0.9962
Fold 4, Epoch 85/1000, Precision: 0.9214, Recall: 0.9259, F1-Score: 0.9236, AUC: 0.9990, AUPR: 0.9599
No improvement, patience counter: 18/25
Fold 4, Epoch: 86/1000, Batch: 854, Loss: 0.0027
Fold 4, Epoch 86/1000, Average Train Loss: 0.0021, LR: 0.000001
Fold 4, Epoch 86, Current decision threshold: 0.0976
Fold 4, Epoch 86/1000, Validation Loss: 0.0068, Accuracy: 0.9962
Fold 4, Epoch 86/1000, Precision: 0.9210, Recall: 0.9251, F1-Score: 0.9230, AUC: 0.9990, AUPR: 0.9599
No improvement, patience counter: 19/25
Fold 4, Epoch: 87/1000, Batch: 854, Loss: 0.0028
Fold 4, Epoch 87/1000, Average Train Loss: 0.0020, LR: 0.000001
Fold 4, Epoch 87, Current decision threshold: 0.0976
Fold 4, Epoch 87/1000, Validation Loss: 0.0067, Accuracy: 0.9962
Fold 4, Epoch 87/1000, Precision: 0.9207, Recall: 0.9267, F1-Score: 0.9237, AUC: 0.9990, AUPR: 0.9599
No improvement, patience counter: 20/25
Fold 4, Epoch: 88/1000, Batch: 854, Loss: 0.0011
Fold 4, Epoch 88/1000, Average Train Loss: 0.0020, LR: 0.000000
Fold 4, Epoch 88, Current decision threshold: 0.0976
Fold 4, Epoch 88/1000, Validation Loss: 0.0068, Accuracy: 0.9962
Fold 4, Epoch 88/1000, Precision: 0.9207, Recall: 0.9263, F1-Score: 0.9235, AUC: 0.9990, AUPR: 0.9598
No improvement, patience counter: 21/25
Fold 4, Epoch: 89/1000, Batch: 854, Loss: 0.0007
Fold 4, Epoch 89/1000, Average Train Loss: 0.0020, LR: 0.000000
Fold 4, Epoch 89, Current decision threshold: 0.0976
Fold 4, Epoch 89/1000, Validation Loss: 0.0067, Accuracy: 0.9962
Fold 4, Epoch 89/1000, Precision: 0.9196, Recall: 0.9267, F1-Score: 0.9231, AUC: 0.9990, AUPR: 0.9599
No improvement, patience counter: 22/25
Fold 4, Epoch: 90/1000, Batch: 854, Loss: 0.0037
Fold 4, Epoch 90/1000, Average Train Loss: 0.0020, LR: 0.000000
Epoch 90: Optimal threshold updated to = 0.0989
Fold 4, Epoch 90, Current decision threshold: 0.0989
Fold 4, Epoch 90/1000, Validation Loss: 0.0068, Accuracy: 0.9962
Fold 4, Epoch 90/1000, Precision: 0.9214, Recall: 0.9259, F1-Score: 0.9236, AUC: 0.9990, AUPR: 0.9599
No improvement, patience counter: 23/25
Fold 4, Epoch: 91/1000, Batch: 854, Loss: 0.0009
Fold 4, Epoch 91/1000, Average Train Loss: 0.0021, LR: 0.000000
Fold 4, Epoch 91, Current decision threshold: 0.0989
Fold 4, Epoch 91/1000, Validation Loss: 0.0067, Accuracy: 0.9962
Fold 4, Epoch 91/1000, Precision: 0.9214, Recall: 0.9259, F1-Score: 0.9236, AUC: 0.9990, AUPR: 0.9600
No improvement, patience counter: 24/25
Fold 4, Epoch: 92/1000, Batch: 854, Loss: 0.0028
Fold 4, Epoch 92/1000, Average Train Loss: 0.0020, LR: 0.000000
Fold 4, Epoch 92, Current decision threshold: 0.0989
Fold 4, Epoch 92/1000, Validation Loss: 0.0068, Accuracy: 0.9962
Fold 4, Epoch 92/1000, Precision: 0.9214, Recall: 0.9255, F1-Score: 0.9234, AUC: 0.9990, AUPR: 0.9600
No improvement, patience counter: 25/25
Early stopping at epoch 92
Restored best model, F1: 0.9233, AUC: 0.9990, AUPR: 0.9603
Round 9, Fold 4 best model and threshold 0.0989 saved to D:\SPAN\models\span_round_9_fold_4.pkl
Completed fold 4 in 5-folds, Validation Loss: 0.0061, Accuracy: 0.9961
Completed fold 4 in 5-folds, Precision: 0.8972, Recall: 0.9511, F1-Score: 0.9233, AUC: 0.9990, AUPR: 0.9603
Fold 4 test Finished! - 2026-04-07 22:36:22
======================================================================
Final Results Summary
----------------------------------------------------------------------
AUC         AUPR        Acc         F1          Pre         Recall      
0.9990      0.9603      0.9961      0.9233      0.8972      0.9511      
======================================================================
