Logging for round 6, fold 2 configured to file: D:\SPAN\logs\fafa-round_6-fold_2.log - 2026-04-06 10:16:22
========== Round 6 - Fold 2 Training ==========
current_sys_path: D:\SPAN
device = cuda
Global seed initialized to 42 for reproducibility
Using GPU: NVIDIA GeForce RTX 3060 Laptop GPU
Starting fold 2 in 5-folds
Training data - Positive samples: tensor([44953.]), Negative samples: tensor([392091.])
Fold 2, Epoch: 1/1000, Batch: 854, Loss: 0.0352
Fold 2, Epoch 1/1000, Average Train Loss: 0.0313, LR: 0.000200
Fold 2, Epoch 1, Current decision threshold: 0.2000
Fold 2, Epoch 1/1000, Validation Loss: 0.0126, Accuracy: 0.7223
Fold 2, Epoch 1/1000, Precision: 0.0815, Recall: 0.9984, F1-Score: 0.1507, AUC: 0.9665, AUPR: 0.3670
New best model saved, F1: 0.1507, AUC: 0.9665, AUPR: 0.3670
Fold 2, Epoch: 2/1000, Batch: 854, Loss: 0.0109
Fold 2, Epoch 2/1000, Average Train Loss: 0.0170, LR: 0.000200
Fold 2, Epoch 2, Current decision threshold: 0.2000
Fold 2, Epoch 2/1000, Validation Loss: 0.0079, Accuracy: 0.9687
Fold 2, Epoch 2/1000, Precision: 0.4318, Recall: 0.8545, F1-Score: 0.5737, AUC: 0.9858, AUPR: 0.5716
New best model saved, F1: 0.5737, AUC: 0.9858, AUPR: 0.5716
Fold 2, Epoch: 3/1000, Batch: 854, Loss: 0.0095
Fold 2, Epoch 3/1000, Average Train Loss: 0.0126, LR: 0.000200
Fold 2, Epoch 3, Current decision threshold: 0.2000
Fold 2, Epoch 3/1000, Validation Loss: 0.0061, Accuracy: 0.9780
Fold 2, Epoch 3/1000, Precision: 0.5313, Recall: 0.9120, F1-Score: 0.6714, AUC: 0.9923, AUPR: 0.7191
New best model saved, F1: 0.6714, AUC: 0.9923, AUPR: 0.7191
Fold 2, Epoch: 4/1000, Batch: 854, Loss: 0.0110
Fold 2, Epoch 4/1000, Average Train Loss: 0.0110, LR: 0.000200
Fold 2, Epoch 4, Current decision threshold: 0.2000
Fold 2, Epoch 4/1000, Validation Loss: 0.0066, Accuracy: 0.9844
Fold 2, Epoch 4/1000, Precision: 0.6328, Recall: 0.8742, F1-Score: 0.7342, AUC: 0.9940, AUPR: 0.7648
New best model saved, F1: 0.7342, AUC: 0.9940, AUPR: 0.7648
Fold 2, Epoch: 5/1000, Batch: 854, Loss: 0.0070
Fold 2, Epoch 5/1000, Average Train Loss: 0.0099, LR: 0.000200
Epoch 5: Optimal threshold updated to = 0.2425
Fold 2, Epoch 5, Current decision threshold: 0.2425
Fold 2, Epoch 5/1000, Validation Loss: 0.0058, Accuracy: 0.9887
Fold 2, Epoch 5/1000, Precision: 0.7356, Recall: 0.8477, F1-Score: 0.7877, AUC: 0.9955, AUPR: 0.8113
New best model saved, F1: 0.7877, AUC: 0.9955, AUPR: 0.8113
Fold 2, Epoch: 6/1000, Batch: 854, Loss: 0.0066
Fold 2, Epoch 6/1000, Average Train Loss: 0.0090, LR: 0.000200
Fold 2, Epoch 6, Current decision threshold: 0.2425
Fold 2, Epoch 6/1000, Validation Loss: 0.0062, Accuracy: 0.9900
Fold 2, Epoch 6/1000, Precision: 0.7835, Recall: 0.8203, F1-Score: 0.8015, AUC: 0.9962, AUPR: 0.8321
New best model saved, F1: 0.8015, AUC: 0.9962, AUPR: 0.8321
Fold 2, Epoch: 7/1000, Batch: 854, Loss: 0.0069
Fold 2, Epoch 7/1000, Average Train Loss: 0.0083, LR: 0.000200
Fold 2, Epoch 7, Current decision threshold: 0.2425
Fold 2, Epoch 7/1000, Validation Loss: 0.0065, Accuracy: 0.9902
Fold 2, Epoch 7/1000, Precision: 0.8012, Recall: 0.8018, F1-Score: 0.8015, AUC: 0.9964, AUPR: 0.8389
New best model saved, F1: 0.8015, AUC: 0.9964, AUPR: 0.8389
Fold 2, Epoch: 8/1000, Batch: 854, Loss: 0.0100
Fold 2, Epoch 8/1000, Average Train Loss: 0.0078, LR: 0.000200
Fold 2, Epoch 8, Current decision threshold: 0.2425
Fold 2, Epoch 8/1000, Validation Loss: 0.0055, Accuracy: 0.9916
Fold 2, Epoch 8/1000, Precision: 0.8128, Recall: 0.8553, F1-Score: 0.8335, AUC: 0.9970, AUPR: 0.8644
New best model saved, F1: 0.8335, AUC: 0.9970, AUPR: 0.8644
Fold 2, Epoch: 9/1000, Batch: 854, Loss: 0.0071
Fold 2, Epoch 9/1000, Average Train Loss: 0.0074, LR: 0.000200
Fold 2, Epoch 9, Current decision threshold: 0.2425
Fold 2, Epoch 9/1000, Validation Loss: 0.0070, Accuracy: 0.9911
Fold 2, Epoch 9/1000, Precision: 0.8503, Recall: 0.7737, F1-Score: 0.8102, AUC: 0.9971, AUPR: 0.8796
New best model saved, F1: 0.8102, AUC: 0.9971, AUPR: 0.8796
Fold 2, Epoch: 10/1000, Batch: 854, Loss: 0.0131
Fold 2, Epoch 10/1000, Average Train Loss: 0.0071, LR: 0.000200
Epoch 10: Optimal threshold updated to = 0.1774
Fold 2, Epoch 10, Current decision threshold: 0.1774
Fold 2, Epoch 10/1000, Validation Loss: 0.0064, Accuracy: 0.9924
Fold 2, Epoch 10/1000, Precision: 0.8164, Recall: 0.8903, F1-Score: 0.8518, AUC: 0.9973, AUPR: 0.8834
New best model saved, F1: 0.8518, AUC: 0.9973, AUPR: 0.8834
Fold 2, Epoch: 11/1000, Batch: 854, Loss: 0.0084
Fold 2, Epoch 11/1000, Average Train Loss: 0.0067, LR: 0.000200
Fold 2, Epoch 11, Current decision threshold: 0.1774
Fold 2, Epoch 11/1000, Validation Loss: 0.0062, Accuracy: 0.9928
Fold 2, Epoch 11/1000, Precision: 0.8235, Recall: 0.8999, F1-Score: 0.8600, AUC: 0.9975, AUPR: 0.8928
New best model saved, F1: 0.8600, AUC: 0.9975, AUPR: 0.8928
Fold 2, Epoch: 12/1000, Batch: 854, Loss: 0.0062
Fold 2, Epoch 12/1000, Average Train Loss: 0.0064, LR: 0.000200
Fold 2, Epoch 12, Current decision threshold: 0.1774
Fold 2, Epoch 12/1000, Validation Loss: 0.0075, Accuracy: 0.9921
Fold 2, Epoch 12/1000, Precision: 0.8391, Recall: 0.8424, F1-Score: 0.8408, AUC: 0.9973, AUPR: 0.8889
No improvement, patience counter: 1/25
Fold 2, Epoch: 13/1000, Batch: 854, Loss: 0.0039
Fold 2, Epoch 13/1000, Average Train Loss: 0.0062, LR: 0.000200
Fold 2, Epoch 13, Current decision threshold: 0.1774
Fold 2, Epoch 13/1000, Validation Loss: 0.0057, Accuracy: 0.9931
Fold 2, Epoch 13/1000, Precision: 0.8307, Recall: 0.9072, F1-Score: 0.8672, AUC: 0.9977, AUPR: 0.9062
New best model saved, F1: 0.8672, AUC: 0.9977, AUPR: 0.9062
Fold 2, Epoch: 14/1000, Batch: 854, Loss: 0.0040
Fold 2, Epoch 14/1000, Average Train Loss: 0.0060, LR: 0.000200
Fold 2, Epoch 14, Current decision threshold: 0.1774
Fold 2, Epoch 14/1000, Validation Loss: 0.0054, Accuracy: 0.9927
Fold 2, Epoch 14/1000, Precision: 0.8144, Recall: 0.9136, F1-Score: 0.8611, AUC: 0.9976, AUPR: 0.9037
No improvement, patience counter: 1/25
Fold 2, Epoch: 15/1000, Batch: 854, Loss: 0.0049
Fold 2, Epoch 15/1000, Average Train Loss: 0.0058, LR: 0.000200
Epoch 15: Optimal threshold updated to = 0.1782
Fold 2, Epoch 15, Current decision threshold: 0.1782
Fold 2, Epoch 15/1000, Validation Loss: 0.0058, Accuracy: 0.9937
Fold 2, Epoch 15/1000, Precision: 0.8535, Recall: 0.8971, F1-Score: 0.8748, AUC: 0.9978, AUPR: 0.9106
New best model saved, F1: 0.8748, AUC: 0.9978, AUPR: 0.9106
Fold 2, Epoch: 16/1000, Batch: 854, Loss: 0.0052
Fold 2, Epoch 16/1000, Average Train Loss: 0.0056, LR: 0.000200
Fold 2, Epoch 16, Current decision threshold: 0.1782
Fold 2, Epoch 16/1000, Validation Loss: 0.0071, Accuracy: 0.9933
Fold 2, Epoch 16/1000, Precision: 0.8675, Recall: 0.8577, F1-Score: 0.8626, AUC: 0.9978, AUPR: 0.9100
No improvement, patience counter: 1/25
Fold 2, Epoch: 17/1000, Batch: 854, Loss: 0.0037
Fold 2, Epoch 17/1000, Average Train Loss: 0.0054, LR: 0.000200
Fold 2, Epoch 17, Current decision threshold: 0.1782
Fold 2, Epoch 17/1000, Validation Loss: 0.0055, Accuracy: 0.9942
Fold 2, Epoch 17/1000, Precision: 0.8619, Recall: 0.9108, F1-Score: 0.8857, AUC: 0.9981, AUPR: 0.9215
New best model saved, F1: 0.8857, AUC: 0.9981, AUPR: 0.9215
Fold 2, Epoch: 18/1000, Batch: 854, Loss: 0.0069
Fold 2, Epoch 18/1000, Average Train Loss: 0.0053, LR: 0.000200
Fold 2, Epoch 18, Current decision threshold: 0.1782
Fold 2, Epoch 18/1000, Validation Loss: 0.0070, Accuracy: 0.9939
Fold 2, Epoch 18/1000, Precision: 0.8870, Recall: 0.8609, F1-Score: 0.8738, AUC: 0.9981, AUPR: 0.9217
No improvement, patience counter: 1/25
Fold 2, Epoch: 19/1000, Batch: 854, Loss: 0.0055
Fold 2, Epoch 19/1000, Average Train Loss: 0.0052, LR: 0.000200
Fold 2, Epoch 19, Current decision threshold: 0.1782
Fold 2, Epoch 19/1000, Validation Loss: 0.0082, Accuracy: 0.9935
Fold 2, Epoch 19/1000, Precision: 0.9086, Recall: 0.8195, F1-Score: 0.8618, AUC: 0.9981, AUPR: 0.9224
No improvement, patience counter: 2/25
Fold 2, Epoch: 20/1000, Batch: 854, Loss: 0.0043
Fold 2, Epoch 20/1000, Average Train Loss: 0.0051, LR: 0.000200
Epoch 20: Optimal threshold updated to = 0.1152
Fold 2, Epoch 20, Current decision threshold: 0.1152
Fold 2, Epoch 20/1000, Validation Loss: 0.0068, Accuracy: 0.9943
Fold 2, Epoch 20/1000, Precision: 0.8611, Recall: 0.9172, F1-Score: 0.8883, AUC: 0.9982, AUPR: 0.9287
New best model saved, F1: 0.8883, AUC: 0.9982, AUPR: 0.9287
Fold 2, Epoch: 21/1000, Batch: 854, Loss: 0.0064
Fold 2, Epoch 21/1000, Average Train Loss: 0.0048, LR: 0.000200
Fold 2, Epoch 21, Current decision threshold: 0.1152
Fold 2, Epoch 21/1000, Validation Loss: 0.0049, Accuracy: 0.9940
Fold 2, Epoch 21/1000, Precision: 0.8259, Recall: 0.9590, F1-Score: 0.8875, AUC: 0.9984, AUPR: 0.9388
New best model saved, F1: 0.8875, AUC: 0.9984, AUPR: 0.9388
Fold 2, Epoch: 22/1000, Batch: 854, Loss: 0.0036
Fold 2, Epoch 22/1000, Average Train Loss: 0.0047, LR: 0.000200
Fold 2, Epoch 22, Current decision threshold: 0.1152
Fold 2, Epoch 22/1000, Validation Loss: 0.0063, Accuracy: 0.9945
Fold 2, Epoch 22/1000, Precision: 0.8604, Recall: 0.9289, F1-Score: 0.8933, AUC: 0.9984, AUPR: 0.9371
No improvement, patience counter: 1/25
Fold 2, Epoch: 23/1000, Batch: 854, Loss: 0.0050
Fold 2, Epoch 23/1000, Average Train Loss: 0.0047, LR: 0.000200
Fold 2, Epoch 23, Current decision threshold: 0.1152
Fold 2, Epoch 23/1000, Validation Loss: 0.0074, Accuracy: 0.9949
Fold 2, Epoch 23/1000, Precision: 0.8884, Recall: 0.9088, F1-Score: 0.8985, AUC: 0.9984, AUPR: 0.9385
New best model saved, F1: 0.8985, AUC: 0.9984, AUPR: 0.9385
Fold 2, Epoch: 24/1000, Batch: 854, Loss: 0.0036
Fold 2, Epoch 24/1000, Average Train Loss: 0.0045, LR: 0.000200
Fold 2, Epoch 24, Current decision threshold: 0.1152
Fold 2, Epoch 24/1000, Validation Loss: 0.0089, Accuracy: 0.9942
Fold 2, Epoch 24/1000, Precision: 0.8905, Recall: 0.8730, F1-Score: 0.8817, AUC: 0.9982, AUPR: 0.9307
No improvement, patience counter: 1/25
Fold 2, Epoch: 25/1000, Batch: 854, Loss: 0.0083
Fold 2, Epoch 25/1000, Average Train Loss: 0.0044, LR: 0.000200
Epoch 25: Optimal threshold updated to = 0.1386
Fold 2, Epoch 25, Current decision threshold: 0.1386
Fold 2, Epoch 25/1000, Validation Loss: 0.0065, Accuracy: 0.9946
Fold 2, Epoch 25/1000, Precision: 0.8814, Recall: 0.9023, F1-Score: 0.8918, AUC: 0.9984, AUPR: 0.9342
No improvement, patience counter: 2/25
Fold 2, Epoch: 26/1000, Batch: 854, Loss: 0.0056
Fold 2, Epoch 26/1000, Average Train Loss: 0.0044, LR: 0.000200
Fold 2, Epoch 26, Current decision threshold: 0.1386
Fold 2, Epoch 26/1000, Validation Loss: 0.0058, Accuracy: 0.9947
Fold 2, Epoch 26/1000, Precision: 0.8736, Recall: 0.9164, F1-Score: 0.8945, AUC: 0.9984, AUPR: 0.9391
No improvement, patience counter: 3/25
Fold 2, Epoch: 27/1000, Batch: 854, Loss: 0.0017
Fold 2, Epoch 27/1000, Average Train Loss: 0.0042, LR: 0.000200
Fold 2, Epoch 27, Current decision threshold: 0.1386
Fold 2, Epoch 27/1000, Validation Loss: 0.0067, Accuracy: 0.9944
Fold 2, Epoch 27/1000, Precision: 0.8798, Recall: 0.8971, F1-Score: 0.8884, AUC: 0.9982, AUPR: 0.9333
No improvement, patience counter: 4/25
Fold 2, Epoch: 28/1000, Batch: 854, Loss: 0.0067
Fold 2, Epoch 28/1000, Average Train Loss: 0.0037, LR: 0.000100
Fold 2, Epoch 28, Current decision threshold: 0.1386
Fold 2, Epoch 28/1000, Validation Loss: 0.0072, Accuracy: 0.9953
Fold 2, Epoch 28/1000, Precision: 0.9173, Recall: 0.8911, F1-Score: 0.9040, AUC: 0.9986, AUPR: 0.9461
New best model saved, F1: 0.9040, AUC: 0.9986, AUPR: 0.9461
Fold 2, Epoch: 29/1000, Batch: 854, Loss: 0.0009
Fold 2, Epoch 29/1000, Average Train Loss: 0.0036, LR: 0.000100
Fold 2, Epoch 29, Current decision threshold: 0.1386
Fold 2, Epoch 29/1000, Validation Loss: 0.0061, Accuracy: 0.9954
Fold 2, Epoch 29/1000, Precision: 0.9033, Recall: 0.9120, F1-Score: 0.9076, AUC: 0.9986, AUPR: 0.9472
New best model saved, F1: 0.9076, AUC: 0.9986, AUPR: 0.9472
Fold 2, Epoch: 30/1000, Batch: 854, Loss: 0.0021
Fold 2, Epoch 30/1000, Average Train Loss: 0.0035, LR: 0.000100
Epoch 30: Optimal threshold updated to = 0.0927
Fold 2, Epoch 30, Current decision threshold: 0.0927
Fold 2, Epoch 30/1000, Validation Loss: 0.0070, Accuracy: 0.9953
Fold 2, Epoch 30/1000, Precision: 0.8843, Recall: 0.9309, F1-Score: 0.9070, AUC: 0.9986, AUPR: 0.9454
No improvement, patience counter: 1/25
Fold 2, Epoch: 31/1000, Batch: 854, Loss: 0.0082
Fold 2, Epoch 31/1000, Average Train Loss: 0.0035, LR: 0.000100
Fold 2, Epoch 31, Current decision threshold: 0.0927
Fold 2, Epoch 31/1000, Validation Loss: 0.0073, Accuracy: 0.9952
Fold 2, Epoch 31/1000, Precision: 0.8877, Recall: 0.9212, F1-Score: 0.9041, AUC: 0.9986, AUPR: 0.9460
No improvement, patience counter: 2/25
Fold 2, Epoch: 32/1000, Batch: 854, Loss: 0.0068
Fold 2, Epoch 32/1000, Average Train Loss: 0.0034, LR: 0.000100
Fold 2, Epoch 32, Current decision threshold: 0.0927
Fold 2, Epoch 32/1000, Validation Loss: 0.0067, Accuracy: 0.9953
Fold 2, Epoch 32/1000, Precision: 0.8855, Recall: 0.9297, F1-Score: 0.9071, AUC: 0.9986, AUPR: 0.9485
New best model saved, F1: 0.9071, AUC: 0.9986, AUPR: 0.9485
Fold 2, Epoch: 33/1000, Batch: 854, Loss: 0.0063
Fold 2, Epoch 33/1000, Average Train Loss: 0.0034, LR: 0.000100
Fold 2, Epoch 33, Current decision threshold: 0.0927
Fold 2, Epoch 33/1000, Validation Loss: 0.0069, Accuracy: 0.9950
Fold 2, Epoch 33/1000, Precision: 0.8785, Recall: 0.9244, F1-Score: 0.9009, AUC: 0.9986, AUPR: 0.9459
No improvement, patience counter: 1/25
Fold 2, Epoch: 34/1000, Batch: 854, Loss: 0.0019
Fold 2, Epoch 34/1000, Average Train Loss: 0.0033, LR: 0.000100
Fold 2, Epoch 34, Current decision threshold: 0.0927
Fold 2, Epoch 34/1000, Validation Loss: 0.0074, Accuracy: 0.9952
Fold 2, Epoch 34/1000, Precision: 0.8885, Recall: 0.9188, F1-Score: 0.9034, AUC: 0.9985, AUPR: 0.9464
No improvement, patience counter: 2/25
Fold 2, Epoch: 35/1000, Batch: 854, Loss: 0.0043
Fold 2, Epoch 35/1000, Average Train Loss: 0.0032, LR: 0.000100
Epoch 35: Optimal threshold updated to = 0.0980
Fold 2, Epoch 35, Current decision threshold: 0.0980
Fold 2, Epoch 35/1000, Validation Loss: 0.0074, Accuracy: 0.9954
Fold 2, Epoch 35/1000, Precision: 0.8964, Recall: 0.9184, F1-Score: 0.9073, AUC: 0.9986, AUPR: 0.9474
No improvement, patience counter: 3/25
Fold 2, Epoch: 36/1000, Batch: 854, Loss: 0.0015
Fold 2, Epoch 36/1000, Average Train Loss: 0.0032, LR: 0.000100
Fold 2, Epoch 36, Current decision threshold: 0.0980
Fold 2, Epoch 36/1000, Validation Loss: 0.0063, Accuracy: 0.9955
Fold 2, Epoch 36/1000, Precision: 0.8896, Recall: 0.9325, F1-Score: 0.9105, AUC: 0.9987, AUPR: 0.9509
New best model saved, F1: 0.9105, AUC: 0.9987, AUPR: 0.9509
Fold 2, Epoch: 37/1000, Batch: 854, Loss: 0.0038
Fold 2, Epoch 37/1000, Average Train Loss: 0.0032, LR: 0.000100
Fold 2, Epoch 37, Current decision threshold: 0.0980
Fold 2, Epoch 37/1000, Validation Loss: 0.0070, Accuracy: 0.9957
Fold 2, Epoch 37/1000, Precision: 0.9039, Recall: 0.9228, F1-Score: 0.9133, AUC: 0.9987, AUPR: 0.9507
New best model saved, F1: 0.9133, AUC: 0.9987, AUPR: 0.9507
Fold 2, Epoch: 38/1000, Batch: 854, Loss: 0.0023
Fold 2, Epoch 38/1000, Average Train Loss: 0.0032, LR: 0.000100
Fold 2, Epoch 38, Current decision threshold: 0.0980
Fold 2, Epoch 38/1000, Validation Loss: 0.0070, Accuracy: 0.9956
Fold 2, Epoch 38/1000, Precision: 0.9028, Recall: 0.9220, F1-Score: 0.9123, AUC: 0.9987, AUPR: 0.9528
New best model saved, F1: 0.9123, AUC: 0.9987, AUPR: 0.9528
Fold 2, Epoch: 39/1000, Batch: 854, Loss: 0.0028
Fold 2, Epoch 39/1000, Average Train Loss: 0.0031, LR: 0.000100
Fold 2, Epoch 39, Current decision threshold: 0.0980
Fold 2, Epoch 39/1000, Validation Loss: 0.0072, Accuracy: 0.9954
Fold 2, Epoch 39/1000, Precision: 0.8989, Recall: 0.9148, F1-Score: 0.9068, AUC: 0.9986, AUPR: 0.9497
No improvement, patience counter: 1/25
Fold 2, Epoch: 40/1000, Batch: 854, Loss: 0.0035
Fold 2, Epoch 40/1000, Average Train Loss: 0.0031, LR: 0.000100
Epoch 40: Optimal threshold updated to = 0.1039
Fold 2, Epoch 40, Current decision threshold: 0.1039
Fold 2, Epoch 40/1000, Validation Loss: 0.0066, Accuracy: 0.9956
Fold 2, Epoch 40/1000, Precision: 0.9015, Recall: 0.9228, F1-Score: 0.9120, AUC: 0.9987, AUPR: 0.9532
New best model saved, F1: 0.9120, AUC: 0.9987, AUPR: 0.9532
Fold 2, Epoch: 41/1000, Batch: 854, Loss: 0.0017
Fold 2, Epoch 41/1000, Average Train Loss: 0.0030, LR: 0.000100
Fold 2, Epoch 41, Current decision threshold: 0.1039
Fold 2, Epoch 41/1000, Validation Loss: 0.0083, Accuracy: 0.9954
Fold 2, Epoch 41/1000, Precision: 0.9225, Recall: 0.8903, F1-Score: 0.9061, AUC: 0.9986, AUPR: 0.9504
No improvement, patience counter: 1/25
Fold 2, Epoch: 42/1000, Batch: 854, Loss: 0.0032
Fold 2, Epoch 42/1000, Average Train Loss: 0.0030, LR: 0.000100
Fold 2, Epoch 42, Current decision threshold: 0.1039
Fold 2, Epoch 42/1000, Validation Loss: 0.0086, Accuracy: 0.9956
Fold 2, Epoch 42/1000, Precision: 0.9268, Recall: 0.8903, F1-Score: 0.9082, AUC: 0.9987, AUPR: 0.9514
No improvement, patience counter: 2/25
Fold 2, Epoch: 43/1000, Batch: 854, Loss: 0.0044
Fold 2, Epoch 43/1000, Average Train Loss: 0.0030, LR: 0.000100
Fold 2, Epoch 43, Current decision threshold: 0.1039
Fold 2, Epoch 43/1000, Validation Loss: 0.0073, Accuracy: 0.9956
Fold 2, Epoch 43/1000, Precision: 0.9104, Recall: 0.9104, F1-Score: 0.9104, AUC: 0.9987, AUPR: 0.9538
New best model saved, F1: 0.9104, AUC: 0.9987, AUPR: 0.9538
Fold 2, Epoch: 44/1000, Batch: 854, Loss: 0.0019
Fold 2, Epoch 44/1000, Average Train Loss: 0.0030, LR: 0.000100
Fold 2, Epoch 44, Current decision threshold: 0.1039
Fold 2, Epoch 44/1000, Validation Loss: 0.0066, Accuracy: 0.9957
Fold 2, Epoch 44/1000, Precision: 0.9064, Recall: 0.9220, F1-Score: 0.9141, AUC: 0.9987, AUPR: 0.9541
New best model saved, F1: 0.9141, AUC: 0.9987, AUPR: 0.9541
Fold 2, Epoch: 45/1000, Batch: 854, Loss: 0.0031
Fold 2, Epoch 45/1000, Average Train Loss: 0.0030, LR: 0.000100
Epoch 45: Optimal threshold updated to = 0.1057
Fold 2, Epoch 45, Current decision threshold: 0.1057
Fold 2, Epoch 45/1000, Validation Loss: 0.0070, Accuracy: 0.9954
Fold 2, Epoch 45/1000, Precision: 0.9017, Recall: 0.9144, F1-Score: 0.9080, AUC: 0.9987, AUPR: 0.9518
No improvement, patience counter: 1/25
Fold 2, Epoch: 46/1000, Batch: 854, Loss: 0.0020
Fold 2, Epoch 46/1000, Average Train Loss: 0.0029, LR: 0.000100
Fold 2, Epoch 46, Current decision threshold: 0.1057
Fold 2, Epoch 46/1000, Validation Loss: 0.0070, Accuracy: 0.9958
Fold 2, Epoch 46/1000, Precision: 0.9143, Recall: 0.9136, F1-Score: 0.9140, AUC: 0.9987, AUPR: 0.9549
New best model saved, F1: 0.9140, AUC: 0.9987, AUPR: 0.9549
Fold 2, Epoch: 47/1000, Batch: 854, Loss: 0.0007
Fold 2, Epoch 47/1000, Average Train Loss: 0.0029, LR: 0.000100
Fold 2, Epoch 47, Current decision threshold: 0.1057
Fold 2, Epoch 47/1000, Validation Loss: 0.0067, Accuracy: 0.9958
Fold 2, Epoch 47/1000, Precision: 0.9130, Recall: 0.9192, F1-Score: 0.9161, AUC: 0.9988, AUPR: 0.9555
New best model saved, F1: 0.9161, AUC: 0.9988, AUPR: 0.9555
Fold 2, Epoch: 48/1000, Batch: 854, Loss: 0.0029
Fold 2, Epoch 48/1000, Average Train Loss: 0.0029, LR: 0.000100
Fold 2, Epoch 48, Current decision threshold: 0.1057
Fold 2, Epoch 48/1000, Validation Loss: 0.0066, Accuracy: 0.9957
Fold 2, Epoch 48/1000, Precision: 0.9057, Recall: 0.9228, F1-Score: 0.9142, AUC: 0.9987, AUPR: 0.9560
No improvement, patience counter: 1/25
Fold 2, Epoch: 49/1000, Batch: 854, Loss: 0.0033
Fold 2, Epoch 49/1000, Average Train Loss: 0.0028, LR: 0.000100
Fold 2, Epoch 49, Current decision threshold: 0.1057
Fold 2, Epoch 49/1000, Validation Loss: 0.0082, Accuracy: 0.9955
Fold 2, Epoch 49/1000, Precision: 0.9183, Recall: 0.8991, F1-Score: 0.9086, AUC: 0.9986, AUPR: 0.9505
No improvement, patience counter: 2/25
Fold 2, Epoch: 50/1000, Batch: 854, Loss: 0.0014
Fold 2, Epoch 50/1000, Average Train Loss: 0.0028, LR: 0.000100
Epoch 50: Optimal threshold updated to = 0.1020
Fold 2, Epoch 50, Current decision threshold: 0.1020
Fold 2, Epoch 50/1000, Validation Loss: 0.0068, Accuracy: 0.9959
Fold 2, Epoch 50/1000, Precision: 0.9135, Recall: 0.9208, F1-Score: 0.9171, AUC: 0.9988, AUPR: 0.9565
New best model saved, F1: 0.9171, AUC: 0.9988, AUPR: 0.9565
Fold 2, Epoch: 51/1000, Batch: 854, Loss: 0.0029
Fold 2, Epoch 51/1000, Average Train Loss: 0.0028, LR: 0.000100
Fold 2, Epoch 51, Current decision threshold: 0.1020
Fold 2, Epoch 51/1000, Validation Loss: 0.0081, Accuracy: 0.9955
Fold 2, Epoch 51/1000, Precision: 0.9221, Recall: 0.8939, F1-Score: 0.9078, AUC: 0.9987, AUPR: 0.9547
No improvement, patience counter: 1/25
Fold 2, Epoch: 52/1000, Batch: 854, Loss: 0.0042
Fold 2, Epoch 52/1000, Average Train Loss: 0.0027, LR: 0.000100
Fold 2, Epoch 52, Current decision threshold: 0.1020
Fold 2, Epoch 52/1000, Validation Loss: 0.0067, Accuracy: 0.9957
Fold 2, Epoch 52/1000, Precision: 0.9065, Recall: 0.9200, F1-Score: 0.9132, AUC: 0.9988, AUPR: 0.9567
No improvement, patience counter: 2/25
Fold 2, Epoch: 53/1000, Batch: 854, Loss: 0.0014
Fold 2, Epoch 53/1000, Average Train Loss: 0.0027, LR: 0.000100
Fold 2, Epoch 53, Current decision threshold: 0.1020
Fold 2, Epoch 53/1000, Validation Loss: 0.0067, Accuracy: 0.9956
Fold 2, Epoch 53/1000, Precision: 0.9040, Recall: 0.9192, F1-Score: 0.9115, AUC: 0.9988, AUPR: 0.9575
No improvement, patience counter: 3/25
Fold 2, Epoch: 54/1000, Batch: 854, Loss: 0.0010
Fold 2, Epoch 54/1000, Average Train Loss: 0.0027, LR: 0.000100
Fold 2, Epoch 54, Current decision threshold: 0.1020
Fold 2, Epoch 54/1000, Validation Loss: 0.0080, Accuracy: 0.9953
Fold 2, Epoch 54/1000, Precision: 0.9125, Recall: 0.8975, F1-Score: 0.9050, AUC: 0.9986, AUPR: 0.9537
No improvement, patience counter: 4/25
Fold 2, Epoch: 55/1000, Batch: 854, Loss: 0.0030
Fold 2, Epoch 55/1000, Average Train Loss: 0.0024, LR: 0.000050
Epoch 55: Optimal threshold updated to = 0.0672
Fold 2, Epoch 55, Current decision threshold: 0.0672
Fold 2, Epoch 55/1000, Validation Loss: 0.0075, Accuracy: 0.9959
Fold 2, Epoch 55/1000, Precision: 0.9060, Recall: 0.9301, F1-Score: 0.9179, AUC: 0.9988, AUPR: 0.9603
New best model saved, F1: 0.9179, AUC: 0.9988, AUPR: 0.9603
Fold 2, Epoch: 56/1000, Batch: 854, Loss: 0.0017
Fold 2, Epoch 56/1000, Average Train Loss: 0.0024, LR: 0.000050
Fold 2, Epoch 56, Current decision threshold: 0.0672
Fold 2, Epoch 56/1000, Validation Loss: 0.0068, Accuracy: 0.9956
Fold 2, Epoch 56/1000, Precision: 0.8886, Recall: 0.9389, F1-Score: 0.9130, AUC: 0.9988, AUPR: 0.9579
No improvement, patience counter: 1/25
Fold 2, Epoch: 57/1000, Batch: 854, Loss: 0.0023
Fold 2, Epoch 57/1000, Average Train Loss: 0.0024, LR: 0.000050
Fold 2, Epoch 57, Current decision threshold: 0.0672
Fold 2, Epoch 57/1000, Validation Loss: 0.0075, Accuracy: 0.9957
Fold 2, Epoch 57/1000, Precision: 0.8990, Recall: 0.9305, F1-Score: 0.9145, AUC: 0.9988, AUPR: 0.9588
No improvement, patience counter: 2/25
Fold 2, Epoch: 58/1000, Batch: 854, Loss: 0.0021
Fold 2, Epoch 58/1000, Average Train Loss: 0.0023, LR: 0.000050
Fold 2, Epoch 58, Current decision threshold: 0.0672
Fold 2, Epoch 58/1000, Validation Loss: 0.0086, Accuracy: 0.9959
Fold 2, Epoch 58/1000, Precision: 0.9151, Recall: 0.9180, F1-Score: 0.9165, AUC: 0.9988, AUPR: 0.9587
No improvement, patience counter: 3/25
Fold 2, Epoch: 59/1000, Batch: 854, Loss: 0.0037
Fold 2, Epoch 59/1000, Average Train Loss: 0.0023, LR: 0.000050
Fold 2, Epoch 59, Current decision threshold: 0.0672
Fold 2, Epoch 59/1000, Validation Loss: 0.0077, Accuracy: 0.9960
Fold 2, Epoch 59/1000, Precision: 0.9093, Recall: 0.9309, F1-Score: 0.9200, AUC: 0.9988, AUPR: 0.9596
No improvement, patience counter: 4/25
Fold 2, Epoch: 60/1000, Batch: 854, Loss: 0.0013
Fold 2, Epoch 60/1000, Average Train Loss: 0.0021, LR: 0.000025
Epoch 60: Optimal threshold updated to = 0.0707
Fold 2, Epoch 60, Current decision threshold: 0.0707
Fold 2, Epoch 60/1000, Validation Loss: 0.0079, Accuracy: 0.9961
Fold 2, Epoch 60/1000, Precision: 0.9188, Recall: 0.9236, F1-Score: 0.9212, AUC: 0.9989, AUPR: 0.9603
New best model saved, F1: 0.9212, AUC: 0.9989, AUPR: 0.9603
Fold 2, Epoch: 61/1000, Batch: 854, Loss: 0.0013
Fold 2, Epoch 61/1000, Average Train Loss: 0.0021, LR: 0.000025
Fold 2, Epoch 61, Current decision threshold: 0.0707
Fold 2, Epoch 61/1000, Validation Loss: 0.0070, Accuracy: 0.9958
Fold 2, Epoch 61/1000, Precision: 0.8994, Recall: 0.9341, F1-Score: 0.9164, AUC: 0.9988, AUPR: 0.9598
No improvement, patience counter: 1/25
Fold 2, Epoch: 62/1000, Batch: 854, Loss: 0.0045
Fold 2, Epoch 62/1000, Average Train Loss: 0.0021, LR: 0.000025
Fold 2, Epoch 62, Current decision threshold: 0.0707
Fold 2, Epoch 62/1000, Validation Loss: 0.0071, Accuracy: 0.9959
Fold 2, Epoch 62/1000, Precision: 0.9027, Recall: 0.9357, F1-Score: 0.9189, AUC: 0.9988, AUPR: 0.9599
No improvement, patience counter: 2/25
Fold 2, Epoch: 63/1000, Batch: 854, Loss: 0.0041
Fold 2, Epoch 63/1000, Average Train Loss: 0.0021, LR: 0.000025
Fold 2, Epoch 63, Current decision threshold: 0.0707
Fold 2, Epoch 63/1000, Validation Loss: 0.0068, Accuracy: 0.9958
Fold 2, Epoch 63/1000, Precision: 0.8962, Recall: 0.9373, F1-Score: 0.9163, AUC: 0.9988, AUPR: 0.9590
No improvement, patience counter: 3/25
Fold 2, Epoch: 64/1000, Batch: 854, Loss: 0.0020
Fold 2, Epoch 64/1000, Average Train Loss: 0.0021, LR: 0.000025
Fold 2, Epoch 64, Current decision threshold: 0.0707
Fold 2, Epoch 64/1000, Validation Loss: 0.0070, Accuracy: 0.9959
Fold 2, Epoch 64/1000, Precision: 0.9003, Recall: 0.9365, F1-Score: 0.9180, AUC: 0.9989, AUPR: 0.9602
No improvement, patience counter: 4/25
Fold 2, Epoch: 65/1000, Batch: 854, Loss: 0.0076
Fold 2, Epoch 65/1000, Average Train Loss: 0.0020, LR: 0.000013
Epoch 65: Optimal threshold updated to = 0.0540
Fold 2, Epoch 65, Current decision threshold: 0.0540
Fold 2, Epoch 65/1000, Validation Loss: 0.0080, Accuracy: 0.9960
Fold 2, Epoch 65/1000, Precision: 0.9043, Recall: 0.9377, F1-Score: 0.9207, AUC: 0.9989, AUPR: 0.9606
New best model saved, F1: 0.9207, AUC: 0.9989, AUPR: 0.9606
Fold 2, Epoch: 66/1000, Batch: 854, Loss: 0.0010
Fold 2, Epoch 66/1000, Average Train Loss: 0.0020, LR: 0.000013
Fold 2, Epoch 66, Current decision threshold: 0.0540
Fold 2, Epoch 66/1000, Validation Loss: 0.0074, Accuracy: 0.9959
Fold 2, Epoch 66/1000, Precision: 0.8952, Recall: 0.9437, F1-Score: 0.9188, AUC: 0.9989, AUPR: 0.9614
New best model saved, F1: 0.9188, AUC: 0.9989, AUPR: 0.9614
Fold 2, Epoch: 67/1000, Batch: 854, Loss: 0.0037
Fold 2, Epoch 67/1000, Average Train Loss: 0.0020, LR: 0.000013
Fold 2, Epoch 67, Current decision threshold: 0.0540
Fold 2, Epoch 67/1000, Validation Loss: 0.0073, Accuracy: 0.9958
Fold 2, Epoch 67/1000, Precision: 0.8922, Recall: 0.9445, F1-Score: 0.9176, AUC: 0.9989, AUPR: 0.9608
No improvement, patience counter: 1/25
Fold 2, Epoch: 68/1000, Batch: 854, Loss: 0.0012
Fold 2, Epoch 68/1000, Average Train Loss: 0.0020, LR: 0.000013
Fold 2, Epoch 68, Current decision threshold: 0.0540
Fold 2, Epoch 68/1000, Validation Loss: 0.0082, Accuracy: 0.9959
Fold 2, Epoch 68/1000, Precision: 0.9034, Recall: 0.9325, F1-Score: 0.9177, AUC: 0.9989, AUPR: 0.9606
No improvement, patience counter: 2/25
Fold 2, Epoch: 69/1000, Batch: 854, Loss: 0.0014
Fold 2, Epoch 69/1000, Average Train Loss: 0.0020, LR: 0.000013
Fold 2, Epoch 69, Current decision threshold: 0.0540
Fold 2, Epoch 69/1000, Validation Loss: 0.0075, Accuracy: 0.9958
Fold 2, Epoch 69/1000, Precision: 0.8944, Recall: 0.9397, F1-Score: 0.9165, AUC: 0.9989, AUPR: 0.9621
New best model saved, F1: 0.9165, AUC: 0.9989, AUPR: 0.9621
Fold 2, Epoch: 70/1000, Batch: 854, Loss: 0.0005
Fold 2, Epoch 70/1000, Average Train Loss: 0.0019, LR: 0.000013
Epoch 70: Optimal threshold updated to = 0.0655
Fold 2, Epoch 70, Current decision threshold: 0.0655
Fold 2, Epoch 70/1000, Validation Loss: 0.0075, Accuracy: 0.9960
Fold 2, Epoch 70/1000, Precision: 0.9076, Recall: 0.9321, F1-Score: 0.9197, AUC: 0.9989, AUPR: 0.9621
New best model saved, F1: 0.9197, AUC: 0.9989, AUPR: 0.9621
Fold 2, Epoch: 71/1000, Batch: 854, Loss: 0.0022
Fold 2, Epoch 71/1000, Average Train Loss: 0.0020, LR: 0.000013
Fold 2, Epoch 71, Current decision threshold: 0.0655
Fold 2, Epoch 71/1000, Validation Loss: 0.0072, Accuracy: 0.9959
Fold 2, Epoch 71/1000, Precision: 0.9037, Recall: 0.9353, F1-Score: 0.9192, AUC: 0.9989, AUPR: 0.9613
No improvement, patience counter: 1/25
Fold 2, Epoch: 72/1000, Batch: 854, Loss: 0.0067
Fold 2, Epoch 72/1000, Average Train Loss: 0.0019, LR: 0.000013
Fold 2, Epoch 72, Current decision threshold: 0.0655
Fold 2, Epoch 72/1000, Validation Loss: 0.0079, Accuracy: 0.9959
Fold 2, Epoch 72/1000, Precision: 0.9110, Recall: 0.9260, F1-Score: 0.9185, AUC: 0.9989, AUPR: 0.9610
No improvement, patience counter: 2/25
Fold 2, Epoch: 73/1000, Batch: 854, Loss: 0.0026
Fold 2, Epoch 73/1000, Average Train Loss: 0.0019, LR: 0.000013
Fold 2, Epoch 73, Current decision threshold: 0.0655
Fold 2, Epoch 73/1000, Validation Loss: 0.0076, Accuracy: 0.9960
Fold 2, Epoch 73/1000, Precision: 0.9066, Recall: 0.9321, F1-Score: 0.9191, AUC: 0.9989, AUPR: 0.9614
No improvement, patience counter: 3/25
Fold 2, Epoch: 74/1000, Batch: 854, Loss: 0.0006
Fold 2, Epoch 74/1000, Average Train Loss: 0.0019, LR: 0.000013
Fold 2, Epoch 74, Current decision threshold: 0.0655
Fold 2, Epoch 74/1000, Validation Loss: 0.0079, Accuracy: 0.9960
Fold 2, Epoch 74/1000, Precision: 0.9132, Recall: 0.9260, F1-Score: 0.9196, AUC: 0.9989, AUPR: 0.9615
No improvement, patience counter: 4/25
Fold 2, Epoch: 75/1000, Batch: 854, Loss: 0.0043
Fold 2, Epoch 75/1000, Average Train Loss: 0.0019, LR: 0.000006
Epoch 75: Optimal threshold updated to = 0.0600
Fold 2, Epoch 75, Current decision threshold: 0.0600
Fold 2, Epoch 75/1000, Validation Loss: 0.0075, Accuracy: 0.9960
Fold 2, Epoch 75/1000, Precision: 0.9030, Recall: 0.9389, F1-Score: 0.9206, AUC: 0.9989, AUPR: 0.9609
No improvement, patience counter: 5/25
Fold 2, Epoch: 76/1000, Batch: 854, Loss: 0.0014
Fold 2, Epoch 76/1000, Average Train Loss: 0.0019, LR: 0.000006
Fold 2, Epoch 76, Current decision threshold: 0.0600
Fold 2, Epoch 76/1000, Validation Loss: 0.0076, Accuracy: 0.9960
Fold 2, Epoch 76/1000, Precision: 0.9052, Recall: 0.9365, F1-Score: 0.9206, AUC: 0.9989, AUPR: 0.9613
No improvement, patience counter: 6/25
Fold 2, Epoch: 77/1000, Batch: 854, Loss: 0.0026
Fold 2, Epoch 77/1000, Average Train Loss: 0.0019, LR: 0.000006
Fold 2, Epoch 77, Current decision threshold: 0.0600
Fold 2, Epoch 77/1000, Validation Loss: 0.0075, Accuracy: 0.9960
Fold 2, Epoch 77/1000, Precision: 0.9038, Recall: 0.9369, F1-Score: 0.9201, AUC: 0.9989, AUPR: 0.9616
No improvement, patience counter: 7/25
Fold 2, Epoch: 78/1000, Batch: 854, Loss: 0.0010
Fold 2, Epoch 78/1000, Average Train Loss: 0.0019, LR: 0.000006
Fold 2, Epoch 78, Current decision threshold: 0.0600
Fold 2, Epoch 78/1000, Validation Loss: 0.0078, Accuracy: 0.9960
Fold 2, Epoch 78/1000, Precision: 0.9067, Recall: 0.9341, F1-Score: 0.9202, AUC: 0.9989, AUPR: 0.9615
No improvement, patience counter: 8/25
Fold 2, Epoch: 79/1000, Batch: 854, Loss: 0.0012
Fold 2, Epoch 79/1000, Average Train Loss: 0.0019, LR: 0.000003
Fold 2, Epoch 79, Current decision threshold: 0.0600
Fold 2, Epoch 79/1000, Validation Loss: 0.0074, Accuracy: 0.9960
Fold 2, Epoch 79/1000, Precision: 0.9038, Recall: 0.9369, F1-Score: 0.9201, AUC: 0.9989, AUPR: 0.9615
No improvement, patience counter: 9/25
Fold 2, Epoch: 80/1000, Batch: 854, Loss: 0.0027
Fold 2, Epoch 80/1000, Average Train Loss: 0.0019, LR: 0.000003
Epoch 80: Optimal threshold updated to = 0.0588
Fold 2, Epoch 80, Current decision threshold: 0.0588
Fold 2, Epoch 80/1000, Validation Loss: 0.0076, Accuracy: 0.9960
Fold 2, Epoch 80/1000, Precision: 0.9052, Recall: 0.9361, F1-Score: 0.9204, AUC: 0.9989, AUPR: 0.9616
No improvement, patience counter: 10/25
Fold 2, Epoch: 81/1000, Batch: 854, Loss: 0.0014
Fold 2, Epoch 81/1000, Average Train Loss: 0.0019, LR: 0.000003
Fold 2, Epoch 81, Current decision threshold: 0.0588
Fold 2, Epoch 81/1000, Validation Loss: 0.0076, Accuracy: 0.9960
Fold 2, Epoch 81/1000, Precision: 0.9054, Recall: 0.9345, F1-Score: 0.9197, AUC: 0.9989, AUPR: 0.9612
No improvement, patience counter: 11/25
Fold 2, Epoch: 82/1000, Batch: 854, Loss: 0.0024
Fold 2, Epoch 82/1000, Average Train Loss: 0.0019, LR: 0.000003
Fold 2, Epoch 82, Current decision threshold: 0.0588
Fold 2, Epoch 82/1000, Validation Loss: 0.0075, Accuracy: 0.9960
Fold 2, Epoch 82/1000, Precision: 0.9035, Recall: 0.9369, F1-Score: 0.9199, AUC: 0.9989, AUPR: 0.9616
No improvement, patience counter: 12/25
Fold 2, Epoch: 83/1000, Batch: 854, Loss: 0.0011
Fold 2, Epoch 83/1000, Average Train Loss: 0.0019, LR: 0.000002
Fold 2, Epoch 83, Current decision threshold: 0.0588
Fold 2, Epoch 83/1000, Validation Loss: 0.0076, Accuracy: 0.9960
Fold 2, Epoch 83/1000, Precision: 0.9041, Recall: 0.9357, F1-Score: 0.9196, AUC: 0.9989, AUPR: 0.9615
No improvement, patience counter: 13/25
Fold 2, Epoch: 84/1000, Batch: 854, Loss: 0.0021
Fold 2, Epoch 84/1000, Average Train Loss: 0.0019, LR: 0.000002
Fold 2, Epoch 84, Current decision threshold: 0.0588
Fold 2, Epoch 84/1000, Validation Loss: 0.0077, Accuracy: 0.9960
Fold 2, Epoch 84/1000, Precision: 0.9054, Recall: 0.9353, F1-Score: 0.9201, AUC: 0.9989, AUPR: 0.9615
No improvement, patience counter: 14/25
Fold 2, Epoch: 85/1000, Batch: 854, Loss: 0.0057
Fold 2, Epoch 85/1000, Average Train Loss: 0.0019, LR: 0.000002
Epoch 85: Optimal threshold updated to = 0.0606
Fold 2, Epoch 85, Current decision threshold: 0.0606
Fold 2, Epoch 85/1000, Validation Loss: 0.0078, Accuracy: 0.9960
Fold 2, Epoch 85/1000, Precision: 0.9080, Recall: 0.9321, F1-Score: 0.9199, AUC: 0.9989, AUPR: 0.9612
No improvement, patience counter: 15/25
Fold 2, Epoch: 86/1000, Batch: 854, Loss: 0.0019
Fold 2, Epoch 86/1000, Average Train Loss: 0.0018, LR: 0.000002
Fold 2, Epoch 86, Current decision threshold: 0.0606
Fold 2, Epoch 86/1000, Validation Loss: 0.0076, Accuracy: 0.9960
Fold 2, Epoch 86/1000, Precision: 0.9057, Recall: 0.9345, F1-Score: 0.9199, AUC: 0.9989, AUPR: 0.9617
No improvement, patience counter: 16/25
Fold 2, Epoch: 87/1000, Batch: 854, Loss: 0.0010
Fold 2, Epoch 87/1000, Average Train Loss: 0.0018, LR: 0.000001
Fold 2, Epoch 87, Current decision threshold: 0.0606
Fold 2, Epoch 87/1000, Validation Loss: 0.0076, Accuracy: 0.9960
Fold 2, Epoch 87/1000, Precision: 0.9058, Recall: 0.9349, F1-Score: 0.9201, AUC: 0.9989, AUPR: 0.9616
No improvement, patience counter: 17/25
Fold 2, Epoch: 88/1000, Batch: 854, Loss: 0.0016
Fold 2, Epoch 88/1000, Average Train Loss: 0.0019, LR: 0.000001
Fold 2, Epoch 88, Current decision threshold: 0.0606
Fold 2, Epoch 88/1000, Validation Loss: 0.0076, Accuracy: 0.9960
Fold 2, Epoch 88/1000, Precision: 0.9057, Recall: 0.9345, F1-Score: 0.9199, AUC: 0.9989, AUPR: 0.9616
No improvement, patience counter: 18/25
Fold 2, Epoch: 89/1000, Batch: 854, Loss: 0.0023
Fold 2, Epoch 89/1000, Average Train Loss: 0.0018, LR: 0.000001
Fold 2, Epoch 89, Current decision threshold: 0.0606
Fold 2, Epoch 89/1000, Validation Loss: 0.0076, Accuracy: 0.9960
Fold 2, Epoch 89/1000, Precision: 0.9060, Recall: 0.9337, F1-Score: 0.9196, AUC: 0.9989, AUPR: 0.9615
No improvement, patience counter: 19/25
Fold 2, Epoch: 90/1000, Batch: 854, Loss: 0.0031
Fold 2, Epoch 90/1000, Average Train Loss: 0.0018, LR: 0.000001
Epoch 90: Optimal threshold updated to = 0.0652
Fold 2, Epoch 90, Current decision threshold: 0.0652
Fold 2, Epoch 90/1000, Validation Loss: 0.0075, Accuracy: 0.9960
Fold 2, Epoch 90/1000, Precision: 0.9087, Recall: 0.9325, F1-Score: 0.9205, AUC: 0.9989, AUPR: 0.9616
No improvement, patience counter: 20/25
Fold 2, Epoch: 91/1000, Batch: 854, Loss: 0.0080
Fold 2, Epoch 91/1000, Average Train Loss: 0.0019, LR: 0.000000
Fold 2, Epoch 91, Current decision threshold: 0.0652
Fold 2, Epoch 91/1000, Validation Loss: 0.0076, Accuracy: 0.9960
Fold 2, Epoch 91/1000, Precision: 0.9089, Recall: 0.9305, F1-Score: 0.9196, AUC: 0.9989, AUPR: 0.9616
No improvement, patience counter: 21/25
Fold 2, Epoch: 92/1000, Batch: 854, Loss: 0.0015
Fold 2, Epoch 92/1000, Average Train Loss: 0.0018, LR: 0.000000
Fold 2, Epoch 92, Current decision threshold: 0.0652
Fold 2, Epoch 92/1000, Validation Loss: 0.0076, Accuracy: 0.9960
Fold 2, Epoch 92/1000, Precision: 0.9086, Recall: 0.9305, F1-Score: 0.9194, AUC: 0.9989, AUPR: 0.9616
No improvement, patience counter: 22/25
Fold 2, Epoch: 93/1000, Batch: 854, Loss: 0.0017
Fold 2, Epoch 93/1000, Average Train Loss: 0.0018, LR: 0.000000
Fold 2, Epoch 93, Current decision threshold: 0.0652
Fold 2, Epoch 93/1000, Validation Loss: 0.0075, Accuracy: 0.9960
Fold 2, Epoch 93/1000, Precision: 0.9076, Recall: 0.9321, F1-Score: 0.9197, AUC: 0.9989, AUPR: 0.9616
No improvement, patience counter: 23/25
Fold 2, Epoch: 94/1000, Batch: 854, Loss: 0.0025
Fold 2, Epoch 94/1000, Average Train Loss: 0.0019, LR: 0.000000
Fold 2, Epoch 94, Current decision threshold: 0.0652
Fold 2, Epoch 94/1000, Validation Loss: 0.0076, Accuracy: 0.9960
Fold 2, Epoch 94/1000, Precision: 0.9089, Recall: 0.9305, F1-Score: 0.9196, AUC: 0.9989, AUPR: 0.9615
No improvement, patience counter: 24/25
Fold 2, Epoch: 95/1000, Batch: 854, Loss: 0.0010
Fold 2, Epoch 95/1000, Average Train Loss: 0.0018, LR: 0.000000
Epoch 95: Optimal threshold updated to = 0.0561
Fold 2, Epoch 95, Current decision threshold: 0.0561
Fold 2, Epoch 95/1000, Validation Loss: 0.0077, Accuracy: 0.9960
Fold 2, Epoch 95/1000, Precision: 0.9046, Recall: 0.9373, F1-Score: 0.9206, AUC: 0.9989, AUPR: 0.9615
No improvement, patience counter: 25/25
Early stopping at epoch 95
Restored best model, F1: 0.9197, AUC: 0.9989, AUPR: 0.9621
Round 6, Fold 2 best model and threshold 0.0561 saved to D:\SPAN\models\span_round_6_fold_2.pkl
Completed fold 2 in 5-folds, Validation Loss: 0.0075, Accuracy: 0.9960
Completed fold 2 in 5-folds, Precision: 0.9076, Recall: 0.9321, F1-Score: 0.9197, AUC: 0.9989, AUPR: 0.9621
Fold 2 test Finished! - 2026-04-06 14:31:28
======================================================================
Final Results Summary
----------------------------------------------------------------------
AUC         AUPR        Acc         F1          Pre         Recall      
0.9989      0.9621      0.9960      0.9197      0.9076      0.9321      
======================================================================
