Logging for round 5, fold 4 configured to file: D:\SPAN\logs\fafa-round_5-fold_4.log - 2026-04-05 17:21:46
========== Round 5 - Fold 4 Training ==========
current_sys_path: D:\SPAN
device = cuda
Global seed initialized to 42 for reproducibility
Using GPU: NVIDIA GeForce RTX 3060 Laptop GPU
Starting fold 4 in 5-folds
Training data - Positive samples: tensor([44924.]), Negative samples: tensor([392092.])
Fold 4, Epoch: 1/1000, Batch: 854, Loss: 0.0345
Fold 4, Epoch 1/1000, Average Train Loss: 0.0311, LR: 0.000200
Fold 4, Epoch 1, Current decision threshold: 0.2000
Fold 4, Epoch 1/1000, Validation Loss: 0.0131, Accuracy: 0.6981
Fold 4, Epoch 1/1000, Precision: 0.0748, Recall: 0.9992, F1-Score: 0.1391, AUC: 0.9655, AUPR: 0.3576
New best model saved, F1: 0.1391, AUC: 0.9655, AUPR: 0.3576
Fold 4, Epoch: 2/1000, Batch: 854, Loss: 0.0172
Fold 4, Epoch 2/1000, Average Train Loss: 0.0172, LR: 0.000200
Fold 4, Epoch 2, Current decision threshold: 0.2000
Fold 4, Epoch 2/1000, Validation Loss: 0.0089, Accuracy: 0.9695
Fold 4, Epoch 2/1000, Precision: 0.4331, Recall: 0.8046, F1-Score: 0.5631, AUC: 0.9830, AUPR: 0.5302
New best model saved, F1: 0.5631, AUC: 0.9830, AUPR: 0.5302
Fold 4, Epoch: 3/1000, Batch: 854, Loss: 0.0119
Fold 4, Epoch 3/1000, Average Train Loss: 0.0132, LR: 0.000200
Fold 4, Epoch 3, Current decision threshold: 0.2000
Fold 4, Epoch 3/1000, Validation Loss: 0.0093, Accuracy: 0.9831
Fold 4, Epoch 3/1000, Precision: 0.6286, Recall: 0.7486, F1-Score: 0.6834, AUC: 0.9909, AUPR: 0.6866
New best model saved, F1: 0.6834, AUC: 0.9909, AUPR: 0.6866
Fold 4, Epoch: 4/1000, Batch: 854, Loss: 0.0083
Fold 4, Epoch 4/1000, Average Train Loss: 0.0114, LR: 0.000200
Fold 4, Epoch 4, Current decision threshold: 0.2000
Fold 4, Epoch 4/1000, Validation Loss: 0.0093, Accuracy: 0.9859
Fold 4, Epoch 4/1000, Precision: 0.6916, Recall: 0.7624, F1-Score: 0.7253, AUC: 0.9928, AUPR: 0.7290
New best model saved, F1: 0.7253, AUC: 0.9928, AUPR: 0.7290
Fold 4, Epoch: 5/1000, Batch: 854, Loss: 0.0085
Fold 4, Epoch 5/1000, Average Train Loss: 0.0103, LR: 0.000200
Epoch 5: Optimal threshold updated to = 0.1679
Fold 4, Epoch 5, Current decision threshold: 0.1679
Fold 4, Epoch 5/1000, Validation Loss: 0.0086, Accuracy: 0.9879
Fold 4, Epoch 5/1000, Precision: 0.7114, Recall: 0.8522, F1-Score: 0.7755, AUC: 0.9944, AUPR: 0.7855
New best model saved, F1: 0.7755, AUC: 0.9944, AUPR: 0.7855
Fold 4, Epoch: 6/1000, Batch: 854, Loss: 0.0036
Fold 4, Epoch 6/1000, Average Train Loss: 0.0093, LR: 0.000200
Fold 4, Epoch 6, Current decision threshold: 0.1679
Fold 4, Epoch 6/1000, Validation Loss: 0.0069, Accuracy: 0.9875
Fold 4, Epoch 6/1000, Precision: 0.6856, Recall: 0.9033, F1-Score: 0.7795, AUC: 0.9950, AUPR: 0.8113
New best model saved, F1: 0.7795, AUC: 0.9950, AUPR: 0.8113
Fold 4, Epoch: 7/1000, Batch: 854, Loss: 0.0028
Fold 4, Epoch 7/1000, Average Train Loss: 0.0087, LR: 0.000200
Fold 4, Epoch 7, Current decision threshold: 0.1679
Fold 4, Epoch 7/1000, Validation Loss: 0.0080, Accuracy: 0.9909
Fold 4, Epoch 7/1000, Precision: 0.7806, Recall: 0.8741, F1-Score: 0.8247, AUC: 0.9959, AUPR: 0.8457
New best model saved, F1: 0.8247, AUC: 0.9959, AUPR: 0.8457
Fold 4, Epoch: 8/1000, Batch: 854, Loss: 0.0057
Fold 4, Epoch 8/1000, Average Train Loss: 0.0081, LR: 0.000200
Fold 4, Epoch 8, Current decision threshold: 0.1679
Fold 4, Epoch 8/1000, Validation Loss: 0.0068, Accuracy: 0.9906
Fold 4, Epoch 8/1000, Precision: 0.7572, Recall: 0.9045, F1-Score: 0.8244, AUC: 0.9960, AUPR: 0.8488
New best model saved, F1: 0.8244, AUC: 0.9960, AUPR: 0.8488
Fold 4, Epoch: 9/1000, Batch: 854, Loss: 0.0046
Fold 4, Epoch 9/1000, Average Train Loss: 0.0075, LR: 0.000200
Fold 4, Epoch 9, Current decision threshold: 0.1679
Fold 4, Epoch 9/1000, Validation Loss: 0.0083, Accuracy: 0.9918
Fold 4, Epoch 9/1000, Precision: 0.8164, Recall: 0.8558, F1-Score: 0.8356, AUC: 0.9963, AUPR: 0.8604
New best model saved, F1: 0.8356, AUC: 0.9963, AUPR: 0.8604
Fold 4, Epoch: 10/1000, Batch: 854, Loss: 0.0059
Fold 4, Epoch 10/1000, Average Train Loss: 0.0073, LR: 0.000200
Epoch 10: Optimal threshold updated to = 0.1360
Fold 4, Epoch 10, Current decision threshold: 0.1360
Fold 4, Epoch 10/1000, Validation Loss: 0.0079, Accuracy: 0.9920
Fold 4, Epoch 10/1000, Precision: 0.7920, Recall: 0.9123, F1-Score: 0.8479, AUC: 0.9966, AUPR: 0.8696
New best model saved, F1: 0.8479, AUC: 0.9966, AUPR: 0.8696
Fold 4, Epoch: 11/1000, Batch: 854, Loss: 0.0062
Fold 4, Epoch 11/1000, Average Train Loss: 0.0069, LR: 0.000200
Fold 4, Epoch 11, Current decision threshold: 0.1360
Fold 4, Epoch 11/1000, Validation Loss: 0.0085, Accuracy: 0.9926
Fold 4, Epoch 11/1000, Precision: 0.8214, Recall: 0.8891, F1-Score: 0.8539, AUC: 0.9966, AUPR: 0.8754
New best model saved, F1: 0.8539, AUC: 0.9966, AUPR: 0.8754
Fold 4, Epoch: 12/1000, Batch: 854, Loss: 0.0035
Fold 4, Epoch 12/1000, Average Train Loss: 0.0066, LR: 0.000200
Fold 4, Epoch 12, Current decision threshold: 0.1360
Fold 4, Epoch 12/1000, Validation Loss: 0.0082, Accuracy: 0.9929
Fold 4, Epoch 12/1000, Precision: 0.8248, Recall: 0.8985, F1-Score: 0.8600, AUC: 0.9968, AUPR: 0.8805
New best model saved, F1: 0.8600, AUC: 0.9968, AUPR: 0.8805
Fold 4, Epoch: 13/1000, Batch: 854, Loss: 0.0040
Fold 4, Epoch 13/1000, Average Train Loss: 0.0064, LR: 0.000200
Fold 4, Epoch 13, Current decision threshold: 0.1360
Fold 4, Epoch 13/1000, Validation Loss: 0.0067, Accuracy: 0.9923
Fold 4, Epoch 13/1000, Precision: 0.7913, Recall: 0.9273, F1-Score: 0.8539, AUC: 0.9970, AUPR: 0.8917
New best model saved, F1: 0.8539, AUC: 0.9970, AUPR: 0.8917
Fold 4, Epoch: 14/1000, Batch: 854, Loss: 0.0064
Fold 4, Epoch 14/1000, Average Train Loss: 0.0061, LR: 0.000200
Fold 4, Epoch 14, Current decision threshold: 0.1360
Fold 4, Epoch 14/1000, Validation Loss: 0.0066, Accuracy: 0.9933
Fold 4, Epoch 14/1000, Precision: 0.8185, Recall: 0.9305, F1-Score: 0.8709, AUC: 0.9972, AUPR: 0.9019
New best model saved, F1: 0.8709, AUC: 0.9972, AUPR: 0.9019
Fold 4, Epoch: 15/1000, Batch: 854, Loss: 0.0076
Fold 4, Epoch 15/1000, Average Train Loss: 0.0059, LR: 0.000200
Epoch 15: Optimal threshold updated to = 0.1572
Fold 4, Epoch 15, Current decision threshold: 0.1572
Fold 4, Epoch 15/1000, Validation Loss: 0.0076, Accuracy: 0.9936
Fold 4, Epoch 15/1000, Precision: 0.8589, Recall: 0.8830, F1-Score: 0.8708, AUC: 0.9973, AUPR: 0.9006
No improvement, patience counter: 1/25
Fold 4, Epoch: 16/1000, Batch: 854, Loss: 0.0063
Fold 4, Epoch 16/1000, Average Train Loss: 0.0058, LR: 0.000200
Fold 4, Epoch 16, Current decision threshold: 0.1572
Fold 4, Epoch 16/1000, Validation Loss: 0.0095, Accuracy: 0.9933
Fold 4, Epoch 16/1000, Precision: 0.8871, Recall: 0.8294, F1-Score: 0.8573, AUC: 0.9972, AUPR: 0.9026
No improvement, patience counter: 2/25
Fold 4, Epoch: 17/1000, Batch: 854, Loss: 0.0064
Fold 4, Epoch 17/1000, Average Train Loss: 0.0055, LR: 0.000200
Fold 4, Epoch 17, Current decision threshold: 0.1572
Fold 4, Epoch 17/1000, Validation Loss: 0.0080, Accuracy: 0.9940
Fold 4, Epoch 17/1000, Precision: 0.8799, Recall: 0.8745, F1-Score: 0.8772, AUC: 0.9974, AUPR: 0.9060
New best model saved, F1: 0.8772, AUC: 0.9974, AUPR: 0.9060
Fold 4, Epoch: 18/1000, Batch: 854, Loss: 0.0085
Fold 4, Epoch 18/1000, Average Train Loss: 0.0054, LR: 0.000200
Fold 4, Epoch 18, Current decision threshold: 0.1572
Fold 4, Epoch 18/1000, Validation Loss: 0.0078, Accuracy: 0.9940
Fold 4, Epoch 18/1000, Precision: 0.8776, Recall: 0.8765, F1-Score: 0.8771, AUC: 0.9974, AUPR: 0.9149
New best model saved, F1: 0.8771, AUC: 0.9974, AUPR: 0.9149
Fold 4, Epoch: 19/1000, Batch: 854, Loss: 0.0092
Fold 4, Epoch 19/1000, Average Train Loss: 0.0053, LR: 0.000200
Fold 4, Epoch 19, Current decision threshold: 0.1572
Fold 4, Epoch 19/1000, Validation Loss: 0.0088, Accuracy: 0.9938
Fold 4, Epoch 19/1000, Precision: 0.8945, Recall: 0.8440, F1-Score: 0.8685, AUC: 0.9976, AUPR: 0.9152
No improvement, patience counter: 1/25
Fold 4, Epoch: 20/1000, Batch: 854, Loss: 0.0090
Fold 4, Epoch 20/1000, Average Train Loss: 0.0052, LR: 0.000200
Epoch 20: Optimal threshold updated to = 0.1551
Fold 4, Epoch 20, Current decision threshold: 0.1551
Fold 4, Epoch 20/1000, Validation Loss: 0.0071, Accuracy: 0.9942
Fold 4, Epoch 20/1000, Precision: 0.8669, Recall: 0.8997, F1-Score: 0.8830, AUC: 0.9975, AUPR: 0.9150
New best model saved, F1: 0.8830, AUC: 0.9975, AUPR: 0.9150
Fold 4, Epoch: 21/1000, Batch: 854, Loss: 0.0041
Fold 4, Epoch 21/1000, Average Train Loss: 0.0050, LR: 0.000200
Fold 4, Epoch 21, Current decision threshold: 0.1551
Fold 4, Epoch 21/1000, Validation Loss: 0.0070, Accuracy: 0.9944
Fold 4, Epoch 21/1000, Precision: 0.8800, Recall: 0.8932, F1-Score: 0.8865, AUC: 0.9979, AUPR: 0.9237
New best model saved, F1: 0.8865, AUC: 0.9979, AUPR: 0.9237
Fold 4, Epoch: 22/1000, Batch: 854, Loss: 0.0045
Fold 4, Epoch 22/1000, Average Train Loss: 0.0048, LR: 0.000200
Fold 4, Epoch 22, Current decision threshold: 0.1551
Fold 4, Epoch 22/1000, Validation Loss: 0.0064, Accuracy: 0.9947
Fold 4, Epoch 22/1000, Precision: 0.8779, Recall: 0.9110, F1-Score: 0.8942, AUC: 0.9978, AUPR: 0.9280
New best model saved, F1: 0.8942, AUC: 0.9978, AUPR: 0.9280
Fold 4, Epoch: 23/1000, Batch: 854, Loss: 0.0040
Fold 4, Epoch 23/1000, Average Train Loss: 0.0049, LR: 0.000200
Fold 4, Epoch 23, Current decision threshold: 0.1551
Fold 4, Epoch 23/1000, Validation Loss: 0.0077, Accuracy: 0.9946
Fold 4, Epoch 23/1000, Precision: 0.8942, Recall: 0.8822, F1-Score: 0.8882, AUC: 0.9978, AUPR: 0.9262
No improvement, patience counter: 1/25
Fold 4, Epoch: 24/1000, Batch: 854, Loss: 0.0070
Fold 4, Epoch 24/1000, Average Train Loss: 0.0046, LR: 0.000200
Fold 4, Epoch 24, Current decision threshold: 0.1551
Fold 4, Epoch 24/1000, Validation Loss: 0.0076, Accuracy: 0.9949
Fold 4, Epoch 24/1000, Precision: 0.9035, Recall: 0.8859, F1-Score: 0.8946, AUC: 0.9978, AUPR: 0.9302
New best model saved, F1: 0.8946, AUC: 0.9978, AUPR: 0.9302
Fold 4, Epoch: 25/1000, Batch: 854, Loss: 0.0040
Fold 4, Epoch 25/1000, Average Train Loss: 0.0046, LR: 0.000200
Epoch 25: Optimal threshold updated to = 0.1326
Fold 4, Epoch 25, Current decision threshold: 0.1326
Fold 4, Epoch 25/1000, Validation Loss: 0.0081, Accuracy: 0.9950
Fold 4, Epoch 25/1000, Precision: 0.9000, Recall: 0.8956, F1-Score: 0.8978, AUC: 0.9979, AUPR: 0.9302
New best model saved, F1: 0.8978, AUC: 0.9979, AUPR: 0.9302
Fold 4, Epoch: 26/1000, Batch: 854, Loss: 0.0016
Fold 4, Epoch 26/1000, Average Train Loss: 0.0045, LR: 0.000200
Fold 4, Epoch 26, Current decision threshold: 0.1326
Fold 4, Epoch 26/1000, Validation Loss: 0.0070, Accuracy: 0.9947
Fold 4, Epoch 26/1000, Precision: 0.8746, Recall: 0.9119, F1-Score: 0.8928, AUC: 0.9978, AUPR: 0.9290
No improvement, patience counter: 1/25
Fold 4, Epoch: 27/1000, Batch: 854, Loss: 0.0063
Fold 4, Epoch 27/1000, Average Train Loss: 0.0044, LR: 0.000200
Fold 4, Epoch 27, Current decision threshold: 0.1326
Fold 4, Epoch 27/1000, Validation Loss: 0.0067, Accuracy: 0.9946
Fold 4, Epoch 27/1000, Precision: 0.8691, Recall: 0.9171, F1-Score: 0.8925, AUC: 0.9977, AUPR: 0.9298
No improvement, patience counter: 2/25
Fold 4, Epoch: 28/1000, Batch: 854, Loss: 0.0019
Fold 4, Epoch 28/1000, Average Train Loss: 0.0043, LR: 0.000200
Fold 4, Epoch 28, Current decision threshold: 0.1326
Fold 4, Epoch 28/1000, Validation Loss: 0.0077, Accuracy: 0.9950
Fold 4, Epoch 28/1000, Precision: 0.8902, Recall: 0.9054, F1-Score: 0.8977, AUC: 0.9977, AUPR: 0.9348
New best model saved, F1: 0.8977, AUC: 0.9977, AUPR: 0.9348
Fold 4, Epoch: 29/1000, Batch: 854, Loss: 0.0034
Fold 4, Epoch 29/1000, Average Train Loss: 0.0042, LR: 0.000200
Fold 4, Epoch 29, Current decision threshold: 0.1326
Fold 4, Epoch 29/1000, Validation Loss: 0.0054, Accuracy: 0.9939
Fold 4, Epoch 29/1000, Precision: 0.8354, Recall: 0.9358, F1-Score: 0.8828, AUC: 0.9980, AUPR: 0.9363
No improvement, patience counter: 1/25
Fold 4, Epoch: 30/1000, Batch: 854, Loss: 0.0015
Fold 4, Epoch 30/1000, Average Train Loss: 0.0041, LR: 0.000200
Epoch 30: Optimal threshold updated to = 0.1351
Fold 4, Epoch 30, Current decision threshold: 0.1351
Fold 4, Epoch 30/1000, Validation Loss: 0.0069, Accuracy: 0.9953
Fold 4, Epoch 30/1000, Precision: 0.8970, Recall: 0.9131, F1-Score: 0.9050, AUC: 0.9980, AUPR: 0.9378
New best model saved, F1: 0.9050, AUC: 0.9980, AUPR: 0.9378
Fold 4, Epoch: 31/1000, Batch: 854, Loss: 0.0040
Fold 4, Epoch 31/1000, Average Train Loss: 0.0040, LR: 0.000200
Fold 4, Epoch 31, Current decision threshold: 0.1351
Fold 4, Epoch 31/1000, Validation Loss: 0.0057, Accuracy: 0.9951
Fold 4, Epoch 31/1000, Precision: 0.8748, Recall: 0.9334, F1-Score: 0.9031, AUC: 0.9982, AUPR: 0.9425
New best model saved, F1: 0.9031, AUC: 0.9982, AUPR: 0.9425
Fold 4, Epoch: 32/1000, Batch: 854, Loss: 0.0047
Fold 4, Epoch 32/1000, Average Train Loss: 0.0039, LR: 0.000200
Fold 4, Epoch 32, Current decision threshold: 0.1351
Fold 4, Epoch 32/1000, Validation Loss: 0.0085, Accuracy: 0.9951
Fold 4, Epoch 32/1000, Precision: 0.9209, Recall: 0.8745, F1-Score: 0.8971, AUC: 0.9981, AUPR: 0.9394
No improvement, patience counter: 1/25
Fold 4, Epoch: 33/1000, Batch: 854, Loss: 0.0021
Fold 4, Epoch 33/1000, Average Train Loss: 0.0039, LR: 0.000200
Fold 4, Epoch 33, Current decision threshold: 0.1351
Fold 4, Epoch 33/1000, Validation Loss: 0.0063, Accuracy: 0.9954
Fold 4, Epoch 33/1000, Precision: 0.8943, Recall: 0.9208, F1-Score: 0.9073, AUC: 0.9982, AUPR: 0.9448
New best model saved, F1: 0.9073, AUC: 0.9982, AUPR: 0.9448
Fold 4, Epoch: 34/1000, Batch: 854, Loss: 0.0045
Fold 4, Epoch 34/1000, Average Train Loss: 0.0039, LR: 0.000200
Fold 4, Epoch 34, Current decision threshold: 0.1351
Fold 4, Epoch 34/1000, Validation Loss: 0.0084, Accuracy: 0.9953
Fold 4, Epoch 34/1000, Precision: 0.9222, Recall: 0.8806, F1-Score: 0.9009, AUC: 0.9982, AUPR: 0.9394
No improvement, patience counter: 1/25
Fold 4, Epoch: 35/1000, Batch: 854, Loss: 0.0028
Fold 4, Epoch 35/1000, Average Train Loss: 0.0038, LR: 0.000200
Epoch 35: Optimal threshold updated to = 0.1106
Fold 4, Epoch 35, Current decision threshold: 0.1106
Fold 4, Epoch 35/1000, Validation Loss: 0.0079, Accuracy: 0.9955
Fold 4, Epoch 35/1000, Precision: 0.9062, Recall: 0.9106, F1-Score: 0.9084, AUC: 0.9982, AUPR: 0.9430
No improvement, patience counter: 2/25
Fold 4, Epoch: 36/1000, Batch: 854, Loss: 0.0040
Fold 4, Epoch 36/1000, Average Train Loss: 0.0037, LR: 0.000200
Fold 4, Epoch 36, Current decision threshold: 0.1106
Fold 4, Epoch 36/1000, Validation Loss: 0.0076, Accuracy: 0.9954
Fold 4, Epoch 36/1000, Precision: 0.9000, Recall: 0.9143, F1-Score: 0.9071, AUC: 0.9982, AUPR: 0.9399
No improvement, patience counter: 3/25
Fold 4, Epoch: 37/1000, Batch: 854, Loss: 0.0018
Fold 4, Epoch 37/1000, Average Train Loss: 0.0037, LR: 0.000200
Fold 4, Epoch 37, Current decision threshold: 0.1106
Fold 4, Epoch 37/1000, Validation Loss: 0.0070, Accuracy: 0.9952
Fold 4, Epoch 37/1000, Precision: 0.8881, Recall: 0.9216, F1-Score: 0.9045, AUC: 0.9982, AUPR: 0.9436
No improvement, patience counter: 4/25
Fold 4, Epoch: 38/1000, Batch: 854, Loss: 0.0035
Fold 4, Epoch 38/1000, Average Train Loss: 0.0032, LR: 0.000100
Fold 4, Epoch 38, Current decision threshold: 0.1106
Fold 4, Epoch 38/1000, Validation Loss: 0.0079, Accuracy: 0.9957
Fold 4, Epoch 38/1000, Precision: 0.9143, Recall: 0.9102, F1-Score: 0.9123, AUC: 0.9984, AUPR: 0.9472
New best model saved, F1: 0.9123, AUC: 0.9984, AUPR: 0.9472
Fold 4, Epoch: 39/1000, Batch: 854, Loss: 0.0021
Fold 4, Epoch 39/1000, Average Train Loss: 0.0030, LR: 0.000100
Fold 4, Epoch 39, Current decision threshold: 0.1106
Fold 4, Epoch 39/1000, Validation Loss: 0.0077, Accuracy: 0.9957
Fold 4, Epoch 39/1000, Precision: 0.9140, Recall: 0.9110, F1-Score: 0.9125, AUC: 0.9984, AUPR: 0.9487
New best model saved, F1: 0.9125, AUC: 0.9984, AUPR: 0.9487
Fold 4, Epoch: 40/1000, Batch: 854, Loss: 0.0050
Fold 4, Epoch 40/1000, Average Train Loss: 0.0031, LR: 0.000100
Epoch 40: Optimal threshold updated to = 0.1541
Fold 4, Epoch 40, Current decision threshold: 0.1541
Fold 4, Epoch 40/1000, Validation Loss: 0.0066, Accuracy: 0.9957
Fold 4, Epoch 40/1000, Precision: 0.9167, Recall: 0.9078, F1-Score: 0.9122, AUC: 0.9983, AUPR: 0.9479
No improvement, patience counter: 1/25
Fold 4, Epoch: 41/1000, Batch: 854, Loss: 0.0048
Fold 4, Epoch 41/1000, Average Train Loss: 0.0030, LR: 0.000100
Fold 4, Epoch 41, Current decision threshold: 0.1541
Fold 4, Epoch 41/1000, Validation Loss: 0.0072, Accuracy: 0.9956
Fold 4, Epoch 41/1000, Precision: 0.9254, Recall: 0.8924, F1-Score: 0.9086, AUC: 0.9983, AUPR: 0.9484
No improvement, patience counter: 2/25
Fold 4, Epoch: 42/1000, Batch: 854, Loss: 0.0033
Fold 4, Epoch 42/1000, Average Train Loss: 0.0029, LR: 0.000100
Fold 4, Epoch 42, Current decision threshold: 0.1541
Fold 4, Epoch 42/1000, Validation Loss: 0.0092, Accuracy: 0.9949
Fold 4, Epoch 42/1000, Precision: 0.9411, Recall: 0.8436, F1-Score: 0.8897, AUC: 0.9984, AUPR: 0.9467
No improvement, patience counter: 3/25
Fold 4, Epoch: 43/1000, Batch: 854, Loss: 0.0020
Fold 4, Epoch 43/1000, Average Train Loss: 0.0029, LR: 0.000100
Fold 4, Epoch 43, Current decision threshold: 0.1541
Fold 4, Epoch 43/1000, Validation Loss: 0.0084, Accuracy: 0.9953
Fold 4, Epoch 43/1000, Precision: 0.9387, Recall: 0.8652, F1-Score: 0.9004, AUC: 0.9983, AUPR: 0.9484
No improvement, patience counter: 4/25
Fold 4, Epoch: 44/1000, Batch: 854, Loss: 0.0012
Fold 4, Epoch 44/1000, Average Train Loss: 0.0027, LR: 0.000050
Fold 4, Epoch 44, Current decision threshold: 0.1541
Fold 4, Epoch 44/1000, Validation Loss: 0.0075, Accuracy: 0.9957
Fold 4, Epoch 44/1000, Precision: 0.9359, Recall: 0.8834, F1-Score: 0.9089, AUC: 0.9985, AUPR: 0.9504
New best model saved, F1: 0.9089, AUC: 0.9985, AUPR: 0.9504
Fold 4, Epoch: 45/1000, Batch: 854, Loss: 0.0009
Fold 4, Epoch 45/1000, Average Train Loss: 0.0026, LR: 0.000050
Epoch 45: Optimal threshold updated to = 0.1170
Fold 4, Epoch 45, Current decision threshold: 0.1170
Fold 4, Epoch 45/1000, Validation Loss: 0.0069, Accuracy: 0.9959
Fold 4, Epoch 45/1000, Precision: 0.9127, Recall: 0.9212, F1-Score: 0.9169, AUC: 0.9984, AUPR: 0.9507
New best model saved, F1: 0.9169, AUC: 0.9984, AUPR: 0.9507
Fold 4, Epoch: 46/1000, Batch: 854, Loss: 0.0021
Fold 4, Epoch 46/1000, Average Train Loss: 0.0026, LR: 0.000050
Fold 4, Epoch 46, Current decision threshold: 0.1170
Fold 4, Epoch 46/1000, Validation Loss: 0.0083, Accuracy: 0.9958
Fold 4, Epoch 46/1000, Precision: 0.9289, Recall: 0.8968, F1-Score: 0.9126, AUC: 0.9984, AUPR: 0.9499
No improvement, patience counter: 1/25
Fold 4, Epoch: 47/1000, Batch: 854, Loss: 0.0027
Fold 4, Epoch 47/1000, Average Train Loss: 0.0025, LR: 0.000050
Fold 4, Epoch 47, Current decision threshold: 0.1170
Fold 4, Epoch 47/1000, Validation Loss: 0.0081, Accuracy: 0.9959
Fold 4, Epoch 47/1000, Precision: 0.9295, Recall: 0.9001, F1-Score: 0.9146, AUC: 0.9984, AUPR: 0.9506
No improvement, patience counter: 2/25
Fold 4, Epoch: 48/1000, Batch: 854, Loss: 0.0012
Fold 4, Epoch 48/1000, Average Train Loss: 0.0025, LR: 0.000050
Fold 4, Epoch 48, Current decision threshold: 0.1170
Fold 4, Epoch 48/1000, Validation Loss: 0.0085, Accuracy: 0.9957
Fold 4, Epoch 48/1000, Precision: 0.9294, Recall: 0.8936, F1-Score: 0.9112, AUC: 0.9984, AUPR: 0.9493
No improvement, patience counter: 3/25
Fold 4, Epoch: 49/1000, Batch: 854, Loss: 0.0040
Fold 4, Epoch 49/1000, Average Train Loss: 0.0025, LR: 0.000050
Fold 4, Epoch 49, Current decision threshold: 0.1170
Fold 4, Epoch 49/1000, Validation Loss: 0.0077, Accuracy: 0.9960
Fold 4, Epoch 49/1000, Precision: 0.9289, Recall: 0.9070, F1-Score: 0.9178, AUC: 0.9984, AUPR: 0.9518
New best model saved, F1: 0.9178, AUC: 0.9984, AUPR: 0.9518
Fold 4, Epoch: 50/1000, Batch: 854, Loss: 0.0039
Fold 4, Epoch 50/1000, Average Train Loss: 0.0025, LR: 0.000050
Epoch 50: Optimal threshold updated to = 0.1164
Fold 4, Epoch 50, Current decision threshold: 0.1164
Fold 4, Epoch 50/1000, Validation Loss: 0.0077, Accuracy: 0.9959
Fold 4, Epoch 50/1000, Precision: 0.9250, Recall: 0.9066, F1-Score: 0.9157, AUC: 0.9984, AUPR: 0.9516
No improvement, patience counter: 1/25
Fold 4, Epoch: 51/1000, Batch: 854, Loss: 0.0009
Fold 4, Epoch 51/1000, Average Train Loss: 0.0025, LR: 0.000050
Fold 4, Epoch 51, Current decision threshold: 0.1164
Fold 4, Epoch 51/1000, Validation Loss: 0.0077, Accuracy: 0.9958
Fold 4, Epoch 51/1000, Precision: 0.9228, Recall: 0.9029, F1-Score: 0.9127, AUC: 0.9984, AUPR: 0.9519
No improvement, patience counter: 2/25
Fold 4, Epoch: 52/1000, Batch: 854, Loss: 0.0026
Fold 4, Epoch 52/1000, Average Train Loss: 0.0024, LR: 0.000050
Fold 4, Epoch 52, Current decision threshold: 0.1164
Fold 4, Epoch 52/1000, Validation Loss: 0.0078, Accuracy: 0.9958
Fold 4, Epoch 52/1000, Precision: 0.9233, Recall: 0.9050, F1-Score: 0.9141, AUC: 0.9984, AUPR: 0.9508
No improvement, patience counter: 3/25
Fold 4, Epoch: 53/1000, Batch: 854, Loss: 0.0028
Fold 4, Epoch 53/1000, Average Train Loss: 0.0024, LR: 0.000050
Fold 4, Epoch 53, Current decision threshold: 0.1164
Fold 4, Epoch 53/1000, Validation Loss: 0.0077, Accuracy: 0.9960
Fold 4, Epoch 53/1000, Precision: 0.9278, Recall: 0.9082, F1-Score: 0.9179, AUC: 0.9984, AUPR: 0.9535
New best model saved, F1: 0.9179, AUC: 0.9984, AUPR: 0.9535
Fold 4, Epoch: 54/1000, Batch: 854, Loss: 0.0020
Fold 4, Epoch 54/1000, Average Train Loss: 0.0024, LR: 0.000050
Fold 4, Epoch 54, Current decision threshold: 0.1164
Fold 4, Epoch 54/1000, Validation Loss: 0.0085, Accuracy: 0.9960
Fold 4, Epoch 54/1000, Precision: 0.9363, Recall: 0.8956, F1-Score: 0.9155, AUC: 0.9984, AUPR: 0.9513
No improvement, patience counter: 1/25
Fold 4, Epoch: 55/1000, Batch: 854, Loss: 0.0024
Fold 4, Epoch 55/1000, Average Train Loss: 0.0024, LR: 0.000050
Epoch 55: Optimal threshold updated to = 0.0954
Fold 4, Epoch 55, Current decision threshold: 0.0954
Fold 4, Epoch 55/1000, Validation Loss: 0.0076, Accuracy: 0.9961
Fold 4, Epoch 55/1000, Precision: 0.9184, Recall: 0.9228, F1-Score: 0.9206, AUC: 0.9985, AUPR: 0.9532
New best model saved, F1: 0.9206, AUC: 0.9985, AUPR: 0.9532
Fold 4, Epoch: 56/1000, Batch: 854, Loss: 0.0027
Fold 4, Epoch 56/1000, Average Train Loss: 0.0023, LR: 0.000050
Fold 4, Epoch 56, Current decision threshold: 0.0954
Fold 4, Epoch 56/1000, Validation Loss: 0.0088, Accuracy: 0.9959
Fold 4, Epoch 56/1000, Precision: 0.9274, Recall: 0.9025, F1-Score: 0.9148, AUC: 0.9985, AUPR: 0.9521
No improvement, patience counter: 1/25
Fold 4, Epoch: 57/1000, Batch: 854, Loss: 0.0052
Fold 4, Epoch 57/1000, Average Train Loss: 0.0023, LR: 0.000050
Fold 4, Epoch 57, Current decision threshold: 0.0954
Fold 4, Epoch 57/1000, Validation Loss: 0.0086, Accuracy: 0.9958
Fold 4, Epoch 57/1000, Precision: 0.9207, Recall: 0.9054, F1-Score: 0.9130, AUC: 0.9984, AUPR: 0.9516
No improvement, patience counter: 2/25
Fold 4, Epoch: 58/1000, Batch: 854, Loss: 0.0026
Fold 4, Epoch 58/1000, Average Train Loss: 0.0023, LR: 0.000050
Fold 4, Epoch 58, Current decision threshold: 0.0954
Fold 4, Epoch 58/1000, Validation Loss: 0.0080, Accuracy: 0.9960
Fold 4, Epoch 58/1000, Precision: 0.9199, Recall: 0.9139, F1-Score: 0.9169, AUC: 0.9985, AUPR: 0.9528
No improvement, patience counter: 3/25
Fold 4, Epoch: 59/1000, Batch: 854, Loss: 0.0031
Fold 4, Epoch 59/1000, Average Train Loss: 0.0023, LR: 0.000050
Fold 4, Epoch 59, Current decision threshold: 0.0954
Fold 4, Epoch 59/1000, Validation Loss: 0.0081, Accuracy: 0.9959
Fold 4, Epoch 59/1000, Precision: 0.9232, Recall: 0.9078, F1-Score: 0.9154, AUC: 0.9985, AUPR: 0.9523
No improvement, patience counter: 4/25
Fold 4, Epoch: 60/1000, Batch: 854, Loss: 0.0063
Fold 4, Epoch 60/1000, Average Train Loss: 0.0022, LR: 0.000025
Epoch 60: Optimal threshold updated to = 0.0978
Fold 4, Epoch 60, Current decision threshold: 0.0978
Fold 4, Epoch 60/1000, Validation Loss: 0.0072, Accuracy: 0.9961
Fold 4, Epoch 60/1000, Precision: 0.9163, Recall: 0.9245, F1-Score: 0.9203, AUC: 0.9986, AUPR: 0.9546
New best model saved, F1: 0.9203, AUC: 0.9986, AUPR: 0.9546
Fold 4, Epoch: 61/1000, Batch: 854, Loss: 0.0034
Fold 4, Epoch 61/1000, Average Train Loss: 0.0021, LR: 0.000025
Fold 4, Epoch 61, Current decision threshold: 0.0978
Fold 4, Epoch 61/1000, Validation Loss: 0.0071, Accuracy: 0.9960
Fold 4, Epoch 61/1000, Precision: 0.9137, Recall: 0.9245, F1-Score: 0.9190, AUC: 0.9985, AUPR: 0.9542
No improvement, patience counter: 1/25
Fold 4, Epoch: 62/1000, Batch: 854, Loss: 0.0025
Fold 4, Epoch 62/1000, Average Train Loss: 0.0021, LR: 0.000025
Fold 4, Epoch 62, Current decision threshold: 0.0978
Fold 4, Epoch 62/1000, Validation Loss: 0.0078, Accuracy: 0.9961
Fold 4, Epoch 62/1000, Precision: 0.9230, Recall: 0.9159, F1-Score: 0.9195, AUC: 0.9985, AUPR: 0.9538
No improvement, patience counter: 2/25
Fold 4, Epoch: 63/1000, Batch: 854, Loss: 0.0016
Fold 4, Epoch 63/1000, Average Train Loss: 0.0021, LR: 0.000025
Fold 4, Epoch 63, Current decision threshold: 0.0978
Fold 4, Epoch 63/1000, Validation Loss: 0.0077, Accuracy: 0.9963
Fold 4, Epoch 63/1000, Precision: 0.9267, Recall: 0.9196, F1-Score: 0.9231, AUC: 0.9986, AUPR: 0.9547
New best model saved, F1: 0.9231, AUC: 0.9986, AUPR: 0.9547
Fold 4, Epoch: 64/1000, Batch: 854, Loss: 0.0041
Fold 4, Epoch 64/1000, Average Train Loss: 0.0021, LR: 0.000025
Fold 4, Epoch 64, Current decision threshold: 0.0978
Fold 4, Epoch 64/1000, Validation Loss: 0.0077, Accuracy: 0.9962
Fold 4, Epoch 64/1000, Precision: 0.9234, Recall: 0.9200, F1-Score: 0.9217, AUC: 0.9985, AUPR: 0.9544
No improvement, patience counter: 1/25
Fold 4, Epoch: 65/1000, Batch: 854, Loss: 0.0029
Fold 4, Epoch 65/1000, Average Train Loss: 0.0021, LR: 0.000025
Epoch 65: Optimal threshold updated to = 0.1025
Fold 4, Epoch 65, Current decision threshold: 0.1025
Fold 4, Epoch 65/1000, Validation Loss: 0.0076, Accuracy: 0.9962
Fold 4, Epoch 65/1000, Precision: 0.9269, Recall: 0.9167, F1-Score: 0.9218, AUC: 0.9986, AUPR: 0.9549
No improvement, patience counter: 2/25
Fold 4, Epoch: 66/1000, Batch: 854, Loss: 0.0033
Fold 4, Epoch 66/1000, Average Train Loss: 0.0021, LR: 0.000025
Fold 4, Epoch 66, Current decision threshold: 0.1025
Fold 4, Epoch 66/1000, Validation Loss: 0.0077, Accuracy: 0.9961
Fold 4, Epoch 66/1000, Precision: 0.9262, Recall: 0.9119, F1-Score: 0.9190, AUC: 0.9985, AUPR: 0.9536
No improvement, patience counter: 3/25
Fold 4, Epoch: 67/1000, Batch: 854, Loss: 0.0022
Fold 4, Epoch 67/1000, Average Train Loss: 0.0021, LR: 0.000025
Fold 4, Epoch 67, Current decision threshold: 0.1025
Fold 4, Epoch 67/1000, Validation Loss: 0.0073, Accuracy: 0.9961
Fold 4, Epoch 67/1000, Precision: 0.9186, Recall: 0.9208, F1-Score: 0.9197, AUC: 0.9986, AUPR: 0.9542
No improvement, patience counter: 4/25
Fold 4, Epoch: 68/1000, Batch: 854, Loss: 0.0022
Fold 4, Epoch 68/1000, Average Train Loss: 0.0020, LR: 0.000013
Fold 4, Epoch 68, Current decision threshold: 0.1025
Fold 4, Epoch 68/1000, Validation Loss: 0.0075, Accuracy: 0.9960
Fold 4, Epoch 68/1000, Precision: 0.9225, Recall: 0.9139, F1-Score: 0.9182, AUC: 0.9986, AUPR: 0.9545
No improvement, patience counter: 5/25
Fold 4, Epoch: 69/1000, Batch: 854, Loss: 0.0013
Fold 4, Epoch 69/1000, Average Train Loss: 0.0020, LR: 0.000013
Fold 4, Epoch 69, Current decision threshold: 0.1025
Fold 4, Epoch 69/1000, Validation Loss: 0.0077, Accuracy: 0.9961
Fold 4, Epoch 69/1000, Precision: 0.9265, Recall: 0.9119, F1-Score: 0.9191, AUC: 0.9985, AUPR: 0.9547
No improvement, patience counter: 6/25
Fold 4, Epoch: 70/1000, Batch: 854, Loss: 0.0013
Fold 4, Epoch 70/1000, Average Train Loss: 0.0020, LR: 0.000013
Epoch 70: Optimal threshold updated to = 0.0807
Fold 4, Epoch 70, Current decision threshold: 0.0807
Fold 4, Epoch 70/1000, Validation Loss: 0.0079, Accuracy: 0.9961
Fold 4, Epoch 70/1000, Precision: 0.9178, Recall: 0.9249, F1-Score: 0.9213, AUC: 0.9986, AUPR: 0.9545
No improvement, patience counter: 7/25
Fold 4, Epoch: 71/1000, Batch: 854, Loss: 0.0040
Fold 4, Epoch 71/1000, Average Train Loss: 0.0020, LR: 0.000013
Fold 4, Epoch 71, Current decision threshold: 0.0807
Fold 4, Epoch 71/1000, Validation Loss: 0.0080, Accuracy: 0.9961
Fold 4, Epoch 71/1000, Precision: 0.9177, Recall: 0.9240, F1-Score: 0.9209, AUC: 0.9985, AUPR: 0.9546
No improvement, patience counter: 8/25
Fold 4, Epoch: 72/1000, Batch: 854, Loss: 0.0015
Fold 4, Epoch 72/1000, Average Train Loss: 0.0020, LR: 0.000006
Fold 4, Epoch 72, Current decision threshold: 0.0807
Fold 4, Epoch 72/1000, Validation Loss: 0.0079, Accuracy: 0.9961
Fold 4, Epoch 72/1000, Precision: 0.9170, Recall: 0.9245, F1-Score: 0.9207, AUC: 0.9986, AUPR: 0.9550
No improvement, patience counter: 9/25
Fold 4, Epoch: 73/1000, Batch: 854, Loss: 0.0004
Fold 4, Epoch 73/1000, Average Train Loss: 0.0020, LR: 0.000006
Fold 4, Epoch 73, Current decision threshold: 0.0807
Fold 4, Epoch 73/1000, Validation Loss: 0.0078, Accuracy: 0.9960
Fold 4, Epoch 73/1000, Precision: 0.9127, Recall: 0.9253, F1-Score: 0.9189, AUC: 0.9986, AUPR: 0.9549
No improvement, patience counter: 10/25
Fold 4, Epoch: 74/1000, Batch: 854, Loss: 0.0050
Fold 4, Epoch 74/1000, Average Train Loss: 0.0020, LR: 0.000006
Fold 4, Epoch 74, Current decision threshold: 0.0807
Fold 4, Epoch 74/1000, Validation Loss: 0.0077, Accuracy: 0.9959
Fold 4, Epoch 74/1000, Precision: 0.9100, Recall: 0.9245, F1-Score: 0.9172, AUC: 0.9986, AUPR: 0.9548
No improvement, patience counter: 11/25
Fold 4, Epoch: 75/1000, Batch: 854, Loss: 0.0017
Fold 4, Epoch 75/1000, Average Train Loss: 0.0020, LR: 0.000006
Epoch 75: Optimal threshold updated to = 0.1068
Fold 4, Epoch 75, Current decision threshold: 0.1068
Fold 4, Epoch 75/1000, Validation Loss: 0.0077, Accuracy: 0.9963
Fold 4, Epoch 75/1000, Precision: 0.9328, Recall: 0.9127, F1-Score: 0.9226, AUC: 0.9986, AUPR: 0.9551
New best model saved, F1: 0.9226, AUC: 0.9986, AUPR: 0.9551
Fold 4, Epoch: 76/1000, Batch: 854, Loss: 0.0014
Fold 4, Epoch 76/1000, Average Train Loss: 0.0020, LR: 0.000006
Fold 4, Epoch 76, Current decision threshold: 0.1068
Fold 4, Epoch 76/1000, Validation Loss: 0.0080, Accuracy: 0.9962
Fold 4, Epoch 76/1000, Precision: 0.9348, Recall: 0.9086, F1-Score: 0.9215, AUC: 0.9986, AUPR: 0.9549
No improvement, patience counter: 1/25
Fold 4, Epoch: 77/1000, Batch: 854, Loss: 0.0033
Fold 4, Epoch 77/1000, Average Train Loss: 0.0019, LR: 0.000006
Fold 4, Epoch 77, Current decision threshold: 0.1068
Fold 4, Epoch 77/1000, Validation Loss: 0.0077, Accuracy: 0.9962
Fold 4, Epoch 77/1000, Precision: 0.9300, Recall: 0.9115, F1-Score: 0.9206, AUC: 0.9986, AUPR: 0.9548
No improvement, patience counter: 2/25
Fold 4, Epoch: 78/1000, Batch: 854, Loss: 0.0012
Fold 4, Epoch 78/1000, Average Train Loss: 0.0019, LR: 0.000006
Fold 4, Epoch 78, Current decision threshold: 0.1068
Fold 4, Epoch 78/1000, Validation Loss: 0.0079, Accuracy: 0.9961
Fold 4, Epoch 78/1000, Precision: 0.9335, Recall: 0.9066, F1-Score: 0.9198, AUC: 0.9986, AUPR: 0.9547
No improvement, patience counter: 3/25
Fold 4, Epoch: 79/1000, Batch: 854, Loss: 0.0012
Fold 4, Epoch 79/1000, Average Train Loss: 0.0019, LR: 0.000006
Fold 4, Epoch 79, Current decision threshold: 0.1068
Fold 4, Epoch 79/1000, Validation Loss: 0.0080, Accuracy: 0.9962
Fold 4, Epoch 79/1000, Precision: 0.9357, Recall: 0.9045, F1-Score: 0.9199, AUC: 0.9986, AUPR: 0.9552
No improvement, patience counter: 4/25
Fold 4, Epoch: 80/1000, Batch: 854, Loss: 0.0030
Fold 4, Epoch 80/1000, Average Train Loss: 0.0020, LR: 0.000003
Epoch 80: Optimal threshold updated to = 0.1004
Fold 4, Epoch 80, Current decision threshold: 0.1004
Fold 4, Epoch 80/1000, Validation Loss: 0.0078, Accuracy: 0.9963
Fold 4, Epoch 80/1000, Precision: 0.9313, Recall: 0.9147, F1-Score: 0.9230, AUC: 0.9986, AUPR: 0.9552
New best model saved, F1: 0.9230, AUC: 0.9986, AUPR: 0.9552
Fold 4, Epoch: 81/1000, Batch: 854, Loss: 0.0004
Fold 4, Epoch 81/1000, Average Train Loss: 0.0019, LR: 0.000003
Fold 4, Epoch 81, Current decision threshold: 0.1004
Fold 4, Epoch 81/1000, Validation Loss: 0.0076, Accuracy: 0.9962
Fold 4, Epoch 81/1000, Precision: 0.9277, Recall: 0.9167, F1-Score: 0.9222, AUC: 0.9986, AUPR: 0.9551
No improvement, patience counter: 1/25
Fold 4, Epoch: 82/1000, Batch: 854, Loss: 0.0027
Fold 4, Epoch 82/1000, Average Train Loss: 0.0020, LR: 0.000003
Fold 4, Epoch 82, Current decision threshold: 0.1004
Fold 4, Epoch 82/1000, Validation Loss: 0.0079, Accuracy: 0.9962
Fold 4, Epoch 82/1000, Precision: 0.9320, Recall: 0.9123, F1-Score: 0.9220, AUC: 0.9986, AUPR: 0.9551
No improvement, patience counter: 2/25
Fold 4, Epoch: 83/1000, Batch: 854, Loss: 0.0006
Fold 4, Epoch 83/1000, Average Train Loss: 0.0019, LR: 0.000003
Fold 4, Epoch 83, Current decision threshold: 0.1004
Fold 4, Epoch 83/1000, Validation Loss: 0.0076, Accuracy: 0.9963
Fold 4, Epoch 83/1000, Precision: 0.9292, Recall: 0.9163, F1-Score: 0.9227, AUC: 0.9986, AUPR: 0.9551
No improvement, patience counter: 3/25
Fold 4, Epoch: 84/1000, Batch: 854, Loss: 0.0018
Fold 4, Epoch 84/1000, Average Train Loss: 0.0020, LR: 0.000003
Fold 4, Epoch 84, Current decision threshold: 0.1004
Fold 4, Epoch 84/1000, Validation Loss: 0.0076, Accuracy: 0.9962
Fold 4, Epoch 84/1000, Precision: 0.9273, Recall: 0.9163, F1-Score: 0.9218, AUC: 0.9986, AUPR: 0.9550
No improvement, patience counter: 4/25
Fold 4, Epoch: 85/1000, Batch: 854, Loss: 0.0031
Fold 4, Epoch 85/1000, Average Train Loss: 0.0019, LR: 0.000002
Epoch 85: Optimal threshold updated to = 0.0930
Fold 4, Epoch 85, Current decision threshold: 0.0930
Fold 4, Epoch 85/1000, Validation Loss: 0.0077, Accuracy: 0.9963
Fold 4, Epoch 85/1000, Precision: 0.9274, Recall: 0.9184, F1-Score: 0.9229, AUC: 0.9986, AUPR: 0.9552
New best model saved, F1: 0.9229, AUC: 0.9986, AUPR: 0.9552
Fold 4, Epoch: 86/1000, Batch: 854, Loss: 0.0019
Fold 4, Epoch 86/1000, Average Train Loss: 0.0019, LR: 0.000002
Fold 4, Epoch 86, Current decision threshold: 0.0930
Fold 4, Epoch 86/1000, Validation Loss: 0.0078, Accuracy: 0.9962
Fold 4, Epoch 86/1000, Precision: 0.9266, Recall: 0.9175, F1-Score: 0.9220, AUC: 0.9986, AUPR: 0.9552
No improvement, patience counter: 1/25
Fold 4, Epoch: 87/1000, Batch: 854, Loss: 0.0066
Fold 4, Epoch 87/1000, Average Train Loss: 0.0019, LR: 0.000002
Fold 4, Epoch 87, Current decision threshold: 0.0930
Fold 4, Epoch 87/1000, Validation Loss: 0.0078, Accuracy: 0.9962
Fold 4, Epoch 87/1000, Precision: 0.9265, Recall: 0.9171, F1-Score: 0.9218, AUC: 0.9986, AUPR: 0.9551
No improvement, patience counter: 2/25
Fold 4, Epoch: 88/1000, Batch: 854, Loss: 0.0090
Fold 4, Epoch 88/1000, Average Train Loss: 0.0019, LR: 0.000002
Fold 4, Epoch 88, Current decision threshold: 0.0930
Fold 4, Epoch 88/1000, Validation Loss: 0.0077, Accuracy: 0.9962
Fold 4, Epoch 88/1000, Precision: 0.9255, Recall: 0.9180, F1-Score: 0.9217, AUC: 0.9986, AUPR: 0.9552
No improvement, patience counter: 3/25
Fold 4, Epoch: 89/1000, Batch: 854, Loss: 0.0022
Fold 4, Epoch 89/1000, Average Train Loss: 0.0019, LR: 0.000001
Fold 4, Epoch 89, Current decision threshold: 0.0930
Fold 4, Epoch 89/1000, Validation Loss: 0.0079, Accuracy: 0.9962
Fold 4, Epoch 89/1000, Precision: 0.9272, Recall: 0.9155, F1-Score: 0.9213, AUC: 0.9986, AUPR: 0.9551
No improvement, patience counter: 4/25
Fold 4, Epoch: 90/1000, Batch: 854, Loss: 0.0003
Fold 4, Epoch 90/1000, Average Train Loss: 0.0019, LR: 0.000001
Epoch 90: Optimal threshold updated to = 0.0942
Fold 4, Epoch 90, Current decision threshold: 0.0942
Fold 4, Epoch 90/1000, Validation Loss: 0.0078, Accuracy: 0.9962
Fold 4, Epoch 90/1000, Precision: 0.9270, Recall: 0.9175, F1-Score: 0.9222, AUC: 0.9986, AUPR: 0.9551
No improvement, patience counter: 5/25
Fold 4, Epoch: 91/1000, Batch: 854, Loss: 0.0020
Fold 4, Epoch 91/1000, Average Train Loss: 0.0019, LR: 0.000001
Fold 4, Epoch 91, Current decision threshold: 0.0942
Fold 4, Epoch 91/1000, Validation Loss: 0.0078, Accuracy: 0.9962
Fold 4, Epoch 91/1000, Precision: 0.9255, Recall: 0.9180, F1-Score: 0.9217, AUC: 0.9986, AUPR: 0.9552
No improvement, patience counter: 6/25
Fold 4, Epoch: 92/1000, Batch: 854, Loss: 0.0007
Fold 4, Epoch 92/1000, Average Train Loss: 0.0019, LR: 0.000001
Fold 4, Epoch 92, Current decision threshold: 0.0942
Fold 4, Epoch 92/1000, Validation Loss: 0.0077, Accuracy: 0.9962
Fold 4, Epoch 92/1000, Precision: 0.9255, Recall: 0.9180, F1-Score: 0.9217, AUC: 0.9986, AUPR: 0.9552
No improvement, patience counter: 7/25
Fold 4, Epoch: 93/1000, Batch: 854, Loss: 0.0030
Fold 4, Epoch 93/1000, Average Train Loss: 0.0019, LR: 0.000000
Fold 4, Epoch 93, Current decision threshold: 0.0942
Fold 4, Epoch 93/1000, Validation Loss: 0.0078, Accuracy: 0.9962
Fold 4, Epoch 93/1000, Precision: 0.9262, Recall: 0.9171, F1-Score: 0.9216, AUC: 0.9986, AUPR: 0.9552
No improvement, patience counter: 8/25
Fold 4, Epoch: 94/1000, Batch: 854, Loss: 0.0019
Fold 4, Epoch 94/1000, Average Train Loss: 0.0019, LR: 0.000000
Fold 4, Epoch 94, Current decision threshold: 0.0942
Fold 4, Epoch 94/1000, Validation Loss: 0.0078, Accuracy: 0.9962
Fold 4, Epoch 94/1000, Precision: 0.9276, Recall: 0.9159, F1-Score: 0.9217, AUC: 0.9986, AUPR: 0.9552
No improvement, patience counter: 9/25
Fold 4, Epoch: 95/1000, Batch: 854, Loss: 0.0006
Fold 4, Epoch 95/1000, Average Train Loss: 0.0019, LR: 0.000000
Epoch 95: Optimal threshold updated to = 0.0902
Fold 4, Epoch 95, Current decision threshold: 0.0902
Fold 4, Epoch 95/1000, Validation Loss: 0.0078, Accuracy: 0.9962
Fold 4, Epoch 95/1000, Precision: 0.9259, Recall: 0.9192, F1-Score: 0.9225, AUC: 0.9986, AUPR: 0.9551
No improvement, patience counter: 10/25
Fold 4, Epoch: 96/1000, Batch: 854, Loss: 0.0014
Fold 4, Epoch 96/1000, Average Train Loss: 0.0019, LR: 0.000000
Fold 4, Epoch 96, Current decision threshold: 0.0902
Fold 4, Epoch 96/1000, Validation Loss: 0.0078, Accuracy: 0.9962
Fold 4, Epoch 96/1000, Precision: 0.9244, Recall: 0.9192, F1-Score: 0.9218, AUC: 0.9986, AUPR: 0.9551
No improvement, patience counter: 11/25
Fold 4, Epoch: 97/1000, Batch: 854, Loss: 0.0039
Fold 4, Epoch 97/1000, Average Train Loss: 0.0019, LR: 0.000000
Fold 4, Epoch 97, Current decision threshold: 0.0902
Fold 4, Epoch 97/1000, Validation Loss: 0.0078, Accuracy: 0.9962
Fold 4, Epoch 97/1000, Precision: 0.9252, Recall: 0.9192, F1-Score: 0.9222, AUC: 0.9986, AUPR: 0.9552
No improvement, patience counter: 12/25
Fold 4, Epoch: 98/1000, Batch: 854, Loss: 0.0014
Fold 4, Epoch 98/1000, Average Train Loss: 0.0019, LR: 0.000000
Fold 4, Epoch 98, Current decision threshold: 0.0902
Fold 4, Epoch 98/1000, Validation Loss: 0.0078, Accuracy: 0.9962
Fold 4, Epoch 98/1000, Precision: 0.9245, Recall: 0.9196, F1-Score: 0.9220, AUC: 0.9986, AUPR: 0.9551
No improvement, patience counter: 13/25
Fold 4, Epoch: 99/1000, Batch: 854, Loss: 0.0004
Fold 4, Epoch 99/1000, Average Train Loss: 0.0019, LR: 0.000000
Fold 4, Epoch 99, Current decision threshold: 0.0902
Fold 4, Epoch 99/1000, Validation Loss: 0.0078, Accuracy: 0.9962
Fold 4, Epoch 99/1000, Precision: 0.9245, Recall: 0.9196, F1-Score: 0.9220, AUC: 0.9986, AUPR: 0.9551
No improvement, patience counter: 14/25
Fold 4, Epoch: 100/1000, Batch: 854, Loss: 0.0017
Fold 4, Epoch 100/1000, Average Train Loss: 0.0019, LR: 0.000000
Epoch 100: Optimal threshold updated to = 0.0939
Fold 4, Epoch 100, Current decision threshold: 0.0939
Fold 4, Epoch 100/1000, Validation Loss: 0.0078, Accuracy: 0.9962
Fold 4, Epoch 100/1000, Precision: 0.9277, Recall: 0.9171, F1-Score: 0.9224, AUC: 0.9986, AUPR: 0.9552
No improvement, patience counter: 15/25
Fold 4, Epoch: 101/1000, Batch: 854, Loss: 0.0011
Fold 4, Epoch 101/1000, Average Train Loss: 0.0019, LR: 0.000000
Fold 4, Epoch 101, Current decision threshold: 0.0939
Fold 4, Epoch 101/1000, Validation Loss: 0.0078, Accuracy: 0.9962
Fold 4, Epoch 101/1000, Precision: 0.9273, Recall: 0.9175, F1-Score: 0.9224, AUC: 0.9986, AUPR: 0.9552
No improvement, patience counter: 16/25
Fold 4, Epoch: 102/1000, Batch: 854, Loss: 0.0020
Fold 4, Epoch 102/1000, Average Train Loss: 0.0019, LR: 0.000000
Fold 4, Epoch 102, Current decision threshold: 0.0939
Fold 4, Epoch 102/1000, Validation Loss: 0.0078, Accuracy: 0.9962
Fold 4, Epoch 102/1000, Precision: 0.9277, Recall: 0.9167, F1-Score: 0.9222, AUC: 0.9986, AUPR: 0.9552
No improvement, patience counter: 17/25
Fold 4, Epoch: 103/1000, Batch: 854, Loss: 0.0007
Fold 4, Epoch 103/1000, Average Train Loss: 0.0019, LR: 0.000000
Fold 4, Epoch 103, Current decision threshold: 0.0939
Fold 4, Epoch 103/1000, Validation Loss: 0.0078, Accuracy: 0.9962
Fold 4, Epoch 103/1000, Precision: 0.9277, Recall: 0.9167, F1-Score: 0.9222, AUC: 0.9986, AUPR: 0.9551
No improvement, patience counter: 18/25
Fold 4, Epoch: 104/1000, Batch: 854, Loss: 0.0005
Fold 4, Epoch 104/1000, Average Train Loss: 0.0019, LR: 0.000000
Fold 4, Epoch 104, Current decision threshold: 0.0939
Fold 4, Epoch 104/1000, Validation Loss: 0.0078, Accuracy: 0.9962
Fold 4, Epoch 104/1000, Precision: 0.9280, Recall: 0.9167, F1-Score: 0.9224, AUC: 0.9986, AUPR: 0.9552
No improvement, patience counter: 19/25
Fold 4, Epoch: 105/1000, Batch: 854, Loss: 0.0009
Fold 4, Epoch 105/1000, Average Train Loss: 0.0019, LR: 0.000000
Epoch 105: Optimal threshold updated to = 0.0910
Fold 4, Epoch 105, Current decision threshold: 0.0910
Fold 4, Epoch 105/1000, Validation Loss: 0.0078, Accuracy: 0.9962
Fold 4, Epoch 105/1000, Precision: 0.9256, Recall: 0.9192, F1-Score: 0.9224, AUC: 0.9986, AUPR: 0.9552
No improvement, patience counter: 20/25
Fold 4, Epoch: 106/1000, Batch: 854, Loss: 0.0004
Fold 4, Epoch 106/1000, Average Train Loss: 0.0019, LR: 0.000000
Fold 4, Epoch 106, Current decision threshold: 0.0910
Fold 4, Epoch 106/1000, Validation Loss: 0.0078, Accuracy: 0.9962
Fold 4, Epoch 106/1000, Precision: 0.9256, Recall: 0.9196, F1-Score: 0.9226, AUC: 0.9986, AUPR: 0.9552
No improvement, patience counter: 21/25
Fold 4, Epoch: 107/1000, Batch: 854, Loss: 0.0006
Fold 4, Epoch 107/1000, Average Train Loss: 0.0019, LR: 0.000000
Fold 4, Epoch 107, Current decision threshold: 0.0910
Fold 4, Epoch 107/1000, Validation Loss: 0.0078, Accuracy: 0.9962
Fold 4, Epoch 107/1000, Precision: 0.9256, Recall: 0.9196, F1-Score: 0.9226, AUC: 0.9986, AUPR: 0.9552
No improvement, patience counter: 22/25
Fold 4, Epoch: 108/1000, Batch: 854, Loss: 0.0018
Fold 4, Epoch 108/1000, Average Train Loss: 0.0019, LR: 0.000000
Fold 4, Epoch 108, Current decision threshold: 0.0910
Fold 4, Epoch 108/1000, Validation Loss: 0.0078, Accuracy: 0.9962
Fold 4, Epoch 108/1000, Precision: 0.9256, Recall: 0.9192, F1-Score: 0.9224, AUC: 0.9986, AUPR: 0.9551
No improvement, patience counter: 23/25
Fold 4, Epoch: 109/1000, Batch: 854, Loss: 0.0027
Fold 4, Epoch 109/1000, Average Train Loss: 0.0019, LR: 0.000000
Fold 4, Epoch 109, Current decision threshold: 0.0910
Fold 4, Epoch 109/1000, Validation Loss: 0.0078, Accuracy: 0.9962
Fold 4, Epoch 109/1000, Precision: 0.9256, Recall: 0.9192, F1-Score: 0.9224, AUC: 0.9986, AUPR: 0.9552
No improvement, patience counter: 24/25
Fold 4, Epoch: 110/1000, Batch: 854, Loss: 0.0017
Fold 4, Epoch 110/1000, Average Train Loss: 0.0019, LR: 0.000000
Epoch 110: Optimal threshold updated to = 0.0906
Fold 4, Epoch 110, Current decision threshold: 0.0906
Fold 4, Epoch 110/1000, Validation Loss: 0.0078, Accuracy: 0.9962
Fold 4, Epoch 110/1000, Precision: 0.9256, Recall: 0.9192, F1-Score: 0.9224, AUC: 0.9986, AUPR: 0.9551
No improvement, patience counter: 25/25
Early stopping at epoch 110
Restored best model, F1: 0.9229, AUC: 0.9986, AUPR: 0.9552
Round 5, Fold 4 best model and threshold 0.0906 saved to D:\SPAN\models\span_round_5_fold_4.pkl
Completed fold 4 in 5-folds, Validation Loss: 0.0077, Accuracy: 0.9963
Completed fold 4 in 5-folds, Precision: 0.9274, Recall: 0.9184, F1-Score: 0.9229, AUC: 0.9986, AUPR: 0.9552
Fold 4 test Finished! - 2026-04-05 22:15:56
======================================================================
Final Results Summary
----------------------------------------------------------------------
AUC         AUPR        Acc         F1          Pre         Recall      
0.9986      0.9552      0.9963      0.9229      0.9274      0.9184      
======================================================================
