Logging for round 5, fold 2 configured to file: D:\SPAN\logs\fafa-round_5-fold_2.log - 2026-04-05 17:21:42
========== Round 5 - Fold 2 Training ==========
current_sys_path: D:\SPAN
device = cuda
Global seed initialized to 42 for reproducibility
Using GPU: NVIDIA GeForce RTX 3060 Laptop GPU
Starting fold 2 in 5-folds
Training data - Positive samples: tensor([44982.]), Negative samples: tensor([392091.])
Fold 2, Epoch: 1/1000, Batch: 854, Loss: 0.0280
Fold 2, Epoch 1/1000, Average Train Loss: 0.0313, LR: 0.000200
Fold 2, Epoch 1, Current decision threshold: 0.2000
Fold 2, Epoch 1/1000, Validation Loss: 0.0123, Accuracy: 0.7271
Fold 2, Epoch 1/1000, Precision: 0.0833, Recall: 0.9940, F1-Score: 0.1537, AUC: 0.9606, AUPR: 0.3263
New best model saved, F1: 0.1537, AUC: 0.9606, AUPR: 0.3263
Fold 2, Epoch: 2/1000, Batch: 854, Loss: 0.0162
Fold 2, Epoch 2/1000, Average Train Loss: 0.0168, LR: 0.000200
Fold 2, Epoch 2, Current decision threshold: 0.2000
Fold 2, Epoch 2/1000, Validation Loss: 0.0081, Accuracy: 0.9697
Fold 2, Epoch 2/1000, Precision: 0.4427, Recall: 0.8365, F1-Score: 0.5790, AUC: 0.9853, AUPR: 0.5926
New best model saved, F1: 0.5790, AUC: 0.9853, AUPR: 0.5926
Fold 2, Epoch: 3/1000, Batch: 854, Loss: 0.0104
Fold 2, Epoch 3/1000, Average Train Loss: 0.0125, LR: 0.000200
Fold 2, Epoch 3, Current decision threshold: 0.2000
Fold 2, Epoch 3/1000, Validation Loss: 0.0069, Accuracy: 0.9781
Fold 2, Epoch 3/1000, Precision: 0.5373, Recall: 0.8775, F1-Score: 0.6665, AUC: 0.9913, AUPR: 0.7011
New best model saved, F1: 0.6665, AUC: 0.9913, AUPR: 0.7011
Fold 2, Epoch: 4/1000, Batch: 854, Loss: 0.0056
Fold 2, Epoch 4/1000, Average Train Loss: 0.0109, LR: 0.000200
Fold 2, Epoch 4, Current decision threshold: 0.2000
Fold 2, Epoch 4/1000, Validation Loss: 0.0064, Accuracy: 0.9862
Fold 2, Epoch 4/1000, Precision: 0.6648, Recall: 0.8994, F1-Score: 0.7645, AUC: 0.9948, AUPR: 0.7891
New best model saved, F1: 0.7645, AUC: 0.9948, AUPR: 0.7891
Fold 2, Epoch: 5/1000, Batch: 854, Loss: 0.0072
Fold 2, Epoch 5/1000, Average Train Loss: 0.0099, LR: 0.000200
Epoch 5: Optimal threshold updated to = 0.2366
Fold 2, Epoch 5, Current decision threshold: 0.2366
Fold 2, Epoch 5/1000, Validation Loss: 0.0060, Accuracy: 0.9878
Fold 2, Epoch 5/1000, Precision: 0.7119, Recall: 0.8572, F1-Score: 0.7778, AUC: 0.9952, AUPR: 0.8047
New best model saved, F1: 0.7778, AUC: 0.9952, AUPR: 0.8047
Fold 2, Epoch: 6/1000, Batch: 854, Loss: 0.0090
Fold 2, Epoch 6/1000, Average Train Loss: 0.0091, LR: 0.000200
Fold 2, Epoch 6, Current decision threshold: 0.2366
Fold 2, Epoch 6/1000, Validation Loss: 0.0061, Accuracy: 0.9893
Fold 2, Epoch 6/1000, Precision: 0.7522, Recall: 0.8524, F1-Score: 0.7992, AUC: 0.9958, AUPR: 0.8267
New best model saved, F1: 0.7992, AUC: 0.9958, AUPR: 0.8267
Fold 2, Epoch: 7/1000, Batch: 854, Loss: 0.0102
Fold 2, Epoch 7/1000, Average Train Loss: 0.0084, LR: 0.000200
Fold 2, Epoch 7, Current decision threshold: 0.2366
Fold 2, Epoch 7/1000, Validation Loss: 0.0066, Accuracy: 0.9899
Fold 2, Epoch 7/1000, Precision: 0.7815, Recall: 0.8266, F1-Score: 0.8034, AUC: 0.9962, AUPR: 0.8393
New best model saved, F1: 0.8034, AUC: 0.9962, AUPR: 0.8393
Fold 2, Epoch: 8/1000, Batch: 854, Loss: 0.0090
Fold 2, Epoch 8/1000, Average Train Loss: 0.0079, LR: 0.000200
Fold 2, Epoch 8, Current decision threshold: 0.2366
Fold 2, Epoch 8/1000, Validation Loss: 0.0062, Accuracy: 0.9913
Fold 2, Epoch 8/1000, Precision: 0.8140, Recall: 0.8461, F1-Score: 0.8297, AUC: 0.9969, AUPR: 0.8600
New best model saved, F1: 0.8297, AUC: 0.9969, AUPR: 0.8600
Fold 2, Epoch: 9/1000, Batch: 854, Loss: 0.0054
Fold 2, Epoch 9/1000, Average Train Loss: 0.0076, LR: 0.000200
Fold 2, Epoch 9, Current decision threshold: 0.2366
Fold 2, Epoch 9/1000, Validation Loss: 0.0067, Accuracy: 0.9918
Fold 2, Epoch 9/1000, Precision: 0.8397, Recall: 0.8313, F1-Score: 0.8355, AUC: 0.9971, AUPR: 0.8679
New best model saved, F1: 0.8355, AUC: 0.9971, AUPR: 0.8679
Fold 2, Epoch: 10/1000, Batch: 854, Loss: 0.0071
Fold 2, Epoch 10/1000, Average Train Loss: 0.0072, LR: 0.000200
Epoch 10: Optimal threshold updated to = 0.1558
Fold 2, Epoch 10, Current decision threshold: 0.1558
Fold 2, Epoch 10/1000, Validation Loss: 0.0069, Accuracy: 0.9921
Fold 2, Epoch 10/1000, Precision: 0.8030, Recall: 0.9033, F1-Score: 0.8502, AUC: 0.9974, AUPR: 0.8736
New best model saved, F1: 0.8502, AUC: 0.9974, AUPR: 0.8736
Fold 2, Epoch: 11/1000, Batch: 854, Loss: 0.0055
Fold 2, Epoch 11/1000, Average Train Loss: 0.0068, LR: 0.000200
Fold 2, Epoch 11, Current decision threshold: 0.1558
Fold 2, Epoch 11/1000, Validation Loss: 0.0072, Accuracy: 0.9922
Fold 2, Epoch 11/1000, Precision: 0.8134, Recall: 0.8914, F1-Score: 0.8506, AUC: 0.9974, AUPR: 0.8815
New best model saved, F1: 0.8506, AUC: 0.9974, AUPR: 0.8815
Fold 2, Epoch: 12/1000, Batch: 854, Loss: 0.0063
Fold 2, Epoch 12/1000, Average Train Loss: 0.0066, LR: 0.000200
Fold 2, Epoch 12, Current decision threshold: 0.1558
Fold 2, Epoch 12/1000, Validation Loss: 0.0070, Accuracy: 0.9926
Fold 2, Epoch 12/1000, Precision: 0.8186, Recall: 0.9014, F1-Score: 0.8580, AUC: 0.9975, AUPR: 0.8845
New best model saved, F1: 0.8580, AUC: 0.9975, AUPR: 0.8845
Fold 2, Epoch: 13/1000, Batch: 854, Loss: 0.0043
Fold 2, Epoch 13/1000, Average Train Loss: 0.0063, LR: 0.000200
Fold 2, Epoch 13, Current decision threshold: 0.1558
Fold 2, Epoch 13/1000, Validation Loss: 0.0059, Accuracy: 0.9924
Fold 2, Epoch 13/1000, Precision: 0.8019, Recall: 0.9256, F1-Score: 0.8593, AUC: 0.9976, AUPR: 0.8884
New best model saved, F1: 0.8593, AUC: 0.9976, AUPR: 0.8884
Fold 2, Epoch: 14/1000, Batch: 854, Loss: 0.0040
Fold 2, Epoch 14/1000, Average Train Loss: 0.0061, LR: 0.000200
Fold 2, Epoch 14, Current decision threshold: 0.1558
Fold 2, Epoch 14/1000, Validation Loss: 0.0062, Accuracy: 0.9934
Fold 2, Epoch 14/1000, Precision: 0.8319, Recall: 0.9232, F1-Score: 0.8752, AUC: 0.9978, AUPR: 0.9000
New best model saved, F1: 0.8752, AUC: 0.9978, AUPR: 0.9000
Fold 2, Epoch: 15/1000, Batch: 854, Loss: 0.0040
Fold 2, Epoch 15/1000, Average Train Loss: 0.0059, LR: 0.000200
Epoch 15: Optimal threshold updated to = 0.1406
Fold 2, Epoch 15, Current decision threshold: 0.1406
Fold 2, Epoch 15/1000, Validation Loss: 0.0077, Accuracy: 0.9935
Fold 2, Epoch 15/1000, Precision: 0.8486, Recall: 0.8986, F1-Score: 0.8729, AUC: 0.9977, AUPR: 0.8995
No improvement, patience counter: 1/25
Fold 2, Epoch: 16/1000, Batch: 854, Loss: 0.0057
Fold 2, Epoch 16/1000, Average Train Loss: 0.0057, LR: 0.000200
Fold 2, Epoch 16, Current decision threshold: 0.1406
Fold 2, Epoch 16/1000, Validation Loss: 0.0054, Accuracy: 0.9928
Fold 2, Epoch 16/1000, Precision: 0.8007, Recall: 0.9459, F1-Score: 0.8673, AUC: 0.9978, AUPR: 0.9022
New best model saved, F1: 0.8673, AUC: 0.9978, AUPR: 0.9022
Fold 2, Epoch: 17/1000, Batch: 854, Loss: 0.0043
Fold 2, Epoch 17/1000, Average Train Loss: 0.0055, LR: 0.000200
Fold 2, Epoch 17, Current decision threshold: 0.1406
Fold 2, Epoch 17/1000, Validation Loss: 0.0059, Accuracy: 0.9931
Fold 2, Epoch 17/1000, Precision: 0.8165, Recall: 0.9348, F1-Score: 0.8717, AUC: 0.9978, AUPR: 0.9027
New best model saved, F1: 0.8717, AUC: 0.9978, AUPR: 0.9027
Fold 2, Epoch: 18/1000, Batch: 854, Loss: 0.0033
Fold 2, Epoch 18/1000, Average Train Loss: 0.0054, LR: 0.000200
Fold 2, Epoch 18, Current decision threshold: 0.1406
Fold 2, Epoch 18/1000, Validation Loss: 0.0062, Accuracy: 0.9934
Fold 2, Epoch 18/1000, Precision: 0.8292, Recall: 0.9268, F1-Score: 0.8753, AUC: 0.9979, AUPR: 0.9061
New best model saved, F1: 0.8753, AUC: 0.9979, AUPR: 0.9061
Fold 2, Epoch: 19/1000, Batch: 854, Loss: 0.0030
Fold 2, Epoch 19/1000, Average Train Loss: 0.0053, LR: 0.000200
Fold 2, Epoch 19, Current decision threshold: 0.1406
Fold 2, Epoch 19/1000, Validation Loss: 0.0054, Accuracy: 0.9935
Fold 2, Epoch 19/1000, Precision: 0.8238, Recall: 0.9411, F1-Score: 0.8786, AUC: 0.9981, AUPR: 0.9141
New best model saved, F1: 0.8786, AUC: 0.9981, AUPR: 0.9141
Fold 2, Epoch: 20/1000, Batch: 854, Loss: 0.0089
Fold 2, Epoch 20/1000, Average Train Loss: 0.0051, LR: 0.000200
Epoch 20: Optimal threshold updated to = 0.2258
Fold 2, Epoch 20, Current decision threshold: 0.2258
Fold 2, Epoch 20/1000, Validation Loss: 0.0055, Accuracy: 0.9937
Fold 2, Epoch 20/1000, Precision: 0.8597, Recall: 0.8918, F1-Score: 0.8754, AUC: 0.9979, AUPR: 0.9082
No improvement, patience counter: 1/25
Fold 2, Epoch: 21/1000, Batch: 854, Loss: 0.0041
Fold 2, Epoch 21/1000, Average Train Loss: 0.0050, LR: 0.000200
Fold 2, Epoch 21, Current decision threshold: 0.2258
Fold 2, Epoch 21/1000, Validation Loss: 0.0082, Accuracy: 0.9930
Fold 2, Epoch 21/1000, Precision: 0.9246, Recall: 0.7848, F1-Score: 0.8490, AUC: 0.9983, AUPR: 0.9195
No improvement, patience counter: 2/25
Fold 2, Epoch: 22/1000, Batch: 854, Loss: 0.0079
Fold 2, Epoch 22/1000, Average Train Loss: 0.0048, LR: 0.000200
Fold 2, Epoch 22, Current decision threshold: 0.2258
Fold 2, Epoch 22/1000, Validation Loss: 0.0076, Accuracy: 0.9934
Fold 2, Epoch 22/1000, Precision: 0.9146, Recall: 0.8099, F1-Score: 0.8591, AUC: 0.9983, AUPR: 0.9185
No improvement, patience counter: 3/25
Fold 2, Epoch: 23/1000, Batch: 854, Loss: 0.0039
Fold 2, Epoch 23/1000, Average Train Loss: 0.0047, LR: 0.000200
Fold 2, Epoch 23, Current decision threshold: 0.2258
Fold 2, Epoch 23/1000, Validation Loss: 0.0050, Accuracy: 0.9944
Fold 2, Epoch 23/1000, Precision: 0.8799, Recall: 0.8978, F1-Score: 0.8888, AUC: 0.9984, AUPR: 0.9225
New best model saved, F1: 0.8888, AUC: 0.9984, AUPR: 0.9225
Fold 2, Epoch: 24/1000, Batch: 854, Loss: 0.0039
Fold 2, Epoch 24/1000, Average Train Loss: 0.0046, LR: 0.000200
Fold 2, Epoch 24, Current decision threshold: 0.2258
Fold 2, Epoch 24/1000, Validation Loss: 0.0057, Accuracy: 0.9943
Fold 2, Epoch 24/1000, Precision: 0.8976, Recall: 0.8719, F1-Score: 0.8846, AUC: 0.9984, AUPR: 0.9267
New best model saved, F1: 0.8846, AUC: 0.9984, AUPR: 0.9267
Fold 2, Epoch: 25/1000, Batch: 854, Loss: 0.0051
Fold 2, Epoch 25/1000, Average Train Loss: 0.0046, LR: 0.000200
Epoch 25: Optimal threshold updated to = 0.0793
Fold 2, Epoch 25, Current decision threshold: 0.0793
Fold 2, Epoch 25/1000, Validation Loss: 0.0092, Accuracy: 0.9940
Fold 2, Epoch 25/1000, Precision: 0.8553, Recall: 0.9149, F1-Score: 0.8841, AUC: 0.9981, AUPR: 0.9183
No improvement, patience counter: 1/25
Fold 2, Epoch: 26/1000, Batch: 854, Loss: 0.0044
Fold 2, Epoch 26/1000, Average Train Loss: 0.0044, LR: 0.000200
Fold 2, Epoch 26, Current decision threshold: 0.0793
Fold 2, Epoch 26/1000, Validation Loss: 0.0056, Accuracy: 0.9930
Fold 2, Epoch 26/1000, Precision: 0.8013, Recall: 0.9590, F1-Score: 0.8731, AUC: 0.9983, AUPR: 0.9258
No improvement, patience counter: 2/25
Fold 2, Epoch: 27/1000, Batch: 854, Loss: 0.0056
Fold 2, Epoch 27/1000, Average Train Loss: 0.0044, LR: 0.000200
Fold 2, Epoch 27, Current decision threshold: 0.0793
Fold 2, Epoch 27/1000, Validation Loss: 0.0062, Accuracy: 0.9940
Fold 2, Epoch 27/1000, Precision: 0.8270, Recall: 0.9582, F1-Score: 0.8878, AUC: 0.9984, AUPR: 0.9315
New best model saved, F1: 0.8878, AUC: 0.9984, AUPR: 0.9315
Fold 2, Epoch: 28/1000, Batch: 854, Loss: 0.0046
Fold 2, Epoch 28/1000, Average Train Loss: 0.0042, LR: 0.000200
Fold 2, Epoch 28, Current decision threshold: 0.0793
Fold 2, Epoch 28/1000, Validation Loss: 0.0059, Accuracy: 0.9934
Fold 2, Epoch 28/1000, Precision: 0.8129, Recall: 0.9543, F1-Score: 0.8780, AUC: 0.9984, AUPR: 0.9308
No improvement, patience counter: 1/25
Fold 2, Epoch: 29/1000, Batch: 854, Loss: 0.0043
Fold 2, Epoch 29/1000, Average Train Loss: 0.0041, LR: 0.000200
Fold 2, Epoch 29, Current decision threshold: 0.0793
Fold 2, Epoch 29/1000, Validation Loss: 0.0072, Accuracy: 0.9939
Fold 2, Epoch 29/1000, Precision: 0.8363, Recall: 0.9387, F1-Score: 0.8846, AUC: 0.9982, AUPR: 0.9274
No improvement, patience counter: 2/25
Fold 2, Epoch: 30/1000, Batch: 854, Loss: 0.0035
Fold 2, Epoch 30/1000, Average Train Loss: 0.0041, LR: 0.000200
Epoch 30: Optimal threshold updated to = 0.1162
Fold 2, Epoch 30, Current decision threshold: 0.1162
Fold 2, Epoch 30/1000, Validation Loss: 0.0074, Accuracy: 0.9946
Fold 2, Epoch 30/1000, Precision: 0.8825, Recall: 0.9049, F1-Score: 0.8936, AUC: 0.9984, AUPR: 0.9288
No improvement, patience counter: 3/25
Fold 2, Epoch: 31/1000, Batch: 854, Loss: 0.0021
Fold 2, Epoch 31/1000, Average Train Loss: 0.0041, LR: 0.000200
Fold 2, Epoch 31, Current decision threshold: 0.1162
Fold 2, Epoch 31/1000, Validation Loss: 0.0077, Accuracy: 0.9947
Fold 2, Epoch 31/1000, Precision: 0.8925, Recall: 0.8954, F1-Score: 0.8940, AUC: 0.9985, AUPR: 0.9335
New best model saved, F1: 0.8940, AUC: 0.9985, AUPR: 0.9335
Fold 2, Epoch: 32/1000, Batch: 854, Loss: 0.0057
Fold 2, Epoch 32/1000, Average Train Loss: 0.0039, LR: 0.000200
Fold 2, Epoch 32, Current decision threshold: 0.1162
Fold 2, Epoch 32/1000, Validation Loss: 0.0084, Accuracy: 0.9940
Fold 2, Epoch 32/1000, Precision: 0.8770, Recall: 0.8850, F1-Score: 0.8810, AUC: 0.9982, AUPR: 0.9230
No improvement, patience counter: 1/25
Fold 2, Epoch: 33/1000, Batch: 854, Loss: 0.0092
Fold 2, Epoch 33/1000, Average Train Loss: 0.0039, LR: 0.000200
Fold 2, Epoch 33, Current decision threshold: 0.1162
Fold 2, Epoch 33/1000, Validation Loss: 0.0059, Accuracy: 0.9944
Fold 2, Epoch 33/1000, Precision: 0.8569, Recall: 0.9292, F1-Score: 0.8916, AUC: 0.9985, AUPR: 0.9325
No improvement, patience counter: 2/25
Fold 2, Epoch: 34/1000, Batch: 854, Loss: 0.0066
Fold 2, Epoch 34/1000, Average Train Loss: 0.0039, LR: 0.000200
Fold 2, Epoch 34, Current decision threshold: 0.1162
Fold 2, Epoch 34/1000, Validation Loss: 0.0065, Accuracy: 0.9948
Fold 2, Epoch 34/1000, Precision: 0.8784, Recall: 0.9169, F1-Score: 0.8972, AUC: 0.9985, AUPR: 0.9346
New best model saved, F1: 0.8972, AUC: 0.9985, AUPR: 0.9346
Fold 2, Epoch: 35/1000, Batch: 854, Loss: 0.0051
Fold 2, Epoch 35/1000, Average Train Loss: 0.0038, LR: 0.000200
Epoch 35: Optimal threshold updated to = 0.1453
Fold 2, Epoch 35, Current decision threshold: 0.1453
Fold 2, Epoch 35/1000, Validation Loss: 0.0059, Accuracy: 0.9952
Fold 2, Epoch 35/1000, Precision: 0.8916, Recall: 0.9196, F1-Score: 0.9054, AUC: 0.9986, AUPR: 0.9367
New best model saved, F1: 0.9054, AUC: 0.9986, AUPR: 0.9367
Fold 2, Epoch: 36/1000, Batch: 854, Loss: 0.0028
Fold 2, Epoch 36/1000, Average Train Loss: 0.0036, LR: 0.000200
Fold 2, Epoch 36, Current decision threshold: 0.1453
Fold 2, Epoch 36/1000, Validation Loss: 0.0077, Accuracy: 0.9946
Fold 2, Epoch 36/1000, Precision: 0.9090, Recall: 0.8699, F1-Score: 0.8890, AUC: 0.9985, AUPR: 0.9347
No improvement, patience counter: 1/25
Fold 2, Epoch: 37/1000, Batch: 854, Loss: 0.0034
Fold 2, Epoch 37/1000, Average Train Loss: 0.0037, LR: 0.000200
Fold 2, Epoch 37, Current decision threshold: 0.1453
Fold 2, Epoch 37/1000, Validation Loss: 0.0060, Accuracy: 0.9952
Fold 2, Epoch 37/1000, Precision: 0.8967, Recall: 0.9113, F1-Score: 0.9039, AUC: 0.9986, AUPR: 0.9389
New best model saved, F1: 0.9039, AUC: 0.9986, AUPR: 0.9389
Fold 2, Epoch: 38/1000, Batch: 854, Loss: 0.0024
Fold 2, Epoch 38/1000, Average Train Loss: 0.0036, LR: 0.000200
Fold 2, Epoch 38, Current decision threshold: 0.1453
Fold 2, Epoch 38/1000, Validation Loss: 0.0066, Accuracy: 0.9948
Fold 2, Epoch 38/1000, Precision: 0.9009, Recall: 0.8894, F1-Score: 0.8951, AUC: 0.9986, AUPR: 0.9373
No improvement, patience counter: 1/25
Fold 2, Epoch: 39/1000, Batch: 854, Loss: 0.0017
Fold 2, Epoch 39/1000, Average Train Loss: 0.0035, LR: 0.000200
Fold 2, Epoch 39, Current decision threshold: 0.1453
Fold 2, Epoch 39/1000, Validation Loss: 0.0079, Accuracy: 0.9949
Fold 2, Epoch 39/1000, Precision: 0.9245, Recall: 0.8671, F1-Score: 0.8949, AUC: 0.9987, AUPR: 0.9392
No improvement, patience counter: 2/25
Fold 2, Epoch: 40/1000, Batch: 854, Loss: 0.0030
Fold 2, Epoch 40/1000, Average Train Loss: 0.0035, LR: 0.000200
Epoch 40: Optimal threshold updated to = 0.1380
Fold 2, Epoch 40, Current decision threshold: 0.1380
Fold 2, Epoch 40/1000, Validation Loss: 0.0059, Accuracy: 0.9952
Fold 2, Epoch 40/1000, Precision: 0.8902, Recall: 0.9189, F1-Score: 0.9043, AUC: 0.9986, AUPR: 0.9407
New best model saved, F1: 0.9043, AUC: 0.9986, AUPR: 0.9407
Fold 2, Epoch: 41/1000, Batch: 854, Loss: 0.0020
Fold 2, Epoch 41/1000, Average Train Loss: 0.0034, LR: 0.000200
Fold 2, Epoch 41, Current decision threshold: 0.1380
Fold 2, Epoch 41/1000, Validation Loss: 0.0066, Accuracy: 0.9949
Fold 2, Epoch 41/1000, Precision: 0.8989, Recall: 0.8982, F1-Score: 0.8985, AUC: 0.9986, AUPR: 0.9368
No improvement, patience counter: 1/25
Fold 2, Epoch: 42/1000, Batch: 854, Loss: 0.0022
Fold 2, Epoch 42/1000, Average Train Loss: 0.0034, LR: 0.000200
Fold 2, Epoch 42, Current decision threshold: 0.1380
Fold 2, Epoch 42/1000, Validation Loss: 0.0058, Accuracy: 0.9952
Fold 2, Epoch 42/1000, Precision: 0.8928, Recall: 0.9177, F1-Score: 0.9051, AUC: 0.9987, AUPR: 0.9431
New best model saved, F1: 0.9051, AUC: 0.9987, AUPR: 0.9431
Fold 2, Epoch: 43/1000, Batch: 854, Loss: 0.0015
Fold 2, Epoch 43/1000, Average Train Loss: 0.0033, LR: 0.000200
Fold 2, Epoch 43, Current decision threshold: 0.1380
Fold 2, Epoch 43/1000, Validation Loss: 0.0075, Accuracy: 0.9949
Fold 2, Epoch 43/1000, Precision: 0.9118, Recall: 0.8795, F1-Score: 0.8953, AUC: 0.9986, AUPR: 0.9398
No improvement, patience counter: 1/25
Fold 2, Epoch: 44/1000, Batch: 854, Loss: 0.0029
Fold 2, Epoch 44/1000, Average Train Loss: 0.0033, LR: 0.000200
Fold 2, Epoch 44, Current decision threshold: 0.1380
Fold 2, Epoch 44/1000, Validation Loss: 0.0096, Accuracy: 0.9941
Fold 2, Epoch 44/1000, Precision: 0.9257, Recall: 0.8321, F1-Score: 0.8764, AUC: 0.9986, AUPR: 0.9370
No improvement, patience counter: 2/25
Fold 2, Epoch: 45/1000, Batch: 854, Loss: 0.0012
Fold 2, Epoch 45/1000, Average Train Loss: 0.0033, LR: 0.000200
Epoch 45: Optimal threshold updated to = 0.1052
Fold 2, Epoch 45, Current decision threshold: 0.1052
Fold 2, Epoch 45/1000, Validation Loss: 0.0066, Accuracy: 0.9950
Fold 2, Epoch 45/1000, Precision: 0.8855, Recall: 0.9196, F1-Score: 0.9022, AUC: 0.9986, AUPR: 0.9398
No improvement, patience counter: 3/25
Fold 2, Epoch: 46/1000, Batch: 854, Loss: 0.0034
Fold 2, Epoch 46/1000, Average Train Loss: 0.0032, LR: 0.000200
Fold 2, Epoch 46, Current decision threshold: 0.1052
Fold 2, Epoch 46/1000, Validation Loss: 0.0062, Accuracy: 0.9953
Fold 2, Epoch 46/1000, Precision: 0.8848, Recall: 0.9316, F1-Score: 0.9076, AUC: 0.9986, AUPR: 0.9415
No improvement, patience counter: 4/25
Fold 2, Epoch: 47/1000, Batch: 854, Loss: 0.0017
Fold 2, Epoch 47/1000, Average Train Loss: 0.0027, LR: 0.000100
Fold 2, Epoch 47, Current decision threshold: 0.1052
Fold 2, Epoch 47/1000, Validation Loss: 0.0055, Accuracy: 0.9954
Fold 2, Epoch 47/1000, Precision: 0.8832, Recall: 0.9387, F1-Score: 0.9101, AUC: 0.9987, AUPR: 0.9467
New best model saved, F1: 0.9101, AUC: 0.9987, AUPR: 0.9467
Fold 2, Epoch: 48/1000, Batch: 854, Loss: 0.0139
Fold 2, Epoch 48/1000, Average Train Loss: 0.0026, LR: 0.000100
Fold 2, Epoch 48, Current decision threshold: 0.1052
Fold 2, Epoch 48/1000, Validation Loss: 0.0062, Accuracy: 0.9955
Fold 2, Epoch 48/1000, Precision: 0.8968, Recall: 0.9268, F1-Score: 0.9116, AUC: 0.9987, AUPR: 0.9461
No improvement, patience counter: 1/25
Fold 2, Epoch: 49/1000, Batch: 854, Loss: 0.0023
Fold 2, Epoch 49/1000, Average Train Loss: 0.0026, LR: 0.000100
Fold 2, Epoch 49, Current decision threshold: 0.1052
Fold 2, Epoch 49/1000, Validation Loss: 0.0073, Accuracy: 0.9955
Fold 2, Epoch 49/1000, Precision: 0.9107, Recall: 0.9089, F1-Score: 0.9098, AUC: 0.9987, AUPR: 0.9472
New best model saved, F1: 0.9098, AUC: 0.9987, AUPR: 0.9472
Fold 2, Epoch: 50/1000, Batch: 854, Loss: 0.0037
Fold 2, Epoch 50/1000, Average Train Loss: 0.0026, LR: 0.000100
Epoch 50: Optimal threshold updated to = 0.0974
Fold 2, Epoch 50, Current decision threshold: 0.0974
Fold 2, Epoch 50/1000, Validation Loss: 0.0064, Accuracy: 0.9958
Fold 2, Epoch 50/1000, Precision: 0.9027, Recall: 0.9304, F1-Score: 0.9164, AUC: 0.9988, AUPR: 0.9495
New best model saved, F1: 0.9164, AUC: 0.9988, AUPR: 0.9495
Fold 2, Epoch: 51/1000, Batch: 854, Loss: 0.0029
Fold 2, Epoch 51/1000, Average Train Loss: 0.0025, LR: 0.000100
Fold 2, Epoch 51, Current decision threshold: 0.0974
Fold 2, Epoch 51/1000, Validation Loss: 0.0073, Accuracy: 0.9956
Fold 2, Epoch 51/1000, Precision: 0.9116, Recall: 0.9109, F1-Score: 0.9113, AUC: 0.9987, AUPR: 0.9461
No improvement, patience counter: 1/25
Fold 2, Epoch: 52/1000, Batch: 854, Loss: 0.0016
Fold 2, Epoch 52/1000, Average Train Loss: 0.0025, LR: 0.000100
Fold 2, Epoch 52, Current decision threshold: 0.0974
Fold 2, Epoch 52/1000, Validation Loss: 0.0059, Accuracy: 0.9956
Fold 2, Epoch 52/1000, Precision: 0.8922, Recall: 0.9383, F1-Score: 0.9147, AUC: 0.9987, AUPR: 0.9473
No improvement, patience counter: 2/25
Fold 2, Epoch: 53/1000, Batch: 854, Loss: 0.0019
Fold 2, Epoch 53/1000, Average Train Loss: 0.0025, LR: 0.000100
Fold 2, Epoch 53, Current decision threshold: 0.0974
Fold 2, Epoch 53/1000, Validation Loss: 0.0083, Accuracy: 0.9953
Fold 2, Epoch 53/1000, Precision: 0.9134, Recall: 0.8974, F1-Score: 0.9053, AUC: 0.9987, AUPR: 0.9451
No improvement, patience counter: 3/25
Fold 2, Epoch: 54/1000, Batch: 854, Loss: 0.0041
Fold 2, Epoch 54/1000, Average Train Loss: 0.0024, LR: 0.000100
Fold 2, Epoch 54, Current decision threshold: 0.0974
Fold 2, Epoch 54/1000, Validation Loss: 0.0063, Accuracy: 0.9957
Fold 2, Epoch 54/1000, Precision: 0.8968, Recall: 0.9332, F1-Score: 0.9146, AUC: 0.9988, AUPR: 0.9477
No improvement, patience counter: 4/25
Fold 2, Epoch: 55/1000, Batch: 854, Loss: 0.0018
Fold 2, Epoch 55/1000, Average Train Loss: 0.0022, LR: 0.000050
Epoch 55: Optimal threshold updated to = 0.0892
Fold 2, Epoch 55, Current decision threshold: 0.0892
Fold 2, Epoch 55/1000, Validation Loss: 0.0066, Accuracy: 0.9956
Fold 2, Epoch 55/1000, Precision: 0.8980, Recall: 0.9284, F1-Score: 0.9130, AUC: 0.9988, AUPR: 0.9488
No improvement, patience counter: 5/25
Fold 2, Epoch: 56/1000, Batch: 854, Loss: 0.0007
Fold 2, Epoch 56/1000, Average Train Loss: 0.0022, LR: 0.000050
Fold 2, Epoch 56, Current decision threshold: 0.0892
Fold 2, Epoch 56/1000, Validation Loss: 0.0072, Accuracy: 0.9958
Fold 2, Epoch 56/1000, Precision: 0.9113, Recall: 0.9193, F1-Score: 0.9152, AUC: 0.9988, AUPR: 0.9503
New best model saved, F1: 0.9152, AUC: 0.9988, AUPR: 0.9503
Fold 2, Epoch: 57/1000, Batch: 854, Loss: 0.0020
Fold 2, Epoch 57/1000, Average Train Loss: 0.0022, LR: 0.000050
Fold 2, Epoch 57, Current decision threshold: 0.0892
Fold 2, Epoch 57/1000, Validation Loss: 0.0069, Accuracy: 0.9957
Fold 2, Epoch 57/1000, Precision: 0.9040, Recall: 0.9256, F1-Score: 0.9147, AUC: 0.9988, AUPR: 0.9524
New best model saved, F1: 0.9147, AUC: 0.9988, AUPR: 0.9524
Fold 2, Epoch: 58/1000, Batch: 854, Loss: 0.0008
Fold 2, Epoch 58/1000, Average Train Loss: 0.0021, LR: 0.000050
Fold 2, Epoch 58, Current decision threshold: 0.0892
Fold 2, Epoch 58/1000, Validation Loss: 0.0063, Accuracy: 0.9957
Fold 2, Epoch 58/1000, Precision: 0.9005, Recall: 0.9320, F1-Score: 0.9159, AUC: 0.9988, AUPR: 0.9524
New best model saved, F1: 0.9159, AUC: 0.9988, AUPR: 0.9524
Fold 2, Epoch: 59/1000, Batch: 854, Loss: 0.0019
Fold 2, Epoch 59/1000, Average Train Loss: 0.0021, LR: 0.000050
Fold 2, Epoch 59, Current decision threshold: 0.0892
Fold 2, Epoch 59/1000, Validation Loss: 0.0072, Accuracy: 0.9958
Fold 2, Epoch 59/1000, Precision: 0.9115, Recall: 0.9220, F1-Score: 0.9167, AUC: 0.9988, AUPR: 0.9508
No improvement, patience counter: 1/25
Fold 2, Epoch: 60/1000, Batch: 854, Loss: 0.0007
Fold 2, Epoch 60/1000, Average Train Loss: 0.0020, LR: 0.000050
Epoch 60: Optimal threshold updated to = 0.0961
Fold 2, Epoch 60, Current decision threshold: 0.0961
Fold 2, Epoch 60/1000, Validation Loss: 0.0067, Accuracy: 0.9958
Fold 2, Epoch 60/1000, Precision: 0.9105, Recall: 0.9224, F1-Score: 0.9164, AUC: 0.9988, AUPR: 0.9507
No improvement, patience counter: 2/25
Fold 2, Epoch: 61/1000, Batch: 854, Loss: 0.0011
Fold 2, Epoch 61/1000, Average Train Loss: 0.0021, LR: 0.000050
Fold 2, Epoch 61, Current decision threshold: 0.0961
Fold 2, Epoch 61/1000, Validation Loss: 0.0074, Accuracy: 0.9958
Fold 2, Epoch 61/1000, Precision: 0.9190, Recall: 0.9121, F1-Score: 0.9156, AUC: 0.9988, AUPR: 0.9501
No improvement, patience counter: 3/25
Fold 2, Epoch: 62/1000, Batch: 854, Loss: 0.0011
Fold 2, Epoch 62/1000, Average Train Loss: 0.0021, LR: 0.000050
Fold 2, Epoch 62, Current decision threshold: 0.0961
Fold 2, Epoch 62/1000, Validation Loss: 0.0074, Accuracy: 0.9959
Fold 2, Epoch 62/1000, Precision: 0.9217, Recall: 0.9133, F1-Score: 0.9175, AUC: 0.9988, AUPR: 0.9521
New best model saved, F1: 0.9175, AUC: 0.9988, AUPR: 0.9521
Fold 2, Epoch: 63/1000, Batch: 854, Loss: 0.0015
Fold 2, Epoch 63/1000, Average Train Loss: 0.0019, LR: 0.000025
Fold 2, Epoch 63, Current decision threshold: 0.0961
Fold 2, Epoch 63/1000, Validation Loss: 0.0070, Accuracy: 0.9958
Fold 2, Epoch 63/1000, Precision: 0.9155, Recall: 0.9177, F1-Score: 0.9166, AUC: 0.9988, AUPR: 0.9527
New best model saved, F1: 0.9166, AUC: 0.9988, AUPR: 0.9527
Fold 2, Epoch: 64/1000, Batch: 854, Loss: 0.0038
Fold 2, Epoch 64/1000, Average Train Loss: 0.0019, LR: 0.000025
Fold 2, Epoch 64, Current decision threshold: 0.0961
Fold 2, Epoch 64/1000, Validation Loss: 0.0072, Accuracy: 0.9959
Fold 2, Epoch 64/1000, Precision: 0.9212, Recall: 0.9117, F1-Score: 0.9164, AUC: 0.9989, AUPR: 0.9533
New best model saved, F1: 0.9164, AUC: 0.9989, AUPR: 0.9533
Fold 2, Epoch: 65/1000, Batch: 854, Loss: 0.0038
Fold 2, Epoch 65/1000, Average Train Loss: 0.0019, LR: 0.000025
Epoch 65: Optimal threshold updated to = 0.0830
Fold 2, Epoch 65, Current decision threshold: 0.0830
Fold 2, Epoch 65/1000, Validation Loss: 0.0073, Accuracy: 0.9960
Fold 2, Epoch 65/1000, Precision: 0.9152, Recall: 0.9232, F1-Score: 0.9192, AUC: 0.9988, AUPR: 0.9525
No improvement, patience counter: 1/25
Fold 2, Epoch: 66/1000, Batch: 854, Loss: 0.0025
Fold 2, Epoch 66/1000, Average Train Loss: 0.0019, LR: 0.000025
Fold 2, Epoch 66, Current decision threshold: 0.0830
Fold 2, Epoch 66/1000, Validation Loss: 0.0067, Accuracy: 0.9958
Fold 2, Epoch 66/1000, Precision: 0.9059, Recall: 0.9300, F1-Score: 0.9178, AUC: 0.9988, AUPR: 0.9533
New best model saved, F1: 0.9178, AUC: 0.9988, AUPR: 0.9533
Fold 2, Epoch: 67/1000, Batch: 854, Loss: 0.0029
Fold 2, Epoch 67/1000, Average Train Loss: 0.0018, LR: 0.000025
Fold 2, Epoch 67, Current decision threshold: 0.0830
Fold 2, Epoch 67/1000, Validation Loss: 0.0069, Accuracy: 0.9959
Fold 2, Epoch 67/1000, Precision: 0.9088, Recall: 0.9280, F1-Score: 0.9183, AUC: 0.9988, AUPR: 0.9537
New best model saved, F1: 0.9183, AUC: 0.9988, AUPR: 0.9537
Fold 2, Epoch: 68/1000, Batch: 854, Loss: 0.0040
Fold 2, Epoch 68/1000, Average Train Loss: 0.0018, LR: 0.000025
Fold 2, Epoch 68, Current decision threshold: 0.0830
Fold 2, Epoch 68/1000, Validation Loss: 0.0070, Accuracy: 0.9959
Fold 2, Epoch 68/1000, Precision: 0.9091, Recall: 0.9264, F1-Score: 0.9177, AUC: 0.9988, AUPR: 0.9538
No improvement, patience counter: 1/25
Fold 2, Epoch: 69/1000, Batch: 854, Loss: 0.0027
Fold 2, Epoch 69/1000, Average Train Loss: 0.0019, LR: 0.000025
Fold 2, Epoch 69, Current decision threshold: 0.0830
Fold 2, Epoch 69/1000, Validation Loss: 0.0072, Accuracy: 0.9959
Fold 2, Epoch 69/1000, Precision: 0.9135, Recall: 0.9240, F1-Score: 0.9187, AUC: 0.9988, AUPR: 0.9537
New best model saved, F1: 0.9187, AUC: 0.9988, AUPR: 0.9537
Fold 2, Epoch: 70/1000, Batch: 854, Loss: 0.0021
Fold 2, Epoch 70/1000, Average Train Loss: 0.0018, LR: 0.000025
Epoch 70: Optimal threshold updated to = 0.0667
Fold 2, Epoch 70, Current decision threshold: 0.0667
Fold 2, Epoch 70/1000, Validation Loss: 0.0073, Accuracy: 0.9959
Fold 2, Epoch 70/1000, Precision: 0.9039, Recall: 0.9356, F1-Score: 0.9195, AUC: 0.9989, AUPR: 0.9545
New best model saved, F1: 0.9195, AUC: 0.9989, AUPR: 0.9545
Fold 2, Epoch: 71/1000, Batch: 854, Loss: 0.0011
Fold 2, Epoch 71/1000, Average Train Loss: 0.0018, LR: 0.000025
Fold 2, Epoch 71, Current decision threshold: 0.0667
Fold 2, Epoch 71/1000, Validation Loss: 0.0071, Accuracy: 0.9959
Fold 2, Epoch 71/1000, Precision: 0.9031, Recall: 0.9344, F1-Score: 0.9185, AUC: 0.9989, AUPR: 0.9546
No improvement, patience counter: 1/25
Fold 2, Epoch: 72/1000, Batch: 854, Loss: 0.0003
Fold 2, Epoch 72/1000, Average Train Loss: 0.0018, LR: 0.000025
Fold 2, Epoch 72, Current decision threshold: 0.0667
Fold 2, Epoch 72/1000, Validation Loss: 0.0067, Accuracy: 0.9958
Fold 2, Epoch 72/1000, Precision: 0.8952, Recall: 0.9411, F1-Score: 0.9176, AUC: 0.9989, AUPR: 0.9553
New best model saved, F1: 0.9176, AUC: 0.9989, AUPR: 0.9553
Fold 2, Epoch: 73/1000, Batch: 854, Loss: 0.0024
Fold 2, Epoch 73/1000, Average Train Loss: 0.0018, LR: 0.000025
Fold 2, Epoch 73, Current decision threshold: 0.0667
Fold 2, Epoch 73/1000, Validation Loss: 0.0071, Accuracy: 0.9958
Fold 2, Epoch 73/1000, Precision: 0.8989, Recall: 0.9375, F1-Score: 0.9178, AUC: 0.9989, AUPR: 0.9534
No improvement, patience counter: 1/25
Fold 2, Epoch: 74/1000, Batch: 854, Loss: 0.0011
Fold 2, Epoch 74/1000, Average Train Loss: 0.0018, LR: 0.000025
Fold 2, Epoch 74, Current decision threshold: 0.0667
Fold 2, Epoch 74/1000, Validation Loss: 0.0073, Accuracy: 0.9959
Fold 2, Epoch 74/1000, Precision: 0.9046, Recall: 0.9320, F1-Score: 0.9181, AUC: 0.9989, AUPR: 0.9537
No improvement, patience counter: 2/25
Fold 2, Epoch: 75/1000, Batch: 854, Loss: 0.0011
Fold 2, Epoch 75/1000, Average Train Loss: 0.0018, LR: 0.000025
Epoch 75: Optimal threshold updated to = 0.0727
Fold 2, Epoch 75, Current decision threshold: 0.0727
Fold 2, Epoch 75/1000, Validation Loss: 0.0071, Accuracy: 0.9959
Fold 2, Epoch 75/1000, Precision: 0.9063, Recall: 0.9316, F1-Score: 0.9188, AUC: 0.9989, AUPR: 0.9551
New best model saved, F1: 0.9188, AUC: 0.9989, AUPR: 0.9551
Fold 2, Epoch: 76/1000, Batch: 854, Loss: 0.0029
Fold 2, Epoch 76/1000, Average Train Loss: 0.0018, LR: 0.000025
Fold 2, Epoch 76, Current decision threshold: 0.0727
Fold 2, Epoch 76/1000, Validation Loss: 0.0071, Accuracy: 0.9958
Fold 2, Epoch 76/1000, Precision: 0.9037, Recall: 0.9292, F1-Score: 0.9163, AUC: 0.9989, AUPR: 0.9548
No improvement, patience counter: 1/25
Fold 2, Epoch: 77/1000, Batch: 854, Loss: 0.0036
Fold 2, Epoch 77/1000, Average Train Loss: 0.0018, LR: 0.000025
Fold 2, Epoch 77, Current decision threshold: 0.0727
Fold 2, Epoch 77/1000, Validation Loss: 0.0072, Accuracy: 0.9959
Fold 2, Epoch 77/1000, Precision: 0.9066, Recall: 0.9300, F1-Score: 0.9181, AUC: 0.9989, AUPR: 0.9546
No improvement, patience counter: 2/25
Fold 2, Epoch: 78/1000, Batch: 854, Loss: 0.0013
Fold 2, Epoch 78/1000, Average Train Loss: 0.0018, LR: 0.000025
Fold 2, Epoch 78, Current decision threshold: 0.0727
Fold 2, Epoch 78/1000, Validation Loss: 0.0073, Accuracy: 0.9958
Fold 2, Epoch 78/1000, Precision: 0.9050, Recall: 0.9280, F1-Score: 0.9163, AUC: 0.9989, AUPR: 0.9544
No improvement, patience counter: 3/25
Fold 2, Epoch: 79/1000, Batch: 854, Loss: 0.0021
Fold 2, Epoch 79/1000, Average Train Loss: 0.0018, LR: 0.000025
Fold 2, Epoch 79, Current decision threshold: 0.0727
Fold 2, Epoch 79/1000, Validation Loss: 0.0069, Accuracy: 0.9957
Fold 2, Epoch 79/1000, Precision: 0.9004, Recall: 0.9312, F1-Score: 0.9155, AUC: 0.9989, AUPR: 0.9546
No improvement, patience counter: 4/25
Fold 2, Epoch: 80/1000, Batch: 854, Loss: 0.0014
Fold 2, Epoch 80/1000, Average Train Loss: 0.0018, LR: 0.000013
Epoch 80: Optimal threshold updated to = 0.0767
Fold 2, Epoch 80, Current decision threshold: 0.0767
Fold 2, Epoch 80/1000, Validation Loss: 0.0073, Accuracy: 0.9960
Fold 2, Epoch 80/1000, Precision: 0.9141, Recall: 0.9272, F1-Score: 0.9206, AUC: 0.9989, AUPR: 0.9556
New best model saved, F1: 0.9206, AUC: 0.9989, AUPR: 0.9556
Fold 2, Epoch: 81/1000, Batch: 854, Loss: 0.0024
Fold 2, Epoch 81/1000, Average Train Loss: 0.0017, LR: 0.000013
Fold 2, Epoch 81, Current decision threshold: 0.0767
Fold 2, Epoch 81/1000, Validation Loss: 0.0073, Accuracy: 0.9958
Fold 2, Epoch 81/1000, Precision: 0.9102, Recall: 0.9228, F1-Score: 0.9165, AUC: 0.9989, AUPR: 0.9554
No improvement, patience counter: 1/25
Fold 2, Epoch: 82/1000, Batch: 854, Loss: 0.0011
Fold 2, Epoch 82/1000, Average Train Loss: 0.0017, LR: 0.000013
Fold 2, Epoch 82, Current decision threshold: 0.0767
Fold 2, Epoch 82/1000, Validation Loss: 0.0070, Accuracy: 0.9958
Fold 2, Epoch 82/1000, Precision: 0.9074, Recall: 0.9272, F1-Score: 0.9172, AUC: 0.9989, AUPR: 0.9555
No improvement, patience counter: 2/25
Fold 2, Epoch: 83/1000, Batch: 854, Loss: 0.0015
Fold 2, Epoch 83/1000, Average Train Loss: 0.0017, LR: 0.000013
Fold 2, Epoch 83, Current decision threshold: 0.0767
Fold 2, Epoch 83/1000, Validation Loss: 0.0073, Accuracy: 0.9958
Fold 2, Epoch 83/1000, Precision: 0.9106, Recall: 0.9240, F1-Score: 0.9173, AUC: 0.9989, AUPR: 0.9558
No improvement, patience counter: 3/25
Fold 2, Epoch: 84/1000, Batch: 854, Loss: 0.0011
Fold 2, Epoch 84/1000, Average Train Loss: 0.0017, LR: 0.000013
Fold 2, Epoch 84, Current decision threshold: 0.0767
Fold 2, Epoch 84/1000, Validation Loss: 0.0071, Accuracy: 0.9959
Fold 2, Epoch 84/1000, Precision: 0.9092, Recall: 0.9280, F1-Score: 0.9185, AUC: 0.9989, AUPR: 0.9561
New best model saved, F1: 0.9185, AUC: 0.9989, AUPR: 0.9561
Fold 2, Epoch: 85/1000, Batch: 854, Loss: 0.0034
Fold 2, Epoch 85/1000, Average Train Loss: 0.0017, LR: 0.000006
Epoch 85: Optimal threshold updated to = 0.0790
Fold 2, Epoch 85, Current decision threshold: 0.0790
Fold 2, Epoch 85/1000, Validation Loss: 0.0072, Accuracy: 0.9960
Fold 2, Epoch 85/1000, Precision: 0.9148, Recall: 0.9272, F1-Score: 0.9210, AUC: 0.9989, AUPR: 0.9559
New best model saved, F1: 0.9210, AUC: 0.9989, AUPR: 0.9559
Fold 2, Epoch: 86/1000, Batch: 854, Loss: 0.0011
Fold 2, Epoch 86/1000, Average Train Loss: 0.0017, LR: 0.000006
Fold 2, Epoch 86, Current decision threshold: 0.0790
Fold 2, Epoch 86/1000, Validation Loss: 0.0070, Accuracy: 0.9960
Fold 2, Epoch 86/1000, Precision: 0.9122, Recall: 0.9300, F1-Score: 0.9210, AUC: 0.9989, AUPR: 0.9565
New best model saved, F1: 0.9210, AUC: 0.9989, AUPR: 0.9565
Fold 2, Epoch: 87/1000, Batch: 854, Loss: 0.0009
Fold 2, Epoch 87/1000, Average Train Loss: 0.0016, LR: 0.000006
Fold 2, Epoch 87, Current decision threshold: 0.0790
Fold 2, Epoch 87/1000, Validation Loss: 0.0072, Accuracy: 0.9959
Fold 2, Epoch 87/1000, Precision: 0.9125, Recall: 0.9248, F1-Score: 0.9186, AUC: 0.9989, AUPR: 0.9564
No improvement, patience counter: 1/25
Fold 2, Epoch: 88/1000, Batch: 854, Loss: 0.0005
Fold 2, Epoch 88/1000, Average Train Loss: 0.0016, LR: 0.000006
Fold 2, Epoch 88, Current decision threshold: 0.0790
Fold 2, Epoch 88/1000, Validation Loss: 0.0071, Accuracy: 0.9960
Fold 2, Epoch 88/1000, Precision: 0.9134, Recall: 0.9276, F1-Score: 0.9205, AUC: 0.9989, AUPR: 0.9563
No improvement, patience counter: 2/25
Fold 2, Epoch: 89/1000, Batch: 854, Loss: 0.0003
Fold 2, Epoch 89/1000, Average Train Loss: 0.0016, LR: 0.000006
Fold 2, Epoch 89, Current decision threshold: 0.0790
Fold 2, Epoch 89/1000, Validation Loss: 0.0074, Accuracy: 0.9960
Fold 2, Epoch 89/1000, Precision: 0.9162, Recall: 0.9224, F1-Score: 0.9193, AUC: 0.9989, AUPR: 0.9562
No improvement, patience counter: 3/25
Fold 2, Epoch: 90/1000, Batch: 854, Loss: 0.0011
Fold 2, Epoch 90/1000, Average Train Loss: 0.0017, LR: 0.000006
Epoch 90: Optimal threshold updated to = 0.0857
Fold 2, Epoch 90, Current decision threshold: 0.0857
Fold 2, Epoch 90/1000, Validation Loss: 0.0071, Accuracy: 0.9960
Fold 2, Epoch 90/1000, Precision: 0.9153, Recall: 0.9240, F1-Score: 0.9196, AUC: 0.9989, AUPR: 0.9565
No improvement, patience counter: 4/25
Fold 2, Epoch: 91/1000, Batch: 854, Loss: 0.0004
Fold 2, Epoch 91/1000, Average Train Loss: 0.0016, LR: 0.000003
Fold 2, Epoch 91, Current decision threshold: 0.0857
Fold 2, Epoch 91/1000, Validation Loss: 0.0073, Accuracy: 0.9959
Fold 2, Epoch 91/1000, Precision: 0.9172, Recall: 0.9204, F1-Score: 0.9188, AUC: 0.9989, AUPR: 0.9565
No improvement, patience counter: 5/25
Fold 2, Epoch: 92/1000, Batch: 854, Loss: 0.0005
Fold 2, Epoch 92/1000, Average Train Loss: 0.0017, LR: 0.000003
Fold 2, Epoch 92, Current decision threshold: 0.0857
Fold 2, Epoch 92/1000, Validation Loss: 0.0073, Accuracy: 0.9959
Fold 2, Epoch 92/1000, Precision: 0.9167, Recall: 0.9193, F1-Score: 0.9180, AUC: 0.9989, AUPR: 0.9566
No improvement, patience counter: 6/25
Fold 2, Epoch: 93/1000, Batch: 854, Loss: 0.0007
Fold 2, Epoch 93/1000, Average Train Loss: 0.0016, LR: 0.000003
Fold 2, Epoch 93, Current decision threshold: 0.0857
Fold 2, Epoch 93/1000, Validation Loss: 0.0073, Accuracy: 0.9960
Fold 2, Epoch 93/1000, Precision: 0.9175, Recall: 0.9204, F1-Score: 0.9190, AUC: 0.9989, AUPR: 0.9566
No improvement, patience counter: 7/25
Fold 2, Epoch: 94/1000, Batch: 854, Loss: 0.0013
Fold 2, Epoch 94/1000, Average Train Loss: 0.0017, LR: 0.000003
Fold 2, Epoch 94, Current decision threshold: 0.0857
Fold 2, Epoch 94/1000, Validation Loss: 0.0072, Accuracy: 0.9959
Fold 2, Epoch 94/1000, Precision: 0.9157, Recall: 0.9200, F1-Score: 0.9179, AUC: 0.9989, AUPR: 0.9568
No improvement, patience counter: 8/25
Fold 2, Epoch: 95/1000, Batch: 854, Loss: 0.0019
Fold 2, Epoch 95/1000, Average Train Loss: 0.0016, LR: 0.000002
Epoch 95: Optimal threshold updated to = 0.0626
Fold 2, Epoch 95, Current decision threshold: 0.0626
Fold 2, Epoch 95/1000, Validation Loss: 0.0072, Accuracy: 0.9960
Fold 2, Epoch 95/1000, Precision: 0.9041, Recall: 0.9379, F1-Score: 0.9207, AUC: 0.9989, AUPR: 0.9569
New best model saved, F1: 0.9207, AUC: 0.9989, AUPR: 0.9569
Fold 2, Epoch: 96/1000, Batch: 854, Loss: 0.0060
Fold 2, Epoch 96/1000, Average Train Loss: 0.0016, LR: 0.000002
Fold 2, Epoch 96, Current decision threshold: 0.0626
Fold 2, Epoch 96/1000, Validation Loss: 0.0070, Accuracy: 0.9959
Fold 2, Epoch 96/1000, Precision: 0.9018, Recall: 0.9383, F1-Score: 0.9197, AUC: 0.9989, AUPR: 0.9569
No improvement, patience counter: 1/25
Fold 2, Epoch: 97/1000, Batch: 854, Loss: 0.0014
Fold 2, Epoch 97/1000, Average Train Loss: 0.0016, LR: 0.000002
Fold 2, Epoch 97, Current decision threshold: 0.0626
Fold 2, Epoch 97/1000, Validation Loss: 0.0070, Accuracy: 0.9959
Fold 2, Epoch 97/1000, Precision: 0.9005, Recall: 0.9391, F1-Score: 0.9194, AUC: 0.9989, AUPR: 0.9569
No improvement, patience counter: 2/25
Fold 2, Epoch: 98/1000, Batch: 854, Loss: 0.0004
Fold 2, Epoch 98/1000, Average Train Loss: 0.0016, LR: 0.000002
Fold 2, Epoch 98, Current decision threshold: 0.0626
Fold 2, Epoch 98/1000, Validation Loss: 0.0072, Accuracy: 0.9959
Fold 2, Epoch 98/1000, Precision: 0.9036, Recall: 0.9364, F1-Score: 0.9197, AUC: 0.9989, AUPR: 0.9569
No improvement, patience counter: 3/25
Fold 2, Epoch: 99/1000, Batch: 854, Loss: 0.0034
Fold 2, Epoch 99/1000, Average Train Loss: 0.0016, LR: 0.000002
Fold 2, Epoch 99, Current decision threshold: 0.0626
Fold 2, Epoch 99/1000, Validation Loss: 0.0073, Accuracy: 0.9959
Fold 2, Epoch 99/1000, Precision: 0.9052, Recall: 0.9340, F1-Score: 0.9193, AUC: 0.9989, AUPR: 0.9569
No improvement, patience counter: 4/25
Fold 2, Epoch: 100/1000, Batch: 854, Loss: 0.0013
Fold 2, Epoch 100/1000, Average Train Loss: 0.0016, LR: 0.000001
Epoch 100: Optimal threshold updated to = 0.0622
Fold 2, Epoch 100, Current decision threshold: 0.0622
Fold 2, Epoch 100/1000, Validation Loss: 0.0072, Accuracy: 0.9960
Fold 2, Epoch 100/1000, Precision: 0.9053, Recall: 0.9360, F1-Score: 0.9204, AUC: 0.9989, AUPR: 0.9568
No improvement, patience counter: 5/25
Fold 2, Epoch: 101/1000, Batch: 854, Loss: 0.0014
Fold 2, Epoch 101/1000, Average Train Loss: 0.0016, LR: 0.000001
Fold 2, Epoch 101, Current decision threshold: 0.0622
Fold 2, Epoch 101/1000, Validation Loss: 0.0073, Accuracy: 0.9960
Fold 2, Epoch 101/1000, Precision: 0.9056, Recall: 0.9352, F1-Score: 0.9202, AUC: 0.9989, AUPR: 0.9568
No improvement, patience counter: 6/25
Fold 2, Epoch: 102/1000, Batch: 854, Loss: 0.0005
Fold 2, Epoch 102/1000, Average Train Loss: 0.0016, LR: 0.000001
Fold 2, Epoch 102, Current decision threshold: 0.0622
Fold 2, Epoch 102/1000, Validation Loss: 0.0073, Accuracy: 0.9960
Fold 2, Epoch 102/1000, Precision: 0.9053, Recall: 0.9356, F1-Score: 0.9202, AUC: 0.9989, AUPR: 0.9568
No improvement, patience counter: 7/25
Fold 2, Epoch: 103/1000, Batch: 854, Loss: 0.0003
Fold 2, Epoch 103/1000, Average Train Loss: 0.0016, LR: 0.000001
Fold 2, Epoch 103, Current decision threshold: 0.0622
Fold 2, Epoch 103/1000, Validation Loss: 0.0071, Accuracy: 0.9960
Fold 2, Epoch 103/1000, Precision: 0.9044, Recall: 0.9372, F1-Score: 0.9205, AUC: 0.9989, AUPR: 0.9568
No improvement, patience counter: 8/25
Fold 2, Epoch: 104/1000, Batch: 854, Loss: 0.0005
Fold 2, Epoch 104/1000, Average Train Loss: 0.0016, LR: 0.000000
Fold 2, Epoch 104, Current decision threshold: 0.0622
Fold 2, Epoch 104/1000, Validation Loss: 0.0072, Accuracy: 0.9960
Fold 2, Epoch 104/1000, Precision: 0.9053, Recall: 0.9360, F1-Score: 0.9204, AUC: 0.9989, AUPR: 0.9568
No improvement, patience counter: 9/25
Fold 2, Epoch: 105/1000, Batch: 854, Loss: 0.0005
Fold 2, Epoch 105/1000, Average Train Loss: 0.0016, LR: 0.000000
Epoch 105: Optimal threshold updated to = 0.0613
Fold 2, Epoch 105, Current decision threshold: 0.0613
Fold 2, Epoch 105/1000, Validation Loss: 0.0073, Accuracy: 0.9960
Fold 2, Epoch 105/1000, Precision: 0.9050, Recall: 0.9360, F1-Score: 0.9202, AUC: 0.9989, AUPR: 0.9568
No improvement, patience counter: 10/25
Fold 2, Epoch: 106/1000, Batch: 854, Loss: 0.0030
Fold 2, Epoch 106/1000, Average Train Loss: 0.0016, LR: 0.000000
Fold 2, Epoch 106, Current decision threshold: 0.0613
Fold 2, Epoch 106/1000, Validation Loss: 0.0072, Accuracy: 0.9960
Fold 2, Epoch 106/1000, Precision: 0.9047, Recall: 0.9364, F1-Score: 0.9203, AUC: 0.9989, AUPR: 0.9568
No improvement, patience counter: 11/25
Fold 2, Epoch: 107/1000, Batch: 854, Loss: 0.0016
Fold 2, Epoch 107/1000, Average Train Loss: 0.0016, LR: 0.000000
Fold 2, Epoch 107, Current decision threshold: 0.0613
Fold 2, Epoch 107/1000, Validation Loss: 0.0073, Accuracy: 0.9960
Fold 2, Epoch 107/1000, Precision: 0.9050, Recall: 0.9360, F1-Score: 0.9202, AUC: 0.9989, AUPR: 0.9568
No improvement, patience counter: 12/25
Fold 2, Epoch: 108/1000, Batch: 854, Loss: 0.0029
Fold 2, Epoch 108/1000, Average Train Loss: 0.0016, LR: 0.000000
Fold 2, Epoch 108, Current decision threshold: 0.0613
Fold 2, Epoch 108/1000, Validation Loss: 0.0072, Accuracy: 0.9959
Fold 2, Epoch 108/1000, Precision: 0.9040, Recall: 0.9364, F1-Score: 0.9199, AUC: 0.9989, AUPR: 0.9568
No improvement, patience counter: 13/25
Fold 2, Epoch: 109/1000, Batch: 854, Loss: 0.0019
Fold 2, Epoch 109/1000, Average Train Loss: 0.0016, LR: 0.000000
Fold 2, Epoch 109, Current decision threshold: 0.0613
Fold 2, Epoch 109/1000, Validation Loss: 0.0072, Accuracy: 0.9960
Fold 2, Epoch 109/1000, Precision: 0.9041, Recall: 0.9372, F1-Score: 0.9203, AUC: 0.9989, AUPR: 0.9568
No improvement, patience counter: 14/25
Fold 2, Epoch: 110/1000, Batch: 854, Loss: 0.0026
Fold 2, Epoch 110/1000, Average Train Loss: 0.0016, LR: 0.000000
Epoch 110: Optimal threshold updated to = 0.0585
Fold 2, Epoch 110, Current decision threshold: 0.0585
Fold 2, Epoch 110/1000, Validation Loss: 0.0073, Accuracy: 0.9959
Fold 2, Epoch 110/1000, Precision: 0.9015, Recall: 0.9395, F1-Score: 0.9201, AUC: 0.9989, AUPR: 0.9567
No improvement, patience counter: 15/25
Fold 2, Epoch: 111/1000, Batch: 854, Loss: 0.0025
Fold 2, Epoch 111/1000, Average Train Loss: 0.0016, LR: 0.000000
Fold 2, Epoch 111, Current decision threshold: 0.0585
Fold 2, Epoch 111/1000, Validation Loss: 0.0073, Accuracy: 0.9959
Fold 2, Epoch 111/1000, Precision: 0.9011, Recall: 0.9387, F1-Score: 0.9195, AUC: 0.9989, AUPR: 0.9567
No improvement, patience counter: 16/25
Fold 2, Epoch: 112/1000, Batch: 854, Loss: 0.0007
Fold 2, Epoch 112/1000, Average Train Loss: 0.0016, LR: 0.000000
Fold 2, Epoch 112, Current decision threshold: 0.0585
Fold 2, Epoch 112/1000, Validation Loss: 0.0073, Accuracy: 0.9959
Fold 2, Epoch 112/1000, Precision: 0.9009, Recall: 0.9399, F1-Score: 0.9200, AUC: 0.9989, AUPR: 0.9567
No improvement, patience counter: 17/25
Fold 2, Epoch: 113/1000, Batch: 854, Loss: 0.0019
Fold 2, Epoch 113/1000, Average Train Loss: 0.0016, LR: 0.000000
Fold 2, Epoch 113, Current decision threshold: 0.0585
Fold 2, Epoch 113/1000, Validation Loss: 0.0072, Accuracy: 0.9959
Fold 2, Epoch 113/1000, Precision: 0.9009, Recall: 0.9399, F1-Score: 0.9200, AUC: 0.9989, AUPR: 0.9568
No improvement, patience counter: 18/25
Fold 2, Epoch: 114/1000, Batch: 854, Loss: 0.0024
Fold 2, Epoch 114/1000, Average Train Loss: 0.0016, LR: 0.000000
Fold 2, Epoch 114, Current decision threshold: 0.0585
Fold 2, Epoch 114/1000, Validation Loss: 0.0073, Accuracy: 0.9959
Fold 2, Epoch 114/1000, Precision: 0.9008, Recall: 0.9395, F1-Score: 0.9198, AUC: 0.9989, AUPR: 0.9567
No improvement, patience counter: 19/25
Fold 2, Epoch: 115/1000, Batch: 854, Loss: 0.0007
Fold 2, Epoch 115/1000, Average Train Loss: 0.0016, LR: 0.000000
Epoch 115: Optimal threshold updated to = 0.0611
Fold 2, Epoch 115, Current decision threshold: 0.0611
Fold 2, Epoch 115/1000, Validation Loss: 0.0073, Accuracy: 0.9960
Fold 2, Epoch 115/1000, Precision: 0.9041, Recall: 0.9372, F1-Score: 0.9203, AUC: 0.9989, AUPR: 0.9568
No improvement, patience counter: 20/25
Fold 2, Epoch: 116/1000, Batch: 854, Loss: 0.0008
Fold 2, Epoch 116/1000, Average Train Loss: 0.0016, LR: 0.000000
Fold 2, Epoch 116, Current decision threshold: 0.0611
Fold 2, Epoch 116/1000, Validation Loss: 0.0073, Accuracy: 0.9960
Fold 2, Epoch 116/1000, Precision: 0.9041, Recall: 0.9372, F1-Score: 0.9203, AUC: 0.9989, AUPR: 0.9567
No improvement, patience counter: 21/25
Fold 2, Epoch: 117/1000, Batch: 854, Loss: 0.0024
Fold 2, Epoch 117/1000, Average Train Loss: 0.0016, LR: 0.000000
Fold 2, Epoch 117, Current decision threshold: 0.0611
Fold 2, Epoch 117/1000, Validation Loss: 0.0072, Accuracy: 0.9960
Fold 2, Epoch 117/1000, Precision: 0.9041, Recall: 0.9372, F1-Score: 0.9203, AUC: 0.9989, AUPR: 0.9568
No improvement, patience counter: 22/25
Fold 2, Epoch: 118/1000, Batch: 854, Loss: 0.0013
Fold 2, Epoch 118/1000, Average Train Loss: 0.0016, LR: 0.000000
Fold 2, Epoch 118, Current decision threshold: 0.0611
Fold 2, Epoch 118/1000, Validation Loss: 0.0072, Accuracy: 0.9960
Fold 2, Epoch 118/1000, Precision: 0.9041, Recall: 0.9372, F1-Score: 0.9203, AUC: 0.9989, AUPR: 0.9567
No improvement, patience counter: 23/25
Fold 2, Epoch: 119/1000, Batch: 854, Loss: 0.0022
Fold 2, Epoch 119/1000, Average Train Loss: 0.0016, LR: 0.000000
Fold 2, Epoch 119, Current decision threshold: 0.0611
Fold 2, Epoch 119/1000, Validation Loss: 0.0073, Accuracy: 0.9959
Fold 2, Epoch 119/1000, Precision: 0.9040, Recall: 0.9368, F1-Score: 0.9201, AUC: 0.9989, AUPR: 0.9567
No improvement, patience counter: 24/25
Fold 2, Epoch: 120/1000, Batch: 854, Loss: 0.0006
Fold 2, Epoch 120/1000, Average Train Loss: 0.0016, LR: 0.000000
Epoch 120: Optimal threshold updated to = 0.0608
Fold 2, Epoch 120, Current decision threshold: 0.0608
Fold 2, Epoch 120/1000, Validation Loss: 0.0073, Accuracy: 0.9960
Fold 2, Epoch 120/1000, Precision: 0.9041, Recall: 0.9372, F1-Score: 0.9203, AUC: 0.9989, AUPR: 0.9567
No improvement, patience counter: 25/25
Early stopping at epoch 120
Restored best model, F1: 0.9207, AUC: 0.9989, AUPR: 0.9569
Round 5, Fold 2 best model and threshold 0.0608 saved to D:\SPAN\models\span_round_5_fold_2.pkl
Completed fold 2 in 5-folds, Validation Loss: 0.0072, Accuracy: 0.9960
Completed fold 2 in 5-folds, Precision: 0.9041, Recall: 0.9379, F1-Score: 0.9207, AUC: 0.9989, AUPR: 0.9569
Fold 2 test Finished! - 2026-04-05 22:37:45
======================================================================
Final Results Summary
----------------------------------------------------------------------
AUC         AUPR        Acc         F1          Pre         Recall      
0.9989      0.9569      0.9960      0.9207      0.9041      0.9379      
======================================================================
