Logging for round 1, fold 1 configured to file: D:\SPAN\logs\fafa-round_1-fold_1.log - 2026-04-03 17:44:55
========== Round 1 - Fold 1 Training ==========
current_sys_path: D:\SPAN
device = cuda
Global seed initialized to 42 for reproducibility
Using GPU: NVIDIA GeForce RTX 3060 Laptop GPU
Starting fold 1 in 5-folds
Training data - Positive samples: tensor([44896.]), Negative samples: tensor([392091.])
Fold 1, Epoch: 1/1000, Batch: 854, Loss: 0.0237
Fold 1, Epoch 1/1000, Average Train Loss: 0.0311, LR: 0.000200
Fold 1, Epoch 1, Current decision threshold: 0.2000
Fold 1, Epoch 1/1000, Validation Loss: 0.0087, Accuracy: 0.8448
Fold 1, Epoch 1/1000, Precision: 0.1347, Recall: 0.9992, F1-Score: 0.2373, AUC: 0.9764, AUPR: 0.4147
New best model saved, F1: 0.2373, AUC: 0.9764, AUPR: 0.4147
Fold 1, Epoch: 2/1000, Batch: 854, Loss: 0.0143
Fold 1, Epoch 2/1000, Average Train Loss: 0.0170, LR: 0.000200
Fold 1, Epoch 2, Current decision threshold: 0.2000
Fold 1, Epoch 2/1000, Validation Loss: 0.0065, Accuracy: 0.9791
Fold 1, Epoch 2/1000, Precision: 0.5412, Recall: 0.8966, F1-Score: 0.6750, AUC: 0.9922, AUPR: 0.7079
New best model saved, F1: 0.6750, AUC: 0.9922, AUPR: 0.7079
Fold 1, Epoch: 3/1000, Batch: 854, Loss: 0.0093
Fold 1, Epoch 3/1000, Average Train Loss: 0.0128, LR: 0.000200
Fold 1, Epoch 3, Current decision threshold: 0.2000
Fold 1, Epoch 3/1000, Validation Loss: 0.0066, Accuracy: 0.9865
Fold 1, Epoch 3/1000, Precision: 0.6674, Recall: 0.8777, F1-Score: 0.7582, AUC: 0.9952, AUPR: 0.7991
New best model saved, F1: 0.7582, AUC: 0.9952, AUPR: 0.7991
Fold 1, Epoch: 4/1000, Batch: 854, Loss: 0.0110
Fold 1, Epoch 4/1000, Average Train Loss: 0.0113, LR: 0.000200
Fold 1, Epoch 4, Current decision threshold: 0.2000
Fold 1, Epoch 4/1000, Validation Loss: 0.0067, Accuracy: 0.9885
Fold 1, Epoch 4/1000, Precision: 0.7169, Recall: 0.8666, F1-Score: 0.7847, AUC: 0.9960, AUPR: 0.8235
New best model saved, F1: 0.7847, AUC: 0.9960, AUPR: 0.8235
Fold 1, Epoch: 5/1000, Batch: 854, Loss: 0.0108
Fold 1, Epoch 5/1000, Average Train Loss: 0.0101, LR: 0.000200
Epoch 5: Optimal threshold updated to = 0.2037
Fold 1, Epoch 5, Current decision threshold: 0.2037
Fold 1, Epoch 5/1000, Validation Loss: 0.0062, Accuracy: 0.9903
Fold 1, Epoch 5/1000, Precision: 0.7602, Recall: 0.8769, F1-Score: 0.8144, AUC: 0.9968, AUPR: 0.8602
New best model saved, F1: 0.8144, AUC: 0.9968, AUPR: 0.8602
Fold 1, Epoch: 6/1000, Batch: 854, Loss: 0.0090
Fold 1, Epoch 6/1000, Average Train Loss: 0.0094, LR: 0.000200
Fold 1, Epoch 6, Current decision threshold: 0.2037
Fold 1, Epoch 6/1000, Validation Loss: 0.0046, Accuracy: 0.9898
Fold 1, Epoch 6/1000, Precision: 0.7245, Recall: 0.9343, F1-Score: 0.8161, AUC: 0.9971, AUPR: 0.8727
New best model saved, F1: 0.8161, AUC: 0.9971, AUPR: 0.8727
Fold 1, Epoch: 7/1000, Batch: 854, Loss: 0.0076
Fold 1, Epoch 7/1000, Average Train Loss: 0.0087, LR: 0.000200
Fold 1, Epoch 7, Current decision threshold: 0.2037
Fold 1, Epoch 7/1000, Validation Loss: 0.0065, Accuracy: 0.9918
Fold 1, Epoch 7/1000, Precision: 0.8123, Recall: 0.8613, F1-Score: 0.8361, AUC: 0.9973, AUPR: 0.8824
New best model saved, F1: 0.8361, AUC: 0.9973, AUPR: 0.8824
Fold 1, Epoch: 8/1000, Batch: 854, Loss: 0.0069
Fold 1, Epoch 8/1000, Average Train Loss: 0.0082, LR: 0.000200
Fold 1, Epoch 8, Current decision threshold: 0.2037
Fold 1, Epoch 8/1000, Validation Loss: 0.0065, Accuracy: 0.9930
Fold 1, Epoch 8/1000, Precision: 0.8497, Recall: 0.8629, F1-Score: 0.8563, AUC: 0.9978, AUPR: 0.9051
New best model saved, F1: 0.8563, AUC: 0.9978, AUPR: 0.9051
Fold 1, Epoch: 9/1000, Batch: 854, Loss: 0.0081
Fold 1, Epoch 9/1000, Average Train Loss: 0.0078, LR: 0.000200
Fold 1, Epoch 9, Current decision threshold: 0.2037
Fold 1, Epoch 9/1000, Validation Loss: 0.0078, Accuracy: 0.9927
Fold 1, Epoch 9/1000, Precision: 0.8788, Recall: 0.8092, F1-Score: 0.8426, AUC: 0.9979, AUPR: 0.9082
No improvement, patience counter: 1/25
Fold 1, Epoch: 10/1000, Batch: 854, Loss: 0.0100
Fold 1, Epoch 10/1000, Average Train Loss: 0.0073, LR: 0.000200
Epoch 10: Optimal threshold updated to = 0.1435
Fold 1, Epoch 10, Current decision threshold: 0.1435
Fold 1, Epoch 10/1000, Validation Loss: 0.0072, Accuracy: 0.9938
Fold 1, Epoch 10/1000, Precision: 0.8442, Recall: 0.9097, F1-Score: 0.8758, AUC: 0.9980, AUPR: 0.9147
New best model saved, F1: 0.8758, AUC: 0.9980, AUPR: 0.9147
Fold 1, Epoch: 11/1000, Batch: 854, Loss: 0.0051
Fold 1, Epoch 11/1000, Average Train Loss: 0.0071, LR: 0.000200
Fold 1, Epoch 11, Current decision threshold: 0.1435
Fold 1, Epoch 11/1000, Validation Loss: 0.0060, Accuracy: 0.9935
Fold 1, Epoch 11/1000, Precision: 0.8272, Recall: 0.9233, F1-Score: 0.8726, AUC: 0.9982, AUPR: 0.9214
New best model saved, F1: 0.8726, AUC: 0.9982, AUPR: 0.9214
Fold 1, Epoch: 12/1000, Batch: 854, Loss: 0.0040
Fold 1, Epoch 12/1000, Average Train Loss: 0.0067, LR: 0.000200
Fold 1, Epoch 12, Current decision threshold: 0.1435
Fold 1, Epoch 12/1000, Validation Loss: 0.0064, Accuracy: 0.9935
Fold 1, Epoch 12/1000, Precision: 0.8335, Recall: 0.9159, F1-Score: 0.8727, AUC: 0.9981, AUPR: 0.9209
No improvement, patience counter: 1/25
Fold 1, Epoch: 13/1000, Batch: 854, Loss: 0.0056
Fold 1, Epoch 13/1000, Average Train Loss: 0.0064, LR: 0.000200
Fold 1, Epoch 13, Current decision threshold: 0.1435
Fold 1, Epoch 13/1000, Validation Loss: 0.0061, Accuracy: 0.9934
Fold 1, Epoch 13/1000, Precision: 0.8324, Recall: 0.9110, F1-Score: 0.8699, AUC: 0.9982, AUPR: 0.9220
No improvement, patience counter: 2/25
Fold 1, Epoch: 14/1000, Batch: 854, Loss: 0.0069
Fold 1, Epoch 14/1000, Average Train Loss: 0.0062, LR: 0.000200
Fold 1, Epoch 14, Current decision threshold: 0.1435
Fold 1, Epoch 14/1000, Validation Loss: 0.0064, Accuracy: 0.9942
Fold 1, Epoch 14/1000, Precision: 0.8616, Recall: 0.9040, F1-Score: 0.8823, AUC: 0.9983, AUPR: 0.9327
New best model saved, F1: 0.8823, AUC: 0.9983, AUPR: 0.9327
Fold 1, Epoch: 15/1000, Batch: 854, Loss: 0.0064
Fold 1, Epoch 15/1000, Average Train Loss: 0.0060, LR: 0.000200
Epoch 15: Optimal threshold updated to = 0.1661
Fold 1, Epoch 15, Current decision threshold: 0.1661
Fold 1, Epoch 15/1000, Validation Loss: 0.0060, Accuracy: 0.9941
Fold 1, Epoch 15/1000, Precision: 0.8643, Recall: 0.8991, F1-Score: 0.8813, AUC: 0.9982, AUPR: 0.9297
No improvement, patience counter: 1/25
Fold 1, Epoch: 16/1000, Batch: 854, Loss: 0.0116
Fold 1, Epoch 16/1000, Average Train Loss: 0.0059, LR: 0.000200
Fold 1, Epoch 16, Current decision threshold: 0.1661
Fold 1, Epoch 16/1000, Validation Loss: 0.0070, Accuracy: 0.9944
Fold 1, Epoch 16/1000, Precision: 0.8913, Recall: 0.8748, F1-Score: 0.8830, AUC: 0.9983, AUPR: 0.9346
New best model saved, F1: 0.8830, AUC: 0.9983, AUPR: 0.9346
Fold 1, Epoch: 17/1000, Batch: 854, Loss: 0.0026
Fold 1, Epoch 17/1000, Average Train Loss: 0.0057, LR: 0.000200
Fold 1, Epoch 17, Current decision threshold: 0.1661
Fold 1, Epoch 17/1000, Validation Loss: 0.0056, Accuracy: 0.9944
Fold 1, Epoch 17/1000, Precision: 0.8674, Recall: 0.9048, F1-Score: 0.8857, AUC: 0.9983, AUPR: 0.9373
New best model saved, F1: 0.8857, AUC: 0.9983, AUPR: 0.9373
Fold 1, Epoch: 18/1000, Batch: 854, Loss: 0.0051
Fold 1, Epoch 18/1000, Average Train Loss: 0.0055, LR: 0.000200
Fold 1, Epoch 18, Current decision threshold: 0.1661
Fold 1, Epoch 18/1000, Validation Loss: 0.0070, Accuracy: 0.9945
Fold 1, Epoch 18/1000, Precision: 0.8921, Recall: 0.8789, F1-Score: 0.8855, AUC: 0.9983, AUPR: 0.9385
New best model saved, F1: 0.8855, AUC: 0.9983, AUPR: 0.9385
Fold 1, Epoch: 19/1000, Batch: 854, Loss: 0.0026
Fold 1, Epoch 19/1000, Average Train Loss: 0.0054, LR: 0.000200
Fold 1, Epoch 19, Current decision threshold: 0.1661
Fold 1, Epoch 19/1000, Validation Loss: 0.0073, Accuracy: 0.9944
Fold 1, Epoch 19/1000, Precision: 0.8997, Recall: 0.8650, F1-Score: 0.8820, AUC: 0.9983, AUPR: 0.9387
No improvement, patience counter: 1/25
Fold 1, Epoch: 20/1000, Batch: 854, Loss: 0.0063
Fold 1, Epoch 20/1000, Average Train Loss: 0.0052, LR: 0.000200
Epoch 20: Optimal threshold updated to = 0.1909
Fold 1, Epoch 20, Current decision threshold: 0.1909
Fold 1, Epoch 20/1000, Validation Loss: 0.0055, Accuracy: 0.9950
Fold 1, Epoch 20/1000, Precision: 0.8905, Recall: 0.9048, F1-Score: 0.8976, AUC: 0.9984, AUPR: 0.9431
New best model saved, F1: 0.8976, AUC: 0.9984, AUPR: 0.9431
Fold 1, Epoch: 21/1000, Batch: 854, Loss: 0.0077
Fold 1, Epoch 21/1000, Average Train Loss: 0.0051, LR: 0.000200
Fold 1, Epoch 21, Current decision threshold: 0.1909
Fold 1, Epoch 21/1000, Validation Loss: 0.0068, Accuracy: 0.9947
Fold 1, Epoch 21/1000, Precision: 0.9096, Recall: 0.8666, F1-Score: 0.8876, AUC: 0.9984, AUPR: 0.9440
No improvement, patience counter: 1/25
Fold 1, Epoch: 22/1000, Batch: 854, Loss: 0.0033
Fold 1, Epoch 22/1000, Average Train Loss: 0.0049, LR: 0.000200
Fold 1, Epoch 22, Current decision threshold: 0.1909
Fold 1, Epoch 22/1000, Validation Loss: 0.0069, Accuracy: 0.9948
Fold 1, Epoch 22/1000, Precision: 0.9219, Recall: 0.8572, F1-Score: 0.8884, AUC: 0.9986, AUPR: 0.9464
New best model saved, F1: 0.8884, AUC: 0.9986, AUPR: 0.9464
Fold 1, Epoch: 23/1000, Batch: 854, Loss: 0.0028
Fold 1, Epoch 23/1000, Average Train Loss: 0.0049, LR: 0.000200
Fold 1, Epoch 23, Current decision threshold: 0.1909
Fold 1, Epoch 23/1000, Validation Loss: 0.0063, Accuracy: 0.9946
Fold 1, Epoch 23/1000, Precision: 0.9003, Recall: 0.8740, F1-Score: 0.8869, AUC: 0.9984, AUPR: 0.9426
No improvement, patience counter: 1/25
Fold 1, Epoch: 24/1000, Batch: 854, Loss: 0.0038
Fold 1, Epoch 24/1000, Average Train Loss: 0.0047, LR: 0.000200
Fold 1, Epoch 24, Current decision threshold: 0.1909
Fold 1, Epoch 24/1000, Validation Loss: 0.0062, Accuracy: 0.9947
Fold 1, Epoch 24/1000, Precision: 0.8977, Recall: 0.8822, F1-Score: 0.8899, AUC: 0.9983, AUPR: 0.9439
No improvement, patience counter: 2/25
Fold 1, Epoch: 25/1000, Batch: 854, Loss: 0.0083
Fold 1, Epoch 25/1000, Average Train Loss: 0.0046, LR: 0.000200
Epoch 25: Optimal threshold updated to = 0.1049
Fold 1, Epoch 25, Current decision threshold: 0.1049
Fold 1, Epoch 25/1000, Validation Loss: 0.0077, Accuracy: 0.9950
Fold 1, Epoch 25/1000, Precision: 0.8935, Recall: 0.9023, F1-Score: 0.8979, AUC: 0.9985, AUPR: 0.9457
New best model saved, F1: 0.8979, AUC: 0.9985, AUPR: 0.9457
Fold 1, Epoch: 26/1000, Batch: 854, Loss: 0.0081
Fold 1, Epoch 26/1000, Average Train Loss: 0.0046, LR: 0.000200
Fold 1, Epoch 26, Current decision threshold: 0.1049
Fold 1, Epoch 26/1000, Validation Loss: 0.0087, Accuracy: 0.9952
Fold 1, Epoch 26/1000, Precision: 0.9072, Recall: 0.8945, F1-Score: 0.9008, AUC: 0.9985, AUPR: 0.9483
New best model saved, F1: 0.9008, AUC: 0.9985, AUPR: 0.9483
Fold 1, Epoch: 27/1000, Batch: 854, Loss: 0.0009
Fold 1, Epoch 27/1000, Average Train Loss: 0.0045, LR: 0.000200
Fold 1, Epoch 27, Current decision threshold: 0.1049
Fold 1, Epoch 27/1000, Validation Loss: 0.0066, Accuracy: 0.9947
Fold 1, Epoch 27/1000, Precision: 0.8659, Recall: 0.9249, F1-Score: 0.8944, AUC: 0.9983, AUPR: 0.9449
No improvement, patience counter: 1/25
Fold 1, Epoch: 28/1000, Batch: 854, Loss: 0.0030
Fold 1, Epoch 28/1000, Average Train Loss: 0.0043, LR: 0.000200
Fold 1, Epoch 28, Current decision threshold: 0.1049
Fold 1, Epoch 28/1000, Validation Loss: 0.0074, Accuracy: 0.9951
Fold 1, Epoch 28/1000, Precision: 0.8901, Recall: 0.9105, F1-Score: 0.9002, AUC: 0.9985, AUPR: 0.9479
No improvement, patience counter: 2/25
Fold 1, Epoch: 29/1000, Batch: 854, Loss: 0.0013
Fold 1, Epoch 29/1000, Average Train Loss: 0.0042, LR: 0.000200
Fold 1, Epoch 29, Current decision threshold: 0.1049
Fold 1, Epoch 29/1000, Validation Loss: 0.0079, Accuracy: 0.9953
Fold 1, Epoch 29/1000, Precision: 0.9035, Recall: 0.9027, F1-Score: 0.9031, AUC: 0.9985, AUPR: 0.9500
New best model saved, F1: 0.9031, AUC: 0.9985, AUPR: 0.9500
Fold 1, Epoch: 30/1000, Batch: 854, Loss: 0.0066
Fold 1, Epoch 30/1000, Average Train Loss: 0.0042, LR: 0.000200
Epoch 30: Optimal threshold updated to = 0.0877
Fold 1, Epoch 30, Current decision threshold: 0.0877
Fold 1, Epoch 30/1000, Validation Loss: 0.0075, Accuracy: 0.9951
Fold 1, Epoch 30/1000, Precision: 0.8810, Recall: 0.9208, F1-Score: 0.9005, AUC: 0.9984, AUPR: 0.9485
No improvement, patience counter: 1/25
Fold 1, Epoch: 31/1000, Batch: 854, Loss: 0.0049
Fold 1, Epoch 31/1000, Average Train Loss: 0.0041, LR: 0.000200
Fold 1, Epoch 31, Current decision threshold: 0.0877
Fold 1, Epoch 31/1000, Validation Loss: 0.0088, Accuracy: 0.9953
Fold 1, Epoch 31/1000, Precision: 0.9056, Recall: 0.8974, F1-Score: 0.9015, AUC: 0.9985, AUPR: 0.9502
No improvement, patience counter: 2/25
Fold 1, Epoch: 32/1000, Batch: 854, Loss: 0.0107
Fold 1, Epoch 32/1000, Average Train Loss: 0.0041, LR: 0.000200
Fold 1, Epoch 32, Current decision threshold: 0.0877
Fold 1, Epoch 32/1000, Validation Loss: 0.0059, Accuracy: 0.9941
Fold 1, Epoch 32/1000, Precision: 0.8391, Recall: 0.9372, F1-Score: 0.8854, AUC: 0.9985, AUPR: 0.9472
No improvement, patience counter: 3/25
Fold 1, Epoch: 33/1000, Batch: 854, Loss: 0.0014
Fold 1, Epoch 33/1000, Average Train Loss: 0.0040, LR: 0.000200
Fold 1, Epoch 33, Current decision threshold: 0.0877
Fold 1, Epoch 33/1000, Validation Loss: 0.0065, Accuracy: 0.9948
Fold 1, Epoch 33/1000, Precision: 0.8650, Recall: 0.9311, F1-Score: 0.8968, AUC: 0.9985, AUPR: 0.9489
No improvement, patience counter: 4/25
Fold 1, Epoch: 34/1000, Batch: 854, Loss: 0.0021
Fold 1, Epoch 34/1000, Average Train Loss: 0.0035, LR: 0.000100
Fold 1, Epoch 34, Current decision threshold: 0.0877
Fold 1, Epoch 34/1000, Validation Loss: 0.0075, Accuracy: 0.9955
Fold 1, Epoch 34/1000, Precision: 0.8964, Recall: 0.9196, F1-Score: 0.9078, AUC: 0.9986, AUPR: 0.9525
New best model saved, F1: 0.9078, AUC: 0.9986, AUPR: 0.9525
Fold 1, Epoch: 35/1000, Batch: 854, Loss: 0.0048
Fold 1, Epoch 35/1000, Average Train Loss: 0.0034, LR: 0.000100
Epoch 35: Optimal threshold updated to = 0.0693
Fold 1, Epoch 35, Current decision threshold: 0.0693
Fold 1, Epoch 35/1000, Validation Loss: 0.0082, Accuracy: 0.9954
Fold 1, Epoch 35/1000, Precision: 0.8906, Recall: 0.9249, F1-Score: 0.9074, AUC: 0.9985, AUPR: 0.9519
No improvement, patience counter: 1/25
Fold 1, Epoch: 36/1000, Batch: 854, Loss: 0.0064
Fold 1, Epoch 36/1000, Average Train Loss: 0.0033, LR: 0.000100
Fold 1, Epoch 36, Current decision threshold: 0.0693
Fold 1, Epoch 36/1000, Validation Loss: 0.0077, Accuracy: 0.9952
Fold 1, Epoch 36/1000, Precision: 0.8803, Recall: 0.9265, F1-Score: 0.9028, AUC: 0.9986, AUPR: 0.9527
No improvement, patience counter: 2/25
Fold 1, Epoch: 37/1000, Batch: 854, Loss: 0.0020
Fold 1, Epoch 37/1000, Average Train Loss: 0.0033, LR: 0.000100
Fold 1, Epoch 37, Current decision threshold: 0.0693
Fold 1, Epoch 37/1000, Validation Loss: 0.0071, Accuracy: 0.9952
Fold 1, Epoch 37/1000, Precision: 0.8750, Recall: 0.9360, F1-Score: 0.9044, AUC: 0.9986, AUPR: 0.9532
No improvement, patience counter: 3/25
Fold 1, Epoch: 38/1000, Batch: 854, Loss: 0.0043
Fold 1, Epoch 38/1000, Average Train Loss: 0.0032, LR: 0.000100
Fold 1, Epoch 38, Current decision threshold: 0.0693
Fold 1, Epoch 38/1000, Validation Loss: 0.0077, Accuracy: 0.9954
Fold 1, Epoch 38/1000, Precision: 0.8841, Recall: 0.9298, F1-Score: 0.9064, AUC: 0.9985, AUPR: 0.9523
No improvement, patience counter: 4/25
Fold 1, Epoch: 39/1000, Batch: 854, Loss: 0.0033
Fold 1, Epoch 39/1000, Average Train Loss: 0.0029, LR: 0.000050
Fold 1, Epoch 39, Current decision threshold: 0.0693
Fold 1, Epoch 39/1000, Validation Loss: 0.0076, Accuracy: 0.9954
Fold 1, Epoch 39/1000, Precision: 0.8874, Recall: 0.9278, F1-Score: 0.9071, AUC: 0.9986, AUPR: 0.9541
New best model saved, F1: 0.9071, AUC: 0.9986, AUPR: 0.9541
Fold 1, Epoch: 40/1000, Batch: 854, Loss: 0.0012
Fold 1, Epoch 40/1000, Average Train Loss: 0.0029, LR: 0.000050
Epoch 40: Optimal threshold updated to = 0.0818
Fold 1, Epoch 40, Current decision threshold: 0.0818
Fold 1, Epoch 40/1000, Validation Loss: 0.0081, Accuracy: 0.9957
Fold 1, Epoch 40/1000, Precision: 0.9088, Recall: 0.9159, F1-Score: 0.9123, AUC: 0.9986, AUPR: 0.9546
New best model saved, F1: 0.9123, AUC: 0.9986, AUPR: 0.9546
Fold 1, Epoch: 41/1000, Batch: 854, Loss: 0.0021
Fold 1, Epoch 41/1000, Average Train Loss: 0.0028, LR: 0.000050
Fold 1, Epoch 41, Current decision threshold: 0.0818
Fold 1, Epoch 41/1000, Validation Loss: 0.0077, Accuracy: 0.9956
Fold 1, Epoch 41/1000, Precision: 0.9038, Recall: 0.9171, F1-Score: 0.9104, AUC: 0.9986, AUPR: 0.9551
New best model saved, F1: 0.9104, AUC: 0.9986, AUPR: 0.9551
Fold 1, Epoch: 42/1000, Batch: 854, Loss: 0.0045
Fold 1, Epoch 42/1000, Average Train Loss: 0.0028, LR: 0.000050
Fold 1, Epoch 42, Current decision threshold: 0.0818
Fold 1, Epoch 42/1000, Validation Loss: 0.0075, Accuracy: 0.9957
Fold 1, Epoch 42/1000, Precision: 0.9013, Recall: 0.9216, F1-Score: 0.9113, AUC: 0.9986, AUPR: 0.9554
New best model saved, F1: 0.9113, AUC: 0.9986, AUPR: 0.9554
Fold 1, Epoch: 43/1000, Batch: 854, Loss: 0.0040
Fold 1, Epoch 43/1000, Average Train Loss: 0.0028, LR: 0.000050
Fold 1, Epoch 43, Current decision threshold: 0.0818
Fold 1, Epoch 43/1000, Validation Loss: 0.0075, Accuracy: 0.9958
Fold 1, Epoch 43/1000, Precision: 0.9046, Recall: 0.9224, F1-Score: 0.9134, AUC: 0.9987, AUPR: 0.9557
New best model saved, F1: 0.9134, AUC: 0.9987, AUPR: 0.9557
Fold 1, Epoch: 44/1000, Batch: 854, Loss: 0.0012
Fold 1, Epoch 44/1000, Average Train Loss: 0.0027, LR: 0.000050
Fold 1, Epoch 44, Current decision threshold: 0.0818
Fold 1, Epoch 44/1000, Validation Loss: 0.0076, Accuracy: 0.9957
Fold 1, Epoch 44/1000, Precision: 0.9012, Recall: 0.9212, F1-Score: 0.9111, AUC: 0.9986, AUPR: 0.9557
No improvement, patience counter: 1/25
Fold 1, Epoch: 45/1000, Batch: 854, Loss: 0.0022
Fold 1, Epoch 45/1000, Average Train Loss: 0.0027, LR: 0.000050
Epoch 45: Optimal threshold updated to = 0.1260
Fold 1, Epoch 45, Current decision threshold: 0.1260
Fold 1, Epoch 45/1000, Validation Loss: 0.0073, Accuracy: 0.9958
Fold 1, Epoch 45/1000, Precision: 0.9225, Recall: 0.9036, F1-Score: 0.9129, AUC: 0.9987, AUPR: 0.9555
No improvement, patience counter: 2/25
Fold 1, Epoch: 46/1000, Batch: 854, Loss: 0.0039
Fold 1, Epoch 46/1000, Average Train Loss: 0.0027, LR: 0.000050
Fold 1, Epoch 46, Current decision threshold: 0.1260
Fold 1, Epoch 46/1000, Validation Loss: 0.0072, Accuracy: 0.9958
Fold 1, Epoch 46/1000, Precision: 0.9199, Recall: 0.9052, F1-Score: 0.9125, AUC: 0.9986, AUPR: 0.9548
No improvement, patience counter: 3/25
Fold 1, Epoch: 47/1000, Batch: 854, Loss: 0.0043
Fold 1, Epoch 47/1000, Average Train Loss: 0.0027, LR: 0.000050
Fold 1, Epoch 47, Current decision threshold: 0.1260
Fold 1, Epoch 47/1000, Validation Loss: 0.0086, Accuracy: 0.9958
Fold 1, Epoch 47/1000, Precision: 0.9404, Recall: 0.8802, F1-Score: 0.9093, AUC: 0.9987, AUPR: 0.9554
No improvement, patience counter: 4/25
Fold 1, Epoch: 48/1000, Batch: 854, Loss: 0.0025
Fold 1, Epoch 48/1000, Average Train Loss: 0.0025, LR: 0.000025
Fold 1, Epoch 48, Current decision threshold: 0.1260
Fold 1, Epoch 48/1000, Validation Loss: 0.0074, Accuracy: 0.9958
Fold 1, Epoch 48/1000, Precision: 0.9253, Recall: 0.8999, F1-Score: 0.9124, AUC: 0.9987, AUPR: 0.9557
No improvement, patience counter: 5/25
Fold 1, Epoch: 49/1000, Batch: 854, Loss: 0.0015
Fold 1, Epoch 49/1000, Average Train Loss: 0.0025, LR: 0.000025
Fold 1, Epoch 49, Current decision threshold: 0.1260
Fold 1, Epoch 49/1000, Validation Loss: 0.0078, Accuracy: 0.9958
Fold 1, Epoch 49/1000, Precision: 0.9315, Recall: 0.8929, F1-Score: 0.9118, AUC: 0.9987, AUPR: 0.9572
New best model saved, F1: 0.9118, AUC: 0.9987, AUPR: 0.9572
Fold 1, Epoch: 50/1000, Batch: 854, Loss: 0.0038
Fold 1, Epoch 50/1000, Average Train Loss: 0.0025, LR: 0.000025
Epoch 50: Optimal threshold updated to = 0.0980
Fold 1, Epoch 50, Current decision threshold: 0.0980
Fold 1, Epoch 50/1000, Validation Loss: 0.0077, Accuracy: 0.9960
Fold 1, Epoch 50/1000, Precision: 0.9213, Recall: 0.9130, F1-Score: 0.9171, AUC: 0.9987, AUPR: 0.9571
New best model saved, F1: 0.9171, AUC: 0.9987, AUPR: 0.9571
Fold 1, Epoch: 51/1000, Batch: 854, Loss: 0.0021
Fold 1, Epoch 51/1000, Average Train Loss: 0.0025, LR: 0.000025
Fold 1, Epoch 51, Current decision threshold: 0.0980
Fold 1, Epoch 51/1000, Validation Loss: 0.0076, Accuracy: 0.9960
Fold 1, Epoch 51/1000, Precision: 0.9195, Recall: 0.9142, F1-Score: 0.9169, AUC: 0.9987, AUPR: 0.9565
No improvement, patience counter: 1/25
Fold 1, Epoch: 52/1000, Batch: 854, Loss: 0.0016
Fold 1, Epoch 52/1000, Average Train Loss: 0.0025, LR: 0.000025
Fold 1, Epoch 52, Current decision threshold: 0.0980
Fold 1, Epoch 52/1000, Validation Loss: 0.0077, Accuracy: 0.9959
Fold 1, Epoch 52/1000, Precision: 0.9171, Recall: 0.9122, F1-Score: 0.9146, AUC: 0.9987, AUPR: 0.9564
No improvement, patience counter: 2/25
Fold 1, Epoch: 53/1000, Batch: 854, Loss: 0.0030
Fold 1, Epoch 53/1000, Average Train Loss: 0.0025, LR: 0.000025
Fold 1, Epoch 53, Current decision threshold: 0.0980
Fold 1, Epoch 53/1000, Validation Loss: 0.0074, Accuracy: 0.9960
Fold 1, Epoch 53/1000, Precision: 0.9192, Recall: 0.9146, F1-Score: 0.9169, AUC: 0.9987, AUPR: 0.9566
No improvement, patience counter: 3/25
Fold 1, Epoch: 54/1000, Batch: 854, Loss: 0.0013
Fold 1, Epoch 54/1000, Average Train Loss: 0.0025, LR: 0.000025
Fold 1, Epoch 54, Current decision threshold: 0.0980
Fold 1, Epoch 54/1000, Validation Loss: 0.0077, Accuracy: 0.9959
Fold 1, Epoch 54/1000, Precision: 0.9185, Recall: 0.9114, F1-Score: 0.9149, AUC: 0.9987, AUPR: 0.9567
No improvement, patience counter: 4/25
Fold 1, Epoch: 55/1000, Batch: 854, Loss: 0.0009
Fold 1, Epoch 55/1000, Average Train Loss: 0.0024, LR: 0.000013
Epoch 55: Optimal threshold updated to = 0.0985
Fold 1, Epoch 55, Current decision threshold: 0.0985
Fold 1, Epoch 55/1000, Validation Loss: 0.0078, Accuracy: 0.9960
Fold 1, Epoch 55/1000, Precision: 0.9205, Recall: 0.9118, F1-Score: 0.9161, AUC: 0.9987, AUPR: 0.9566
No improvement, patience counter: 5/25
Fold 1, Epoch: 56/1000, Batch: 854, Loss: 0.0039
Fold 1, Epoch 56/1000, Average Train Loss: 0.0023, LR: 0.000013
Fold 1, Epoch 56, Current decision threshold: 0.0985
Fold 1, Epoch 56/1000, Validation Loss: 0.0078, Accuracy: 0.9959
Fold 1, Epoch 56/1000, Precision: 0.9184, Recall: 0.9093, F1-Score: 0.9138, AUC: 0.9987, AUPR: 0.9569
No improvement, patience counter: 6/25
Fold 1, Epoch: 57/1000, Batch: 854, Loss: 0.0057
Fold 1, Epoch 57/1000, Average Train Loss: 0.0024, LR: 0.000013
Fold 1, Epoch 57, Current decision threshold: 0.0985
Fold 1, Epoch 57/1000, Validation Loss: 0.0079, Accuracy: 0.9959
Fold 1, Epoch 57/1000, Precision: 0.9191, Recall: 0.9089, F1-Score: 0.9140, AUC: 0.9987, AUPR: 0.9563
No improvement, patience counter: 7/25
Fold 1, Epoch: 58/1000, Batch: 854, Loss: 0.0041
Fold 1, Epoch 58/1000, Average Train Loss: 0.0023, LR: 0.000013
Fold 1, Epoch 58, Current decision threshold: 0.0985
Fold 1, Epoch 58/1000, Validation Loss: 0.0077, Accuracy: 0.9959
Fold 1, Epoch 58/1000, Precision: 0.9186, Recall: 0.9126, F1-Score: 0.9156, AUC: 0.9987, AUPR: 0.9562
No improvement, patience counter: 8/25
Fold 1, Epoch: 59/1000, Batch: 854, Loss: 0.0024
Fold 1, Epoch 59/1000, Average Train Loss: 0.0023, LR: 0.000006
Fold 1, Epoch 59, Current decision threshold: 0.0985
Fold 1, Epoch 59/1000, Validation Loss: 0.0076, Accuracy: 0.9959
Fold 1, Epoch 59/1000, Precision: 0.9182, Recall: 0.9122, F1-Score: 0.9152, AUC: 0.9987, AUPR: 0.9565
No improvement, patience counter: 9/25
Fold 1, Epoch: 60/1000, Batch: 854, Loss: 0.0024
Fold 1, Epoch 60/1000, Average Train Loss: 0.0023, LR: 0.000006
Epoch 60: Optimal threshold updated to = 0.0842
Fold 1, Epoch 60, Current decision threshold: 0.0842
Fold 1, Epoch 60/1000, Validation Loss: 0.0079, Accuracy: 0.9959
Fold 1, Epoch 60/1000, Precision: 0.9158, Recall: 0.9155, F1-Score: 0.9157, AUC: 0.9987, AUPR: 0.9567
No improvement, patience counter: 10/25
Fold 1, Epoch: 61/1000, Batch: 854, Loss: 0.0026
Fold 1, Epoch 61/1000, Average Train Loss: 0.0023, LR: 0.000006
Fold 1, Epoch 61, Current decision threshold: 0.0842
Fold 1, Epoch 61/1000, Validation Loss: 0.0079, Accuracy: 0.9960
Fold 1, Epoch 61/1000, Precision: 0.9160, Recall: 0.9175, F1-Score: 0.9168, AUC: 0.9987, AUPR: 0.9567
No improvement, patience counter: 11/25
Fold 1, Epoch: 62/1000, Batch: 854, Loss: 0.0040
Fold 1, Epoch 62/1000, Average Train Loss: 0.0023, LR: 0.000006
Fold 1, Epoch 62, Current decision threshold: 0.0842
Fold 1, Epoch 62/1000, Validation Loss: 0.0077, Accuracy: 0.9959
Fold 1, Epoch 62/1000, Precision: 0.9125, Recall: 0.9163, F1-Score: 0.9144, AUC: 0.9987, AUPR: 0.9568
No improvement, patience counter: 12/25
Fold 1, Epoch: 63/1000, Batch: 854, Loss: 0.0036
Fold 1, Epoch 63/1000, Average Train Loss: 0.0023, LR: 0.000003
Fold 1, Epoch 63, Current decision threshold: 0.0842
Fold 1, Epoch 63/1000, Validation Loss: 0.0079, Accuracy: 0.9959
Fold 1, Epoch 63/1000, Precision: 0.9140, Recall: 0.9163, F1-Score: 0.9152, AUC: 0.9987, AUPR: 0.9568
No improvement, patience counter: 13/25
Fold 1, Epoch: 64/1000, Batch: 854, Loss: 0.0072
Fold 1, Epoch 64/1000, Average Train Loss: 0.0023, LR: 0.000003
Fold 1, Epoch 64, Current decision threshold: 0.0842
Fold 1, Epoch 64/1000, Validation Loss: 0.0077, Accuracy: 0.9959
Fold 1, Epoch 64/1000, Precision: 0.9126, Recall: 0.9171, F1-Score: 0.9149, AUC: 0.9987, AUPR: 0.9567
No improvement, patience counter: 14/25
Fold 1, Epoch: 65/1000, Batch: 854, Loss: 0.0021
Fold 1, Epoch 65/1000, Average Train Loss: 0.0023, LR: 0.000003
Epoch 65: Optimal threshold updated to = 0.1076
Fold 1, Epoch 65, Current decision threshold: 0.1076
Fold 1, Epoch 65/1000, Validation Loss: 0.0077, Accuracy: 0.9960
Fold 1, Epoch 65/1000, Precision: 0.9245, Recall: 0.9097, F1-Score: 0.9171, AUC: 0.9987, AUPR: 0.9566
No improvement, patience counter: 15/25
Fold 1, Epoch: 66/1000, Batch: 854, Loss: 0.0042
Fold 1, Epoch 66/1000, Average Train Loss: 0.0023, LR: 0.000003
Fold 1, Epoch 66, Current decision threshold: 0.1076
Fold 1, Epoch 66/1000, Validation Loss: 0.0080, Accuracy: 0.9959
Fold 1, Epoch 66/1000, Precision: 0.9249, Recall: 0.9052, F1-Score: 0.9150, AUC: 0.9987, AUPR: 0.9567
No improvement, patience counter: 16/25
Fold 1, Epoch: 67/1000, Batch: 854, Loss: 0.0030
Fold 1, Epoch 67/1000, Average Train Loss: 0.0022, LR: 0.000002
Fold 1, Epoch 67, Current decision threshold: 0.1076
Fold 1, Epoch 67/1000, Validation Loss: 0.0079, Accuracy: 0.9960
Fold 1, Epoch 67/1000, Precision: 0.9250, Recall: 0.9064, F1-Score: 0.9156, AUC: 0.9987, AUPR: 0.9567
No improvement, patience counter: 17/25
Fold 1, Epoch: 68/1000, Batch: 854, Loss: 0.0039
Fold 1, Epoch 68/1000, Average Train Loss: 0.0023, LR: 0.000002
Fold 1, Epoch 68, Current decision threshold: 0.1076
Fold 1, Epoch 68/1000, Validation Loss: 0.0078, Accuracy: 0.9959
Fold 1, Epoch 68/1000, Precision: 0.9232, Recall: 0.9073, F1-Score: 0.9151, AUC: 0.9987, AUPR: 0.9567
No improvement, patience counter: 18/25
Fold 1, Epoch: 69/1000, Batch: 854, Loss: 0.0013
Fold 1, Epoch 69/1000, Average Train Loss: 0.0023, LR: 0.000002
Fold 1, Epoch 69, Current decision threshold: 0.1076
Fold 1, Epoch 69/1000, Validation Loss: 0.0078, Accuracy: 0.9960
Fold 1, Epoch 69/1000, Precision: 0.9232, Recall: 0.9081, F1-Score: 0.9156, AUC: 0.9987, AUPR: 0.9568
No improvement, patience counter: 19/25
Fold 1, Epoch: 70/1000, Batch: 854, Loss: 0.0031
Fold 1, Epoch 70/1000, Average Train Loss: 0.0022, LR: 0.000002
Epoch 70: Optimal threshold updated to = 0.0984
Fold 1, Epoch 70, Current decision threshold: 0.0984
Fold 1, Epoch 70/1000, Validation Loss: 0.0077, Accuracy: 0.9960
Fold 1, Epoch 70/1000, Precision: 0.9213, Recall: 0.9126, F1-Score: 0.9169, AUC: 0.9987, AUPR: 0.9567
No improvement, patience counter: 20/25
Fold 1, Epoch: 71/1000, Batch: 854, Loss: 0.0035
Fold 1, Epoch 71/1000, Average Train Loss: 0.0022, LR: 0.000001
Fold 1, Epoch 71, Current decision threshold: 0.0984
Fold 1, Epoch 71/1000, Validation Loss: 0.0078, Accuracy: 0.9960
Fold 1, Epoch 71/1000, Precision: 0.9220, Recall: 0.9114, F1-Score: 0.9166, AUC: 0.9987, AUPR: 0.9568
No improvement, patience counter: 21/25
Fold 1, Epoch: 72/1000, Batch: 854, Loss: 0.0007
Fold 1, Epoch 72/1000, Average Train Loss: 0.0023, LR: 0.000001
Fold 1, Epoch 72, Current decision threshold: 0.0984
Fold 1, Epoch 72/1000, Validation Loss: 0.0078, Accuracy: 0.9960
Fold 1, Epoch 72/1000, Precision: 0.9223, Recall: 0.9110, F1-Score: 0.9166, AUC: 0.9987, AUPR: 0.9568
No improvement, patience counter: 22/25
Fold 1, Epoch: 73/1000, Batch: 854, Loss: 0.0113
Fold 1, Epoch 73/1000, Average Train Loss: 0.0023, LR: 0.000001
Fold 1, Epoch 73, Current decision threshold: 0.0984
Fold 1, Epoch 73/1000, Validation Loss: 0.0077, Accuracy: 0.9960
Fold 1, Epoch 73/1000, Precision: 0.9201, Recall: 0.9126, F1-Score: 0.9164, AUC: 0.9987, AUPR: 0.9568
No improvement, patience counter: 23/25
Fold 1, Epoch: 74/1000, Batch: 854, Loss: 0.0026
Fold 1, Epoch 74/1000, Average Train Loss: 0.0022, LR: 0.000001
Fold 1, Epoch 74, Current decision threshold: 0.0984
Fold 1, Epoch 74/1000, Validation Loss: 0.0077, Accuracy: 0.9960
Fold 1, Epoch 74/1000, Precision: 0.9202, Recall: 0.9130, F1-Score: 0.9166, AUC: 0.9987, AUPR: 0.9568
No improvement, patience counter: 24/25
Fold 1, Epoch: 75/1000, Batch: 854, Loss: 0.0047
Fold 1, Epoch 75/1000, Average Train Loss: 0.0023, LR: 0.000000
Epoch 75: Optimal threshold updated to = 0.0891
Fold 1, Epoch 75, Current decision threshold: 0.0891
Fold 1, Epoch 75/1000, Validation Loss: 0.0078, Accuracy: 0.9960
Fold 1, Epoch 75/1000, Precision: 0.9178, Recall: 0.9163, F1-Score: 0.9170, AUC: 0.9987, AUPR: 0.9568
No improvement, patience counter: 25/25
Early stopping at epoch 75
Restored best model, F1: 0.9171, AUC: 0.9987, AUPR: 0.9571
Round 1, Fold 1 best model and threshold 0.0891 saved to D:\SPAN\models\span_round_1_fold_1.pkl
Completed fold 1 in 5-folds, Validation Loss: 0.0077, Accuracy: 0.9960
Completed fold 1 in 5-folds, Precision: 0.9213, Recall: 0.9130, F1-Score: 0.9171, AUC: 0.9987, AUPR: 0.9571
Fold 1 test Finished! - 2026-04-03 21:06:32
======================================================================
Final Results Summary
----------------------------------------------------------------------
AUC         AUPR        Acc         F1          Pre         Recall      
0.9987      0.9571      0.9960      0.9171      0.9213      0.9130      
======================================================================
