Logging for round 2, fold 4 configured to file: D:\SPAN\logs\fafa-round_2-fold_4.log - 2026-04-04 13:47:41
========== Round 2 - Fold 4 Training ==========
current_sys_path: D:\SPAN
device = cuda
Global seed initialized to 42 for reproducibility
Using GPU: NVIDIA GeForce RTX 3060 Laptop GPU
Starting fold 4 in 5-folds
Training data - Positive samples: tensor([44932.]), Negative samples: tensor([392092.])
Fold 4, Epoch: 1/1000, Batch: 854, Loss: 0.0273
Fold 4, Epoch 1/1000, Average Train Loss: 0.0310, LR: 0.000200
Fold 4, Epoch 1, Current decision threshold: 0.2000
Fold 4, Epoch 1/1000, Validation Loss: 0.0086, Accuracy: 0.8419
Fold 4, Epoch 1/1000, Precision: 0.1341, Recall: 0.9996, F1-Score: 0.2365, AUC: 0.9766, AUPR: 0.4373
New best model saved, F1: 0.2365, AUC: 0.9766, AUPR: 0.4373
Fold 4, Epoch: 2/1000, Batch: 854, Loss: 0.0142
Fold 4, Epoch 2/1000, Average Train Loss: 0.0173, LR: 0.000200
Fold 4, Epoch 2, Current decision threshold: 0.2000
Fold 4, Epoch 2/1000, Validation Loss: 0.0079, Accuracy: 0.9846
Fold 4, Epoch 2/1000, Precision: 0.6406, Recall: 0.8497, F1-Score: 0.7305, AUC: 0.9938, AUPR: 0.7485
New best model saved, F1: 0.7305, AUC: 0.9938, AUPR: 0.7485
Fold 4, Epoch: 3/1000, Batch: 854, Loss: 0.0098
Fold 4, Epoch 3/1000, Average Train Loss: 0.0129, LR: 0.000200
Fold 4, Epoch 3, Current decision threshold: 0.2000
Fold 4, Epoch 3/1000, Validation Loss: 0.0066, Accuracy: 0.9873
Fold 4, Epoch 3/1000, Precision: 0.6864, Recall: 0.8882, F1-Score: 0.7744, AUC: 0.9954, AUPR: 0.8137
New best model saved, F1: 0.7744, AUC: 0.9954, AUPR: 0.8137
Fold 4, Epoch: 4/1000, Batch: 854, Loss: 0.0099
Fold 4, Epoch 4/1000, Average Train Loss: 0.0111, LR: 0.000200
Fold 4, Epoch 4, Current decision threshold: 0.2000
Fold 4, Epoch 4/1000, Validation Loss: 0.0073, Accuracy: 0.9902
Fold 4, Epoch 4/1000, Precision: 0.7773, Recall: 0.8412, F1-Score: 0.8080, AUC: 0.9964, AUPR: 0.8578
New best model saved, F1: 0.8080, AUC: 0.9964, AUPR: 0.8578
Fold 4, Epoch: 5/1000, Batch: 854, Loss: 0.0093
Fold 4, Epoch 5/1000, Average Train Loss: 0.0101, LR: 0.000200
Epoch 5: Optimal threshold updated to = 0.2199
Fold 4, Epoch 5, Current decision threshold: 0.2199
Fold 4, Epoch 5/1000, Validation Loss: 0.0055, Accuracy: 0.9917
Fold 4, Epoch 5/1000, Precision: 0.7955, Recall: 0.8919, F1-Score: 0.8409, AUC: 0.9973, AUPR: 0.8955
New best model saved, F1: 0.8409, AUC: 0.9973, AUPR: 0.8955
Fold 4, Epoch: 6/1000, Batch: 854, Loss: 0.0064
Fold 4, Epoch 6/1000, Average Train Loss: 0.0092, LR: 0.000200
Fold 4, Epoch 6, Current decision threshold: 0.2199
Fold 4, Epoch 6/1000, Validation Loss: 0.0065, Accuracy: 0.9925
Fold 4, Epoch 6/1000, Precision: 0.8498, Recall: 0.8433, F1-Score: 0.8465, AUC: 0.9976, AUPR: 0.9112
New best model saved, F1: 0.8465, AUC: 0.9976, AUPR: 0.9112
Fold 4, Epoch: 7/1000, Batch: 854, Loss: 0.0103
Fold 4, Epoch 7/1000, Average Train Loss: 0.0086, LR: 0.000200
Fold 4, Epoch 7, Current decision threshold: 0.2199
Fold 4, Epoch 7/1000, Validation Loss: 0.0063, Accuracy: 0.9933
Fold 4, Epoch 7/1000, Precision: 0.8661, Recall: 0.8570, F1-Score: 0.8616, AUC: 0.9977, AUPR: 0.9213
New best model saved, F1: 0.8616, AUC: 0.9977, AUPR: 0.9213
Fold 4, Epoch: 8/1000, Batch: 854, Loss: 0.0060
Fold 4, Epoch 8/1000, Average Train Loss: 0.0081, LR: 0.000200
Fold 4, Epoch 8, Current decision threshold: 0.2199
Fold 4, Epoch 8/1000, Validation Loss: 0.0078, Accuracy: 0.9926
Fold 4, Epoch 8/1000, Precision: 0.8932, Recall: 0.7922, F1-Score: 0.8397, AUC: 0.9977, AUPR: 0.9199
No improvement, patience counter: 1/25
Fold 4, Epoch: 9/1000, Batch: 854, Loss: 0.0066
Fold 4, Epoch 9/1000, Average Train Loss: 0.0077, LR: 0.000200
Fold 4, Epoch 9, Current decision threshold: 0.2199
Fold 4, Epoch 9/1000, Validation Loss: 0.0072, Accuracy: 0.9937
Fold 4, Epoch 9/1000, Precision: 0.9057, Recall: 0.8287, F1-Score: 0.8655, AUC: 0.9978, AUPR: 0.9343
New best model saved, F1: 0.8655, AUC: 0.9978, AUPR: 0.9343
Fold 4, Epoch: 10/1000, Batch: 854, Loss: 0.0073
Fold 4, Epoch 10/1000, Average Train Loss: 0.0072, LR: 0.000200
Epoch 10: Optimal threshold updated to = 0.1645
Fold 4, Epoch 10, Current decision threshold: 0.1645
Fold 4, Epoch 10/1000, Validation Loss: 0.0068, Accuracy: 0.9945
Fold 4, Epoch 10/1000, Precision: 0.8740, Recall: 0.9048, F1-Score: 0.8892, AUC: 0.9978, AUPR: 0.9403
New best model saved, F1: 0.8892, AUC: 0.9978, AUPR: 0.9403
Fold 4, Epoch: 11/1000, Batch: 854, Loss: 0.0096
Fold 4, Epoch 11/1000, Average Train Loss: 0.0070, LR: 0.000200
Fold 4, Epoch 11, Current decision threshold: 0.1645
Fold 4, Epoch 11/1000, Validation Loss: 0.0055, Accuracy: 0.9942
Fold 4, Epoch 11/1000, Precision: 0.8501, Recall: 0.9259, F1-Score: 0.8864, AUC: 0.9981, AUPR: 0.9409
No improvement, patience counter: 1/25
Fold 4, Epoch: 12/1000, Batch: 854, Loss: 0.0079
Fold 4, Epoch 12/1000, Average Train Loss: 0.0067, LR: 0.000200
Fold 4, Epoch 12, Current decision threshold: 0.1645
Fold 4, Epoch 12/1000, Validation Loss: 0.0060, Accuracy: 0.9945
Fold 4, Epoch 12/1000, Precision: 0.8620, Recall: 0.9210, F1-Score: 0.8905, AUC: 0.9978, AUPR: 0.9443
New best model saved, F1: 0.8905, AUC: 0.9978, AUPR: 0.9443
Fold 4, Epoch: 13/1000, Batch: 854, Loss: 0.0076
Fold 4, Epoch 13/1000, Average Train Loss: 0.0064, LR: 0.000200
Fold 4, Epoch 13, Current decision threshold: 0.1645
Fold 4, Epoch 13/1000, Validation Loss: 0.0070, Accuracy: 0.9949
Fold 4, Epoch 13/1000, Precision: 0.9025, Recall: 0.8886, F1-Score: 0.8955, AUC: 0.9982, AUPR: 0.9473
New best model saved, F1: 0.8955, AUC: 0.9982, AUPR: 0.9473
Fold 4, Epoch: 14/1000, Batch: 854, Loss: 0.0042
Fold 4, Epoch 14/1000, Average Train Loss: 0.0062, LR: 0.000200
Fold 4, Epoch 14, Current decision threshold: 0.1645
Fold 4, Epoch 14/1000, Validation Loss: 0.0059, Accuracy: 0.9947
Fold 4, Epoch 14/1000, Precision: 0.8720, Recall: 0.9162, F1-Score: 0.8935, AUC: 0.9980, AUPR: 0.9466
No improvement, patience counter: 1/25
Fold 4, Epoch: 15/1000, Batch: 854, Loss: 0.0032
Fold 4, Epoch 15/1000, Average Train Loss: 0.0060, LR: 0.000200
Epoch 15: Optimal threshold updated to = 0.1575
Fold 4, Epoch 15, Current decision threshold: 0.1575
Fold 4, Epoch 15/1000, Validation Loss: 0.0071, Accuracy: 0.9954
Fold 4, Epoch 15/1000, Precision: 0.9123, Recall: 0.8975, F1-Score: 0.9049, AUC: 0.9981, AUPR: 0.9535
New best model saved, F1: 0.9049, AUC: 0.9981, AUPR: 0.9535
Fold 4, Epoch: 16/1000, Batch: 854, Loss: 0.0048
Fold 4, Epoch 16/1000, Average Train Loss: 0.0058, LR: 0.000200
Fold 4, Epoch 16, Current decision threshold: 0.1575
Fold 4, Epoch 16/1000, Validation Loss: 0.0074, Accuracy: 0.9952
Fold 4, Epoch 16/1000, Precision: 0.9191, Recall: 0.8829, F1-Score: 0.9006, AUC: 0.9981, AUPR: 0.9554
New best model saved, F1: 0.9006, AUC: 0.9981, AUPR: 0.9554
Fold 4, Epoch: 17/1000, Batch: 854, Loss: 0.0068
Fold 4, Epoch 17/1000, Average Train Loss: 0.0057, LR: 0.000200
Fold 4, Epoch 17, Current decision threshold: 0.1575
Fold 4, Epoch 17/1000, Validation Loss: 0.0063, Accuracy: 0.9953
Fold 4, Epoch 17/1000, Precision: 0.8949, Recall: 0.9170, F1-Score: 0.9058, AUC: 0.9982, AUPR: 0.9559
New best model saved, F1: 0.9058, AUC: 0.9982, AUPR: 0.9559
Fold 4, Epoch: 18/1000, Batch: 854, Loss: 0.0062
Fold 4, Epoch 18/1000, Average Train Loss: 0.0055, LR: 0.000200
Fold 4, Epoch 18, Current decision threshold: 0.1575
Fold 4, Epoch 18/1000, Validation Loss: 0.0071, Accuracy: 0.9952
Fold 4, Epoch 18/1000, Precision: 0.9072, Recall: 0.8951, F1-Score: 0.9011, AUC: 0.9982, AUPR: 0.9558
No improvement, patience counter: 1/25
Fold 4, Epoch: 19/1000, Batch: 854, Loss: 0.0075
Fold 4, Epoch 19/1000, Average Train Loss: 0.0053, LR: 0.000200
Fold 4, Epoch 19, Current decision threshold: 0.1575
Fold 4, Epoch 19/1000, Validation Loss: 0.0059, Accuracy: 0.9955
Fold 4, Epoch 19/1000, Precision: 0.8946, Recall: 0.9247, F1-Score: 0.9094, AUC: 0.9981, AUPR: 0.9593
New best model saved, F1: 0.9094, AUC: 0.9981, AUPR: 0.9593
Fold 4, Epoch: 20/1000, Batch: 854, Loss: 0.0052
Fold 4, Epoch 20/1000, Average Train Loss: 0.0052, LR: 0.000200
Epoch 20: Optimal threshold updated to = 0.1995
Fold 4, Epoch 20, Current decision threshold: 0.1995
Fold 4, Epoch 20/1000, Validation Loss: 0.0059, Accuracy: 0.9960
Fold 4, Epoch 20/1000, Precision: 0.9257, Recall: 0.9081, F1-Score: 0.9168, AUC: 0.9982, AUPR: 0.9610
New best model saved, F1: 0.9168, AUC: 0.9982, AUPR: 0.9610
Fold 4, Epoch: 21/1000, Batch: 854, Loss: 0.0037
Fold 4, Epoch 21/1000, Average Train Loss: 0.0051, LR: 0.000200
Fold 4, Epoch 21, Current decision threshold: 0.1995
Fold 4, Epoch 21/1000, Validation Loss: 0.0070, Accuracy: 0.9954
Fold 4, Epoch 21/1000, Precision: 0.9353, Recall: 0.8728, F1-Score: 0.9030, AUC: 0.9982, AUPR: 0.9583
No improvement, patience counter: 1/25
Fold 4, Epoch: 22/1000, Batch: 854, Loss: 0.0039
Fold 4, Epoch 22/1000, Average Train Loss: 0.0049, LR: 0.000200
Fold 4, Epoch 22, Current decision threshold: 0.1995
Fold 4, Epoch 22/1000, Validation Loss: 0.0087, Accuracy: 0.9946
Fold 4, Epoch 22/1000, Precision: 0.9551, Recall: 0.8181, F1-Score: 0.8813, AUC: 0.9983, AUPR: 0.9605
No improvement, patience counter: 2/25
Fold 4, Epoch: 23/1000, Batch: 854, Loss: 0.0070
Fold 4, Epoch 23/1000, Average Train Loss: 0.0049, LR: 0.000200
Fold 4, Epoch 23, Current decision threshold: 0.1995
Fold 4, Epoch 23/1000, Validation Loss: 0.0073, Accuracy: 0.9956
Fold 4, Epoch 23/1000, Precision: 0.9451, Recall: 0.8720, F1-Score: 0.9071, AUC: 0.9981, AUPR: 0.9625
No improvement, patience counter: 3/25
Fold 4, Epoch: 24/1000, Batch: 854, Loss: 0.0045
Fold 4, Epoch 24/1000, Average Train Loss: 0.0047, LR: 0.000200
Fold 4, Epoch 24, Current decision threshold: 0.1995
Fold 4, Epoch 24/1000, Validation Loss: 0.0059, Accuracy: 0.9958
Fold 4, Epoch 24/1000, Precision: 0.9212, Recall: 0.9044, F1-Score: 0.9127, AUC: 0.9982, AUPR: 0.9614
No improvement, patience counter: 4/25
Fold 4, Epoch: 25/1000, Batch: 854, Loss: 0.0054
Fold 4, Epoch 25/1000, Average Train Loss: 0.0042, LR: 0.000100
Epoch 25: Optimal threshold updated to = 0.1709
Fold 4, Epoch 25, Current decision threshold: 0.1709
Fold 4, Epoch 25/1000, Validation Loss: 0.0061, Accuracy: 0.9963
Fold 4, Epoch 25/1000, Precision: 0.9288, Recall: 0.9190, F1-Score: 0.9239, AUC: 0.9983, AUPR: 0.9674
New best model saved, F1: 0.9239, AUC: 0.9983, AUPR: 0.9674
Fold 4, Epoch: 26/1000, Batch: 854, Loss: 0.0046
Fold 4, Epoch 26/1000, Average Train Loss: 0.0041, LR: 0.000100
Fold 4, Epoch 26, Current decision threshold: 0.1709
Fold 4, Epoch 26/1000, Validation Loss: 0.0063, Accuracy: 0.9962
Fold 4, Epoch 26/1000, Precision: 0.9306, Recall: 0.9125, F1-Score: 0.9215, AUC: 0.9983, AUPR: 0.9653
No improvement, patience counter: 1/25
Fold 4, Epoch: 27/1000, Batch: 854, Loss: 0.0029
Fold 4, Epoch 27/1000, Average Train Loss: 0.0040, LR: 0.000100
Fold 4, Epoch 27, Current decision threshold: 0.1709
Fold 4, Epoch 27/1000, Validation Loss: 0.0061, Accuracy: 0.9961
Fold 4, Epoch 27/1000, Precision: 0.9258, Recall: 0.9141, F1-Score: 0.9199, AUC: 0.9983, AUPR: 0.9655
No improvement, patience counter: 2/25
Fold 4, Epoch: 28/1000, Batch: 854, Loss: 0.0013
Fold 4, Epoch 28/1000, Average Train Loss: 0.0040, LR: 0.000100
Fold 4, Epoch 28, Current decision threshold: 0.1709
Fold 4, Epoch 28/1000, Validation Loss: 0.0066, Accuracy: 0.9963
Fold 4, Epoch 28/1000, Precision: 0.9443, Recall: 0.9000, F1-Score: 0.9216, AUC: 0.9984, AUPR: 0.9679
New best model saved, F1: 0.9216, AUC: 0.9984, AUPR: 0.9679
Fold 4, Epoch: 29/1000, Batch: 854, Loss: 0.0036
Fold 4, Epoch 29/1000, Average Train Loss: 0.0040, LR: 0.000100
Fold 4, Epoch 29, Current decision threshold: 0.1709
Fold 4, Epoch 29/1000, Validation Loss: 0.0066, Accuracy: 0.9963
Fold 4, Epoch 29/1000, Precision: 0.9417, Recall: 0.9036, F1-Score: 0.9223, AUC: 0.9983, AUPR: 0.9682
New best model saved, F1: 0.9223, AUC: 0.9983, AUPR: 0.9682
Fold 4, Epoch: 30/1000, Batch: 854, Loss: 0.0024
Fold 4, Epoch 30/1000, Average Train Loss: 0.0038, LR: 0.000100
Epoch 30: Optimal threshold updated to = 0.1523
Fold 4, Epoch 30, Current decision threshold: 0.1523
Fold 4, Epoch 30/1000, Validation Loss: 0.0061, Accuracy: 0.9964
Fold 4, Epoch 30/1000, Precision: 0.9294, Recall: 0.9222, F1-Score: 0.9258, AUC: 0.9984, AUPR: 0.9690
New best model saved, F1: 0.9258, AUC: 0.9984, AUPR: 0.9690
Fold 4, Epoch: 31/1000, Batch: 854, Loss: 0.0029
Fold 4, Epoch 31/1000, Average Train Loss: 0.0038, LR: 0.000100
Fold 4, Epoch 31, Current decision threshold: 0.1523
Fold 4, Epoch 31/1000, Validation Loss: 0.0075, Accuracy: 0.9961
Fold 4, Epoch 31/1000, Precision: 0.9448, Recall: 0.8943, F1-Score: 0.9189, AUC: 0.9984, AUPR: 0.9679
No improvement, patience counter: 1/25
Fold 4, Epoch: 32/1000, Batch: 854, Loss: 0.0042
Fold 4, Epoch 32/1000, Average Train Loss: 0.0038, LR: 0.000100
Fold 4, Epoch 32, Current decision threshold: 0.1523
Fold 4, Epoch 32/1000, Validation Loss: 0.0066, Accuracy: 0.9963
Fold 4, Epoch 32/1000, Precision: 0.9328, Recall: 0.9158, F1-Score: 0.9242, AUC: 0.9982, AUPR: 0.9682
No improvement, patience counter: 2/25
Fold 4, Epoch: 33/1000, Batch: 854, Loss: 0.0075
Fold 4, Epoch 33/1000, Average Train Loss: 0.0037, LR: 0.000100
Fold 4, Epoch 33, Current decision threshold: 0.1523
Fold 4, Epoch 33/1000, Validation Loss: 0.0070, Accuracy: 0.9963
Fold 4, Epoch 33/1000, Precision: 0.9433, Recall: 0.9036, F1-Score: 0.9230, AUC: 0.9983, AUPR: 0.9694
No improvement, patience counter: 3/25
Fold 4, Epoch: 34/1000, Batch: 854, Loss: 0.0030
Fold 4, Epoch 34/1000, Average Train Loss: 0.0037, LR: 0.000100
Fold 4, Epoch 34, Current decision threshold: 0.1523
Fold 4, Epoch 34/1000, Validation Loss: 0.0060, Accuracy: 0.9963
Fold 4, Epoch 34/1000, Precision: 0.9256, Recall: 0.9218, F1-Score: 0.9237, AUC: 0.9983, AUPR: 0.9688
No improvement, patience counter: 4/25
Fold 4, Epoch: 35/1000, Batch: 854, Loss: 0.0028
Fold 4, Epoch 35/1000, Average Train Loss: 0.0034, LR: 0.000050
Epoch 35: Optimal threshold updated to = 0.1317
Fold 4, Epoch 35, Current decision threshold: 0.1317
Fold 4, Epoch 35/1000, Validation Loss: 0.0066, Accuracy: 0.9964
Fold 4, Epoch 35/1000, Precision: 0.9312, Recall: 0.9214, F1-Score: 0.9263, AUC: 0.9984, AUPR: 0.9694
New best model saved, F1: 0.9263, AUC: 0.9984, AUPR: 0.9694
Fold 4, Epoch: 36/1000, Batch: 854, Loss: 0.0028
Fold 4, Epoch 36/1000, Average Train Loss: 0.0033, LR: 0.000050
Fold 4, Epoch 36, Current decision threshold: 0.1317
Fold 4, Epoch 36/1000, Validation Loss: 0.0066, Accuracy: 0.9965
Fold 4, Epoch 36/1000, Precision: 0.9354, Recall: 0.9206, F1-Score: 0.9279, AUC: 0.9984, AUPR: 0.9696
New best model saved, F1: 0.9279, AUC: 0.9984, AUPR: 0.9696
Fold 4, Epoch: 37/1000, Batch: 854, Loss: 0.0020
Fold 4, Epoch 37/1000, Average Train Loss: 0.0033, LR: 0.000050
Fold 4, Epoch 37, Current decision threshold: 0.1317
Fold 4, Epoch 37/1000, Validation Loss: 0.0066, Accuracy: 0.9966
Fold 4, Epoch 37/1000, Precision: 0.9378, Recall: 0.9218, F1-Score: 0.9297, AUC: 0.9983, AUPR: 0.9702
New best model saved, F1: 0.9297, AUC: 0.9983, AUPR: 0.9702
Fold 4, Epoch: 38/1000, Batch: 854, Loss: 0.0028
Fold 4, Epoch 38/1000, Average Train Loss: 0.0032, LR: 0.000050
Fold 4, Epoch 38, Current decision threshold: 0.1317
Fold 4, Epoch 38/1000, Validation Loss: 0.0064, Accuracy: 0.9965
Fold 4, Epoch 38/1000, Precision: 0.9327, Recall: 0.9255, F1-Score: 0.9291, AUC: 0.9984, AUPR: 0.9703
No improvement, patience counter: 1/25
Fold 4, Epoch: 39/1000, Batch: 854, Loss: 0.0066
Fold 4, Epoch 39/1000, Average Train Loss: 0.0032, LR: 0.000050
Fold 4, Epoch 39, Current decision threshold: 0.1317
Fold 4, Epoch 39/1000, Validation Loss: 0.0065, Accuracy: 0.9964
Fold 4, Epoch 39/1000, Precision: 0.9313, Recall: 0.9222, F1-Score: 0.9267, AUC: 0.9984, AUPR: 0.9708
No improvement, patience counter: 2/25
Fold 4, Epoch: 40/1000, Batch: 854, Loss: 0.0036
Fold 4, Epoch 40/1000, Average Train Loss: 0.0031, LR: 0.000050
Epoch 40: Optimal threshold updated to = 0.1136
Fold 4, Epoch 40, Current decision threshold: 0.1136
Fold 4, Epoch 40/1000, Validation Loss: 0.0067, Accuracy: 0.9965
Fold 4, Epoch 40/1000, Precision: 0.9294, Recall: 0.9279, F1-Score: 0.9287, AUC: 0.9984, AUPR: 0.9708
New best model saved, F1: 0.9287, AUC: 0.9984, AUPR: 0.9708
Fold 4, Epoch: 41/1000, Batch: 854, Loss: 0.0046
Fold 4, Epoch 41/1000, Average Train Loss: 0.0032, LR: 0.000050
Fold 4, Epoch 41, Current decision threshold: 0.1136
Fold 4, Epoch 41/1000, Validation Loss: 0.0061, Accuracy: 0.9964
Fold 4, Epoch 41/1000, Precision: 0.9194, Recall: 0.9336, F1-Score: 0.9264, AUC: 0.9983, AUPR: 0.9706
No improvement, patience counter: 1/25
Fold 4, Epoch: 42/1000, Batch: 854, Loss: 0.0030
Fold 4, Epoch 42/1000, Average Train Loss: 0.0031, LR: 0.000050
Fold 4, Epoch 42, Current decision threshold: 0.1136
Fold 4, Epoch 42/1000, Validation Loss: 0.0063, Accuracy: 0.9964
Fold 4, Epoch 42/1000, Precision: 0.9219, Recall: 0.9324, F1-Score: 0.9271, AUC: 0.9984, AUPR: 0.9704
No improvement, patience counter: 2/25
Fold 4, Epoch: 43/1000, Batch: 854, Loss: 0.0031
Fold 4, Epoch 43/1000, Average Train Loss: 0.0031, LR: 0.000050
Fold 4, Epoch 43, Current decision threshold: 0.1136
Fold 4, Epoch 43/1000, Validation Loss: 0.0064, Accuracy: 0.9964
Fold 4, Epoch 43/1000, Precision: 0.9226, Recall: 0.9316, F1-Score: 0.9270, AUC: 0.9984, AUPR: 0.9701
No improvement, patience counter: 3/25
Fold 4, Epoch: 44/1000, Batch: 854, Loss: 0.0028
Fold 4, Epoch 44/1000, Average Train Loss: 0.0031, LR: 0.000050
Fold 4, Epoch 44, Current decision threshold: 0.1136
Fold 4, Epoch 44/1000, Validation Loss: 0.0069, Accuracy: 0.9964
Fold 4, Epoch 44/1000, Precision: 0.9324, Recall: 0.9218, F1-Score: 0.9271, AUC: 0.9984, AUPR: 0.9701
No improvement, patience counter: 4/25
Fold 4, Epoch: 45/1000, Batch: 854, Loss: 0.0041
Fold 4, Epoch 45/1000, Average Train Loss: 0.0029, LR: 0.000025
Epoch 45: Optimal threshold updated to = 0.1261
Fold 4, Epoch 45, Current decision threshold: 0.1261
Fold 4, Epoch 45/1000, Validation Loss: 0.0068, Accuracy: 0.9965
Fold 4, Epoch 45/1000, Precision: 0.9354, Recall: 0.9210, F1-Score: 0.9282, AUC: 0.9983, AUPR: 0.9706
No improvement, patience counter: 5/25
Fold 4, Epoch: 46/1000, Batch: 854, Loss: 0.0032
Fold 4, Epoch 46/1000, Average Train Loss: 0.0029, LR: 0.000025
Fold 4, Epoch 46, Current decision threshold: 0.1261
Fold 4, Epoch 46/1000, Validation Loss: 0.0065, Accuracy: 0.9964
Fold 4, Epoch 46/1000, Precision: 0.9303, Recall: 0.9239, F1-Score: 0.9270, AUC: 0.9984, AUPR: 0.9712
No improvement, patience counter: 6/25
Fold 4, Epoch: 47/1000, Batch: 854, Loss: 0.0030
Fold 4, Epoch 47/1000, Average Train Loss: 0.0029, LR: 0.000025
Fold 4, Epoch 47, Current decision threshold: 0.1261
Fold 4, Epoch 47/1000, Validation Loss: 0.0064, Accuracy: 0.9965
Fold 4, Epoch 47/1000, Precision: 0.9316, Recall: 0.9271, F1-Score: 0.9294, AUC: 0.9984, AUPR: 0.9717
New best model saved, F1: 0.9294, AUC: 0.9984, AUPR: 0.9717
Fold 4, Epoch: 48/1000, Batch: 854, Loss: 0.0043
Fold 4, Epoch 48/1000, Average Train Loss: 0.0029, LR: 0.000025
Fold 4, Epoch 48, Current decision threshold: 0.1261
Fold 4, Epoch 48/1000, Validation Loss: 0.0065, Accuracy: 0.9965
Fold 4, Epoch 48/1000, Precision: 0.9295, Recall: 0.9287, F1-Score: 0.9291, AUC: 0.9984, AUPR: 0.9714
No improvement, patience counter: 1/25
Fold 4, Epoch: 49/1000, Batch: 854, Loss: 0.0030
Fold 4, Epoch 49/1000, Average Train Loss: 0.0029, LR: 0.000025
Fold 4, Epoch 49, Current decision threshold: 0.1261
Fold 4, Epoch 49/1000, Validation Loss: 0.0063, Accuracy: 0.9965
Fold 4, Epoch 49/1000, Precision: 0.9284, Recall: 0.9295, F1-Score: 0.9290, AUC: 0.9984, AUPR: 0.9720
New best model saved, F1: 0.9290, AUC: 0.9984, AUPR: 0.9720
Fold 4, Epoch: 50/1000, Batch: 854, Loss: 0.0025
Fold 4, Epoch 50/1000, Average Train Loss: 0.0028, LR: 0.000025
Epoch 50: Optimal threshold updated to = 0.1209
Fold 4, Epoch 50, Current decision threshold: 0.1209
Fold 4, Epoch 50/1000, Validation Loss: 0.0062, Accuracy: 0.9965
Fold 4, Epoch 50/1000, Precision: 0.9252, Recall: 0.9316, F1-Score: 0.9284, AUC: 0.9984, AUPR: 0.9711
No improvement, patience counter: 1/25
Fold 4, Epoch: 51/1000, Batch: 854, Loss: 0.0050
Fold 4, Epoch 51/1000, Average Train Loss: 0.0028, LR: 0.000025
Fold 4, Epoch 51, Current decision threshold: 0.1209
Fold 4, Epoch 51/1000, Validation Loss: 0.0065, Accuracy: 0.9965
Fold 4, Epoch 51/1000, Precision: 0.9297, Recall: 0.9271, F1-Score: 0.9284, AUC: 0.9984, AUPR: 0.9715
No improvement, patience counter: 2/25
Fold 4, Epoch: 52/1000, Batch: 854, Loss: 0.0039
Fold 4, Epoch 52/1000, Average Train Loss: 0.0028, LR: 0.000025
Fold 4, Epoch 52, Current decision threshold: 0.1209
Fold 4, Epoch 52/1000, Validation Loss: 0.0066, Accuracy: 0.9964
Fold 4, Epoch 52/1000, Precision: 0.9295, Recall: 0.9239, F1-Score: 0.9267, AUC: 0.9984, AUPR: 0.9722
No improvement, patience counter: 3/25
Fold 4, Epoch: 53/1000, Batch: 854, Loss: 0.0022
Fold 4, Epoch 53/1000, Average Train Loss: 0.0028, LR: 0.000025
Fold 4, Epoch 53, Current decision threshold: 0.1209
Fold 4, Epoch 53/1000, Validation Loss: 0.0065, Accuracy: 0.9965
Fold 4, Epoch 53/1000, Precision: 0.9293, Recall: 0.9267, F1-Score: 0.9280, AUC: 0.9984, AUPR: 0.9720
No improvement, patience counter: 4/25
Fold 4, Epoch: 54/1000, Batch: 854, Loss: 0.0011
Fold 4, Epoch 54/1000, Average Train Loss: 0.0027, LR: 0.000013
Fold 4, Epoch 54, Current decision threshold: 0.1209
Fold 4, Epoch 54/1000, Validation Loss: 0.0066, Accuracy: 0.9965
Fold 4, Epoch 54/1000, Precision: 0.9339, Recall: 0.9214, F1-Score: 0.9276, AUC: 0.9984, AUPR: 0.9721
No improvement, patience counter: 5/25
Fold 4, Epoch: 55/1000, Batch: 854, Loss: 0.0012
Fold 4, Epoch 55/1000, Average Train Loss: 0.0027, LR: 0.000013
Epoch 55: Optimal threshold updated to = 0.0874
Fold 4, Epoch 55, Current decision threshold: 0.0874
Fold 4, Epoch 55/1000, Validation Loss: 0.0068, Accuracy: 0.9965
Fold 4, Epoch 55/1000, Precision: 0.9246, Recall: 0.9340, F1-Score: 0.9293, AUC: 0.9984, AUPR: 0.9724
New best model saved, F1: 0.9293, AUC: 0.9984, AUPR: 0.9724
Fold 4, Epoch: 56/1000, Batch: 854, Loss: 0.0016
Fold 4, Epoch 56/1000, Average Train Loss: 0.0027, LR: 0.000013
Fold 4, Epoch 56, Current decision threshold: 0.0874
Fold 4, Epoch 56/1000, Validation Loss: 0.0067, Accuracy: 0.9964
Fold 4, Epoch 56/1000, Precision: 0.9194, Recall: 0.9332, F1-Score: 0.9262, AUC: 0.9984, AUPR: 0.9718
No improvement, patience counter: 1/25
Fold 4, Epoch: 57/1000, Batch: 854, Loss: 0.0014
Fold 4, Epoch 57/1000, Average Train Loss: 0.0027, LR: 0.000013
Fold 4, Epoch 57, Current decision threshold: 0.0874
Fold 4, Epoch 57/1000, Validation Loss: 0.0065, Accuracy: 0.9963
Fold 4, Epoch 57/1000, Precision: 0.9131, Recall: 0.9364, F1-Score: 0.9246, AUC: 0.9984, AUPR: 0.9716
No improvement, patience counter: 2/25
Fold 4, Epoch: 58/1000, Batch: 854, Loss: 0.0046
Fold 4, Epoch 58/1000, Average Train Loss: 0.0026, LR: 0.000013
Fold 4, Epoch 58, Current decision threshold: 0.0874
Fold 4, Epoch 58/1000, Validation Loss: 0.0067, Accuracy: 0.9964
Fold 4, Epoch 58/1000, Precision: 0.9184, Recall: 0.9348, F1-Score: 0.9265, AUC: 0.9984, AUPR: 0.9719
No improvement, patience counter: 3/25
Fold 4, Epoch: 59/1000, Batch: 854, Loss: 0.0020
Fold 4, Epoch 59/1000, Average Train Loss: 0.0027, LR: 0.000013
Fold 4, Epoch 59, Current decision threshold: 0.0874
Fold 4, Epoch 59/1000, Validation Loss: 0.0066, Accuracy: 0.9964
Fold 4, Epoch 59/1000, Precision: 0.9185, Recall: 0.9356, F1-Score: 0.9270, AUC: 0.9984, AUPR: 0.9723
No improvement, patience counter: 4/25
Fold 4, Epoch: 60/1000, Batch: 854, Loss: 0.0003
Fold 4, Epoch 60/1000, Average Train Loss: 0.0026, LR: 0.000006
Epoch 60: Optimal threshold updated to = 0.1179
Fold 4, Epoch 60, Current decision threshold: 0.1179
Fold 4, Epoch 60/1000, Validation Loss: 0.0066, Accuracy: 0.9966
Fold 4, Epoch 60/1000, Precision: 0.9342, Recall: 0.9251, F1-Score: 0.9296, AUC: 0.9984, AUPR: 0.9721
No improvement, patience counter: 5/25
Fold 4, Epoch: 61/1000, Batch: 854, Loss: 0.0008
Fold 4, Epoch 61/1000, Average Train Loss: 0.0026, LR: 0.000006
Fold 4, Epoch 61, Current decision threshold: 0.1179
Fold 4, Epoch 61/1000, Validation Loss: 0.0066, Accuracy: 0.9965
Fold 4, Epoch 61/1000, Precision: 0.9341, Recall: 0.9243, F1-Score: 0.9292, AUC: 0.9984, AUPR: 0.9723
No improvement, patience counter: 6/25
Fold 4, Epoch: 62/1000, Batch: 854, Loss: 0.0010
Fold 4, Epoch 62/1000, Average Train Loss: 0.0026, LR: 0.000006
Fold 4, Epoch 62, Current decision threshold: 0.1179
Fold 4, Epoch 62/1000, Validation Loss: 0.0066, Accuracy: 0.9966
Fold 4, Epoch 62/1000, Precision: 0.9328, Recall: 0.9271, F1-Score: 0.9299, AUC: 0.9984, AUPR: 0.9726
New best model saved, F1: 0.9299, AUC: 0.9984, AUPR: 0.9726
Fold 4, Epoch: 63/1000, Batch: 854, Loss: 0.0017
Fold 4, Epoch 63/1000, Average Train Loss: 0.0026, LR: 0.000006
Fold 4, Epoch 63, Current decision threshold: 0.1179
Fold 4, Epoch 63/1000, Validation Loss: 0.0066, Accuracy: 0.9966
Fold 4, Epoch 63/1000, Precision: 0.9327, Recall: 0.9267, F1-Score: 0.9297, AUC: 0.9984, AUPR: 0.9726
No improvement, patience counter: 1/25
Fold 4, Epoch: 64/1000, Batch: 854, Loss: 0.0037
Fold 4, Epoch 64/1000, Average Train Loss: 0.0026, LR: 0.000006
Fold 4, Epoch 64, Current decision threshold: 0.1179
Fold 4, Epoch 64/1000, Validation Loss: 0.0066, Accuracy: 0.9966
Fold 4, Epoch 64/1000, Precision: 0.9350, Recall: 0.9267, F1-Score: 0.9308, AUC: 0.9984, AUPR: 0.9726
New best model saved, F1: 0.9308, AUC: 0.9984, AUPR: 0.9726
Fold 4, Epoch: 65/1000, Batch: 854, Loss: 0.0019
Fold 4, Epoch 65/1000, Average Train Loss: 0.0026, LR: 0.000006
Epoch 65: Optimal threshold updated to = 0.1147
Fold 4, Epoch 65, Current decision threshold: 0.1147
Fold 4, Epoch 65/1000, Validation Loss: 0.0066, Accuracy: 0.9966
Fold 4, Epoch 65/1000, Precision: 0.9313, Recall: 0.9279, F1-Score: 0.9296, AUC: 0.9984, AUPR: 0.9725
No improvement, patience counter: 1/25
Fold 4, Epoch: 66/1000, Batch: 854, Loss: 0.0039
Fold 4, Epoch 66/1000, Average Train Loss: 0.0026, LR: 0.000006
Fold 4, Epoch 66, Current decision threshold: 0.1147
Fold 4, Epoch 66/1000, Validation Loss: 0.0066, Accuracy: 0.9965
Fold 4, Epoch 66/1000, Precision: 0.9315, Recall: 0.9259, F1-Score: 0.9287, AUC: 0.9985, AUPR: 0.9724
No improvement, patience counter: 2/25
Fold 4, Epoch: 67/1000, Batch: 854, Loss: 0.0021
Fold 4, Epoch 67/1000, Average Train Loss: 0.0026, LR: 0.000006
Fold 4, Epoch 67, Current decision threshold: 0.1147
Fold 4, Epoch 67/1000, Validation Loss: 0.0065, Accuracy: 0.9965
Fold 4, Epoch 67/1000, Precision: 0.9301, Recall: 0.9271, F1-Score: 0.9286, AUC: 0.9984, AUPR: 0.9724
No improvement, patience counter: 3/25
Fold 4, Epoch: 68/1000, Batch: 854, Loss: 0.0032
Fold 4, Epoch 68/1000, Average Train Loss: 0.0026, LR: 0.000006
Fold 4, Epoch 68, Current decision threshold: 0.1147
Fold 4, Epoch 68/1000, Validation Loss: 0.0068, Accuracy: 0.9966
Fold 4, Epoch 68/1000, Precision: 0.9349, Recall: 0.9243, F1-Score: 0.9295, AUC: 0.9984, AUPR: 0.9725
No improvement, patience counter: 4/25
Fold 4, Epoch: 69/1000, Batch: 854, Loss: 0.0053
Fold 4, Epoch 69/1000, Average Train Loss: 0.0025, LR: 0.000003
Fold 4, Epoch 69, Current decision threshold: 0.1147
Fold 4, Epoch 69/1000, Validation Loss: 0.0066, Accuracy: 0.9965
Fold 4, Epoch 69/1000, Precision: 0.9309, Recall: 0.9279, F1-Score: 0.9294, AUC: 0.9985, AUPR: 0.9726
No improvement, patience counter: 5/25
Fold 4, Epoch: 70/1000, Batch: 854, Loss: 0.0020
Fold 4, Epoch 70/1000, Average Train Loss: 0.0025, LR: 0.000003
Epoch 70: Optimal threshold updated to = 0.1142
Fold 4, Epoch 70, Current decision threshold: 0.1142
Fold 4, Epoch 70/1000, Validation Loss: 0.0066, Accuracy: 0.9966
Fold 4, Epoch 70/1000, Precision: 0.9324, Recall: 0.9279, F1-Score: 0.9302, AUC: 0.9984, AUPR: 0.9726
No improvement, patience counter: 6/25
Fold 4, Epoch: 71/1000, Batch: 854, Loss: 0.0043
Fold 4, Epoch 71/1000, Average Train Loss: 0.0025, LR: 0.000003
Fold 4, Epoch 71, Current decision threshold: 0.1142
Fold 4, Epoch 71/1000, Validation Loss: 0.0065, Accuracy: 0.9966
Fold 4, Epoch 71/1000, Precision: 0.9306, Recall: 0.9287, F1-Score: 0.9297, AUC: 0.9985, AUPR: 0.9727
No improvement, patience counter: 7/25
Fold 4, Epoch: 72/1000, Batch: 854, Loss: 0.0059
Fold 4, Epoch 72/1000, Average Train Loss: 0.0025, LR: 0.000003
Fold 4, Epoch 72, Current decision threshold: 0.1142
Fold 4, Epoch 72/1000, Validation Loss: 0.0067, Accuracy: 0.9965
Fold 4, Epoch 72/1000, Precision: 0.9326, Recall: 0.9251, F1-Score: 0.9288, AUC: 0.9985, AUPR: 0.9726
No improvement, patience counter: 8/25
Fold 4, Epoch: 73/1000, Batch: 854, Loss: 0.0013
Fold 4, Epoch 73/1000, Average Train Loss: 0.0025, LR: 0.000002
Fold 4, Epoch 73, Current decision threshold: 0.1142
Fold 4, Epoch 73/1000, Validation Loss: 0.0067, Accuracy: 0.9965
Fold 4, Epoch 73/1000, Precision: 0.9322, Recall: 0.9243, F1-Score: 0.9282, AUC: 0.9985, AUPR: 0.9727
No improvement, patience counter: 9/25
Fold 4, Epoch: 74/1000, Batch: 854, Loss: 0.0015
Fold 4, Epoch 74/1000, Average Train Loss: 0.0025, LR: 0.000002
Fold 4, Epoch 74, Current decision threshold: 0.1142
Fold 4, Epoch 74/1000, Validation Loss: 0.0066, Accuracy: 0.9965
Fold 4, Epoch 74/1000, Precision: 0.9322, Recall: 0.9239, F1-Score: 0.9280, AUC: 0.9985, AUPR: 0.9726
No improvement, patience counter: 10/25
Fold 4, Epoch: 75/1000, Batch: 854, Loss: 0.0017
Fold 4, Epoch 75/1000, Average Train Loss: 0.0025, LR: 0.000002
Epoch 75: Optimal threshold updated to = 0.1086
Fold 4, Epoch 75, Current decision threshold: 0.1086
Fold 4, Epoch 75/1000, Validation Loss: 0.0066, Accuracy: 0.9965
Fold 4, Epoch 75/1000, Precision: 0.9299, Recall: 0.9291, F1-Score: 0.9295, AUC: 0.9985, AUPR: 0.9726
No improvement, patience counter: 11/25
Fold 4, Epoch: 76/1000, Batch: 854, Loss: 0.0016
Fold 4, Epoch 76/1000, Average Train Loss: 0.0025, LR: 0.000002
Fold 4, Epoch 76, Current decision threshold: 0.1086
Fold 4, Epoch 76/1000, Validation Loss: 0.0067, Accuracy: 0.9965
Fold 4, Epoch 76/1000, Precision: 0.9302, Recall: 0.9279, F1-Score: 0.9290, AUC: 0.9984, AUPR: 0.9725
No improvement, patience counter: 12/25
Fold 4, Epoch: 77/1000, Batch: 854, Loss: 0.0045
Fold 4, Epoch 77/1000, Average Train Loss: 0.0025, LR: 0.000001
Fold 4, Epoch 77, Current decision threshold: 0.1086
Fold 4, Epoch 77/1000, Validation Loss: 0.0066, Accuracy: 0.9965
Fold 4, Epoch 77/1000, Precision: 0.9302, Recall: 0.9283, F1-Score: 0.9293, AUC: 0.9985, AUPR: 0.9726
No improvement, patience counter: 13/25
Fold 4, Epoch: 78/1000, Batch: 854, Loss: 0.0021
Fold 4, Epoch 78/1000, Average Train Loss: 0.0025, LR: 0.000001
Fold 4, Epoch 78, Current decision threshold: 0.1086
Fold 4, Epoch 78/1000, Validation Loss: 0.0066, Accuracy: 0.9965
Fold 4, Epoch 78/1000, Precision: 0.9298, Recall: 0.9287, F1-Score: 0.9293, AUC: 0.9985, AUPR: 0.9727
No improvement, patience counter: 14/25
Fold 4, Epoch: 79/1000, Batch: 854, Loss: 0.0012
Fold 4, Epoch 79/1000, Average Train Loss: 0.0025, LR: 0.000001
Fold 4, Epoch 79, Current decision threshold: 0.1086
Fold 4, Epoch 79/1000, Validation Loss: 0.0066, Accuracy: 0.9965
Fold 4, Epoch 79/1000, Precision: 0.9305, Recall: 0.9279, F1-Score: 0.9292, AUC: 0.9985, AUPR: 0.9727
No improvement, patience counter: 15/25
Fold 4, Epoch: 80/1000, Batch: 854, Loss: 0.0059
Fold 4, Epoch 80/1000, Average Train Loss: 0.0025, LR: 0.000001
Epoch 80: Optimal threshold updated to = 0.1038
Fold 4, Epoch 80, Current decision threshold: 0.1038
Fold 4, Epoch 80/1000, Validation Loss: 0.0067, Accuracy: 0.9966
Fold 4, Epoch 80/1000, Precision: 0.9296, Recall: 0.9303, F1-Score: 0.9300, AUC: 0.9985, AUPR: 0.9727
No improvement, patience counter: 16/25
Fold 4, Epoch: 81/1000, Batch: 854, Loss: 0.0031
Fold 4, Epoch 81/1000, Average Train Loss: 0.0025, LR: 0.000000
Fold 4, Epoch 81, Current decision threshold: 0.1038
Fold 4, Epoch 81/1000, Validation Loss: 0.0066, Accuracy: 0.9966
Fold 4, Epoch 81/1000, Precision: 0.9289, Recall: 0.9307, F1-Score: 0.9298, AUC: 0.9985, AUPR: 0.9727
No improvement, patience counter: 17/25
Fold 4, Epoch: 82/1000, Batch: 854, Loss: 0.0027
Fold 4, Epoch 82/1000, Average Train Loss: 0.0026, LR: 0.000000
Fold 4, Epoch 82, Current decision threshold: 0.1038
Fold 4, Epoch 82/1000, Validation Loss: 0.0066, Accuracy: 0.9966
Fold 4, Epoch 82/1000, Precision: 0.9285, Recall: 0.9311, F1-Score: 0.9298, AUC: 0.9985, AUPR: 0.9726
No improvement, patience counter: 18/25
Fold 4, Epoch: 83/1000, Batch: 854, Loss: 0.0020
Fold 4, Epoch 83/1000, Average Train Loss: 0.0025, LR: 0.000000
Fold 4, Epoch 83, Current decision threshold: 0.1038
Fold 4, Epoch 83/1000, Validation Loss: 0.0066, Accuracy: 0.9966
Fold 4, Epoch 83/1000, Precision: 0.9289, Recall: 0.9307, F1-Score: 0.9298, AUC: 0.9985, AUPR: 0.9726
No improvement, patience counter: 19/25
Fold 4, Epoch: 84/1000, Batch: 854, Loss: 0.0030
Fold 4, Epoch 84/1000, Average Train Loss: 0.0025, LR: 0.000000
Fold 4, Epoch 84, Current decision threshold: 0.1038
Fold 4, Epoch 84/1000, Validation Loss: 0.0066, Accuracy: 0.9965
Fold 4, Epoch 84/1000, Precision: 0.9281, Recall: 0.9307, F1-Score: 0.9294, AUC: 0.9985, AUPR: 0.9726
No improvement, patience counter: 20/25
Fold 4, Epoch: 85/1000, Batch: 854, Loss: 0.0027
Fold 4, Epoch 85/1000, Average Train Loss: 0.0025, LR: 0.000000
Epoch 85: Optimal threshold updated to = 0.1059
Fold 4, Epoch 85, Current decision threshold: 0.1059
Fold 4, Epoch 85/1000, Validation Loss: 0.0066, Accuracy: 0.9966
Fold 4, Epoch 85/1000, Precision: 0.9296, Recall: 0.9299, F1-Score: 0.9297, AUC: 0.9985, AUPR: 0.9727
No improvement, patience counter: 21/25
Fold 4, Epoch: 86/1000, Batch: 854, Loss: 0.0044
Fold 4, Epoch 86/1000, Average Train Loss: 0.0025, LR: 0.000000
Fold 4, Epoch 86, Current decision threshold: 0.1059
Fold 4, Epoch 86/1000, Validation Loss: 0.0066, Accuracy: 0.9965
Fold 4, Epoch 86/1000, Precision: 0.9298, Recall: 0.9283, F1-Score: 0.9291, AUC: 0.9985, AUPR: 0.9727
No improvement, patience counter: 22/25
Fold 4, Epoch: 87/1000, Batch: 854, Loss: 0.0016
Fold 4, Epoch 87/1000, Average Train Loss: 0.0025, LR: 0.000000
Fold 4, Epoch 87, Current decision threshold: 0.1059
Fold 4, Epoch 87/1000, Validation Loss: 0.0066, Accuracy: 0.9965
Fold 4, Epoch 87/1000, Precision: 0.9299, Recall: 0.9291, F1-Score: 0.9295, AUC: 0.9985, AUPR: 0.9727
No improvement, patience counter: 23/25
Fold 4, Epoch: 88/1000, Batch: 854, Loss: 0.0027
Fold 4, Epoch 88/1000, Average Train Loss: 0.0025, LR: 0.000000
Fold 4, Epoch 88, Current decision threshold: 0.1059
Fold 4, Epoch 88/1000, Validation Loss: 0.0066, Accuracy: 0.9965
Fold 4, Epoch 88/1000, Precision: 0.9291, Recall: 0.9295, F1-Score: 0.9293, AUC: 0.9985, AUPR: 0.9727
No improvement, patience counter: 24/25
Fold 4, Epoch: 89/1000, Batch: 854, Loss: 0.0011
Fold 4, Epoch 89/1000, Average Train Loss: 0.0026, LR: 0.000000
Fold 4, Epoch 89, Current decision threshold: 0.1059
Fold 4, Epoch 89/1000, Validation Loss: 0.0066, Accuracy: 0.9965
Fold 4, Epoch 89/1000, Precision: 0.9291, Recall: 0.9295, F1-Score: 0.9293, AUC: 0.9985, AUPR: 0.9727
No improvement, patience counter: 25/25
Early stopping at epoch 89
Restored best model, F1: 0.9308, AUC: 0.9984, AUPR: 0.9726
Round 2, Fold 4 best model and threshold 0.1059 saved to D:\SPAN\models\span_round_2_fold_4.pkl
Completed fold 4 in 5-folds, Validation Loss: 0.0066, Accuracy: 0.9966
Completed fold 4 in 5-folds, Precision: 0.9350, Recall: 0.9267, F1-Score: 0.9308, AUC: 0.9984, AUPR: 0.9726
Fold 4 test Finished! - 2026-04-04 17:38:27
======================================================================
Final Results Summary
----------------------------------------------------------------------
AUC         AUPR        Acc         F1          Pre         Recall      
0.9984      0.9726      0.9966      0.9308      0.9350      0.9267      
======================================================================
