Logging for round 8, fold 1 configured to file: D:\SPAN\logs\fafa-round_8-fold_1.log - 2026-04-07 11:17:48
========== Round 8 - Fold 1 Training ==========
current_sys_path: D:\SPAN
device = cuda
Global seed initialized to 42 for reproducibility
Using GPU: NVIDIA GeForce RTX 3060 Laptop GPU
Starting fold 1 in 5-folds
Training data - Positive samples: tensor([44894.]), Negative samples: tensor([392091.])
Fold 1, Epoch: 1/1000, Batch: 854, Loss: 0.0320
Fold 1, Epoch 1/1000, Average Train Loss: 0.0313, LR: 0.000200
Fold 1, Epoch 1, Current decision threshold: 0.2000
Fold 1, Epoch 1/1000, Validation Loss: 0.0118, Accuracy: 0.7410
Fold 1, Epoch 1/1000, Precision: 0.0853, Recall: 0.9996, F1-Score: 0.1571, AUC: 0.9667, AUPR: 0.3234
New best model saved, F1: 0.1571, AUC: 0.9667, AUPR: 0.3234
Fold 1, Epoch: 2/1000, Batch: 854, Loss: 0.0087
Fold 1, Epoch 2/1000, Average Train Loss: 0.0176, LR: 0.000200
Fold 1, Epoch 2, Current decision threshold: 0.2000
Fold 1, Epoch 2/1000, Validation Loss: 0.0064, Accuracy: 0.9754
Fold 1, Epoch 2/1000, Precision: 0.4949, Recall: 0.9232, F1-Score: 0.6444, AUC: 0.9904, AUPR: 0.6687
New best model saved, F1: 0.6444, AUC: 0.9904, AUPR: 0.6687
Fold 1, Epoch: 3/1000, Batch: 854, Loss: 0.0118
Fold 1, Epoch 3/1000, Average Train Loss: 0.0129, LR: 0.000200
Fold 1, Epoch 3, Current decision threshold: 0.2000
Fold 1, Epoch 3/1000, Validation Loss: 0.0054, Accuracy: 0.9832
Fold 1, Epoch 3/1000, Precision: 0.5989, Recall: 0.9277, F1-Score: 0.7279, AUC: 0.9943, AUPR: 0.7961
New best model saved, F1: 0.7279, AUC: 0.9943, AUPR: 0.7961
Fold 1, Epoch: 4/1000, Batch: 854, Loss: 0.0116
Fold 1, Epoch 4/1000, Average Train Loss: 0.0111, LR: 0.000200
Fold 1, Epoch 4, Current decision threshold: 0.2000
Fold 1, Epoch 4/1000, Validation Loss: 0.0059, Accuracy: 0.9883
Fold 1, Epoch 4/1000, Precision: 0.7006, Recall: 0.9006, F1-Score: 0.7881, AUC: 0.9956, AUPR: 0.8434
New best model saved, F1: 0.7881, AUC: 0.9956, AUPR: 0.8434
Fold 1, Epoch: 5/1000, Batch: 854, Loss: 0.0086
Fold 1, Epoch 5/1000, Average Train Loss: 0.0100, LR: 0.000200
Epoch 5: Optimal threshold updated to = 0.1876
Fold 1, Epoch 5, Current decision threshold: 0.1876
Fold 1, Epoch 5/1000, Validation Loss: 0.0071, Accuracy: 0.9907
Fold 1, Epoch 5/1000, Precision: 0.7736, Recall: 0.8674, F1-Score: 0.8178, AUC: 0.9964, AUPR: 0.8758
New best model saved, F1: 0.8178, AUC: 0.9964, AUPR: 0.8758
Fold 1, Epoch: 6/1000, Batch: 854, Loss: 0.0105
Fold 1, Epoch 6/1000, Average Train Loss: 0.0091, LR: 0.000200
Fold 1, Epoch 6, Current decision threshold: 0.1876
Fold 1, Epoch 6/1000, Validation Loss: 0.0079, Accuracy: 0.9906
Fold 1, Epoch 6/1000, Precision: 0.7938, Recall: 0.8255, F1-Score: 0.8093, AUC: 0.9961, AUPR: 0.8779
No improvement, patience counter: 1/25
Fold 1, Epoch: 7/1000, Batch: 854, Loss: 0.0057
Fold 1, Epoch 7/1000, Average Train Loss: 0.0086, LR: 0.000200
Fold 1, Epoch 7, Current decision threshold: 0.1876
Fold 1, Epoch 7/1000, Validation Loss: 0.0067, Accuracy: 0.9920
Fold 1, Epoch 7/1000, Precision: 0.8049, Recall: 0.8830, F1-Score: 0.8421, AUC: 0.9967, AUPR: 0.9013
New best model saved, F1: 0.8421, AUC: 0.9967, AUPR: 0.9013
Fold 1, Epoch: 8/1000, Batch: 854, Loss: 0.0098
Fold 1, Epoch 8/1000, Average Train Loss: 0.0080, LR: 0.000200
Fold 1, Epoch 8, Current decision threshold: 0.1876
Fold 1, Epoch 8/1000, Validation Loss: 0.0081, Accuracy: 0.9917
Fold 1, Epoch 8/1000, Precision: 0.8359, Recall: 0.8156, F1-Score: 0.8256, AUC: 0.9968, AUPR: 0.9016
No improvement, patience counter: 1/25
Fold 1, Epoch: 9/1000, Batch: 854, Loss: 0.0102
Fold 1, Epoch 9/1000, Average Train Loss: 0.0076, LR: 0.000200
Fold 1, Epoch 9, Current decision threshold: 0.1876
Fold 1, Epoch 9/1000, Validation Loss: 0.0089, Accuracy: 0.9924
Fold 1, Epoch 9/1000, Precision: 0.8771, Recall: 0.7975, F1-Score: 0.8354, AUC: 0.9970, AUPR: 0.9149
New best model saved, F1: 0.8354, AUC: 0.9970, AUPR: 0.9149
Fold 1, Epoch: 10/1000, Batch: 854, Loss: 0.0069
Fold 1, Epoch 10/1000, Average Train Loss: 0.0072, LR: 0.000200
Epoch 10: Optimal threshold updated to = 0.1390
Fold 1, Epoch 10, Current decision threshold: 0.1390
Fold 1, Epoch 10/1000, Validation Loss: 0.0082, Accuracy: 0.9935
Fold 1, Epoch 10/1000, Precision: 0.8457, Recall: 0.8936, F1-Score: 0.8690, AUC: 0.9972, AUPR: 0.9264
New best model saved, F1: 0.8690, AUC: 0.9972, AUPR: 0.9264
Fold 1, Epoch: 11/1000, Batch: 854, Loss: 0.0046
Fold 1, Epoch 11/1000, Average Train Loss: 0.0069, LR: 0.000200
Fold 1, Epoch 11, Current decision threshold: 0.1390
Fold 1, Epoch 11/1000, Validation Loss: 0.0076, Accuracy: 0.9933
Fold 1, Epoch 11/1000, Precision: 0.8353, Recall: 0.8977, F1-Score: 0.8654, AUC: 0.9974, AUPR: 0.9291
New best model saved, F1: 0.8654, AUC: 0.9974, AUPR: 0.9291
Fold 1, Epoch: 12/1000, Batch: 854, Loss: 0.0105
Fold 1, Epoch 12/1000, Average Train Loss: 0.0067, LR: 0.000200
Fold 1, Epoch 12, Current decision threshold: 0.1390
Fold 1, Epoch 12/1000, Validation Loss: 0.0072, Accuracy: 0.9936
Fold 1, Epoch 12/1000, Precision: 0.8377, Recall: 0.9092, F1-Score: 0.8720, AUC: 0.9975, AUPR: 0.9360
New best model saved, F1: 0.8720, AUC: 0.9975, AUPR: 0.9360
Fold 1, Epoch: 13/1000, Batch: 854, Loss: 0.0074
Fold 1, Epoch 13/1000, Average Train Loss: 0.0064, LR: 0.000200
Fold 1, Epoch 13, Current decision threshold: 0.1390
Fold 1, Epoch 13/1000, Validation Loss: 0.0071, Accuracy: 0.9938
Fold 1, Epoch 13/1000, Precision: 0.8418, Recall: 0.9154, F1-Score: 0.8770, AUC: 0.9973, AUPR: 0.9359
New best model saved, F1: 0.8770, AUC: 0.9973, AUPR: 0.9359
Fold 1, Epoch: 14/1000, Batch: 854, Loss: 0.0038
Fold 1, Epoch 14/1000, Average Train Loss: 0.0061, LR: 0.000200
Fold 1, Epoch 14, Current decision threshold: 0.1390
Fold 1, Epoch 14/1000, Validation Loss: 0.0072, Accuracy: 0.9939
Fold 1, Epoch 14/1000, Precision: 0.8466, Recall: 0.9154, F1-Score: 0.8796, AUC: 0.9975, AUPR: 0.9424
New best model saved, F1: 0.8796, AUC: 0.9975, AUPR: 0.9424
Fold 1, Epoch: 15/1000, Batch: 854, Loss: 0.0074
Fold 1, Epoch 15/1000, Average Train Loss: 0.0059, LR: 0.000200
Epoch 15: Optimal threshold updated to = 0.1494
Fold 1, Epoch 15, Current decision threshold: 0.1494
Fold 1, Epoch 15/1000, Validation Loss: 0.0074, Accuracy: 0.9947
Fold 1, Epoch 15/1000, Precision: 0.8769, Recall: 0.9101, F1-Score: 0.8932, AUC: 0.9974, AUPR: 0.9448
New best model saved, F1: 0.8932, AUC: 0.9974, AUPR: 0.9448
Fold 1, Epoch: 16/1000, Batch: 854, Loss: 0.0051
Fold 1, Epoch 16/1000, Average Train Loss: 0.0058, LR: 0.000200
Fold 1, Epoch 16, Current decision threshold: 0.1494
Fold 1, Epoch 16/1000, Validation Loss: 0.0070, Accuracy: 0.9940
Fold 1, Epoch 16/1000, Precision: 0.8501, Recall: 0.9109, F1-Score: 0.8795, AUC: 0.9972, AUPR: 0.9391
No improvement, patience counter: 1/25
Fold 1, Epoch: 17/1000, Batch: 854, Loss: 0.0053
Fold 1, Epoch 17/1000, Average Train Loss: 0.0056, LR: 0.000200
Fold 1, Epoch 17, Current decision threshold: 0.1494
Fold 1, Epoch 17/1000, Validation Loss: 0.0084, Accuracy: 0.9945
Fold 1, Epoch 17/1000, Precision: 0.8876, Recall: 0.8821, F1-Score: 0.8849, AUC: 0.9972, AUPR: 0.9405
No improvement, patience counter: 2/25
Fold 1, Epoch: 18/1000, Batch: 854, Loss: 0.0093
Fold 1, Epoch 18/1000, Average Train Loss: 0.0055, LR: 0.000200
Fold 1, Epoch 18, Current decision threshold: 0.1494
Fold 1, Epoch 18/1000, Validation Loss: 0.0073, Accuracy: 0.9949
Fold 1, Epoch 18/1000, Precision: 0.8842, Recall: 0.9060, F1-Score: 0.8949, AUC: 0.9975, AUPR: 0.9480
New best model saved, F1: 0.8949, AUC: 0.9975, AUPR: 0.9480
Fold 1, Epoch: 19/1000, Batch: 854, Loss: 0.0093
Fold 1, Epoch 19/1000, Average Train Loss: 0.0053, LR: 0.000200
Fold 1, Epoch 19, Current decision threshold: 0.1494
Fold 1, Epoch 19/1000, Validation Loss: 0.0076, Accuracy: 0.9948
Fold 1, Epoch 19/1000, Precision: 0.8891, Recall: 0.8986, F1-Score: 0.8938, AUC: 0.9974, AUPR: 0.9458
No improvement, patience counter: 1/25
Fold 1, Epoch: 20/1000, Batch: 854, Loss: 0.0039
Fold 1, Epoch 20/1000, Average Train Loss: 0.0052, LR: 0.000200
Epoch 20: Optimal threshold updated to = 0.0832
Fold 1, Epoch 20, Current decision threshold: 0.0832
Fold 1, Epoch 20/1000, Validation Loss: 0.0101, Accuracy: 0.9953
Fold 1, Epoch 20/1000, Precision: 0.8885, Recall: 0.9195, F1-Score: 0.9037, AUC: 0.9974, AUPR: 0.9507
New best model saved, F1: 0.9037, AUC: 0.9974, AUPR: 0.9507
Fold 1, Epoch: 21/1000, Batch: 854, Loss: 0.0020
Fold 1, Epoch 21/1000, Average Train Loss: 0.0050, LR: 0.000200
Fold 1, Epoch 21, Current decision threshold: 0.0832
Fold 1, Epoch 21/1000, Validation Loss: 0.0077, Accuracy: 0.9942
Fold 1, Epoch 21/1000, Precision: 0.8398, Recall: 0.9405, F1-Score: 0.8873, AUC: 0.9975, AUPR: 0.9486
No improvement, patience counter: 1/25
Fold 1, Epoch: 22/1000, Batch: 854, Loss: 0.0051
Fold 1, Epoch 22/1000, Average Train Loss: 0.0050, LR: 0.000200
Fold 1, Epoch 22, Current decision threshold: 0.0832
Fold 1, Epoch 22/1000, Validation Loss: 0.0072, Accuracy: 0.9946
Fold 1, Epoch 22/1000, Precision: 0.8470, Recall: 0.9478, F1-Score: 0.8946, AUC: 0.9975, AUPR: 0.9545
New best model saved, F1: 0.8946, AUC: 0.9975, AUPR: 0.9545
Fold 1, Epoch: 23/1000, Batch: 854, Loss: 0.0057
Fold 1, Epoch 23/1000, Average Train Loss: 0.0049, LR: 0.000200
Fold 1, Epoch 23, Current decision threshold: 0.0832
Fold 1, Epoch 23/1000, Validation Loss: 0.0071, Accuracy: 0.9943
Fold 1, Epoch 23/1000, Precision: 0.8336, Recall: 0.9544, F1-Score: 0.8899, AUC: 0.9975, AUPR: 0.9543
No improvement, patience counter: 1/25
Fold 1, Epoch: 24/1000, Batch: 854, Loss: 0.0040
Fold 1, Epoch 24/1000, Average Train Loss: 0.0047, LR: 0.000200
Fold 1, Epoch 24, Current decision threshold: 0.0832
Fold 1, Epoch 24/1000, Validation Loss: 0.0072, Accuracy: 0.9948
Fold 1, Epoch 24/1000, Precision: 0.8487, Recall: 0.9540, F1-Score: 0.8983, AUC: 0.9973, AUPR: 0.9556
New best model saved, F1: 0.8983, AUC: 0.9973, AUPR: 0.9556
Fold 1, Epoch: 25/1000, Batch: 854, Loss: 0.0101
Fold 1, Epoch 25/1000, Average Train Loss: 0.0046, LR: 0.000200
Epoch 25: Optimal threshold updated to = 0.1265
Fold 1, Epoch 25, Current decision threshold: 0.1265
Fold 1, Epoch 25/1000, Validation Loss: 0.0076, Accuracy: 0.9958
Fold 1, Epoch 25/1000, Precision: 0.9056, Recall: 0.9216, F1-Score: 0.9135, AUC: 0.9977, AUPR: 0.9568
New best model saved, F1: 0.9135, AUC: 0.9977, AUPR: 0.9568
Fold 1, Epoch: 26/1000, Batch: 854, Loss: 0.0055
Fold 1, Epoch 26/1000, Average Train Loss: 0.0045, LR: 0.000200
Fold 1, Epoch 26, Current decision threshold: 0.1265
Fold 1, Epoch 26/1000, Validation Loss: 0.0081, Accuracy: 0.9952
Fold 1, Epoch 26/1000, Precision: 0.8988, Recall: 0.9047, F1-Score: 0.9018, AUC: 0.9975, AUPR: 0.9521
No improvement, patience counter: 1/25
Fold 1, Epoch: 27/1000, Batch: 854, Loss: 0.0029
Fold 1, Epoch 27/1000, Average Train Loss: 0.0044, LR: 0.000200
Fold 1, Epoch 27, Current decision threshold: 0.1265
Fold 1, Epoch 27/1000, Validation Loss: 0.0084, Accuracy: 0.9953
Fold 1, Epoch 27/1000, Precision: 0.9047, Recall: 0.9010, F1-Score: 0.9029, AUC: 0.9974, AUPR: 0.9535
No improvement, patience counter: 2/25
Fold 1, Epoch: 28/1000, Batch: 854, Loss: 0.0039
Fold 1, Epoch 28/1000, Average Train Loss: 0.0044, LR: 0.000200
Fold 1, Epoch 28, Current decision threshold: 0.1265
Fold 1, Epoch 28/1000, Validation Loss: 0.0075, Accuracy: 0.9957
Fold 1, Epoch 28/1000, Precision: 0.9006, Recall: 0.9228, F1-Score: 0.9116, AUC: 0.9976, AUPR: 0.9563
No improvement, patience counter: 3/25
Fold 1, Epoch: 29/1000, Batch: 854, Loss: 0.0035
Fold 1, Epoch 29/1000, Average Train Loss: 0.0043, LR: 0.000200
Fold 1, Epoch 29, Current decision threshold: 0.1265
Fold 1, Epoch 29/1000, Validation Loss: 0.0067, Accuracy: 0.9957
Fold 1, Epoch 29/1000, Precision: 0.8943, Recall: 0.9310, F1-Score: 0.9123, AUC: 0.9978, AUPR: 0.9603
New best model saved, F1: 0.9123, AUC: 0.9978, AUPR: 0.9603
Fold 1, Epoch: 30/1000, Batch: 854, Loss: 0.0032
Fold 1, Epoch 30/1000, Average Train Loss: 0.0043, LR: 0.000200
Epoch 30: Optimal threshold updated to = 0.1264
Fold 1, Epoch 30, Current decision threshold: 0.1264
Fold 1, Epoch 30/1000, Validation Loss: 0.0084, Accuracy: 0.9960
Fold 1, Epoch 30/1000, Precision: 0.9247, Recall: 0.9080, F1-Score: 0.9163, AUC: 0.9976, AUPR: 0.9594
New best model saved, F1: 0.9163, AUC: 0.9976, AUPR: 0.9594
Fold 1, Epoch: 31/1000, Batch: 854, Loss: 0.0065
Fold 1, Epoch 31/1000, Average Train Loss: 0.0041, LR: 0.000200
Fold 1, Epoch 31, Current decision threshold: 0.1264
Fold 1, Epoch 31/1000, Validation Loss: 0.0071, Accuracy: 0.9957
Fold 1, Epoch 31/1000, Precision: 0.8978, Recall: 0.9273, F1-Score: 0.9123, AUC: 0.9976, AUPR: 0.9597
No improvement, patience counter: 1/25
Fold 1, Epoch: 32/1000, Batch: 854, Loss: 0.0044
Fold 1, Epoch 32/1000, Average Train Loss: 0.0041, LR: 0.000200
Fold 1, Epoch 32, Current decision threshold: 0.1264
Fold 1, Epoch 32/1000, Validation Loss: 0.0067, Accuracy: 0.9955
Fold 1, Epoch 32/1000, Precision: 0.8892, Recall: 0.9294, F1-Score: 0.9088, AUC: 0.9976, AUPR: 0.9601
No improvement, patience counter: 2/25
Fold 1, Epoch: 33/1000, Batch: 854, Loss: 0.0059
Fold 1, Epoch 33/1000, Average Train Loss: 0.0040, LR: 0.000200
Fold 1, Epoch 33, Current decision threshold: 0.1264
Fold 1, Epoch 33/1000, Validation Loss: 0.0078, Accuracy: 0.9958
Fold 1, Epoch 33/1000, Precision: 0.9147, Recall: 0.9117, F1-Score: 0.9132, AUC: 0.9976, AUPR: 0.9600
No improvement, patience counter: 3/25
Fold 1, Epoch: 34/1000, Batch: 854, Loss: 0.0036
Fold 1, Epoch 34/1000, Average Train Loss: 0.0035, LR: 0.000100
Fold 1, Epoch 34, Current decision threshold: 0.1264
Fold 1, Epoch 34/1000, Validation Loss: 0.0081, Accuracy: 0.9961
Fold 1, Epoch 34/1000, Precision: 0.9268, Recall: 0.9105, F1-Score: 0.9186, AUC: 0.9977, AUPR: 0.9625
New best model saved, F1: 0.9186, AUC: 0.9977, AUPR: 0.9625
Fold 1, Epoch: 35/1000, Batch: 854, Loss: 0.0038
Fold 1, Epoch 35/1000, Average Train Loss: 0.0033, LR: 0.000100
Epoch 35: Optimal threshold updated to = 0.1140
Fold 1, Epoch 35, Current decision threshold: 0.1140
Fold 1, Epoch 35/1000, Validation Loss: 0.0078, Accuracy: 0.9961
Fold 1, Epoch 35/1000, Precision: 0.9196, Recall: 0.9203, F1-Score: 0.9200, AUC: 0.9978, AUPR: 0.9627
New best model saved, F1: 0.9200, AUC: 0.9978, AUPR: 0.9627
Fold 1, Epoch: 36/1000, Batch: 854, Loss: 0.0015
Fold 1, Epoch 36/1000, Average Train Loss: 0.0034, LR: 0.000100
Fold 1, Epoch 36, Current decision threshold: 0.1140
Fold 1, Epoch 36/1000, Validation Loss: 0.0079, Accuracy: 0.9961
Fold 1, Epoch 36/1000, Precision: 0.9191, Recall: 0.9187, F1-Score: 0.9189, AUC: 0.9977, AUPR: 0.9634
New best model saved, F1: 0.9189, AUC: 0.9977, AUPR: 0.9634
Fold 1, Epoch: 37/1000, Batch: 854, Loss: 0.0013
Fold 1, Epoch 37/1000, Average Train Loss: 0.0033, LR: 0.000100
Fold 1, Epoch 37, Current decision threshold: 0.1140
Fold 1, Epoch 37/1000, Validation Loss: 0.0079, Accuracy: 0.9962
Fold 1, Epoch 37/1000, Precision: 0.9231, Recall: 0.9170, F1-Score: 0.9201, AUC: 0.9978, AUPR: 0.9648
New best model saved, F1: 0.9201, AUC: 0.9978, AUPR: 0.9648
Fold 1, Epoch: 38/1000, Batch: 854, Loss: 0.0025
Fold 1, Epoch 38/1000, Average Train Loss: 0.0033, LR: 0.000100
Fold 1, Epoch 38, Current decision threshold: 0.1140
Fold 1, Epoch 38/1000, Validation Loss: 0.0082, Accuracy: 0.9964
Fold 1, Epoch 38/1000, Precision: 0.9375, Recall: 0.9117, F1-Score: 0.9244, AUC: 0.9978, AUPR: 0.9658
New best model saved, F1: 0.9244, AUC: 0.9978, AUPR: 0.9658
Fold 1, Epoch: 39/1000, Batch: 854, Loss: 0.0006
Fold 1, Epoch 39/1000, Average Train Loss: 0.0032, LR: 0.000100
Fold 1, Epoch 39, Current decision threshold: 0.1140
Fold 1, Epoch 39/1000, Validation Loss: 0.0079, Accuracy: 0.9963
Fold 1, Epoch 39/1000, Precision: 0.9281, Recall: 0.9175, F1-Score: 0.9228, AUC: 0.9978, AUPR: 0.9657
No improvement, patience counter: 1/25
Fold 1, Epoch: 40/1000, Batch: 854, Loss: 0.0030
Fold 1, Epoch 40/1000, Average Train Loss: 0.0032, LR: 0.000100
Epoch 40: Optimal threshold updated to = 0.1487
Fold 1, Epoch 40, Current decision threshold: 0.1487
Fold 1, Epoch 40/1000, Validation Loss: 0.0079, Accuracy: 0.9965
Fold 1, Epoch 40/1000, Precision: 0.9452, Recall: 0.9060, F1-Score: 0.9251, AUC: 0.9978, AUPR: 0.9654
No improvement, patience counter: 2/25
Fold 1, Epoch: 41/1000, Batch: 854, Loss: 0.0027
Fold 1, Epoch 41/1000, Average Train Loss: 0.0031, LR: 0.000100
Fold 1, Epoch 41, Current decision threshold: 0.1487
Fold 1, Epoch 41/1000, Validation Loss: 0.0082, Accuracy: 0.9964
Fold 1, Epoch 41/1000, Precision: 0.9484, Recall: 0.8982, F1-Score: 0.9226, AUC: 0.9977, AUPR: 0.9656
No improvement, patience counter: 3/25
Fold 1, Epoch: 42/1000, Batch: 854, Loss: 0.0062
Fold 1, Epoch 42/1000, Average Train Loss: 0.0031, LR: 0.000100
Fold 1, Epoch 42, Current decision threshold: 0.1487
Fold 1, Epoch 42/1000, Validation Loss: 0.0080, Accuracy: 0.9962
Fold 1, Epoch 42/1000, Precision: 0.9423, Recall: 0.8990, F1-Score: 0.9201, AUC: 0.9977, AUPR: 0.9649
No improvement, patience counter: 4/25
Fold 1, Epoch: 43/1000, Batch: 854, Loss: 0.0050
Fold 1, Epoch 43/1000, Average Train Loss: 0.0028, LR: 0.000050
Fold 1, Epoch 43, Current decision threshold: 0.1487
Fold 1, Epoch 43/1000, Validation Loss: 0.0079, Accuracy: 0.9965
Fold 1, Epoch 43/1000, Precision: 0.9487, Recall: 0.9039, F1-Score: 0.9258, AUC: 0.9979, AUPR: 0.9670
New best model saved, F1: 0.9258, AUC: 0.9979, AUPR: 0.9670
Fold 1, Epoch: 44/1000, Batch: 854, Loss: 0.0045
Fold 1, Epoch 44/1000, Average Train Loss: 0.0027, LR: 0.000050
Fold 1, Epoch 44, Current decision threshold: 0.1487
Fold 1, Epoch 44/1000, Validation Loss: 0.0081, Accuracy: 0.9963
Fold 1, Epoch 44/1000, Precision: 0.9523, Recall: 0.8928, F1-Score: 0.9216, AUC: 0.9978, AUPR: 0.9676
No improvement, patience counter: 1/25
Fold 1, Epoch: 45/1000, Batch: 854, Loss: 0.0018
Fold 1, Epoch 45/1000, Average Train Loss: 0.0027, LR: 0.000050
Epoch 45: Optimal threshold updated to = 0.1319
Fold 1, Epoch 45, Current decision threshold: 0.1319
Fold 1, Epoch 45/1000, Validation Loss: 0.0080, Accuracy: 0.9965
Fold 1, Epoch 45/1000, Precision: 0.9457, Recall: 0.9088, F1-Score: 0.9269, AUC: 0.9979, AUPR: 0.9673
New best model saved, F1: 0.9269, AUC: 0.9979, AUPR: 0.9673
Fold 1, Epoch: 46/1000, Batch: 854, Loss: 0.0018
Fold 1, Epoch 46/1000, Average Train Loss: 0.0027, LR: 0.000050
Fold 1, Epoch 46, Current decision threshold: 0.1319
Fold 1, Epoch 46/1000, Validation Loss: 0.0081, Accuracy: 0.9964
Fold 1, Epoch 46/1000, Precision: 0.9458, Recall: 0.9035, F1-Score: 0.9242, AUC: 0.9980, AUPR: 0.9671
No improvement, patience counter: 1/25
Fold 1, Epoch: 47/1000, Batch: 854, Loss: 0.0014
Fold 1, Epoch 47/1000, Average Train Loss: 0.0027, LR: 0.000050
Fold 1, Epoch 47, Current decision threshold: 0.1319
Fold 1, Epoch 47/1000, Validation Loss: 0.0081, Accuracy: 0.9964
Fold 1, Epoch 47/1000, Precision: 0.9444, Recall: 0.9064, F1-Score: 0.9250, AUC: 0.9978, AUPR: 0.9670
No improvement, patience counter: 2/25
Fold 1, Epoch: 48/1000, Batch: 854, Loss: 0.0015
Fold 1, Epoch 48/1000, Average Train Loss: 0.0027, LR: 0.000050
Fold 1, Epoch 48, Current decision threshold: 0.1319
Fold 1, Epoch 48/1000, Validation Loss: 0.0078, Accuracy: 0.9963
Fold 1, Epoch 48/1000, Precision: 0.9377, Recall: 0.9088, F1-Score: 0.9230, AUC: 0.9980, AUPR: 0.9669
No improvement, patience counter: 3/25
Fold 1, Epoch: 49/1000, Batch: 854, Loss: 0.0021
Fold 1, Epoch 49/1000, Average Train Loss: 0.0026, LR: 0.000050
Fold 1, Epoch 49, Current decision threshold: 0.1319
Fold 1, Epoch 49/1000, Validation Loss: 0.0080, Accuracy: 0.9966
Fold 1, Epoch 49/1000, Precision: 0.9462, Recall: 0.9101, F1-Score: 0.9278, AUC: 0.9979, AUPR: 0.9677
New best model saved, F1: 0.9278, AUC: 0.9979, AUPR: 0.9677
Fold 1, Epoch: 50/1000, Batch: 854, Loss: 0.0011
Fold 1, Epoch 50/1000, Average Train Loss: 0.0026, LR: 0.000050
Epoch 50: Optimal threshold updated to = 0.1143
Fold 1, Epoch 50, Current decision threshold: 0.1143
Fold 1, Epoch 50/1000, Validation Loss: 0.0082, Accuracy: 0.9966
Fold 1, Epoch 50/1000, Precision: 0.9406, Recall: 0.9162, F1-Score: 0.9282, AUC: 0.9979, AUPR: 0.9676
New best model saved, F1: 0.9282, AUC: 0.9979, AUPR: 0.9676
Fold 1, Epoch: 51/1000, Batch: 854, Loss: 0.0015
Fold 1, Epoch 51/1000, Average Train Loss: 0.0026, LR: 0.000050
Fold 1, Epoch 51, Current decision threshold: 0.1143
Fold 1, Epoch 51/1000, Validation Loss: 0.0080, Accuracy: 0.9964
Fold 1, Epoch 51/1000, Precision: 0.9343, Recall: 0.9175, F1-Score: 0.9258, AUC: 0.9979, AUPR: 0.9671
No improvement, patience counter: 1/25
Fold 1, Epoch: 52/1000, Batch: 854, Loss: 0.0044
Fold 1, Epoch 52/1000, Average Train Loss: 0.0026, LR: 0.000050
Fold 1, Epoch 52, Current decision threshold: 0.1143
Fold 1, Epoch 52/1000, Validation Loss: 0.0083, Accuracy: 0.9965
Fold 1, Epoch 52/1000, Precision: 0.9399, Recall: 0.9117, F1-Score: 0.9256, AUC: 0.9980, AUPR: 0.9677
No improvement, patience counter: 2/25
Fold 1, Epoch: 53/1000, Batch: 854, Loss: 0.0021
Fold 1, Epoch 53/1000, Average Train Loss: 0.0026, LR: 0.000050
Fold 1, Epoch 53, Current decision threshold: 0.1143
Fold 1, Epoch 53/1000, Validation Loss: 0.0085, Accuracy: 0.9967
Fold 1, Epoch 53/1000, Precision: 0.9483, Recall: 0.9117, F1-Score: 0.9296, AUC: 0.9980, AUPR: 0.9680
New best model saved, F1: 0.9296, AUC: 0.9980, AUPR: 0.9680
Fold 1, Epoch: 54/1000, Batch: 854, Loss: 0.0017
Fold 1, Epoch 54/1000, Average Train Loss: 0.0025, LR: 0.000050
Fold 1, Epoch 54, Current decision threshold: 0.1143
Fold 1, Epoch 54/1000, Validation Loss: 0.0091, Accuracy: 0.9966
Fold 1, Epoch 54/1000, Precision: 0.9540, Recall: 0.9023, F1-Score: 0.9274, AUC: 0.9980, AUPR: 0.9688
New best model saved, F1: 0.9274, AUC: 0.9980, AUPR: 0.9688
Fold 1, Epoch: 55/1000, Batch: 854, Loss: 0.0083
Fold 1, Epoch 55/1000, Average Train Loss: 0.0026, LR: 0.000050
Epoch 55: Optimal threshold updated to = 0.0822
Fold 1, Epoch 55, Current decision threshold: 0.0822
Fold 1, Epoch 55/1000, Validation Loss: 0.0083, Accuracy: 0.9966
Fold 1, Epoch 55/1000, Precision: 0.9322, Recall: 0.9257, F1-Score: 0.9289, AUC: 0.9979, AUPR: 0.9676
No improvement, patience counter: 1/25
Fold 1, Epoch: 56/1000, Batch: 854, Loss: 0.0019
Fold 1, Epoch 56/1000, Average Train Loss: 0.0025, LR: 0.000050
Fold 1, Epoch 56, Current decision threshold: 0.0822
Fold 1, Epoch 56/1000, Validation Loss: 0.0090, Accuracy: 0.9966
Fold 1, Epoch 56/1000, Precision: 0.9391, Recall: 0.9179, F1-Score: 0.9283, AUC: 0.9980, AUPR: 0.9691
New best model saved, F1: 0.9283, AUC: 0.9980, AUPR: 0.9691
Fold 1, Epoch: 57/1000, Batch: 854, Loss: 0.0009
Fold 1, Epoch 57/1000, Average Train Loss: 0.0025, LR: 0.000050
Fold 1, Epoch 57, Current decision threshold: 0.0822
Fold 1, Epoch 57/1000, Validation Loss: 0.0086, Accuracy: 0.9966
Fold 1, Epoch 57/1000, Precision: 0.9329, Recall: 0.9248, F1-Score: 0.9289, AUC: 0.9980, AUPR: 0.9682
No improvement, patience counter: 1/25
Fold 1, Epoch: 58/1000, Batch: 854, Loss: 0.0014
Fold 1, Epoch 58/1000, Average Train Loss: 0.0025, LR: 0.000050
Fold 1, Epoch 58, Current decision threshold: 0.0822
Fold 1, Epoch 58/1000, Validation Loss: 0.0082, Accuracy: 0.9966
Fold 1, Epoch 58/1000, Precision: 0.9334, Recall: 0.9261, F1-Score: 0.9297, AUC: 0.9980, AUPR: 0.9689
New best model saved, F1: 0.9297, AUC: 0.9980, AUPR: 0.9689
Fold 1, Epoch: 59/1000, Batch: 854, Loss: 0.0060
Fold 1, Epoch 59/1000, Average Train Loss: 0.0025, LR: 0.000050
Fold 1, Epoch 59, Current decision threshold: 0.0822
Fold 1, Epoch 59/1000, Validation Loss: 0.0082, Accuracy: 0.9966
Fold 1, Epoch 59/1000, Precision: 0.9308, Recall: 0.9281, F1-Score: 0.9295, AUC: 0.9980, AUPR: 0.9690
New best model saved, F1: 0.9295, AUC: 0.9980, AUPR: 0.9690
Fold 1, Epoch: 60/1000, Batch: 854, Loss: 0.0054
Fold 1, Epoch 60/1000, Average Train Loss: 0.0025, LR: 0.000050
Epoch 60: Optimal threshold updated to = 0.1412
Fold 1, Epoch 60, Current decision threshold: 0.1412
Fold 1, Epoch 60/1000, Validation Loss: 0.0077, Accuracy: 0.9968
Fold 1, Epoch 60/1000, Precision: 0.9505, Recall: 0.9142, F1-Score: 0.9320, AUC: 0.9980, AUPR: 0.9694
New best model saved, F1: 0.9320, AUC: 0.9980, AUPR: 0.9694
Fold 1, Epoch: 61/1000, Batch: 854, Loss: 0.0048
Fold 1, Epoch 61/1000, Average Train Loss: 0.0024, LR: 0.000050
Fold 1, Epoch 61, Current decision threshold: 0.1412
Fold 1, Epoch 61/1000, Validation Loss: 0.0082, Accuracy: 0.9966
Fold 1, Epoch 61/1000, Precision: 0.9564, Recall: 0.9018, F1-Score: 0.9283, AUC: 0.9980, AUPR: 0.9690
No improvement, patience counter: 1/25
Fold 1, Epoch: 62/1000, Batch: 854, Loss: 0.0010
Fold 1, Epoch 62/1000, Average Train Loss: 0.0024, LR: 0.000050
Fold 1, Epoch 62, Current decision threshold: 0.1412
Fold 1, Epoch 62/1000, Validation Loss: 0.0080, Accuracy: 0.9966
Fold 1, Epoch 62/1000, Precision: 0.9537, Recall: 0.9051, F1-Score: 0.9288, AUC: 0.9980, AUPR: 0.9680
No improvement, patience counter: 2/25
Fold 1, Epoch: 63/1000, Batch: 854, Loss: 0.0034
Fold 1, Epoch 63/1000, Average Train Loss: 0.0024, LR: 0.000050
Fold 1, Epoch 63, Current decision threshold: 0.1412
Fold 1, Epoch 63/1000, Validation Loss: 0.0087, Accuracy: 0.9965
Fold 1, Epoch 63/1000, Precision: 0.9603, Recall: 0.8932, F1-Score: 0.9255, AUC: 0.9980, AUPR: 0.9683
No improvement, patience counter: 3/25
Fold 1, Epoch: 64/1000, Batch: 854, Loss: 0.0012
Fold 1, Epoch 64/1000, Average Train Loss: 0.0024, LR: 0.000050
Fold 1, Epoch 64, Current decision threshold: 0.1412
Fold 1, Epoch 64/1000, Validation Loss: 0.0089, Accuracy: 0.9964
Fold 1, Epoch 64/1000, Precision: 0.9638, Recall: 0.8862, F1-Score: 0.9234, AUC: 0.9981, AUPR: 0.9692
No improvement, patience counter: 4/25
Fold 1, Epoch: 65/1000, Batch: 854, Loss: 0.0082
Fold 1, Epoch 65/1000, Average Train Loss: 0.0023, LR: 0.000025
Epoch 65: Optimal threshold updated to = 0.1078
Fold 1, Epoch 65, Current decision threshold: 0.1078
Fold 1, Epoch 65/1000, Validation Loss: 0.0081, Accuracy: 0.9968
Fold 1, Epoch 65/1000, Precision: 0.9459, Recall: 0.9187, F1-Score: 0.9321, AUC: 0.9981, AUPR: 0.9694
New best model saved, F1: 0.9321, AUC: 0.9981, AUPR: 0.9694
Fold 1, Epoch: 66/1000, Batch: 854, Loss: 0.0006
Fold 1, Epoch 66/1000, Average Train Loss: 0.0022, LR: 0.000025
Fold 1, Epoch 66, Current decision threshold: 0.1078
Fold 1, Epoch 66/1000, Validation Loss: 0.0079, Accuracy: 0.9966
Fold 1, Epoch 66/1000, Precision: 0.9404, Recall: 0.9195, F1-Score: 0.9298, AUC: 0.9981, AUPR: 0.9696
No improvement, patience counter: 1/25
Fold 1, Epoch: 67/1000, Batch: 854, Loss: 0.0032
Fold 1, Epoch 67/1000, Average Train Loss: 0.0022, LR: 0.000025
Fold 1, Epoch 67, Current decision threshold: 0.1078
Fold 1, Epoch 67/1000, Validation Loss: 0.0086, Accuracy: 0.9967
Fold 1, Epoch 67/1000, Precision: 0.9520, Recall: 0.9113, F1-Score: 0.9312, AUC: 0.9981, AUPR: 0.9701
New best model saved, F1: 0.9312, AUC: 0.9981, AUPR: 0.9701
Fold 1, Epoch: 68/1000, Batch: 854, Loss: 0.0025
Fold 1, Epoch 68/1000, Average Train Loss: 0.0022, LR: 0.000025
Fold 1, Epoch 68, Current decision threshold: 0.1078
Fold 1, Epoch 68/1000, Validation Loss: 0.0087, Accuracy: 0.9968
Fold 1, Epoch 68/1000, Precision: 0.9544, Recall: 0.9109, F1-Score: 0.9321, AUC: 0.9981, AUPR: 0.9699
New best model saved, F1: 0.9321, AUC: 0.9981, AUPR: 0.9699
Fold 1, Epoch: 69/1000, Batch: 854, Loss: 0.0015
Fold 1, Epoch 69/1000, Average Train Loss: 0.0022, LR: 0.000025
Fold 1, Epoch 69, Current decision threshold: 0.1078
Fold 1, Epoch 69/1000, Validation Loss: 0.0085, Accuracy: 0.9967
Fold 1, Epoch 69/1000, Precision: 0.9488, Recall: 0.9129, F1-Score: 0.9305, AUC: 0.9981, AUPR: 0.9695
No improvement, patience counter: 1/25
Fold 1, Epoch: 70/1000, Batch: 854, Loss: 0.0024
Fold 1, Epoch 70/1000, Average Train Loss: 0.0022, LR: 0.000025
Epoch 70: Optimal threshold updated to = 0.1084
Fold 1, Epoch 70, Current decision threshold: 0.1084
Fold 1, Epoch 70/1000, Validation Loss: 0.0082, Accuracy: 0.9968
Fold 1, Epoch 70/1000, Precision: 0.9474, Recall: 0.9170, F1-Score: 0.9320, AUC: 0.9980, AUPR: 0.9699
No improvement, patience counter: 2/25
Fold 1, Epoch: 71/1000, Batch: 854, Loss: 0.0018
Fold 1, Epoch 71/1000, Average Train Loss: 0.0022, LR: 0.000025
Fold 1, Epoch 71, Current decision threshold: 0.1084
Fold 1, Epoch 71/1000, Validation Loss: 0.0078, Accuracy: 0.9967
Fold 1, Epoch 71/1000, Precision: 0.9393, Recall: 0.9211, F1-Score: 0.9301, AUC: 0.9981, AUPR: 0.9702
No improvement, patience counter: 3/25
Fold 1, Epoch: 72/1000, Batch: 854, Loss: 0.0007
Fold 1, Epoch 72/1000, Average Train Loss: 0.0021, LR: 0.000013
Fold 1, Epoch 72, Current decision threshold: 0.1084
Fold 1, Epoch 72/1000, Validation Loss: 0.0083, Accuracy: 0.9968
Fold 1, Epoch 72/1000, Precision: 0.9514, Recall: 0.9158, F1-Score: 0.9332, AUC: 0.9981, AUPR: 0.9703
New best model saved, F1: 0.9332, AUC: 0.9981, AUPR: 0.9703
Fold 1, Epoch: 73/1000, Batch: 854, Loss: 0.0022
Fold 1, Epoch 73/1000, Average Train Loss: 0.0021, LR: 0.000013
Fold 1, Epoch 73, Current decision threshold: 0.1084
Fold 1, Epoch 73/1000, Validation Loss: 0.0084, Accuracy: 0.9968
Fold 1, Epoch 73/1000, Precision: 0.9490, Recall: 0.9166, F1-Score: 0.9325, AUC: 0.9980, AUPR: 0.9703
No improvement, patience counter: 1/25
Fold 1, Epoch: 74/1000, Batch: 854, Loss: 0.0026
Fold 1, Epoch 74/1000, Average Train Loss: 0.0021, LR: 0.000013
Fold 1, Epoch 74, Current decision threshold: 0.1084
Fold 1, Epoch 74/1000, Validation Loss: 0.0085, Accuracy: 0.9968
Fold 1, Epoch 74/1000, Precision: 0.9525, Recall: 0.9142, F1-Score: 0.9329, AUC: 0.9981, AUPR: 0.9703
No improvement, patience counter: 2/25
Fold 1, Epoch: 75/1000, Batch: 854, Loss: 0.0011
Fold 1, Epoch 75/1000, Average Train Loss: 0.0021, LR: 0.000013
Epoch 75: Optimal threshold updated to = 0.0853
Fold 1, Epoch 75, Current decision threshold: 0.0853
Fold 1, Epoch 75/1000, Validation Loss: 0.0086, Accuracy: 0.9969
Fold 1, Epoch 75/1000, Precision: 0.9477, Recall: 0.9220, F1-Score: 0.9346, AUC: 0.9981, AUPR: 0.9703
New best model saved, F1: 0.9346, AUC: 0.9981, AUPR: 0.9703
Fold 1, Epoch: 76/1000, Batch: 854, Loss: 0.0031
Fold 1, Epoch 76/1000, Average Train Loss: 0.0021, LR: 0.000013
Fold 1, Epoch 76, Current decision threshold: 0.0853
Fold 1, Epoch 76/1000, Validation Loss: 0.0085, Accuracy: 0.9967
Fold 1, Epoch 76/1000, Precision: 0.9421, Recall: 0.9220, F1-Score: 0.9319, AUC: 0.9980, AUPR: 0.9698
No improvement, patience counter: 1/25
Fold 1, Epoch: 77/1000, Batch: 854, Loss: 0.0037
Fold 1, Epoch 77/1000, Average Train Loss: 0.0021, LR: 0.000013
Fold 1, Epoch 77, Current decision threshold: 0.0853
Fold 1, Epoch 77/1000, Validation Loss: 0.0082, Accuracy: 0.9967
Fold 1, Epoch 77/1000, Precision: 0.9379, Recall: 0.9248, F1-Score: 0.9313, AUC: 0.9980, AUPR: 0.9705
No improvement, patience counter: 2/25
Fold 1, Epoch: 78/1000, Batch: 854, Loss: 0.0027
Fold 1, Epoch 78/1000, Average Train Loss: 0.0021, LR: 0.000013
Fold 1, Epoch 78, Current decision threshold: 0.0853
Fold 1, Epoch 78/1000, Validation Loss: 0.0081, Accuracy: 0.9968
Fold 1, Epoch 78/1000, Precision: 0.9388, Recall: 0.9261, F1-Score: 0.9324, AUC: 0.9981, AUPR: 0.9703
No improvement, patience counter: 3/25
Fold 1, Epoch: 79/1000, Batch: 854, Loss: 0.0012
Fold 1, Epoch 79/1000, Average Train Loss: 0.0020, LR: 0.000013
Fold 1, Epoch 79, Current decision threshold: 0.0853
Fold 1, Epoch 79/1000, Validation Loss: 0.0082, Accuracy: 0.9967
Fold 1, Epoch 79/1000, Precision: 0.9388, Recall: 0.9257, F1-Score: 0.9322, AUC: 0.9980, AUPR: 0.9701
No improvement, patience counter: 4/25
Fold 1, Epoch: 80/1000, Batch: 854, Loss: 0.0007
Fold 1, Epoch 80/1000, Average Train Loss: 0.0020, LR: 0.000006
Epoch 80: Optimal threshold updated to = 0.0836
Fold 1, Epoch 80, Current decision threshold: 0.0836
Fold 1, Epoch 80/1000, Validation Loss: 0.0084, Accuracy: 0.9968
Fold 1, Epoch 80/1000, Precision: 0.9426, Recall: 0.9244, F1-Score: 0.9334, AUC: 0.9981, AUPR: 0.9706
No improvement, patience counter: 5/25
Fold 1, Epoch: 81/1000, Batch: 854, Loss: 0.0004
Fold 1, Epoch 81/1000, Average Train Loss: 0.0020, LR: 0.000006
Fold 1, Epoch 81, Current decision threshold: 0.0836
Fold 1, Epoch 81/1000, Validation Loss: 0.0083, Accuracy: 0.9968
Fold 1, Epoch 81/1000, Precision: 0.9422, Recall: 0.9232, F1-Score: 0.9326, AUC: 0.9981, AUPR: 0.9703
No improvement, patience counter: 6/25
Fold 1, Epoch: 82/1000, Batch: 854, Loss: 0.0025
Fold 1, Epoch 82/1000, Average Train Loss: 0.0020, LR: 0.000006
Fold 1, Epoch 82, Current decision threshold: 0.0836
Fold 1, Epoch 82/1000, Validation Loss: 0.0083, Accuracy: 0.9967
Fold 1, Epoch 82/1000, Precision: 0.9375, Recall: 0.9244, F1-Score: 0.9309, AUC: 0.9980, AUPR: 0.9700
No improvement, patience counter: 7/25
Fold 1, Epoch: 83/1000, Batch: 854, Loss: 0.0050
Fold 1, Epoch 83/1000, Average Train Loss: 0.0020, LR: 0.000006
Fold 1, Epoch 83, Current decision threshold: 0.0836
Fold 1, Epoch 83/1000, Validation Loss: 0.0085, Accuracy: 0.9967
Fold 1, Epoch 83/1000, Precision: 0.9413, Recall: 0.9228, F1-Score: 0.9320, AUC: 0.9981, AUPR: 0.9703
No improvement, patience counter: 8/25
Fold 1, Epoch: 84/1000, Batch: 854, Loss: 0.0005
Fold 1, Epoch 84/1000, Average Train Loss: 0.0020, LR: 0.000003
Fold 1, Epoch 84, Current decision threshold: 0.0836
Fold 1, Epoch 84/1000, Validation Loss: 0.0082, Accuracy: 0.9967
Fold 1, Epoch 84/1000, Precision: 0.9384, Recall: 0.9261, F1-Score: 0.9322, AUC: 0.9981, AUPR: 0.9705
No improvement, patience counter: 9/25
Fold 1, Epoch: 85/1000, Batch: 854, Loss: 0.0022
Fold 1, Epoch 85/1000, Average Train Loss: 0.0020, LR: 0.000003
Epoch 85: Optimal threshold updated to = 0.1175
Fold 1, Epoch 85, Current decision threshold: 0.1175
Fold 1, Epoch 85/1000, Validation Loss: 0.0084, Accuracy: 0.9969
Fold 1, Epoch 85/1000, Precision: 0.9598, Recall: 0.9113, F1-Score: 0.9349, AUC: 0.9980, AUPR: 0.9704
New best model saved, F1: 0.9349, AUC: 0.9980, AUPR: 0.9704
Fold 1, Epoch: 86/1000, Batch: 854, Loss: 0.0044
Fold 1, Epoch 86/1000, Average Train Loss: 0.0020, LR: 0.000003
Fold 1, Epoch 86, Current decision threshold: 0.1175
Fold 1, Epoch 86/1000, Validation Loss: 0.0084, Accuracy: 0.9969
Fold 1, Epoch 86/1000, Precision: 0.9577, Recall: 0.9113, F1-Score: 0.9339, AUC: 0.9981, AUPR: 0.9705
No improvement, patience counter: 1/25
Fold 1, Epoch: 87/1000, Batch: 854, Loss: 0.0010
Fold 1, Epoch 87/1000, Average Train Loss: 0.0019, LR: 0.000003
Fold 1, Epoch 87, Current decision threshold: 0.1175
Fold 1, Epoch 87/1000, Validation Loss: 0.0085, Accuracy: 0.9969
Fold 1, Epoch 87/1000, Precision: 0.9589, Recall: 0.9101, F1-Score: 0.9338, AUC: 0.9981, AUPR: 0.9707
New best model saved, F1: 0.9338, AUC: 0.9981, AUPR: 0.9707
Fold 1, Epoch: 88/1000, Batch: 854, Loss: 0.0041
Fold 1, Epoch 88/1000, Average Train Loss: 0.0020, LR: 0.000003
Fold 1, Epoch 88, Current decision threshold: 0.1175
Fold 1, Epoch 88/1000, Validation Loss: 0.0083, Accuracy: 0.9969
Fold 1, Epoch 88/1000, Precision: 0.9569, Recall: 0.9117, F1-Score: 0.9338, AUC: 0.9981, AUPR: 0.9705
No improvement, patience counter: 1/25
Fold 1, Epoch: 89/1000, Batch: 854, Loss: 0.0031
Fold 1, Epoch 89/1000, Average Train Loss: 0.0020, LR: 0.000003
Fold 1, Epoch 89, Current decision threshold: 0.1175
Fold 1, Epoch 89/1000, Validation Loss: 0.0083, Accuracy: 0.9968
Fold 1, Epoch 89/1000, Precision: 0.9557, Recall: 0.9117, F1-Score: 0.9332, AUC: 0.9981, AUPR: 0.9706
No improvement, patience counter: 2/25
Fold 1, Epoch: 90/1000, Batch: 854, Loss: 0.0028
Fold 1, Epoch 90/1000, Average Train Loss: 0.0020, LR: 0.000003
Epoch 90: Optimal threshold updated to = 0.1129
Fold 1, Epoch 90, Current decision threshold: 0.1129
Fold 1, Epoch 90/1000, Validation Loss: 0.0085, Accuracy: 0.9969
Fold 1, Epoch 90/1000, Precision: 0.9573, Recall: 0.9109, F1-Score: 0.9335, AUC: 0.9981, AUPR: 0.9705
No improvement, patience counter: 3/25
Fold 1, Epoch: 91/1000, Batch: 854, Loss: 0.0013
Fold 1, Epoch 91/1000, Average Train Loss: 0.0020, LR: 0.000003
Fold 1, Epoch 91, Current decision threshold: 0.1129
Fold 1, Epoch 91/1000, Validation Loss: 0.0082, Accuracy: 0.9968
Fold 1, Epoch 91/1000, Precision: 0.9541, Recall: 0.9125, F1-Score: 0.9328, AUC: 0.9981, AUPR: 0.9705
No improvement, patience counter: 4/25
Fold 1, Epoch: 92/1000, Batch: 854, Loss: 0.0019
Fold 1, Epoch 92/1000, Average Train Loss: 0.0020, LR: 0.000002
Fold 1, Epoch 92, Current decision threshold: 0.1129
Fold 1, Epoch 92/1000, Validation Loss: 0.0083, Accuracy: 0.9969
Fold 1, Epoch 92/1000, Precision: 0.9545, Recall: 0.9138, F1-Score: 0.9337, AUC: 0.9981, AUPR: 0.9706
No improvement, patience counter: 5/25
Fold 1, Epoch: 93/1000, Batch: 854, Loss: 0.0005
Fold 1, Epoch 93/1000, Average Train Loss: 0.0020, LR: 0.000002
Fold 1, Epoch 93, Current decision threshold: 0.1129
Fold 1, Epoch 93/1000, Validation Loss: 0.0084, Accuracy: 0.9969
Fold 1, Epoch 93/1000, Precision: 0.9549, Recall: 0.9129, F1-Score: 0.9334, AUC: 0.9981, AUPR: 0.9706
No improvement, patience counter: 6/25
Fold 1, Epoch: 94/1000, Batch: 854, Loss: 0.0027
Fold 1, Epoch 94/1000, Average Train Loss: 0.0020, LR: 0.000002
Fold 1, Epoch 94, Current decision threshold: 0.1129
Fold 1, Epoch 94/1000, Validation Loss: 0.0083, Accuracy: 0.9968
Fold 1, Epoch 94/1000, Precision: 0.9541, Recall: 0.9133, F1-Score: 0.9333, AUC: 0.9981, AUPR: 0.9705
No improvement, patience counter: 7/25
Fold 1, Epoch: 95/1000, Batch: 854, Loss: 0.0002
Fold 1, Epoch 95/1000, Average Train Loss: 0.0020, LR: 0.000002
Epoch 95: Optimal threshold updated to = 0.0961
Fold 1, Epoch 95, Current decision threshold: 0.0961
Fold 1, Epoch 95/1000, Validation Loss: 0.0084, Accuracy: 0.9969
Fold 1, Epoch 95/1000, Precision: 0.9511, Recall: 0.9183, F1-Score: 0.9344, AUC: 0.9981, AUPR: 0.9706
New best model saved, F1: 0.9344, AUC: 0.9981, AUPR: 0.9706
Fold 1, Epoch: 96/1000, Batch: 854, Loss: 0.0007
Fold 1, Epoch 96/1000, Average Train Loss: 0.0019, LR: 0.000001
Fold 1, Epoch 96, Current decision threshold: 0.0961
Fold 1, Epoch 96/1000, Validation Loss: 0.0084, Accuracy: 0.9968
Fold 1, Epoch 96/1000, Precision: 0.9506, Recall: 0.9170, F1-Score: 0.9335, AUC: 0.9981, AUPR: 0.9707
No improvement, patience counter: 1/25
Fold 1, Epoch: 97/1000, Batch: 854, Loss: 0.0044
Fold 1, Epoch 97/1000, Average Train Loss: 0.0020, LR: 0.000001
Fold 1, Epoch 97, Current decision threshold: 0.0961
Fold 1, Epoch 97/1000, Validation Loss: 0.0084, Accuracy: 0.9968
Fold 1, Epoch 97/1000, Precision: 0.9498, Recall: 0.9175, F1-Score: 0.9334, AUC: 0.9981, AUPR: 0.9707
No improvement, patience counter: 2/25
Fold 1, Epoch: 98/1000, Batch: 854, Loss: 0.0006
Fold 1, Epoch 98/1000, Average Train Loss: 0.0020, LR: 0.000001
Fold 1, Epoch 98, Current decision threshold: 0.0961
Fold 1, Epoch 98/1000, Validation Loss: 0.0085, Accuracy: 0.9969
Fold 1, Epoch 98/1000, Precision: 0.9514, Recall: 0.9175, F1-Score: 0.9341, AUC: 0.9981, AUPR: 0.9707
New best model saved, F1: 0.9341, AUC: 0.9981, AUPR: 0.9707
Fold 1, Epoch: 99/1000, Batch: 854, Loss: 0.0023
Fold 1, Epoch 99/1000, Average Train Loss: 0.0019, LR: 0.000001
Fold 1, Epoch 99, Current decision threshold: 0.0961
Fold 1, Epoch 99/1000, Validation Loss: 0.0084, Accuracy: 0.9968
Fold 1, Epoch 99/1000, Precision: 0.9502, Recall: 0.9175, F1-Score: 0.9336, AUC: 0.9981, AUPR: 0.9707
No improvement, patience counter: 1/25
Fold 1, Epoch: 100/1000, Batch: 854, Loss: 0.0056
Fold 1, Epoch 100/1000, Average Train Loss: 0.0020, LR: 0.000000
Epoch 100: Optimal threshold updated to = 0.0901
Fold 1, Epoch 100, Current decision threshold: 0.0901
Fold 1, Epoch 100/1000, Validation Loss: 0.0084, Accuracy: 0.9969
Fold 1, Epoch 100/1000, Precision: 0.9484, Recall: 0.9207, F1-Score: 0.9344, AUC: 0.9981, AUPR: 0.9707
New best model saved, F1: 0.9344, AUC: 0.9981, AUPR: 0.9707
Fold 1, Epoch: 101/1000, Batch: 854, Loss: 0.0014
Fold 1, Epoch 101/1000, Average Train Loss: 0.0019, LR: 0.000000
Fold 1, Epoch 101, Current decision threshold: 0.0901
Fold 1, Epoch 101/1000, Validation Loss: 0.0085, Accuracy: 0.9969
Fold 1, Epoch 101/1000, Precision: 0.9492, Recall: 0.9199, F1-Score: 0.9343, AUC: 0.9981, AUPR: 0.9707
New best model saved, F1: 0.9343, AUC: 0.9981, AUPR: 0.9707
Fold 1, Epoch: 102/1000, Batch: 854, Loss: 0.0081
Fold 1, Epoch 102/1000, Average Train Loss: 0.0020, LR: 0.000000
Fold 1, Epoch 102, Current decision threshold: 0.0901
Fold 1, Epoch 102/1000, Validation Loss: 0.0083, Accuracy: 0.9969
Fold 1, Epoch 102/1000, Precision: 0.9472, Recall: 0.9211, F1-Score: 0.9340, AUC: 0.9981, AUPR: 0.9707
No improvement, patience counter: 1/25
Fold 1, Epoch: 103/1000, Batch: 854, Loss: 0.0007
Fold 1, Epoch 103/1000, Average Train Loss: 0.0019, LR: 0.000000
Fold 1, Epoch 103, Current decision threshold: 0.0901
Fold 1, Epoch 103/1000, Validation Loss: 0.0083, Accuracy: 0.9969
Fold 1, Epoch 103/1000, Precision: 0.9480, Recall: 0.9211, F1-Score: 0.9344, AUC: 0.9981, AUPR: 0.9707
New best model saved, F1: 0.9344, AUC: 0.9981, AUPR: 0.9707
Fold 1, Epoch: 104/1000, Batch: 854, Loss: 0.0016
Fold 1, Epoch 104/1000, Average Train Loss: 0.0019, LR: 0.000000
Fold 1, Epoch 104, Current decision threshold: 0.0901
Fold 1, Epoch 104/1000, Validation Loss: 0.0084, Accuracy: 0.9969
Fold 1, Epoch 104/1000, Precision: 0.9476, Recall: 0.9211, F1-Score: 0.9342, AUC: 0.9981, AUPR: 0.9707
No improvement, patience counter: 1/25
Fold 1, Epoch: 105/1000, Batch: 854, Loss: 0.0012
Fold 1, Epoch 105/1000, Average Train Loss: 0.0019, LR: 0.000000
Epoch 105: Optimal threshold updated to = 0.0926
Fold 1, Epoch 105, Current decision threshold: 0.0926
Fold 1, Epoch 105/1000, Validation Loss: 0.0084, Accuracy: 0.9969
Fold 1, Epoch 105/1000, Precision: 0.9492, Recall: 0.9207, F1-Score: 0.9348, AUC: 0.9981, AUPR: 0.9707
New best model saved, F1: 0.9348, AUC: 0.9981, AUPR: 0.9707
Fold 1, Epoch: 106/1000, Batch: 854, Loss: 0.0009
Fold 1, Epoch 106/1000, Average Train Loss: 0.0019, LR: 0.000000
Fold 1, Epoch 106, Current decision threshold: 0.0926
Fold 1, Epoch 106/1000, Validation Loss: 0.0083, Accuracy: 0.9969
Fold 1, Epoch 106/1000, Precision: 0.9488, Recall: 0.9211, F1-Score: 0.9348, AUC: 0.9981, AUPR: 0.9707
New best model saved, F1: 0.9348, AUC: 0.9981, AUPR: 0.9707
Fold 1, Epoch: 107/1000, Batch: 854, Loss: 0.0007
Fold 1, Epoch 107/1000, Average Train Loss: 0.0019, LR: 0.000000
Fold 1, Epoch 107, Current decision threshold: 0.0926
Fold 1, Epoch 107/1000, Validation Loss: 0.0083, Accuracy: 0.9969
Fold 1, Epoch 107/1000, Precision: 0.9488, Recall: 0.9211, F1-Score: 0.9348, AUC: 0.9981, AUPR: 0.9707
No improvement, patience counter: 1/25
Fold 1, Epoch: 108/1000, Batch: 854, Loss: 0.0003
Fold 1, Epoch 108/1000, Average Train Loss: 0.0019, LR: 0.000000
Fold 1, Epoch 108, Current decision threshold: 0.0926
Fold 1, Epoch 108/1000, Validation Loss: 0.0084, Accuracy: 0.9969
Fold 1, Epoch 108/1000, Precision: 0.9496, Recall: 0.9207, F1-Score: 0.9349, AUC: 0.9981, AUPR: 0.9707
New best model saved, F1: 0.9349, AUC: 0.9981, AUPR: 0.9707
Fold 1, Epoch: 109/1000, Batch: 854, Loss: 0.0012
Fold 1, Epoch 109/1000, Average Train Loss: 0.0020, LR: 0.000000
Fold 1, Epoch 109, Current decision threshold: 0.0926
Fold 1, Epoch 109/1000, Validation Loss: 0.0083, Accuracy: 0.9969
Fold 1, Epoch 109/1000, Precision: 0.9492, Recall: 0.9211, F1-Score: 0.9350, AUC: 0.9981, AUPR: 0.9707
New best model saved, F1: 0.9350, AUC: 0.9981, AUPR: 0.9707
Fold 1, Epoch: 110/1000, Batch: 854, Loss: 0.0037
Fold 1, Epoch 110/1000, Average Train Loss: 0.0019, LR: 0.000000
Epoch 110: Optimal threshold updated to = 0.0955
Fold 1, Epoch 110, Current decision threshold: 0.0955
Fold 1, Epoch 110/1000, Validation Loss: 0.0083, Accuracy: 0.9969
Fold 1, Epoch 110/1000, Precision: 0.9503, Recall: 0.9195, F1-Score: 0.9347, AUC: 0.9981, AUPR: 0.9707
No improvement, patience counter: 1/25
Fold 1, Epoch: 111/1000, Batch: 854, Loss: 0.0024
Fold 1, Epoch 111/1000, Average Train Loss: 0.0019, LR: 0.000000
Fold 1, Epoch 111, Current decision threshold: 0.0955
Fold 1, Epoch 111/1000, Validation Loss: 0.0084, Accuracy: 0.9969
Fold 1, Epoch 111/1000, Precision: 0.9503, Recall: 0.9195, F1-Score: 0.9347, AUC: 0.9981, AUPR: 0.9707
No improvement, patience counter: 2/25
Fold 1, Epoch: 112/1000, Batch: 854, Loss: 0.0044
Fold 1, Epoch 112/1000, Average Train Loss: 0.0019, LR: 0.000000
Fold 1, Epoch 112, Current decision threshold: 0.0955
Fold 1, Epoch 112/1000, Validation Loss: 0.0083, Accuracy: 0.9969
Fold 1, Epoch 112/1000, Precision: 0.9504, Recall: 0.9203, F1-Score: 0.9351, AUC: 0.9981, AUPR: 0.9707
New best model saved, F1: 0.9351, AUC: 0.9981, AUPR: 0.9707
Fold 1, Epoch: 113/1000, Batch: 854, Loss: 0.0010
Fold 1, Epoch 113/1000, Average Train Loss: 0.0019, LR: 0.000000
Fold 1, Epoch 113, Current decision threshold: 0.0955
Fold 1, Epoch 113/1000, Validation Loss: 0.0083, Accuracy: 0.9969
Fold 1, Epoch 113/1000, Precision: 0.9500, Recall: 0.9199, F1-Score: 0.9347, AUC: 0.9981, AUPR: 0.9707
No improvement, patience counter: 1/25
Fold 1, Epoch: 114/1000, Batch: 854, Loss: 0.0022
Fold 1, Epoch 114/1000, Average Train Loss: 0.0020, LR: 0.000000
Fold 1, Epoch 114, Current decision threshold: 0.0955
Fold 1, Epoch 114/1000, Validation Loss: 0.0083, Accuracy: 0.9969
Fold 1, Epoch 114/1000, Precision: 0.9504, Recall: 0.9199, F1-Score: 0.9349, AUC: 0.9981, AUPR: 0.9707
No improvement, patience counter: 2/25
Fold 1, Epoch: 115/1000, Batch: 854, Loss: 0.0031
Fold 1, Epoch 115/1000, Average Train Loss: 0.0019, LR: 0.000000
Epoch 115: Optimal threshold updated to = 0.0924
Fold 1, Epoch 115, Current decision threshold: 0.0924
Fold 1, Epoch 115/1000, Validation Loss: 0.0083, Accuracy: 0.9969
Fold 1, Epoch 115/1000, Precision: 0.9488, Recall: 0.9211, F1-Score: 0.9348, AUC: 0.9981, AUPR: 0.9707
No improvement, patience counter: 3/25
Fold 1, Epoch: 116/1000, Batch: 854, Loss: 0.0084
Fold 1, Epoch 116/1000, Average Train Loss: 0.0019, LR: 0.000000
Fold 1, Epoch 116, Current decision threshold: 0.0924
Fold 1, Epoch 116/1000, Validation Loss: 0.0083, Accuracy: 0.9969
Fold 1, Epoch 116/1000, Precision: 0.9488, Recall: 0.9211, F1-Score: 0.9348, AUC: 0.9981, AUPR: 0.9707
No improvement, patience counter: 4/25
Fold 1, Epoch: 117/1000, Batch: 854, Loss: 0.0012
Fold 1, Epoch 117/1000, Average Train Loss: 0.0019, LR: 0.000000
Fold 1, Epoch 117, Current decision threshold: 0.0924
Fold 1, Epoch 117/1000, Validation Loss: 0.0083, Accuracy: 0.9969
Fold 1, Epoch 117/1000, Precision: 0.9488, Recall: 0.9216, F1-Score: 0.9350, AUC: 0.9981, AUPR: 0.9707
No improvement, patience counter: 5/25
Fold 1, Epoch: 118/1000, Batch: 854, Loss: 0.0025
Fold 1, Epoch 118/1000, Average Train Loss: 0.0019, LR: 0.000000
Fold 1, Epoch 118, Current decision threshold: 0.0924
Fold 1, Epoch 118/1000, Validation Loss: 0.0083, Accuracy: 0.9969
Fold 1, Epoch 118/1000, Precision: 0.9488, Recall: 0.9216, F1-Score: 0.9350, AUC: 0.9981, AUPR: 0.9707
No improvement, patience counter: 6/25
Fold 1, Epoch: 119/1000, Batch: 854, Loss: 0.0070
Fold 1, Epoch 119/1000, Average Train Loss: 0.0020, LR: 0.000000
Fold 1, Epoch 119, Current decision threshold: 0.0924
Fold 1, Epoch 119/1000, Validation Loss: 0.0083, Accuracy: 0.9969
Fold 1, Epoch 119/1000, Precision: 0.9488, Recall: 0.9216, F1-Score: 0.9350, AUC: 0.9981, AUPR: 0.9707
No improvement, patience counter: 7/25
Fold 1, Epoch: 120/1000, Batch: 854, Loss: 0.0012
Fold 1, Epoch 120/1000, Average Train Loss: 0.0019, LR: 0.000000
Epoch 120: Optimal threshold updated to = 0.0950
Fold 1, Epoch 120, Current decision threshold: 0.0950
Fold 1, Epoch 120/1000, Validation Loss: 0.0083, Accuracy: 0.9969
Fold 1, Epoch 120/1000, Precision: 0.9504, Recall: 0.9199, F1-Score: 0.9349, AUC: 0.9981, AUPR: 0.9707
No improvement, patience counter: 8/25
Fold 1, Epoch: 121/1000, Batch: 854, Loss: 0.0014
Fold 1, Epoch 121/1000, Average Train Loss: 0.0019, LR: 0.000000
Fold 1, Epoch 121, Current decision threshold: 0.0950
Fold 1, Epoch 121/1000, Validation Loss: 0.0083, Accuracy: 0.9969
Fold 1, Epoch 121/1000, Precision: 0.9500, Recall: 0.9203, F1-Score: 0.9349, AUC: 0.9981, AUPR: 0.9707
No improvement, patience counter: 9/25
Fold 1, Epoch: 122/1000, Batch: 854, Loss: 0.0010
Fold 1, Epoch 122/1000, Average Train Loss: 0.0019, LR: 0.000000
Fold 1, Epoch 122, Current decision threshold: 0.0950
Fold 1, Epoch 122/1000, Validation Loss: 0.0083, Accuracy: 0.9969
Fold 1, Epoch 122/1000, Precision: 0.9500, Recall: 0.9203, F1-Score: 0.9349, AUC: 0.9981, AUPR: 0.9707
No improvement, patience counter: 10/25
Fold 1, Epoch: 123/1000, Batch: 854, Loss: 0.0011
Fold 1, Epoch 123/1000, Average Train Loss: 0.0019, LR: 0.000000
Fold 1, Epoch 123, Current decision threshold: 0.0950
Fold 1, Epoch 123/1000, Validation Loss: 0.0083, Accuracy: 0.9969
Fold 1, Epoch 123/1000, Precision: 0.9500, Recall: 0.9199, F1-Score: 0.9347, AUC: 0.9981, AUPR: 0.9707
No improvement, patience counter: 11/25
Fold 1, Epoch: 124/1000, Batch: 854, Loss: 0.0006
Fold 1, Epoch 124/1000, Average Train Loss: 0.0019, LR: 0.000000
Fold 1, Epoch 124, Current decision threshold: 0.0950
Fold 1, Epoch 124/1000, Validation Loss: 0.0083, Accuracy: 0.9969
Fold 1, Epoch 124/1000, Precision: 0.9500, Recall: 0.9203, F1-Score: 0.9349, AUC: 0.9981, AUPR: 0.9707
No improvement, patience counter: 12/25
Fold 1, Epoch: 125/1000, Batch: 854, Loss: 0.0009
Fold 1, Epoch 125/1000, Average Train Loss: 0.0020, LR: 0.000000
Epoch 125: Optimal threshold updated to = 0.0951
Fold 1, Epoch 125, Current decision threshold: 0.0951
Fold 1, Epoch 125/1000, Validation Loss: 0.0083, Accuracy: 0.9969
Fold 1, Epoch 125/1000, Precision: 0.9504, Recall: 0.9199, F1-Score: 0.9349, AUC: 0.9981, AUPR: 0.9707
No improvement, patience counter: 13/25
Fold 1, Epoch: 126/1000, Batch: 854, Loss: 0.0014
Fold 1, Epoch 126/1000, Average Train Loss: 0.0020, LR: 0.000000
Fold 1, Epoch 126, Current decision threshold: 0.0951
Fold 1, Epoch 126/1000, Validation Loss: 0.0083, Accuracy: 0.9969
Fold 1, Epoch 126/1000, Precision: 0.9500, Recall: 0.9203, F1-Score: 0.9349, AUC: 0.9981, AUPR: 0.9707
No improvement, patience counter: 14/25
Fold 1, Epoch: 127/1000, Batch: 854, Loss: 0.0002
Fold 1, Epoch 127/1000, Average Train Loss: 0.0020, LR: 0.000000
Fold 1, Epoch 127, Current decision threshold: 0.0951
Fold 1, Epoch 127/1000, Validation Loss: 0.0083, Accuracy: 0.9969
Fold 1, Epoch 127/1000, Precision: 0.9504, Recall: 0.9203, F1-Score: 0.9351, AUC: 0.9981, AUPR: 0.9707
No improvement, patience counter: 15/25
Fold 1, Epoch: 128/1000, Batch: 854, Loss: 0.0005
Fold 1, Epoch 128/1000, Average Train Loss: 0.0019, LR: 0.000000
Fold 1, Epoch 128, Current decision threshold: 0.0951
Fold 1, Epoch 128/1000, Validation Loss: 0.0083, Accuracy: 0.9969
Fold 1, Epoch 128/1000, Precision: 0.9496, Recall: 0.9203, F1-Score: 0.9347, AUC: 0.9981, AUPR: 0.9707
No improvement, patience counter: 16/25
Fold 1, Epoch: 129/1000, Batch: 854, Loss: 0.0007
Fold 1, Epoch 129/1000, Average Train Loss: 0.0019, LR: 0.000000
Fold 1, Epoch 129, Current decision threshold: 0.0951
Fold 1, Epoch 129/1000, Validation Loss: 0.0083, Accuracy: 0.9969
Fold 1, Epoch 129/1000, Precision: 0.9496, Recall: 0.9203, F1-Score: 0.9347, AUC: 0.9981, AUPR: 0.9707
No improvement, patience counter: 17/25
Fold 1, Epoch: 130/1000, Batch: 854, Loss: 0.0020
Fold 1, Epoch 130/1000, Average Train Loss: 0.0020, LR: 0.000000
Epoch 130: Optimal threshold updated to = 0.0931
Fold 1, Epoch 130, Current decision threshold: 0.0931
Fold 1, Epoch 130/1000, Validation Loss: 0.0083, Accuracy: 0.9969
Fold 1, Epoch 130/1000, Precision: 0.9492, Recall: 0.9211, F1-Score: 0.9350, AUC: 0.9981, AUPR: 0.9707
No improvement, patience counter: 18/25
Fold 1, Epoch: 131/1000, Batch: 854, Loss: 0.0009
Fold 1, Epoch 131/1000, Average Train Loss: 0.0020, LR: 0.000000
Fold 1, Epoch 131, Current decision threshold: 0.0931
Fold 1, Epoch 131/1000, Validation Loss: 0.0083, Accuracy: 0.9969
Fold 1, Epoch 131/1000, Precision: 0.9492, Recall: 0.9216, F1-Score: 0.9352, AUC: 0.9981, AUPR: 0.9707
New best model saved, F1: 0.9352, AUC: 0.9981, AUPR: 0.9707
Fold 1, Epoch: 132/1000, Batch: 854, Loss: 0.0011
Fold 1, Epoch 132/1000, Average Train Loss: 0.0019, LR: 0.000000
Fold 1, Epoch 132, Current decision threshold: 0.0931
Fold 1, Epoch 132/1000, Validation Loss: 0.0083, Accuracy: 0.9969
Fold 1, Epoch 132/1000, Precision: 0.9492, Recall: 0.9216, F1-Score: 0.9352, AUC: 0.9981, AUPR: 0.9707
New best model saved, F1: 0.9352, AUC: 0.9981, AUPR: 0.9707
Fold 1, Epoch: 133/1000, Batch: 854, Loss: 0.0010
Fold 1, Epoch 133/1000, Average Train Loss: 0.0019, LR: 0.000000
Fold 1, Epoch 133, Current decision threshold: 0.0931
Fold 1, Epoch 133/1000, Validation Loss: 0.0083, Accuracy: 0.9969
Fold 1, Epoch 133/1000, Precision: 0.9488, Recall: 0.9216, F1-Score: 0.9350, AUC: 0.9981, AUPR: 0.9707
No improvement, patience counter: 1/25
Fold 1, Epoch: 134/1000, Batch: 854, Loss: 0.0018
Fold 1, Epoch 134/1000, Average Train Loss: 0.0020, LR: 0.000000
Fold 1, Epoch 134, Current decision threshold: 0.0931
Fold 1, Epoch 134/1000, Validation Loss: 0.0083, Accuracy: 0.9969
Fold 1, Epoch 134/1000, Precision: 0.9488, Recall: 0.9216, F1-Score: 0.9350, AUC: 0.9981, AUPR: 0.9707
No improvement, patience counter: 2/25
Fold 1, Epoch: 135/1000, Batch: 854, Loss: 0.0010
Fold 1, Epoch 135/1000, Average Train Loss: 0.0019, LR: 0.000000
Epoch 135: Optimal threshold updated to = 0.0932
Fold 1, Epoch 135, Current decision threshold: 0.0932
Fold 1, Epoch 135/1000, Validation Loss: 0.0083, Accuracy: 0.9969
Fold 1, Epoch 135/1000, Precision: 0.9492, Recall: 0.9211, F1-Score: 0.9350, AUC: 0.9981, AUPR: 0.9707
No improvement, patience counter: 3/25
Fold 1, Epoch: 136/1000, Batch: 854, Loss: 0.0007
Fold 1, Epoch 136/1000, Average Train Loss: 0.0019, LR: 0.000000
Fold 1, Epoch 136, Current decision threshold: 0.0932
Fold 1, Epoch 136/1000, Validation Loss: 0.0083, Accuracy: 0.9969
Fold 1, Epoch 136/1000, Precision: 0.9492, Recall: 0.9216, F1-Score: 0.9352, AUC: 0.9981, AUPR: 0.9707
No improvement, patience counter: 4/25
Fold 1, Epoch: 137/1000, Batch: 854, Loss: 0.0007
Fold 1, Epoch 137/1000, Average Train Loss: 0.0019, LR: 0.000000
Fold 1, Epoch 137, Current decision threshold: 0.0932
Fold 1, Epoch 137/1000, Validation Loss: 0.0083, Accuracy: 0.9969
Fold 1, Epoch 137/1000, Precision: 0.9492, Recall: 0.9216, F1-Score: 0.9352, AUC: 0.9981, AUPR: 0.9707
No improvement, patience counter: 5/25
Fold 1, Epoch: 138/1000, Batch: 854, Loss: 0.0007
Fold 1, Epoch 138/1000, Average Train Loss: 0.0019, LR: 0.000000
Fold 1, Epoch 138, Current decision threshold: 0.0932
Fold 1, Epoch 138/1000, Validation Loss: 0.0083, Accuracy: 0.9969
Fold 1, Epoch 138/1000, Precision: 0.9496, Recall: 0.9211, F1-Score: 0.9352, AUC: 0.9981, AUPR: 0.9707
No improvement, patience counter: 6/25
Fold 1, Epoch: 139/1000, Batch: 854, Loss: 0.0008
Fold 1, Epoch 139/1000, Average Train Loss: 0.0019, LR: 0.000000
Fold 1, Epoch 139, Current decision threshold: 0.0932
Fold 1, Epoch 139/1000, Validation Loss: 0.0083, Accuracy: 0.9969
Fold 1, Epoch 139/1000, Precision: 0.9496, Recall: 0.9211, F1-Score: 0.9352, AUC: 0.9981, AUPR: 0.9707
No improvement, patience counter: 7/25
Fold 1, Epoch: 140/1000, Batch: 854, Loss: 0.0064
Fold 1, Epoch 140/1000, Average Train Loss: 0.0020, LR: 0.000000
Epoch 140: Optimal threshold updated to = 0.0930
Fold 1, Epoch 140, Current decision threshold: 0.0930
Fold 1, Epoch 140/1000, Validation Loss: 0.0083, Accuracy: 0.9969
Fold 1, Epoch 140/1000, Precision: 0.9492, Recall: 0.9211, F1-Score: 0.9350, AUC: 0.9981, AUPR: 0.9707
No improvement, patience counter: 8/25
Fold 1, Epoch: 141/1000, Batch: 854, Loss: 0.0005
Fold 1, Epoch 141/1000, Average Train Loss: 0.0019, LR: 0.000000
Fold 1, Epoch 141, Current decision threshold: 0.0930
Fold 1, Epoch 141/1000, Validation Loss: 0.0083, Accuracy: 0.9969
Fold 1, Epoch 141/1000, Precision: 0.9492, Recall: 0.9216, F1-Score: 0.9352, AUC: 0.9981, AUPR: 0.9707
No improvement, patience counter: 9/25
Fold 1, Epoch: 142/1000, Batch: 854, Loss: 0.0006
Fold 1, Epoch 142/1000, Average Train Loss: 0.0020, LR: 0.000000
Fold 1, Epoch 142, Current decision threshold: 0.0930
Fold 1, Epoch 142/1000, Validation Loss: 0.0083, Accuracy: 0.9969
Fold 1, Epoch 142/1000, Precision: 0.9492, Recall: 0.9211, F1-Score: 0.9350, AUC: 0.9981, AUPR: 0.9707
No improvement, patience counter: 10/25
Fold 1, Epoch: 143/1000, Batch: 854, Loss: 0.0062
Fold 1, Epoch 143/1000, Average Train Loss: 0.0020, LR: 0.000000
Fold 1, Epoch 143, Current decision threshold: 0.0930
Fold 1, Epoch 143/1000, Validation Loss: 0.0083, Accuracy: 0.9969
Fold 1, Epoch 143/1000, Precision: 0.9492, Recall: 0.9211, F1-Score: 0.9350, AUC: 0.9981, AUPR: 0.9707
No improvement, patience counter: 11/25
Fold 1, Epoch: 144/1000, Batch: 854, Loss: 0.0009
Fold 1, Epoch 144/1000, Average Train Loss: 0.0020, LR: 0.000000
Fold 1, Epoch 144, Current decision threshold: 0.0930
Fold 1, Epoch 144/1000, Validation Loss: 0.0083, Accuracy: 0.9969
Fold 1, Epoch 144/1000, Precision: 0.9492, Recall: 0.9211, F1-Score: 0.9350, AUC: 0.9981, AUPR: 0.9707
No improvement, patience counter: 12/25
Fold 1, Epoch: 145/1000, Batch: 854, Loss: 0.0030
Fold 1, Epoch 145/1000, Average Train Loss: 0.0020, LR: 0.000000
Epoch 145: Optimal threshold updated to = 0.0930
Fold 1, Epoch 145, Current decision threshold: 0.0930
Fold 1, Epoch 145/1000, Validation Loss: 0.0083, Accuracy: 0.9969
Fold 1, Epoch 145/1000, Precision: 0.9492, Recall: 0.9211, F1-Score: 0.9350, AUC: 0.9981, AUPR: 0.9707
No improvement, patience counter: 13/25
Fold 1, Epoch: 146/1000, Batch: 854, Loss: 0.0033
Fold 1, Epoch 146/1000, Average Train Loss: 0.0019, LR: 0.000000
Fold 1, Epoch 146, Current decision threshold: 0.0930
Fold 1, Epoch 146/1000, Validation Loss: 0.0083, Accuracy: 0.9969
Fold 1, Epoch 146/1000, Precision: 0.9492, Recall: 0.9216, F1-Score: 0.9352, AUC: 0.9981, AUPR: 0.9707
No improvement, patience counter: 14/25
Fold 1, Epoch: 147/1000, Batch: 854, Loss: 0.0025
Fold 1, Epoch 147/1000, Average Train Loss: 0.0019, LR: 0.000000
Fold 1, Epoch 147, Current decision threshold: 0.0930
Fold 1, Epoch 147/1000, Validation Loss: 0.0083, Accuracy: 0.9969
Fold 1, Epoch 147/1000, Precision: 0.9492, Recall: 0.9216, F1-Score: 0.9352, AUC: 0.9981, AUPR: 0.9707
No improvement, patience counter: 15/25
Fold 1, Epoch: 148/1000, Batch: 854, Loss: 0.0006
Fold 1, Epoch 148/1000, Average Train Loss: 0.0019, LR: 0.000000
Fold 1, Epoch 148, Current decision threshold: 0.0930
Fold 1, Epoch 148/1000, Validation Loss: 0.0083, Accuracy: 0.9969
Fold 1, Epoch 148/1000, Precision: 0.9492, Recall: 0.9216, F1-Score: 0.9352, AUC: 0.9981, AUPR: 0.9707
No improvement, patience counter: 16/25
Fold 1, Epoch: 149/1000, Batch: 854, Loss: 0.0200
Fold 1, Epoch 149/1000, Average Train Loss: 0.0019, LR: 0.000000
Fold 1, Epoch 149, Current decision threshold: 0.0930
Fold 1, Epoch 149/1000, Validation Loss: 0.0083, Accuracy: 0.9969
Fold 1, Epoch 149/1000, Precision: 0.9492, Recall: 0.9216, F1-Score: 0.9352, AUC: 0.9981, AUPR: 0.9707
No improvement, patience counter: 17/25
Fold 1, Epoch: 150/1000, Batch: 854, Loss: 0.0025
Fold 1, Epoch 150/1000, Average Train Loss: 0.0020, LR: 0.000000
Epoch 150: Optimal threshold updated to = 0.0932
Fold 1, Epoch 150, Current decision threshold: 0.0932
Fold 1, Epoch 150/1000, Validation Loss: 0.0083, Accuracy: 0.9969
Fold 1, Epoch 150/1000, Precision: 0.9492, Recall: 0.9211, F1-Score: 0.9350, AUC: 0.9981, AUPR: 0.9707
No improvement, patience counter: 18/25
Fold 1, Epoch: 151/1000, Batch: 854, Loss: 0.0007
Fold 1, Epoch 151/1000, Average Train Loss: 0.0019, LR: 0.000000
Fold 1, Epoch 151, Current decision threshold: 0.0932
Fold 1, Epoch 151/1000, Validation Loss: 0.0083, Accuracy: 0.9969
Fold 1, Epoch 151/1000, Precision: 0.9492, Recall: 0.9216, F1-Score: 0.9352, AUC: 0.9981, AUPR: 0.9707
No improvement, patience counter: 19/25
Fold 1, Epoch: 152/1000, Batch: 854, Loss: 0.0011
Fold 1, Epoch 152/1000, Average Train Loss: 0.0019, LR: 0.000000
Fold 1, Epoch 152, Current decision threshold: 0.0932
Fold 1, Epoch 152/1000, Validation Loss: 0.0083, Accuracy: 0.9969
Fold 1, Epoch 152/1000, Precision: 0.9492, Recall: 0.9216, F1-Score: 0.9352, AUC: 0.9981, AUPR: 0.9707
No improvement, patience counter: 20/25
Fold 1, Epoch: 153/1000, Batch: 854, Loss: 0.0042
Fold 1, Epoch 153/1000, Average Train Loss: 0.0019, LR: 0.000000
Fold 1, Epoch 153, Current decision threshold: 0.0932
Fold 1, Epoch 153/1000, Validation Loss: 0.0083, Accuracy: 0.9969
Fold 1, Epoch 153/1000, Precision: 0.9492, Recall: 0.9216, F1-Score: 0.9352, AUC: 0.9981, AUPR: 0.9707
No improvement, patience counter: 21/25
Fold 1, Epoch: 154/1000, Batch: 854, Loss: 0.0013
Fold 1, Epoch 154/1000, Average Train Loss: 0.0019, LR: 0.000000
Fold 1, Epoch 154, Current decision threshold: 0.0932
Fold 1, Epoch 154/1000, Validation Loss: 0.0083, Accuracy: 0.9969
Fold 1, Epoch 154/1000, Precision: 0.9492, Recall: 0.9216, F1-Score: 0.9352, AUC: 0.9981, AUPR: 0.9707
No improvement, patience counter: 22/25
Fold 1, Epoch: 155/1000, Batch: 854, Loss: 0.0036
Fold 1, Epoch 155/1000, Average Train Loss: 0.0020, LR: 0.000000
Epoch 155: Optimal threshold updated to = 0.0932
Fold 1, Epoch 155, Current decision threshold: 0.0932
Fold 1, Epoch 155/1000, Validation Loss: 0.0083, Accuracy: 0.9969
Fold 1, Epoch 155/1000, Precision: 0.9492, Recall: 0.9211, F1-Score: 0.9350, AUC: 0.9981, AUPR: 0.9707
No improvement, patience counter: 23/25
Fold 1, Epoch: 156/1000, Batch: 854, Loss: 0.0028
Fold 1, Epoch 156/1000, Average Train Loss: 0.0019, LR: 0.000000
Fold 1, Epoch 156, Current decision threshold: 0.0932
Fold 1, Epoch 156/1000, Validation Loss: 0.0083, Accuracy: 0.9969
Fold 1, Epoch 156/1000, Precision: 0.9492, Recall: 0.9211, F1-Score: 0.9350, AUC: 0.9981, AUPR: 0.9707
No improvement, patience counter: 24/25
Fold 1, Epoch: 157/1000, Batch: 854, Loss: 0.0038
Fold 1, Epoch 157/1000, Average Train Loss: 0.0020, LR: 0.000000
Fold 1, Epoch 157, Current decision threshold: 0.0932
Fold 1, Epoch 157/1000, Validation Loss: 0.0083, Accuracy: 0.9969
Fold 1, Epoch 157/1000, Precision: 0.9492, Recall: 0.9211, F1-Score: 0.9350, AUC: 0.9981, AUPR: 0.9707
No improvement, patience counter: 25/25
Early stopping at epoch 157
Restored best model, F1: 0.9352, AUC: 0.9981, AUPR: 0.9707
Round 8, Fold 1 best model and threshold 0.0932 saved to D:\SPAN\models\span_round_8_fold_1.pkl
Completed fold 1 in 5-folds, Validation Loss: 0.0083, Accuracy: 0.9969
Completed fold 1 in 5-folds, Precision: 0.9492, Recall: 0.9216, F1-Score: 0.9352, AUC: 0.9981, AUPR: 0.9707
Fold 1 test Finished! - 2026-04-07 17:22:53
======================================================================
Final Results Summary
----------------------------------------------------------------------
AUC         AUPR        Acc         F1          Pre         Recall      
0.9981      0.9707      0.9969      0.9352      0.9492      0.9216      
======================================================================
