Logging for round 2, fold 1 configured to file: D:\SPAN\logs\fafa-round_2-fold_1.log - 2026-04-04 13:47:24
========== Round 2 - Fold 1 Training ==========
current_sys_path: D:\SPAN
device = cuda
Global seed initialized to 42 for reproducibility
Using GPU: NVIDIA GeForce RTX 3060 Laptop GPU
Starting fold 1 in 5-folds
Training data - Positive samples: tensor([44886.]), Negative samples: tensor([392091.])
Fold 1, Epoch: 1/1000, Batch: 854, Loss: 0.0225
Fold 1, Epoch 1/1000, Average Train Loss: 0.0312, LR: 0.000200
Fold 1, Epoch 1, Current decision threshold: 0.2000
Fold 1, Epoch 1/1000, Validation Loss: 0.0101, Accuracy: 0.8004
Fold 1, Epoch 1/1000, Precision: 0.1076, Recall: 0.9992, F1-Score: 0.1943, AUC: 0.9737, AUPR: 0.4129
New best model saved, F1: 0.1943, AUC: 0.9737, AUPR: 0.4129
Fold 1, Epoch: 2/1000, Batch: 854, Loss: 0.0136
Fold 1, Epoch 2/1000, Average Train Loss: 0.0174, LR: 0.000200
Fold 1, Epoch 2, Current decision threshold: 0.2000
Fold 1, Epoch 2/1000, Validation Loss: 0.0065, Accuracy: 0.9812
Fold 1, Epoch 2/1000, Precision: 0.5712, Recall: 0.8843, F1-Score: 0.6940, AUC: 0.9928, AUPR: 0.7314
New best model saved, F1: 0.6940, AUC: 0.9928, AUPR: 0.7314
Fold 1, Epoch: 3/1000, Batch: 854, Loss: 0.0048
Fold 1, Epoch 3/1000, Average Train Loss: 0.0128, LR: 0.000200
Fold 1, Epoch 3, Current decision threshold: 0.2000
Fold 1, Epoch 3/1000, Validation Loss: 0.0049, Accuracy: 0.9838
Fold 1, Epoch 3/1000, Precision: 0.6047, Recall: 0.9452, F1-Score: 0.7376, AUC: 0.9952, AUPR: 0.8110
New best model saved, F1: 0.7376, AUC: 0.9952, AUPR: 0.8110
Fold 1, Epoch: 4/1000, Batch: 854, Loss: 0.0046
Fold 1, Epoch 4/1000, Average Train Loss: 0.0111, LR: 0.000200
Fold 1, Epoch 4, Current decision threshold: 0.2000
Fold 1, Epoch 4/1000, Validation Loss: 0.0063, Accuracy: 0.9894
Fold 1, Epoch 4/1000, Precision: 0.7339, Recall: 0.8801, F1-Score: 0.8004, AUC: 0.9963, AUPR: 0.8589
New best model saved, F1: 0.8004, AUC: 0.9963, AUPR: 0.8589
Fold 1, Epoch: 5/1000, Batch: 854, Loss: 0.0085
Fold 1, Epoch 5/1000, Average Train Loss: 0.0099, LR: 0.000200
Epoch 5: Optimal threshold updated to = 0.2552
Fold 1, Epoch 5, Current decision threshold: 0.2552
Fold 1, Epoch 5/1000, Validation Loss: 0.0050, Accuracy: 0.9915
Fold 1, Epoch 5/1000, Precision: 0.7981, Recall: 0.8661, F1-Score: 0.8307, AUC: 0.9972, AUPR: 0.8847
New best model saved, F1: 0.8307, AUC: 0.9972, AUPR: 0.8847
Fold 1, Epoch: 6/1000, Batch: 854, Loss: 0.0091
Fold 1, Epoch 6/1000, Average Train Loss: 0.0092, LR: 0.000200
Fold 1, Epoch 6, Current decision threshold: 0.2552
Fold 1, Epoch 6/1000, Validation Loss: 0.0053, Accuracy: 0.9918
Fold 1, Epoch 6/1000, Precision: 0.8175, Recall: 0.8488, F1-Score: 0.8329, AUC: 0.9972, AUPR: 0.8946
New best model saved, F1: 0.8329, AUC: 0.9972, AUPR: 0.8946
Fold 1, Epoch: 7/1000, Batch: 854, Loss: 0.0053
Fold 1, Epoch 7/1000, Average Train Loss: 0.0085, LR: 0.000200
Fold 1, Epoch 7, Current decision threshold: 0.2552
Fold 1, Epoch 7/1000, Validation Loss: 0.0055, Accuracy: 0.9932
Fold 1, Epoch 7/1000, Precision: 0.8691, Recall: 0.8451, F1-Score: 0.8570, AUC: 0.9978, AUPR: 0.9179
New best model saved, F1: 0.8570, AUC: 0.9978, AUPR: 0.9179
Fold 1, Epoch: 8/1000, Batch: 854, Loss: 0.0036
Fold 1, Epoch 8/1000, Average Train Loss: 0.0080, LR: 0.000200
Fold 1, Epoch 8, Current decision threshold: 0.2552
Fold 1, Epoch 8/1000, Validation Loss: 0.0062, Accuracy: 0.9928
Fold 1, Epoch 8/1000, Precision: 0.8839, Recall: 0.8056, F1-Score: 0.8429, AUC: 0.9977, AUPR: 0.9195
No improvement, patience counter: 1/25
Fold 1, Epoch: 9/1000, Batch: 854, Loss: 0.0070
Fold 1, Epoch 9/1000, Average Train Loss: 0.0075, LR: 0.000200
Fold 1, Epoch 9, Current decision threshold: 0.2552
Fold 1, Epoch 9/1000, Validation Loss: 0.0069, Accuracy: 0.9929
Fold 1, Epoch 9/1000, Precision: 0.9122, Recall: 0.7784, F1-Score: 0.8400, AUC: 0.9979, AUPR: 0.9318
New best model saved, F1: 0.8400, AUC: 0.9979, AUPR: 0.9318
Fold 1, Epoch: 10/1000, Batch: 854, Loss: 0.0074
Fold 1, Epoch 10/1000, Average Train Loss: 0.0072, LR: 0.000200
Epoch 10: Optimal threshold updated to = 0.1861
Fold 1, Epoch 10, Current decision threshold: 0.1861
Fold 1, Epoch 10/1000, Validation Loss: 0.0058, Accuracy: 0.9936
Fold 1, Epoch 10/1000, Precision: 0.8380, Recall: 0.9077, F1-Score: 0.8715, AUC: 0.9977, AUPR: 0.9278
New best model saved, F1: 0.8715, AUC: 0.9977, AUPR: 0.9278
Fold 1, Epoch: 11/1000, Batch: 854, Loss: 0.0100
Fold 1, Epoch 11/1000, Average Train Loss: 0.0069, LR: 0.000200
Fold 1, Epoch 11, Current decision threshold: 0.1861
Fold 1, Epoch 11/1000, Validation Loss: 0.0068, Accuracy: 0.9941
Fold 1, Epoch 11/1000, Precision: 0.8735, Recall: 0.8814, F1-Score: 0.8774, AUC: 0.9978, AUPR: 0.9340
New best model saved, F1: 0.8774, AUC: 0.9978, AUPR: 0.9340
Fold 1, Epoch: 12/1000, Batch: 854, Loss: 0.0098
Fold 1, Epoch 12/1000, Average Train Loss: 0.0066, LR: 0.000200
Fold 1, Epoch 12, Current decision threshold: 0.1861
Fold 1, Epoch 12/1000, Validation Loss: 0.0059, Accuracy: 0.9944
Fold 1, Epoch 12/1000, Precision: 0.8676, Recall: 0.9044, F1-Score: 0.8857, AUC: 0.9980, AUPR: 0.9390
New best model saved, F1: 0.8857, AUC: 0.9980, AUPR: 0.9390
Fold 1, Epoch: 13/1000, Batch: 854, Loss: 0.0028
Fold 1, Epoch 13/1000, Average Train Loss: 0.0063, LR: 0.000200
Fold 1, Epoch 13, Current decision threshold: 0.1861
Fold 1, Epoch 13/1000, Validation Loss: 0.0059, Accuracy: 0.9944
Fold 1, Epoch 13/1000, Precision: 0.8688, Recall: 0.9028, F1-Score: 0.8855, AUC: 0.9980, AUPR: 0.9419
New best model saved, F1: 0.8855, AUC: 0.9980, AUPR: 0.9419
Fold 1, Epoch: 14/1000, Batch: 854, Loss: 0.0066
Fold 1, Epoch 14/1000, Average Train Loss: 0.0061, LR: 0.000200
Fold 1, Epoch 14, Current decision threshold: 0.1861
Fold 1, Epoch 14/1000, Validation Loss: 0.0061, Accuracy: 0.9950
Fold 1, Epoch 14/1000, Precision: 0.8903, Recall: 0.9024, F1-Score: 0.8963, AUC: 0.9981, AUPR: 0.9487
New best model saved, F1: 0.8963, AUC: 0.9981, AUPR: 0.9487
Fold 1, Epoch: 15/1000, Batch: 854, Loss: 0.0069
Fold 1, Epoch 15/1000, Average Train Loss: 0.0059, LR: 0.000200
Epoch 15: Optimal threshold updated to = 0.1526
Fold 1, Epoch 15, Current decision threshold: 0.1526
Fold 1, Epoch 15/1000, Validation Loss: 0.0059, Accuracy: 0.9952
Fold 1, Epoch 15/1000, Precision: 0.8786, Recall: 0.9300, F1-Score: 0.9036, AUC: 0.9982, AUPR: 0.9491
New best model saved, F1: 0.9036, AUC: 0.9982, AUPR: 0.9491
Fold 1, Epoch: 16/1000, Batch: 854, Loss: 0.0059
Fold 1, Epoch 16/1000, Average Train Loss: 0.0056, LR: 0.000200
Fold 1, Epoch 16, Current decision threshold: 0.1526
Fold 1, Epoch 16/1000, Validation Loss: 0.0085, Accuracy: 0.9948
Fold 1, Epoch 16/1000, Precision: 0.9148, Recall: 0.8629, F1-Score: 0.8881, AUC: 0.9982, AUPR: 0.9504
No improvement, patience counter: 1/25
Fold 1, Epoch: 17/1000, Batch: 854, Loss: 0.0037
Fold 1, Epoch 17/1000, Average Train Loss: 0.0055, LR: 0.000200
Fold 1, Epoch 17, Current decision threshold: 0.1526
Fold 1, Epoch 17/1000, Validation Loss: 0.0056, Accuracy: 0.9949
Fold 1, Epoch 17/1000, Precision: 0.8690, Recall: 0.9259, F1-Score: 0.8965, AUC: 0.9982, AUPR: 0.9503
No improvement, patience counter: 2/25
Fold 1, Epoch: 18/1000, Batch: 854, Loss: 0.0038
Fold 1, Epoch 18/1000, Average Train Loss: 0.0053, LR: 0.000200
Fold 1, Epoch 18, Current decision threshold: 0.1526
Fold 1, Epoch 18/1000, Validation Loss: 0.0081, Accuracy: 0.9953
Fold 1, Epoch 18/1000, Precision: 0.9244, Recall: 0.8764, F1-Score: 0.8998, AUC: 0.9983, AUPR: 0.9534
New best model saved, F1: 0.8998, AUC: 0.9983, AUPR: 0.9534
Fold 1, Epoch: 19/1000, Batch: 854, Loss: 0.0036
Fold 1, Epoch 19/1000, Average Train Loss: 0.0052, LR: 0.000200
Fold 1, Epoch 19, Current decision threshold: 0.1526
Fold 1, Epoch 19/1000, Validation Loss: 0.0064, Accuracy: 0.9956
Fold 1, Epoch 19/1000, Precision: 0.8998, Recall: 0.9176, F1-Score: 0.9086, AUC: 0.9983, AUPR: 0.9565
New best model saved, F1: 0.9086, AUC: 0.9983, AUPR: 0.9565
Fold 1, Epoch: 20/1000, Batch: 854, Loss: 0.0033
Fold 1, Epoch 20/1000, Average Train Loss: 0.0051, LR: 0.000200
Epoch 20: Optimal threshold updated to = 0.2458
Fold 1, Epoch 20, Current decision threshold: 0.2458
Fold 1, Epoch 20/1000, Validation Loss: 0.0052, Accuracy: 0.9954
Fold 1, Epoch 20/1000, Precision: 0.9060, Recall: 0.9012, F1-Score: 0.9036, AUC: 0.9982, AUPR: 0.9547
No improvement, patience counter: 1/25
Fold 1, Epoch: 21/1000, Batch: 854, Loss: 0.0036
Fold 1, Epoch 21/1000, Average Train Loss: 0.0050, LR: 0.000200
Fold 1, Epoch 21, Current decision threshold: 0.2458
Fold 1, Epoch 21/1000, Validation Loss: 0.0070, Accuracy: 0.9946
Fold 1, Epoch 21/1000, Precision: 0.9331, Recall: 0.8336, F1-Score: 0.8806, AUC: 0.9981, AUPR: 0.9543
No improvement, patience counter: 2/25
Fold 1, Epoch: 22/1000, Batch: 854, Loss: 0.0035
Fold 1, Epoch 22/1000, Average Train Loss: 0.0048, LR: 0.000200
Fold 1, Epoch 22, Current decision threshold: 0.2458
Fold 1, Epoch 22/1000, Validation Loss: 0.0058, Accuracy: 0.9953
Fold 1, Epoch 22/1000, Precision: 0.9271, Recall: 0.8748, F1-Score: 0.9002, AUC: 0.9983, AUPR: 0.9578
No improvement, patience counter: 3/25
Fold 1, Epoch: 23/1000, Batch: 854, Loss: 0.0049
Fold 1, Epoch 23/1000, Average Train Loss: 0.0047, LR: 0.000200
Fold 1, Epoch 23, Current decision threshold: 0.2458
Fold 1, Epoch 23/1000, Validation Loss: 0.0057, Accuracy: 0.9953
Fold 1, Epoch 23/1000, Precision: 0.9234, Recall: 0.8785, F1-Score: 0.9004, AUC: 0.9983, AUPR: 0.9580
No improvement, patience counter: 4/25
Fold 1, Epoch: 24/1000, Batch: 854, Loss: 0.0037
Fold 1, Epoch 24/1000, Average Train Loss: 0.0041, LR: 0.000100
Fold 1, Epoch 24, Current decision threshold: 0.2458
Fold 1, Epoch 24/1000, Validation Loss: 0.0064, Accuracy: 0.9954
Fold 1, Epoch 24/1000, Precision: 0.9385, Recall: 0.8670, F1-Score: 0.9013, AUC: 0.9982, AUPR: 0.9581
No improvement, patience counter: 5/25
Fold 1, Epoch: 25/1000, Batch: 854, Loss: 0.0038
Fold 1, Epoch 25/1000, Average Train Loss: 0.0041, LR: 0.000100
Epoch 25: Optimal threshold updated to = 0.1214
Fold 1, Epoch 25, Current decision threshold: 0.1214
Fold 1, Epoch 25/1000, Validation Loss: 0.0071, Accuracy: 0.9959
Fold 1, Epoch 25/1000, Precision: 0.9161, Recall: 0.9127, F1-Score: 0.9144, AUC: 0.9983, AUPR: 0.9609
New best model saved, F1: 0.9144, AUC: 0.9983, AUPR: 0.9609
Fold 1, Epoch: 26/1000, Batch: 854, Loss: 0.0026
Fold 1, Epoch 26/1000, Average Train Loss: 0.0039, LR: 0.000100
Fold 1, Epoch 26, Current decision threshold: 0.1214
Fold 1, Epoch 26/1000, Validation Loss: 0.0074, Accuracy: 0.9959
Fold 1, Epoch 26/1000, Precision: 0.9181, Recall: 0.9090, F1-Score: 0.9135, AUC: 0.9983, AUPR: 0.9606
No improvement, patience counter: 1/25
Fold 1, Epoch: 27/1000, Batch: 854, Loss: 0.0100
Fold 1, Epoch 27/1000, Average Train Loss: 0.0039, LR: 0.000100
Fold 1, Epoch 27, Current decision threshold: 0.1214
Fold 1, Epoch 27/1000, Validation Loss: 0.0061, Accuracy: 0.9956
Fold 1, Epoch 27/1000, Precision: 0.8936, Recall: 0.9267, F1-Score: 0.9098, AUC: 0.9983, AUPR: 0.9617
No improvement, patience counter: 2/25
Fold 1, Epoch: 28/1000, Batch: 854, Loss: 0.0028
Fold 1, Epoch 28/1000, Average Train Loss: 0.0039, LR: 0.000100
Fold 1, Epoch 28, Current decision threshold: 0.1214
Fold 1, Epoch 28/1000, Validation Loss: 0.0067, Accuracy: 0.9958
Fold 1, Epoch 28/1000, Precision: 0.9056, Recall: 0.9201, F1-Score: 0.9128, AUC: 0.9983, AUPR: 0.9618
New best model saved, F1: 0.9128, AUC: 0.9983, AUPR: 0.9618
Fold 1, Epoch: 29/1000, Batch: 854, Loss: 0.0043
Fold 1, Epoch 29/1000, Average Train Loss: 0.0037, LR: 0.000100
Fold 1, Epoch 29, Current decision threshold: 0.1214
Fold 1, Epoch 29/1000, Validation Loss: 0.0071, Accuracy: 0.9957
Fold 1, Epoch 29/1000, Precision: 0.9112, Recall: 0.9082, F1-Score: 0.9097, AUC: 0.9984, AUPR: 0.9614
No improvement, patience counter: 1/25
Fold 1, Epoch: 30/1000, Batch: 854, Loss: 0.0081
Fold 1, Epoch 30/1000, Average Train Loss: 0.0038, LR: 0.000100
Epoch 30: Optimal threshold updated to = 0.1238
Fold 1, Epoch 30, Current decision threshold: 0.1238
Fold 1, Epoch 30/1000, Validation Loss: 0.0069, Accuracy: 0.9956
Fold 1, Epoch 30/1000, Precision: 0.9064, Recall: 0.9131, F1-Score: 0.9097, AUC: 0.9983, AUPR: 0.9600
No improvement, patience counter: 2/25
Fold 1, Epoch: 31/1000, Batch: 854, Loss: 0.0050
Fold 1, Epoch 31/1000, Average Train Loss: 0.0036, LR: 0.000100
Fold 1, Epoch 31, Current decision threshold: 0.1238
Fold 1, Epoch 31/1000, Validation Loss: 0.0068, Accuracy: 0.9958
Fold 1, Epoch 31/1000, Precision: 0.9125, Recall: 0.9143, F1-Score: 0.9134, AUC: 0.9983, AUPR: 0.9614
No improvement, patience counter: 3/25
Fold 1, Epoch: 32/1000, Batch: 854, Loss: 0.0034
Fold 1, Epoch 32/1000, Average Train Loss: 0.0036, LR: 0.000100
Fold 1, Epoch 32, Current decision threshold: 0.1238
Fold 1, Epoch 32/1000, Validation Loss: 0.0072, Accuracy: 0.9956
Fold 1, Epoch 32/1000, Precision: 0.9121, Recall: 0.9057, F1-Score: 0.9089, AUC: 0.9983, AUPR: 0.9614
No improvement, patience counter: 4/25
Fold 1, Epoch: 33/1000, Batch: 854, Loss: 0.0013
Fold 1, Epoch 33/1000, Average Train Loss: 0.0033, LR: 0.000050
Fold 1, Epoch 33, Current decision threshold: 0.1238
Fold 1, Epoch 33/1000, Validation Loss: 0.0063, Accuracy: 0.9957
Fold 1, Epoch 33/1000, Precision: 0.8997, Recall: 0.9238, F1-Score: 0.9116, AUC: 0.9984, AUPR: 0.9621
New best model saved, F1: 0.9116, AUC: 0.9984, AUPR: 0.9621
Fold 1, Epoch: 34/1000, Batch: 854, Loss: 0.0041
Fold 1, Epoch 34/1000, Average Train Loss: 0.0033, LR: 0.000050
Fold 1, Epoch 34, Current decision threshold: 0.1238
Fold 1, Epoch 34/1000, Validation Loss: 0.0073, Accuracy: 0.9959
Fold 1, Epoch 34/1000, Precision: 0.9238, Recall: 0.9036, F1-Score: 0.9136, AUC: 0.9984, AUPR: 0.9636
New best model saved, F1: 0.9136, AUC: 0.9984, AUPR: 0.9636
Fold 1, Epoch: 35/1000, Batch: 854, Loss: 0.0032
Fold 1, Epoch 35/1000, Average Train Loss: 0.0032, LR: 0.000050
Epoch 35: Optimal threshold updated to = 0.1068
Fold 1, Epoch 35, Current decision threshold: 0.1068
Fold 1, Epoch 35/1000, Validation Loss: 0.0075, Accuracy: 0.9959
Fold 1, Epoch 35/1000, Precision: 0.9204, Recall: 0.9102, F1-Score: 0.9153, AUC: 0.9984, AUPR: 0.9633
New best model saved, F1: 0.9153, AUC: 0.9984, AUPR: 0.9633
Fold 1, Epoch: 36/1000, Batch: 854, Loss: 0.0026
Fold 1, Epoch 36/1000, Average Train Loss: 0.0032, LR: 0.000050
Fold 1, Epoch 36, Current decision threshold: 0.1068
Fold 1, Epoch 36/1000, Validation Loss: 0.0075, Accuracy: 0.9959
Fold 1, Epoch 36/1000, Precision: 0.9175, Recall: 0.9110, F1-Score: 0.9142, AUC: 0.9984, AUPR: 0.9631
No improvement, patience counter: 1/25
Fold 1, Epoch: 37/1000, Batch: 854, Loss: 0.0010
Fold 1, Epoch 37/1000, Average Train Loss: 0.0031, LR: 0.000050
Fold 1, Epoch 37, Current decision threshold: 0.1068
Fold 1, Epoch 37/1000, Validation Loss: 0.0070, Accuracy: 0.9958
Fold 1, Epoch 37/1000, Precision: 0.9082, Recall: 0.9164, F1-Score: 0.9123, AUC: 0.9983, AUPR: 0.9632
No improvement, patience counter: 2/25
Fold 1, Epoch: 38/1000, Batch: 854, Loss: 0.0019
Fold 1, Epoch 38/1000, Average Train Loss: 0.0031, LR: 0.000050
Fold 1, Epoch 38, Current decision threshold: 0.1068
Fold 1, Epoch 38/1000, Validation Loss: 0.0067, Accuracy: 0.9959
Fold 1, Epoch 38/1000, Precision: 0.9118, Recall: 0.9197, F1-Score: 0.9157, AUC: 0.9984, AUPR: 0.9642
New best model saved, F1: 0.9157, AUC: 0.9984, AUPR: 0.9642
Fold 1, Epoch: 39/1000, Batch: 854, Loss: 0.0031
Fold 1, Epoch 39/1000, Average Train Loss: 0.0031, LR: 0.000050
Fold 1, Epoch 39, Current decision threshold: 0.1068
Fold 1, Epoch 39/1000, Validation Loss: 0.0074, Accuracy: 0.9957
Fold 1, Epoch 39/1000, Precision: 0.9111, Recall: 0.9119, F1-Score: 0.9115, AUC: 0.9983, AUPR: 0.9616
No improvement, patience counter: 1/25
Fold 1, Epoch: 40/1000, Batch: 854, Loss: 0.0015
Fold 1, Epoch 40/1000, Average Train Loss: 0.0031, LR: 0.000050
Epoch 40: Optimal threshold updated to = 0.1355
Fold 1, Epoch 40, Current decision threshold: 0.1355
Fold 1, Epoch 40/1000, Validation Loss: 0.0070, Accuracy: 0.9960
Fold 1, Epoch 40/1000, Precision: 0.9255, Recall: 0.9057, F1-Score: 0.9155, AUC: 0.9984, AUPR: 0.9640
No improvement, patience counter: 2/25
Fold 1, Epoch: 41/1000, Batch: 854, Loss: 0.0010
Fold 1, Epoch 41/1000, Average Train Loss: 0.0030, LR: 0.000050
Fold 1, Epoch 41, Current decision threshold: 0.1355
Fold 1, Epoch 41/1000, Validation Loss: 0.0082, Accuracy: 0.9958
Fold 1, Epoch 41/1000, Precision: 0.9394, Recall: 0.8806, F1-Score: 0.9090, AUC: 0.9984, AUPR: 0.9634
No improvement, patience counter: 3/25
Fold 1, Epoch: 42/1000, Batch: 854, Loss: 0.0035
Fold 1, Epoch 42/1000, Average Train Loss: 0.0030, LR: 0.000050
Fold 1, Epoch 42, Current decision threshold: 0.1355
Fold 1, Epoch 42/1000, Validation Loss: 0.0071, Accuracy: 0.9960
Fold 1, Epoch 42/1000, Precision: 0.9306, Recall: 0.9007, F1-Score: 0.9154, AUC: 0.9984, AUPR: 0.9643
New best model saved, F1: 0.9154, AUC: 0.9984, AUPR: 0.9643
Fold 1, Epoch: 43/1000, Batch: 854, Loss: 0.0025
Fold 1, Epoch 43/1000, Average Train Loss: 0.0029, LR: 0.000025
Fold 1, Epoch 43, Current decision threshold: 0.1355
Fold 1, Epoch 43/1000, Validation Loss: 0.0072, Accuracy: 0.9960
Fold 1, Epoch 43/1000, Precision: 0.9315, Recall: 0.9012, F1-Score: 0.9161, AUC: 0.9984, AUPR: 0.9643
New best model saved, F1: 0.9161, AUC: 0.9984, AUPR: 0.9643
Fold 1, Epoch: 44/1000, Batch: 854, Loss: 0.0028
Fold 1, Epoch 44/1000, Average Train Loss: 0.0028, LR: 0.000025
Fold 1, Epoch 44, Current decision threshold: 0.1355
Fold 1, Epoch 44/1000, Validation Loss: 0.0075, Accuracy: 0.9960
Fold 1, Epoch 44/1000, Precision: 0.9370, Recall: 0.8946, F1-Score: 0.9153, AUC: 0.9984, AUPR: 0.9643
No improvement, patience counter: 1/25
Fold 1, Epoch: 45/1000, Batch: 854, Loss: 0.0015
Fold 1, Epoch 45/1000, Average Train Loss: 0.0028, LR: 0.000025
Epoch 45: Optimal threshold updated to = 0.1081
Fold 1, Epoch 45, Current decision threshold: 0.1081
Fold 1, Epoch 45/1000, Validation Loss: 0.0075, Accuracy: 0.9960
Fold 1, Epoch 45/1000, Precision: 0.9243, Recall: 0.9102, F1-Score: 0.9172, AUC: 0.9984, AUPR: 0.9651
New best model saved, F1: 0.9172, AUC: 0.9984, AUPR: 0.9651
Fold 1, Epoch: 46/1000, Batch: 854, Loss: 0.0036
Fold 1, Epoch 46/1000, Average Train Loss: 0.0028, LR: 0.000025
Fold 1, Epoch 46, Current decision threshold: 0.1081
Fold 1, Epoch 46/1000, Validation Loss: 0.0079, Accuracy: 0.9961
Fold 1, Epoch 46/1000, Precision: 0.9324, Recall: 0.9028, F1-Score: 0.9173, AUC: 0.9984, AUPR: 0.9647
No improvement, patience counter: 1/25
Fold 1, Epoch: 47/1000, Batch: 854, Loss: 0.0010
Fold 1, Epoch 47/1000, Average Train Loss: 0.0028, LR: 0.000025
Fold 1, Epoch 47, Current decision threshold: 0.1081
Fold 1, Epoch 47/1000, Validation Loss: 0.0074, Accuracy: 0.9961
Fold 1, Epoch 47/1000, Precision: 0.9255, Recall: 0.9106, F1-Score: 0.9180, AUC: 0.9983, AUPR: 0.9650
New best model saved, F1: 0.9180, AUC: 0.9983, AUPR: 0.9650
Fold 1, Epoch: 48/1000, Batch: 854, Loss: 0.0016
Fold 1, Epoch 48/1000, Average Train Loss: 0.0027, LR: 0.000025
Fold 1, Epoch 48, Current decision threshold: 0.1081
Fold 1, Epoch 48/1000, Validation Loss: 0.0076, Accuracy: 0.9959
Fold 1, Epoch 48/1000, Precision: 0.9240, Recall: 0.9061, F1-Score: 0.9150, AUC: 0.9984, AUPR: 0.9640
No improvement, patience counter: 1/25
Fold 1, Epoch: 49/1000, Batch: 854, Loss: 0.0022
Fold 1, Epoch 49/1000, Average Train Loss: 0.0027, LR: 0.000025
Fold 1, Epoch 49, Current decision threshold: 0.1081
Fold 1, Epoch 49/1000, Validation Loss: 0.0073, Accuracy: 0.9959
Fold 1, Epoch 49/1000, Precision: 0.9168, Recall: 0.9123, F1-Score: 0.9145, AUC: 0.9984, AUPR: 0.9638
No improvement, patience counter: 2/25
Fold 1, Epoch: 50/1000, Batch: 854, Loss: 0.0045
Fold 1, Epoch 50/1000, Average Train Loss: 0.0027, LR: 0.000013
Epoch 50: Optimal threshold updated to = 0.0934
Fold 1, Epoch 50, Current decision threshold: 0.0934
Fold 1, Epoch 50/1000, Validation Loss: 0.0074, Accuracy: 0.9960
Fold 1, Epoch 50/1000, Precision: 0.9174, Recall: 0.9152, F1-Score: 0.9163, AUC: 0.9984, AUPR: 0.9646
No improvement, patience counter: 3/25
Fold 1, Epoch: 51/1000, Batch: 854, Loss: 0.0049
Fold 1, Epoch 51/1000, Average Train Loss: 0.0027, LR: 0.000013
Fold 1, Epoch 51, Current decision threshold: 0.0934
Fold 1, Epoch 51/1000, Validation Loss: 0.0074, Accuracy: 0.9959
Fold 1, Epoch 51/1000, Precision: 0.9145, Recall: 0.9164, F1-Score: 0.9154, AUC: 0.9984, AUPR: 0.9646
No improvement, patience counter: 4/25
Fold 1, Epoch: 52/1000, Batch: 854, Loss: 0.0010
Fold 1, Epoch 52/1000, Average Train Loss: 0.0026, LR: 0.000013
Fold 1, Epoch 52, Current decision threshold: 0.0934
Fold 1, Epoch 52/1000, Validation Loss: 0.0078, Accuracy: 0.9960
Fold 1, Epoch 52/1000, Precision: 0.9230, Recall: 0.9086, F1-Score: 0.9157, AUC: 0.9984, AUPR: 0.9644
No improvement, patience counter: 5/25
Fold 1, Epoch: 53/1000, Batch: 854, Loss: 0.0017
Fold 1, Epoch 53/1000, Average Train Loss: 0.0027, LR: 0.000013
Fold 1, Epoch 53, Current decision threshold: 0.0934
Fold 1, Epoch 53/1000, Validation Loss: 0.0075, Accuracy: 0.9959
Fold 1, Epoch 53/1000, Precision: 0.9150, Recall: 0.9135, F1-Score: 0.9143, AUC: 0.9984, AUPR: 0.9647
No improvement, patience counter: 6/25
Fold 1, Epoch: 54/1000, Batch: 854, Loss: 0.0048
Fold 1, Epoch 54/1000, Average Train Loss: 0.0026, LR: 0.000006
Fold 1, Epoch 54, Current decision threshold: 0.0934
Fold 1, Epoch 54/1000, Validation Loss: 0.0074, Accuracy: 0.9959
Fold 1, Epoch 54/1000, Precision: 0.9156, Recall: 0.9160, F1-Score: 0.9158, AUC: 0.9984, AUPR: 0.9648
No improvement, patience counter: 7/25
Fold 1, Epoch: 55/1000, Batch: 854, Loss: 0.0024
Fold 1, Epoch 55/1000, Average Train Loss: 0.0026, LR: 0.000006
Epoch 55: Optimal threshold updated to = 0.0910
Fold 1, Epoch 55, Current decision threshold: 0.0910
Fold 1, Epoch 55/1000, Validation Loss: 0.0078, Accuracy: 0.9960
Fold 1, Epoch 55/1000, Precision: 0.9217, Recall: 0.9119, F1-Score: 0.9168, AUC: 0.9984, AUPR: 0.9651
No improvement, patience counter: 8/25
Fold 1, Epoch: 56/1000, Batch: 854, Loss: 0.0041
Fold 1, Epoch 56/1000, Average Train Loss: 0.0026, LR: 0.000006
Fold 1, Epoch 56, Current decision threshold: 0.0910
Fold 1, Epoch 56/1000, Validation Loss: 0.0077, Accuracy: 0.9960
Fold 1, Epoch 56/1000, Precision: 0.9210, Recall: 0.9127, F1-Score: 0.9168, AUC: 0.9984, AUPR: 0.9651
No improvement, patience counter: 9/25
Fold 1, Epoch: 57/1000, Batch: 854, Loss: 0.0023
Fold 1, Epoch 57/1000, Average Train Loss: 0.0025, LR: 0.000006
Fold 1, Epoch 57, Current decision threshold: 0.0910
Fold 1, Epoch 57/1000, Validation Loss: 0.0076, Accuracy: 0.9959
Fold 1, Epoch 57/1000, Precision: 0.9160, Recall: 0.9123, F1-Score: 0.9142, AUC: 0.9984, AUPR: 0.9649
No improvement, patience counter: 10/25
Fold 1, Epoch: 58/1000, Batch: 854, Loss: 0.0023
Fold 1, Epoch 58/1000, Average Train Loss: 0.0025, LR: 0.000003
Fold 1, Epoch 58, Current decision threshold: 0.0910
Fold 1, Epoch 58/1000, Validation Loss: 0.0077, Accuracy: 0.9959
Fold 1, Epoch 58/1000, Precision: 0.9168, Recall: 0.9119, F1-Score: 0.9143, AUC: 0.9984, AUPR: 0.9648
No improvement, patience counter: 11/25
Fold 1, Epoch: 59/1000, Batch: 854, Loss: 0.0010
Fold 1, Epoch 59/1000, Average Train Loss: 0.0025, LR: 0.000003
Fold 1, Epoch 59, Current decision threshold: 0.0910
Fold 1, Epoch 59/1000, Validation Loss: 0.0075, Accuracy: 0.9958
Fold 1, Epoch 59/1000, Precision: 0.9125, Recall: 0.9143, F1-Score: 0.9134, AUC: 0.9984, AUPR: 0.9646
No improvement, patience counter: 12/25
Fold 1, Epoch: 60/1000, Batch: 854, Loss: 0.0008
Fold 1, Epoch 60/1000, Average Train Loss: 0.0025, LR: 0.000003
Epoch 60: Optimal threshold updated to = 0.0991
Fold 1, Epoch 60, Current decision threshold: 0.0991
Fold 1, Epoch 60/1000, Validation Loss: 0.0076, Accuracy: 0.9960
Fold 1, Epoch 60/1000, Precision: 0.9209, Recall: 0.9110, F1-Score: 0.9159, AUC: 0.9984, AUPR: 0.9647
No improvement, patience counter: 13/25
Fold 1, Epoch: 61/1000, Batch: 854, Loss: 0.0033
Fold 1, Epoch 61/1000, Average Train Loss: 0.0025, LR: 0.000003
Fold 1, Epoch 61, Current decision threshold: 0.0991
Fold 1, Epoch 61/1000, Validation Loss: 0.0076, Accuracy: 0.9959
Fold 1, Epoch 61/1000, Precision: 0.9204, Recall: 0.9102, F1-Score: 0.9153, AUC: 0.9984, AUPR: 0.9647
No improvement, patience counter: 14/25
Fold 1, Epoch: 62/1000, Batch: 854, Loss: 0.0019
Fold 1, Epoch 62/1000, Average Train Loss: 0.0025, LR: 0.000002
Fold 1, Epoch 62, Current decision threshold: 0.0991
Fold 1, Epoch 62/1000, Validation Loss: 0.0077, Accuracy: 0.9959
Fold 1, Epoch 62/1000, Precision: 0.9207, Recall: 0.9086, F1-Score: 0.9146, AUC: 0.9984, AUPR: 0.9647
No improvement, patience counter: 15/25
Fold 1, Epoch: 63/1000, Batch: 854, Loss: 0.0012
Fold 1, Epoch 63/1000, Average Train Loss: 0.0025, LR: 0.000002
Fold 1, Epoch 63, Current decision threshold: 0.0991
Fold 1, Epoch 63/1000, Validation Loss: 0.0076, Accuracy: 0.9960
Fold 1, Epoch 63/1000, Precision: 0.9209, Recall: 0.9110, F1-Score: 0.9159, AUC: 0.9984, AUPR: 0.9647
No improvement, patience counter: 16/25
Fold 1, Epoch: 64/1000, Batch: 854, Loss: 0.0017
Fold 1, Epoch 64/1000, Average Train Loss: 0.0025, LR: 0.000002
Fold 1, Epoch 64, Current decision threshold: 0.0991
Fold 1, Epoch 64/1000, Validation Loss: 0.0077, Accuracy: 0.9959
Fold 1, Epoch 64/1000, Precision: 0.9219, Recall: 0.9086, F1-Score: 0.9152, AUC: 0.9984, AUPR: 0.9648
No improvement, patience counter: 17/25
Fold 1, Epoch: 65/1000, Batch: 854, Loss: 0.0021
Fold 1, Epoch 65/1000, Average Train Loss: 0.0025, LR: 0.000002
Epoch 65: Optimal threshold updated to = 0.1000
Fold 1, Epoch 65, Current decision threshold: 0.1000
Fold 1, Epoch 65/1000, Validation Loss: 0.0076, Accuracy: 0.9960
Fold 1, Epoch 65/1000, Precision: 0.9226, Recall: 0.9082, F1-Score: 0.9153, AUC: 0.9984, AUPR: 0.9647
No improvement, patience counter: 18/25
Fold 1, Epoch: 66/1000, Batch: 854, Loss: 0.0011
Fold 1, Epoch 66/1000, Average Train Loss: 0.0025, LR: 0.000001
Fold 1, Epoch 66, Current decision threshold: 0.1000
Fold 1, Epoch 66/1000, Validation Loss: 0.0076, Accuracy: 0.9960
Fold 1, Epoch 66/1000, Precision: 0.9219, Recall: 0.9090, F1-Score: 0.9154, AUC: 0.9984, AUPR: 0.9648
No improvement, patience counter: 19/25
Fold 1, Epoch: 67/1000, Batch: 854, Loss: 0.0052
Fold 1, Epoch 67/1000, Average Train Loss: 0.0025, LR: 0.000001
Fold 1, Epoch 67, Current decision threshold: 0.1000
Fold 1, Epoch 67/1000, Validation Loss: 0.0075, Accuracy: 0.9960
Fold 1, Epoch 67/1000, Precision: 0.9205, Recall: 0.9110, F1-Score: 0.9158, AUC: 0.9984, AUPR: 0.9647
No improvement, patience counter: 20/25
Fold 1, Epoch: 68/1000, Batch: 854, Loss: 0.0057
Fold 1, Epoch 68/1000, Average Train Loss: 0.0025, LR: 0.000001
Fold 1, Epoch 68, Current decision threshold: 0.1000
Fold 1, Epoch 68/1000, Validation Loss: 0.0076, Accuracy: 0.9960
Fold 1, Epoch 68/1000, Precision: 0.9220, Recall: 0.9098, F1-Score: 0.9158, AUC: 0.9984, AUPR: 0.9648
No improvement, patience counter: 21/25
Fold 1, Epoch: 69/1000, Batch: 854, Loss: 0.0026
Fold 1, Epoch 69/1000, Average Train Loss: 0.0025, LR: 0.000001
Fold 1, Epoch 69, Current decision threshold: 0.1000
Fold 1, Epoch 69/1000, Validation Loss: 0.0075, Accuracy: 0.9960
Fold 1, Epoch 69/1000, Precision: 0.9205, Recall: 0.9110, F1-Score: 0.9158, AUC: 0.9984, AUPR: 0.9648
No improvement, patience counter: 22/25
Fold 1, Epoch: 70/1000, Batch: 854, Loss: 0.0017
Fold 1, Epoch 70/1000, Average Train Loss: 0.0025, LR: 0.000000
Epoch 70: Optimal threshold updated to = 0.1014
Fold 1, Epoch 70, Current decision threshold: 0.1014
Fold 1, Epoch 70/1000, Validation Loss: 0.0076, Accuracy: 0.9960
Fold 1, Epoch 70/1000, Precision: 0.9224, Recall: 0.9106, F1-Score: 0.9165, AUC: 0.9984, AUPR: 0.9648
No improvement, patience counter: 23/25
Fold 1, Epoch: 71/1000, Batch: 854, Loss: 0.0046
Fold 1, Epoch 71/1000, Average Train Loss: 0.0025, LR: 0.000000
Fold 1, Epoch 71, Current decision threshold: 0.1014
Fold 1, Epoch 71/1000, Validation Loss: 0.0076, Accuracy: 0.9960
Fold 1, Epoch 71/1000, Precision: 0.9223, Recall: 0.9098, F1-Score: 0.9160, AUC: 0.9984, AUPR: 0.9648
No improvement, patience counter: 24/25
Fold 1, Epoch: 72/1000, Batch: 854, Loss: 0.0037
Fold 1, Epoch 72/1000, Average Train Loss: 0.0025, LR: 0.000000
Fold 1, Epoch 72, Current decision threshold: 0.1014
Fold 1, Epoch 72/1000, Validation Loss: 0.0076, Accuracy: 0.9960
Fold 1, Epoch 72/1000, Precision: 0.9216, Recall: 0.9106, F1-Score: 0.9161, AUC: 0.9984, AUPR: 0.9648
No improvement, patience counter: 25/25
Early stopping at epoch 72
Restored best model, F1: 0.9180, AUC: 0.9983, AUPR: 0.9650
Round 2, Fold 1 best model and threshold 0.1014 saved to D:\SPAN\models\span_round_2_fold_1.pkl
Completed fold 1 in 5-folds, Validation Loss: 0.0074, Accuracy: 0.9961
Completed fold 1 in 5-folds, Precision: 0.9255, Recall: 0.9106, F1-Score: 0.9180, AUC: 0.9983, AUPR: 0.9650
Fold 1 test Finished! - 2026-04-04 17:00:59
======================================================================
Final Results Summary
----------------------------------------------------------------------
AUC         AUPR        Acc         F1          Pre         Recall      
0.9983      0.9650      0.9961      0.9180      0.9255      0.9106      
======================================================================
