Logging for round 7, fold 0 configured to file: D:\SPAN\logs\fafa-round_7-fold_0.log - 2026-04-06 15:59:52
========== Round 7 - Fold 0 Training ==========
current_sys_path: D:\SPAN
device = cuda
Global seed initialized to 42 for reproducibility
Using GPU: NVIDIA GeForce RTX 3060 Laptop GPU
Starting fold 0 in 5-folds
Training data - Positive samples: tensor([44920.]), Negative samples: tensor([392091.])
Fold 0, Epoch: 1/1000, Batch: 854, Loss: 0.0270
Fold 0, Epoch 1/1000, Average Train Loss: 0.0314, LR: 0.000200
Fold 0, Epoch 1, Current decision threshold: 0.2000
Fold 0, Epoch 1/1000, Validation Loss: 0.0142, Accuracy: 0.6776
Fold 0, Epoch 1/1000, Precision: 0.0703, Recall: 0.9992, F1-Score: 0.1313, AUC: 0.9655, AUPR: 0.3565
New best model saved, F1: 0.1313, AUC: 0.9655, AUPR: 0.3565
Fold 0, Epoch: 2/1000, Batch: 854, Loss: 0.0134
Fold 0, Epoch 2/1000, Average Train Loss: 0.0173, LR: 0.000200
Fold 0, Epoch 2, Current decision threshold: 0.2000
Fold 0, Epoch 2/1000, Validation Loss: 0.0091, Accuracy: 0.9759
Fold 0, Epoch 2/1000, Precision: 0.5042, Recall: 0.7799, F1-Score: 0.6125, AUC: 0.9862, AUPR: 0.5918
New best model saved, F1: 0.6125, AUC: 0.9862, AUPR: 0.5918
Fold 0, Epoch: 3/1000, Batch: 854, Loss: 0.0130
Fold 0, Epoch 3/1000, Average Train Loss: 0.0132, LR: 0.000200
Fold 0, Epoch 3, Current decision threshold: 0.2000
Fold 0, Epoch 3/1000, Validation Loss: 0.0080, Accuracy: 0.9835
Fold 0, Epoch 3/1000, Precision: 0.6212, Recall: 0.8234, F1-Score: 0.7082, AUC: 0.9917, AUPR: 0.6977
New best model saved, F1: 0.7082, AUC: 0.9917, AUPR: 0.6977
Fold 0, Epoch: 4/1000, Batch: 854, Loss: 0.0129
Fold 0, Epoch 4/1000, Average Train Loss: 0.0113, LR: 0.000200
Fold 0, Epoch 4, Current decision threshold: 0.2000
Fold 0, Epoch 4/1000, Validation Loss: 0.0093, Accuracy: 0.9879
Fold 0, Epoch 4/1000, Precision: 0.7500, Recall: 0.7567, F1-Score: 0.7533, AUC: 0.9945, AUPR: 0.7655
New best model saved, F1: 0.7533, AUC: 0.9945, AUPR: 0.7655
Fold 0, Epoch: 5/1000, Batch: 854, Loss: 0.0097
Fold 0, Epoch 5/1000, Average Train Loss: 0.0101, LR: 0.000200
Epoch 5: Optimal threshold updated to = 0.1903
Fold 0, Epoch 5, Current decision threshold: 0.1903
Fold 0, Epoch 5/1000, Validation Loss: 0.0073, Accuracy: 0.9884
Fold 0, Epoch 5/1000, Precision: 0.7202, Recall: 0.8568, F1-Score: 0.7826, AUC: 0.9950, AUPR: 0.7933
New best model saved, F1: 0.7826, AUC: 0.9950, AUPR: 0.7933
Fold 0, Epoch: 6/1000, Batch: 854, Loss: 0.0090
Fold 0, Epoch 6/1000, Average Train Loss: 0.0094, LR: 0.000200
Fold 0, Epoch 6, Current decision threshold: 0.1903
Fold 0, Epoch 6/1000, Validation Loss: 0.0073, Accuracy: 0.9896
Fold 0, Epoch 6/1000, Precision: 0.7543, Recall: 0.8531, F1-Score: 0.8007, AUC: 0.9958, AUPR: 0.8217
New best model saved, F1: 0.8007, AUC: 0.9958, AUPR: 0.8217
Fold 0, Epoch: 7/1000, Batch: 854, Loss: 0.0060
Fold 0, Epoch 7/1000, Average Train Loss: 0.0086, LR: 0.000200
Fold 0, Epoch 7, Current decision threshold: 0.1903
Fold 0, Epoch 7/1000, Validation Loss: 0.0076, Accuracy: 0.9905
Fold 0, Epoch 7/1000, Precision: 0.7823, Recall: 0.8434, F1-Score: 0.8117, AUC: 0.9961, AUPR: 0.8311
New best model saved, F1: 0.8117, AUC: 0.9961, AUPR: 0.8311
Fold 0, Epoch: 8/1000, Batch: 854, Loss: 0.0070
Fold 0, Epoch 8/1000, Average Train Loss: 0.0081, LR: 0.000200
Fold 0, Epoch 8, Current decision threshold: 0.1903
Fold 0, Epoch 8/1000, Validation Loss: 0.0075, Accuracy: 0.9912
Fold 0, Epoch 8/1000, Precision: 0.8055, Recall: 0.8442, F1-Score: 0.8244, AUC: 0.9964, AUPR: 0.8464
New best model saved, F1: 0.8244, AUC: 0.9964, AUPR: 0.8464
Fold 0, Epoch: 9/1000, Batch: 854, Loss: 0.0059
Fold 0, Epoch 9/1000, Average Train Loss: 0.0077, LR: 0.000200
Fold 0, Epoch 9, Current decision threshold: 0.1903
Fold 0, Epoch 9/1000, Validation Loss: 0.0065, Accuracy: 0.9916
Fold 0, Epoch 9/1000, Precision: 0.7986, Recall: 0.8792, F1-Score: 0.8369, AUC: 0.9967, AUPR: 0.8603
New best model saved, F1: 0.8369, AUC: 0.9967, AUPR: 0.8603
Fold 0, Epoch: 10/1000, Batch: 854, Loss: 0.0044
Fold 0, Epoch 10/1000, Average Train Loss: 0.0072, LR: 0.000200
Epoch 10: Optimal threshold updated to = 0.1423
Fold 0, Epoch 10, Current decision threshold: 0.1423
Fold 0, Epoch 10/1000, Validation Loss: 0.0074, Accuracy: 0.9922
Fold 0, Epoch 10/1000, Precision: 0.7970, Recall: 0.9105, F1-Score: 0.8500, AUC: 0.9967, AUPR: 0.8676
New best model saved, F1: 0.8500, AUC: 0.9967, AUPR: 0.8676
Fold 0, Epoch: 11/1000, Batch: 854, Loss: 0.0065
Fold 0, Epoch 11/1000, Average Train Loss: 0.0069, LR: 0.000200
Fold 0, Epoch 11, Current decision threshold: 0.1423
Fold 0, Epoch 11/1000, Validation Loss: 0.0070, Accuracy: 0.9923
Fold 0, Epoch 11/1000, Precision: 0.7980, Recall: 0.9146, F1-Score: 0.8523, AUC: 0.9971, AUPR: 0.8766
New best model saved, F1: 0.8523, AUC: 0.9971, AUPR: 0.8766
Fold 0, Epoch: 12/1000, Batch: 854, Loss: 0.0065
Fold 0, Epoch 12/1000, Average Train Loss: 0.0066, LR: 0.000200
Fold 0, Epoch 12, Current decision threshold: 0.1423
Fold 0, Epoch 12/1000, Validation Loss: 0.0081, Accuracy: 0.9927
Fold 0, Epoch 12/1000, Precision: 0.8245, Recall: 0.8926, F1-Score: 0.8572, AUC: 0.9971, AUPR: 0.8768
New best model saved, F1: 0.8572, AUC: 0.9971, AUPR: 0.8768
Fold 0, Epoch: 13/1000, Batch: 854, Loss: 0.0091
Fold 0, Epoch 13/1000, Average Train Loss: 0.0064, LR: 0.000200
Fold 0, Epoch 13, Current decision threshold: 0.1423
Fold 0, Epoch 13/1000, Validation Loss: 0.0070, Accuracy: 0.9932
Fold 0, Epoch 13/1000, Precision: 0.8265, Recall: 0.9150, F1-Score: 0.8685, AUC: 0.9973, AUPR: 0.8886
New best model saved, F1: 0.8685, AUC: 0.9973, AUPR: 0.8886
Fold 0, Epoch: 14/1000, Batch: 854, Loss: 0.0048
Fold 0, Epoch 14/1000, Average Train Loss: 0.0061, LR: 0.000200
Fold 0, Epoch 14, Current decision threshold: 0.1423
Fold 0, Epoch 14/1000, Validation Loss: 0.0069, Accuracy: 0.9934
Fold 0, Epoch 14/1000, Precision: 0.8347, Recall: 0.9101, F1-Score: 0.8708, AUC: 0.9973, AUPR: 0.8995
New best model saved, F1: 0.8708, AUC: 0.9973, AUPR: 0.8995
Fold 0, Epoch: 15/1000, Batch: 854, Loss: 0.0099
Fold 0, Epoch 15/1000, Average Train Loss: 0.0059, LR: 0.000200
Epoch 15: Optimal threshold updated to = 0.1451
Fold 0, Epoch 15, Current decision threshold: 0.1451
Fold 0, Epoch 15/1000, Validation Loss: 0.0070, Accuracy: 0.9941
Fold 0, Epoch 15/1000, Precision: 0.8520, Recall: 0.9158, F1-Score: 0.8827, AUC: 0.9975, AUPR: 0.8990
New best model saved, F1: 0.8827, AUC: 0.9975, AUPR: 0.8990
Fold 0, Epoch: 16/1000, Batch: 854, Loss: 0.0058
Fold 0, Epoch 16/1000, Average Train Loss: 0.0057, LR: 0.000200
Fold 0, Epoch 16, Current decision threshold: 0.1451
Fold 0, Epoch 16/1000, Validation Loss: 0.0081, Accuracy: 0.9941
Fold 0, Epoch 16/1000, Precision: 0.8753, Recall: 0.8820, F1-Score: 0.8786, AUC: 0.9974, AUPR: 0.9028
New best model saved, F1: 0.8786, AUC: 0.9974, AUPR: 0.9028
Fold 0, Epoch: 17/1000, Batch: 854, Loss: 0.0050
Fold 0, Epoch 17/1000, Average Train Loss: 0.0055, LR: 0.000200
Fold 0, Epoch 17, Current decision threshold: 0.1451
Fold 0, Epoch 17/1000, Validation Loss: 0.0065, Accuracy: 0.9941
Fold 0, Epoch 17/1000, Precision: 0.8480, Recall: 0.9215, F1-Score: 0.8832, AUC: 0.9976, AUPR: 0.9103
New best model saved, F1: 0.8832, AUC: 0.9976, AUPR: 0.9103
Fold 0, Epoch: 18/1000, Batch: 854, Loss: 0.0069
Fold 0, Epoch 18/1000, Average Train Loss: 0.0054, LR: 0.000200
Fold 0, Epoch 18, Current decision threshold: 0.1451
Fold 0, Epoch 18/1000, Validation Loss: 0.0066, Accuracy: 0.9942
Fold 0, Epoch 18/1000, Precision: 0.8552, Recall: 0.9178, F1-Score: 0.8854, AUC: 0.9976, AUPR: 0.9052
No improvement, patience counter: 1/25
Fold 0, Epoch: 19/1000, Batch: 854, Loss: 0.0078
Fold 0, Epoch 19/1000, Average Train Loss: 0.0052, LR: 0.000200
Fold 0, Epoch 19, Current decision threshold: 0.1451
Fold 0, Epoch 19/1000, Validation Loss: 0.0087, Accuracy: 0.9941
Fold 0, Epoch 19/1000, Precision: 0.8916, Recall: 0.8633, F1-Score: 0.8772, AUC: 0.9977, AUPR: 0.9097
No improvement, patience counter: 2/25
Fold 0, Epoch: 20/1000, Batch: 854, Loss: 0.0050
Fold 0, Epoch 20/1000, Average Train Loss: 0.0051, LR: 0.000200
Epoch 20: Optimal threshold updated to = 0.1120
Fold 0, Epoch 20, Current decision threshold: 0.1120
Fold 0, Epoch 20/1000, Validation Loss: 0.0083, Accuracy: 0.9944
Fold 0, Epoch 20/1000, Precision: 0.8709, Recall: 0.9056, F1-Score: 0.8879, AUC: 0.9978, AUPR: 0.9094
New best model saved, F1: 0.8879, AUC: 0.9978, AUPR: 0.9094
Fold 0, Epoch: 21/1000, Batch: 854, Loss: 0.0074
Fold 0, Epoch 21/1000, Average Train Loss: 0.0049, LR: 0.000200
Fold 0, Epoch 21, Current decision threshold: 0.1120
Fold 0, Epoch 21/1000, Validation Loss: 0.0087, Accuracy: 0.9944
Fold 0, Epoch 21/1000, Precision: 0.8723, Recall: 0.9007, F1-Score: 0.8863, AUC: 0.9977, AUPR: 0.9090
No improvement, patience counter: 1/25
Fold 0, Epoch: 22/1000, Batch: 854, Loss: 0.0078
Fold 0, Epoch 22/1000, Average Train Loss: 0.0048, LR: 0.000200
Fold 0, Epoch 22, Current decision threshold: 0.1120
Fold 0, Epoch 22/1000, Validation Loss: 0.0087, Accuracy: 0.9942
Fold 0, Epoch 22/1000, Precision: 0.8752, Recall: 0.8897, F1-Score: 0.8824, AUC: 0.9976, AUPR: 0.9167
New best model saved, F1: 0.8824, AUC: 0.9976, AUPR: 0.9167
Fold 0, Epoch: 23/1000, Batch: 854, Loss: 0.0037
Fold 0, Epoch 23/1000, Average Train Loss: 0.0047, LR: 0.000200
Fold 0, Epoch 23, Current decision threshold: 0.1120
Fold 0, Epoch 23/1000, Validation Loss: 0.0076, Accuracy: 0.9947
Fold 0, Epoch 23/1000, Precision: 0.8686, Recall: 0.9227, F1-Score: 0.8949, AUC: 0.9978, AUPR: 0.9178
New best model saved, F1: 0.8949, AUC: 0.9978, AUPR: 0.9178
Fold 0, Epoch: 24/1000, Batch: 854, Loss: 0.0030
Fold 0, Epoch 24/1000, Average Train Loss: 0.0046, LR: 0.000200
Fold 0, Epoch 24, Current decision threshold: 0.1120
Fold 0, Epoch 24/1000, Validation Loss: 0.0089, Accuracy: 0.9946
Fold 0, Epoch 24/1000, Precision: 0.8891, Recall: 0.8902, F1-Score: 0.8896, AUC: 0.9977, AUPR: 0.9180
No improvement, patience counter: 1/25
Fold 0, Epoch: 25/1000, Batch: 854, Loss: 0.0016
Fold 0, Epoch 25/1000, Average Train Loss: 0.0045, LR: 0.000200
Epoch 25: Optimal threshold updated to = 0.1650
Fold 0, Epoch 25, Current decision threshold: 0.1650
Fold 0, Epoch 25/1000, Validation Loss: 0.0069, Accuracy: 0.9947
Fold 0, Epoch 25/1000, Precision: 0.8914, Recall: 0.8914, F1-Score: 0.8914, AUC: 0.9979, AUPR: 0.9228
New best model saved, F1: 0.8914, AUC: 0.9979, AUPR: 0.9228
Fold 0, Epoch: 26/1000, Batch: 854, Loss: 0.0029
Fold 0, Epoch 26/1000, Average Train Loss: 0.0044, LR: 0.000200
Fold 0, Epoch 26, Current decision threshold: 0.1650
Fold 0, Epoch 26/1000, Validation Loss: 0.0074, Accuracy: 0.9947
Fold 0, Epoch 26/1000, Precision: 0.9010, Recall: 0.8775, F1-Score: 0.8891, AUC: 0.9979, AUPR: 0.9278
New best model saved, F1: 0.8891, AUC: 0.9979, AUPR: 0.9278
Fold 0, Epoch: 27/1000, Batch: 854, Loss: 0.0097
Fold 0, Epoch 27/1000, Average Train Loss: 0.0043, LR: 0.000200
Fold 0, Epoch 27, Current decision threshold: 0.1650
Fold 0, Epoch 27/1000, Validation Loss: 0.0063, Accuracy: 0.9950
Fold 0, Epoch 27/1000, Precision: 0.8881, Recall: 0.9076, F1-Score: 0.8978, AUC: 0.9979, AUPR: 0.9245
No improvement, patience counter: 1/25
Fold 0, Epoch: 28/1000, Batch: 854, Loss: 0.0020
Fold 0, Epoch 28/1000, Average Train Loss: 0.0041, LR: 0.000200
Fold 0, Epoch 28, Current decision threshold: 0.1650
Fold 0, Epoch 28/1000, Validation Loss: 0.0076, Accuracy: 0.9949
Fold 0, Epoch 28/1000, Precision: 0.9084, Recall: 0.8796, F1-Score: 0.8938, AUC: 0.9979, AUPR: 0.9235
No improvement, patience counter: 2/25
Fold 0, Epoch: 29/1000, Batch: 854, Loss: 0.0063
Fold 0, Epoch 29/1000, Average Train Loss: 0.0041, LR: 0.000200
Fold 0, Epoch 29, Current decision threshold: 0.1650
Fold 0, Epoch 29/1000, Validation Loss: 0.0080, Accuracy: 0.9946
Fold 0, Epoch 29/1000, Precision: 0.9142, Recall: 0.8584, F1-Score: 0.8854, AUC: 0.9980, AUPR: 0.9259
No improvement, patience counter: 3/25
Fold 0, Epoch: 30/1000, Batch: 854, Loss: 0.0016
Fold 0, Epoch 30/1000, Average Train Loss: 0.0040, LR: 0.000200
Epoch 30: Optimal threshold updated to = 0.0978
Fold 0, Epoch 30, Current decision threshold: 0.0978
Fold 0, Epoch 30/1000, Validation Loss: 0.0073, Accuracy: 0.9950
Fold 0, Epoch 30/1000, Precision: 0.8743, Recall: 0.9280, F1-Score: 0.9003, AUC: 0.9979, AUPR: 0.9309
New best model saved, F1: 0.9003, AUC: 0.9979, AUPR: 0.9309
Fold 0, Epoch: 31/1000, Batch: 854, Loss: 0.0029
Fold 0, Epoch 31/1000, Average Train Loss: 0.0039, LR: 0.000200
Fold 0, Epoch 31, Current decision threshold: 0.0978
Fold 0, Epoch 31/1000, Validation Loss: 0.0084, Accuracy: 0.9948
Fold 0, Epoch 31/1000, Precision: 0.8854, Recall: 0.9020, F1-Score: 0.8936, AUC: 0.9979, AUPR: 0.9314
No improvement, patience counter: 1/25
Fold 0, Epoch: 32/1000, Batch: 854, Loss: 0.0022
Fold 0, Epoch 32/1000, Average Train Loss: 0.0039, LR: 0.000200
Fold 0, Epoch 32, Current decision threshold: 0.0978
Fold 0, Epoch 32/1000, Validation Loss: 0.0081, Accuracy: 0.9950
Fold 0, Epoch 32/1000, Precision: 0.8879, Recall: 0.9117, F1-Score: 0.8996, AUC: 0.9981, AUPR: 0.9335
New best model saved, F1: 0.8996, AUC: 0.9981, AUPR: 0.9335
Fold 0, Epoch: 33/1000, Batch: 854, Loss: 0.0022
Fold 0, Epoch 33/1000, Average Train Loss: 0.0038, LR: 0.000200
Fold 0, Epoch 33, Current decision threshold: 0.0978
Fold 0, Epoch 33/1000, Validation Loss: 0.0086, Accuracy: 0.9950
Fold 0, Epoch 33/1000, Precision: 0.8922, Recall: 0.9028, F1-Score: 0.8975, AUC: 0.9980, AUPR: 0.9314
No improvement, patience counter: 1/25
Fold 0, Epoch: 34/1000, Batch: 854, Loss: 0.0045
Fold 0, Epoch 34/1000, Average Train Loss: 0.0037, LR: 0.000200
Fold 0, Epoch 34, Current decision threshold: 0.0978
Fold 0, Epoch 34/1000, Validation Loss: 0.0092, Accuracy: 0.9952
Fold 0, Epoch 34/1000, Precision: 0.9031, Recall: 0.8987, F1-Score: 0.9009, AUC: 0.9980, AUPR: 0.9364
New best model saved, F1: 0.9009, AUC: 0.9980, AUPR: 0.9364
Fold 0, Epoch: 35/1000, Batch: 854, Loss: 0.0012
Fold 0, Epoch 35/1000, Average Train Loss: 0.0037, LR: 0.000200
Epoch 35: Optimal threshold updated to = 0.1382
Fold 0, Epoch 35, Current decision threshold: 0.1382
Fold 0, Epoch 35/1000, Validation Loss: 0.0065, Accuracy: 0.9954
Fold 0, Epoch 35/1000, Precision: 0.8947, Recall: 0.9190, F1-Score: 0.9067, AUC: 0.9981, AUPR: 0.9400
New best model saved, F1: 0.9067, AUC: 0.9981, AUPR: 0.9400
Fold 0, Epoch: 36/1000, Batch: 854, Loss: 0.0013
Fold 0, Epoch 36/1000, Average Train Loss: 0.0036, LR: 0.000200
Fold 0, Epoch 36, Current decision threshold: 0.1382
Fold 0, Epoch 36/1000, Validation Loss: 0.0081, Accuracy: 0.9951
Fold 0, Epoch 36/1000, Precision: 0.9127, Recall: 0.8845, F1-Score: 0.8983, AUC: 0.9980, AUPR: 0.9368
No improvement, patience counter: 1/25
Fold 0, Epoch: 37/1000, Batch: 854, Loss: 0.0030
Fold 0, Epoch 37/1000, Average Train Loss: 0.0035, LR: 0.000200
Fold 0, Epoch 37, Current decision threshold: 0.1382
Fold 0, Epoch 37/1000, Validation Loss: 0.0075, Accuracy: 0.9948
Fold 0, Epoch 37/1000, Precision: 0.8988, Recall: 0.8885, F1-Score: 0.8936, AUC: 0.9980, AUPR: 0.9372
No improvement, patience counter: 2/25
Fold 0, Epoch: 38/1000, Batch: 854, Loss: 0.0017
Fold 0, Epoch 38/1000, Average Train Loss: 0.0035, LR: 0.000200
Fold 0, Epoch 38, Current decision threshold: 0.1382
Fold 0, Epoch 38/1000, Validation Loss: 0.0071, Accuracy: 0.9953
Fold 0, Epoch 38/1000, Precision: 0.9044, Recall: 0.9040, F1-Score: 0.9042, AUC: 0.9981, AUPR: 0.9381
No improvement, patience counter: 3/25
Fold 0, Epoch: 39/1000, Batch: 854, Loss: 0.0039
Fold 0, Epoch 39/1000, Average Train Loss: 0.0034, LR: 0.000200
Fold 0, Epoch 39, Current decision threshold: 0.1382
Fold 0, Epoch 39/1000, Validation Loss: 0.0067, Accuracy: 0.9952
Fold 0, Epoch 39/1000, Precision: 0.8955, Recall: 0.9097, F1-Score: 0.9025, AUC: 0.9981, AUPR: 0.9396
No improvement, patience counter: 4/25
Fold 0, Epoch: 40/1000, Batch: 854, Loss: 0.0017
Fold 0, Epoch 40/1000, Average Train Loss: 0.0029, LR: 0.000100
Epoch 40: Optimal threshold updated to = 0.1389
Fold 0, Epoch 40, Current decision threshold: 0.1389
Fold 0, Epoch 40/1000, Validation Loss: 0.0076, Accuracy: 0.9955
Fold 0, Epoch 40/1000, Precision: 0.9165, Recall: 0.8979, F1-Score: 0.9071, AUC: 0.9981, AUPR: 0.9416
New best model saved, F1: 0.9071, AUC: 0.9981, AUPR: 0.9416
Fold 0, Epoch: 41/1000, Batch: 854, Loss: 0.0010
Fold 0, Epoch 41/1000, Average Train Loss: 0.0029, LR: 0.000100
Fold 0, Epoch 41, Current decision threshold: 0.1389
Fold 0, Epoch 41/1000, Validation Loss: 0.0079, Accuracy: 0.9954
Fold 0, Epoch 41/1000, Precision: 0.9222, Recall: 0.8877, F1-Score: 0.9046, AUC: 0.9982, AUPR: 0.9441
New best model saved, F1: 0.9046, AUC: 0.9982, AUPR: 0.9441
Fold 0, Epoch: 42/1000, Batch: 854, Loss: 0.0114
Fold 0, Epoch 42/1000, Average Train Loss: 0.0028, LR: 0.000100
Fold 0, Epoch 42, Current decision threshold: 0.1389
Fold 0, Epoch 42/1000, Validation Loss: 0.0071, Accuracy: 0.9956
Fold 0, Epoch 42/1000, Precision: 0.9120, Recall: 0.9060, F1-Score: 0.9090, AUC: 0.9981, AUPR: 0.9439
New best model saved, F1: 0.9090, AUC: 0.9981, AUPR: 0.9439
Fold 0, Epoch: 43/1000, Batch: 854, Loss: 0.0016
Fold 0, Epoch 43/1000, Average Train Loss: 0.0027, LR: 0.000100
Fold 0, Epoch 43, Current decision threshold: 0.1389
Fold 0, Epoch 43/1000, Validation Loss: 0.0075, Accuracy: 0.9957
Fold 0, Epoch 43/1000, Precision: 0.9209, Recall: 0.8999, F1-Score: 0.9103, AUC: 0.9982, AUPR: 0.9458
New best model saved, F1: 0.9103, AUC: 0.9982, AUPR: 0.9458
Fold 0, Epoch: 44/1000, Batch: 854, Loss: 0.0023
Fold 0, Epoch 44/1000, Average Train Loss: 0.0027, LR: 0.000100
Fold 0, Epoch 44, Current decision threshold: 0.1389
Fold 0, Epoch 44/1000, Validation Loss: 0.0085, Accuracy: 0.9952
Fold 0, Epoch 44/1000, Precision: 0.9222, Recall: 0.8775, F1-Score: 0.8993, AUC: 0.9982, AUPR: 0.9429
No improvement, patience counter: 1/25
Fold 0, Epoch: 45/1000, Batch: 854, Loss: 0.0003
Fold 0, Epoch 45/1000, Average Train Loss: 0.0027, LR: 0.000100
Epoch 45: Optimal threshold updated to = 0.1012
Fold 0, Epoch 45, Current decision threshold: 0.1012
Fold 0, Epoch 45/1000, Validation Loss: 0.0075, Accuracy: 0.9956
Fold 0, Epoch 45/1000, Precision: 0.9013, Recall: 0.9211, F1-Score: 0.9111, AUC: 0.9981, AUPR: 0.9444
No improvement, patience counter: 2/25
Fold 0, Epoch: 46/1000, Batch: 854, Loss: 0.0019
Fold 0, Epoch 46/1000, Average Train Loss: 0.0027, LR: 0.000100
Fold 0, Epoch 46, Current decision threshold: 0.1012
Fold 0, Epoch 46/1000, Validation Loss: 0.0077, Accuracy: 0.9955
Fold 0, Epoch 46/1000, Precision: 0.9022, Recall: 0.9158, F1-Score: 0.9089, AUC: 0.9982, AUPR: 0.9464
New best model saved, F1: 0.9089, AUC: 0.9982, AUPR: 0.9464
Fold 0, Epoch: 47/1000, Batch: 854, Loss: 0.0030
Fold 0, Epoch 47/1000, Average Train Loss: 0.0027, LR: 0.000100
Fold 0, Epoch 47, Current decision threshold: 0.1012
Fold 0, Epoch 47/1000, Validation Loss: 0.0077, Accuracy: 0.9957
Fold 0, Epoch 47/1000, Precision: 0.9108, Recall: 0.9142, F1-Score: 0.9125, AUC: 0.9983, AUPR: 0.9471
New best model saved, F1: 0.9125, AUC: 0.9983, AUPR: 0.9471
Fold 0, Epoch: 48/1000, Batch: 854, Loss: 0.0023
Fold 0, Epoch 48/1000, Average Train Loss: 0.0026, LR: 0.000100
Fold 0, Epoch 48, Current decision threshold: 0.1012
Fold 0, Epoch 48/1000, Validation Loss: 0.0083, Accuracy: 0.9956
Fold 0, Epoch 48/1000, Precision: 0.9143, Recall: 0.9024, F1-Score: 0.9083, AUC: 0.9983, AUPR: 0.9466
No improvement, patience counter: 1/25
Fold 0, Epoch: 49/1000, Batch: 854, Loss: 0.0068
Fold 0, Epoch 49/1000, Average Train Loss: 0.0026, LR: 0.000100
Fold 0, Epoch 49, Current decision threshold: 0.1012
Fold 0, Epoch 49/1000, Validation Loss: 0.0089, Accuracy: 0.9959
Fold 0, Epoch 49/1000, Precision: 0.9303, Recall: 0.9007, F1-Score: 0.9153, AUC: 0.9982, AUPR: 0.9481
New best model saved, F1: 0.9153, AUC: 0.9982, AUPR: 0.9481
Fold 0, Epoch: 50/1000, Batch: 854, Loss: 0.0017
Fold 0, Epoch 50/1000, Average Train Loss: 0.0026, LR: 0.000100
Epoch 50: Optimal threshold updated to = 0.0970
Fold 0, Epoch 50, Current decision threshold: 0.0970
Fold 0, Epoch 50/1000, Validation Loss: 0.0076, Accuracy: 0.9959
Fold 0, Epoch 50/1000, Precision: 0.9132, Recall: 0.9207, F1-Score: 0.9169, AUC: 0.9982, AUPR: 0.9470
No improvement, patience counter: 1/25
Fold 0, Epoch: 51/1000, Batch: 854, Loss: 0.0020
Fold 0, Epoch 51/1000, Average Train Loss: 0.0026, LR: 0.000100
Fold 0, Epoch 51, Current decision threshold: 0.0970
Fold 0, Epoch 51/1000, Validation Loss: 0.0072, Accuracy: 0.9959
Fold 0, Epoch 51/1000, Precision: 0.9071, Recall: 0.9255, F1-Score: 0.9162, AUC: 0.9983, AUPR: 0.9497
New best model saved, F1: 0.9162, AUC: 0.9983, AUPR: 0.9497
Fold 0, Epoch: 52/1000, Batch: 854, Loss: 0.0049
Fold 0, Epoch 52/1000, Average Train Loss: 0.0025, LR: 0.000100
Fold 0, Epoch 52, Current decision threshold: 0.0970
Fold 0, Epoch 52/1000, Validation Loss: 0.0075, Accuracy: 0.9958
Fold 0, Epoch 52/1000, Precision: 0.9089, Recall: 0.9211, F1-Score: 0.9149, AUC: 0.9983, AUPR: 0.9485
No improvement, patience counter: 1/25
Fold 0, Epoch: 53/1000, Batch: 854, Loss: 0.0006
Fold 0, Epoch 53/1000, Average Train Loss: 0.0025, LR: 0.000100
Fold 0, Epoch 53, Current decision threshold: 0.0970
Fold 0, Epoch 53/1000, Validation Loss: 0.0094, Accuracy: 0.9954
Fold 0, Epoch 53/1000, Precision: 0.9189, Recall: 0.8902, F1-Score: 0.9043, AUC: 0.9982, AUPR: 0.9458
No improvement, patience counter: 2/25
Fold 0, Epoch: 54/1000, Batch: 854, Loss: 0.0003
Fold 0, Epoch 54/1000, Average Train Loss: 0.0025, LR: 0.000100
Fold 0, Epoch 54, Current decision threshold: 0.0970
Fold 0, Epoch 54/1000, Validation Loss: 0.0080, Accuracy: 0.9959
Fold 0, Epoch 54/1000, Precision: 0.9200, Recall: 0.9129, F1-Score: 0.9165, AUC: 0.9983, AUPR: 0.9490
No improvement, patience counter: 3/25
Fold 0, Epoch: 55/1000, Batch: 854, Loss: 0.0011
Fold 0, Epoch 55/1000, Average Train Loss: 0.0024, LR: 0.000100
Epoch 55: Optimal threshold updated to = 0.0916
Fold 0, Epoch 55, Current decision threshold: 0.0916
Fold 0, Epoch 55/1000, Validation Loss: 0.0078, Accuracy: 0.9960
Fold 0, Epoch 55/1000, Precision: 0.9176, Recall: 0.9203, F1-Score: 0.9190, AUC: 0.9984, AUPR: 0.9515
New best model saved, F1: 0.9190, AUC: 0.9984, AUPR: 0.9515
Fold 0, Epoch: 56/1000, Batch: 854, Loss: 0.0012
Fold 0, Epoch 56/1000, Average Train Loss: 0.0024, LR: 0.000100
Fold 0, Epoch 56, Current decision threshold: 0.0916
Fold 0, Epoch 56/1000, Validation Loss: 0.0082, Accuracy: 0.9960
Fold 0, Epoch 56/1000, Precision: 0.9192, Recall: 0.9166, F1-Score: 0.9179, AUC: 0.9983, AUPR: 0.9502
No improvement, patience counter: 1/25
Fold 0, Epoch: 57/1000, Batch: 854, Loss: 0.0055
Fold 0, Epoch 57/1000, Average Train Loss: 0.0025, LR: 0.000100
Fold 0, Epoch 57, Current decision threshold: 0.0916
Fold 0, Epoch 57/1000, Validation Loss: 0.0081, Accuracy: 0.9957
Fold 0, Epoch 57/1000, Precision: 0.9117, Recall: 0.9117, F1-Score: 0.9117, AUC: 0.9983, AUPR: 0.9489
No improvement, patience counter: 2/25
Fold 0, Epoch: 58/1000, Batch: 854, Loss: 0.0027
Fold 0, Epoch 58/1000, Average Train Loss: 0.0024, LR: 0.000100
Fold 0, Epoch 58, Current decision threshold: 0.0916
Fold 0, Epoch 58/1000, Validation Loss: 0.0074, Accuracy: 0.9960
Fold 0, Epoch 58/1000, Precision: 0.9093, Recall: 0.9264, F1-Score: 0.9178, AUC: 0.9984, AUPR: 0.9518
New best model saved, F1: 0.9178, AUC: 0.9984, AUPR: 0.9518
Fold 0, Epoch: 59/1000, Batch: 854, Loss: 0.0033
Fold 0, Epoch 59/1000, Average Train Loss: 0.0024, LR: 0.000100
Fold 0, Epoch 59, Current decision threshold: 0.0916
Fold 0, Epoch 59/1000, Validation Loss: 0.0096, Accuracy: 0.9958
Fold 0, Epoch 59/1000, Precision: 0.9297, Recall: 0.8934, F1-Score: 0.9112, AUC: 0.9983, AUPR: 0.9511
No improvement, patience counter: 1/25
Fold 0, Epoch: 60/1000, Batch: 854, Loss: 0.0022
Fold 0, Epoch 60/1000, Average Train Loss: 0.0021, LR: 0.000050
Epoch 60: Optimal threshold updated to = 0.0999
Fold 0, Epoch 60, Current decision threshold: 0.0999
Fold 0, Epoch 60/1000, Validation Loss: 0.0081, Accuracy: 0.9961
Fold 0, Epoch 60/1000, Precision: 0.9264, Recall: 0.9113, F1-Score: 0.9188, AUC: 0.9984, AUPR: 0.9528
New best model saved, F1: 0.9188, AUC: 0.9984, AUPR: 0.9528
Fold 0, Epoch: 61/1000, Batch: 854, Loss: 0.0025
Fold 0, Epoch 61/1000, Average Train Loss: 0.0021, LR: 0.000050
Fold 0, Epoch 61, Current decision threshold: 0.0999
Fold 0, Epoch 61/1000, Validation Loss: 0.0086, Accuracy: 0.9959
Fold 0, Epoch 61/1000, Precision: 0.9300, Recall: 0.8979, F1-Score: 0.9137, AUC: 0.9984, AUPR: 0.9527
No improvement, patience counter: 1/25
Fold 0, Epoch: 62/1000, Batch: 854, Loss: 0.0010
Fold 0, Epoch 62/1000, Average Train Loss: 0.0021, LR: 0.000050
Fold 0, Epoch 62, Current decision threshold: 0.0999
Fold 0, Epoch 62/1000, Validation Loss: 0.0074, Accuracy: 0.9960
Fold 0, Epoch 62/1000, Precision: 0.9152, Recall: 0.9219, F1-Score: 0.9185, AUC: 0.9984, AUPR: 0.9532
New best model saved, F1: 0.9185, AUC: 0.9984, AUPR: 0.9532
Fold 0, Epoch: 63/1000, Batch: 854, Loss: 0.0015
Fold 0, Epoch 63/1000, Average Train Loss: 0.0020, LR: 0.000050
Fold 0, Epoch 63, Current decision threshold: 0.0999
Fold 0, Epoch 63/1000, Validation Loss: 0.0083, Accuracy: 0.9959
Fold 0, Epoch 63/1000, Precision: 0.9241, Recall: 0.9068, F1-Score: 0.9154, AUC: 0.9984, AUPR: 0.9534
No improvement, patience counter: 1/25
Fold 0, Epoch: 64/1000, Batch: 854, Loss: 0.0008
Fold 0, Epoch 64/1000, Average Train Loss: 0.0020, LR: 0.000050
Fold 0, Epoch 64, Current decision threshold: 0.0999
Fold 0, Epoch 64/1000, Validation Loss: 0.0080, Accuracy: 0.9959
Fold 0, Epoch 64/1000, Precision: 0.9204, Recall: 0.9121, F1-Score: 0.9162, AUC: 0.9984, AUPR: 0.9532
No improvement, patience counter: 2/25
Fold 0, Epoch: 65/1000, Batch: 854, Loss: 0.0010
Fold 0, Epoch 65/1000, Average Train Loss: 0.0020, LR: 0.000050
Epoch 65: Optimal threshold updated to = 0.0807
Fold 0, Epoch 65, Current decision threshold: 0.0807
Fold 0, Epoch 65/1000, Validation Loss: 0.0076, Accuracy: 0.9963
Fold 0, Epoch 65/1000, Precision: 0.9154, Recall: 0.9333, F1-Score: 0.9243, AUC: 0.9984, AUPR: 0.9547
New best model saved, F1: 0.9243, AUC: 0.9984, AUPR: 0.9547
Fold 0, Epoch: 66/1000, Batch: 854, Loss: 0.0006
Fold 0, Epoch 66/1000, Average Train Loss: 0.0020, LR: 0.000050
Fold 0, Epoch 66, Current decision threshold: 0.0807
Fold 0, Epoch 66/1000, Validation Loss: 0.0081, Accuracy: 0.9960
Fold 0, Epoch 66/1000, Precision: 0.9176, Recall: 0.9203, F1-Score: 0.9190, AUC: 0.9984, AUPR: 0.9551
No improvement, patience counter: 1/25
Fold 0, Epoch: 67/1000, Batch: 854, Loss: 0.0010
Fold 0, Epoch 67/1000, Average Train Loss: 0.0020, LR: 0.000050
Fold 0, Epoch 67, Current decision threshold: 0.0807
Fold 0, Epoch 67/1000, Validation Loss: 0.0081, Accuracy: 0.9961
Fold 0, Epoch 67/1000, Precision: 0.9200, Recall: 0.9211, F1-Score: 0.9205, AUC: 0.9984, AUPR: 0.9553
No improvement, patience counter: 2/25
Fold 0, Epoch: 68/1000, Batch: 854, Loss: 0.0007
Fold 0, Epoch 68/1000, Average Train Loss: 0.0020, LR: 0.000050
Fold 0, Epoch 68, Current decision threshold: 0.0807
Fold 0, Epoch 68/1000, Validation Loss: 0.0072, Accuracy: 0.9959
Fold 0, Epoch 68/1000, Precision: 0.9024, Recall: 0.9333, F1-Score: 0.9176, AUC: 0.9984, AUPR: 0.9533
No improvement, patience counter: 3/25
Fold 0, Epoch: 69/1000, Batch: 854, Loss: 0.0029
Fold 0, Epoch 69/1000, Average Train Loss: 0.0020, LR: 0.000050
Fold 0, Epoch 69, Current decision threshold: 0.0807
Fold 0, Epoch 69/1000, Validation Loss: 0.0088, Accuracy: 0.9960
Fold 0, Epoch 69/1000, Precision: 0.9234, Recall: 0.9117, F1-Score: 0.9175, AUC: 0.9984, AUPR: 0.9545
No improvement, patience counter: 4/25
Fold 0, Epoch: 70/1000, Batch: 854, Loss: 0.0002
Fold 0, Epoch 70/1000, Average Train Loss: 0.0019, LR: 0.000025
Epoch 70: Optimal threshold updated to = 0.0905
Fold 0, Epoch 70, Current decision threshold: 0.0905
Fold 0, Epoch 70/1000, Validation Loss: 0.0079, Accuracy: 0.9962
Fold 0, Epoch 70/1000, Precision: 0.9237, Recall: 0.9211, F1-Score: 0.9224, AUC: 0.9984, AUPR: 0.9560
New best model saved, F1: 0.9224, AUC: 0.9984, AUPR: 0.9560
Fold 0, Epoch: 71/1000, Batch: 854, Loss: 0.0022
Fold 0, Epoch 71/1000, Average Train Loss: 0.0018, LR: 0.000025
Fold 0, Epoch 71, Current decision threshold: 0.0905
Fold 0, Epoch 71/1000, Validation Loss: 0.0078, Accuracy: 0.9961
Fold 0, Epoch 71/1000, Precision: 0.9199, Recall: 0.9207, F1-Score: 0.9203, AUC: 0.9984, AUPR: 0.9555
No improvement, patience counter: 1/25
Fold 0, Epoch: 72/1000, Batch: 854, Loss: 0.0021
Fold 0, Epoch 72/1000, Average Train Loss: 0.0018, LR: 0.000025
Fold 0, Epoch 72, Current decision threshold: 0.0905
Fold 0, Epoch 72/1000, Validation Loss: 0.0080, Accuracy: 0.9961
Fold 0, Epoch 72/1000, Precision: 0.9216, Recall: 0.9178, F1-Score: 0.9197, AUC: 0.9985, AUPR: 0.9546
No improvement, patience counter: 2/25
Fold 0, Epoch: 73/1000, Batch: 854, Loss: 0.0009
Fold 0, Epoch 73/1000, Average Train Loss: 0.0018, LR: 0.000025
Fold 0, Epoch 73, Current decision threshold: 0.0905
Fold 0, Epoch 73/1000, Validation Loss: 0.0079, Accuracy: 0.9961
Fold 0, Epoch 73/1000, Precision: 0.9223, Recall: 0.9170, F1-Score: 0.9196, AUC: 0.9984, AUPR: 0.9555
No improvement, patience counter: 3/25
Fold 0, Epoch: 74/1000, Batch: 854, Loss: 0.0021
Fold 0, Epoch 74/1000, Average Train Loss: 0.0018, LR: 0.000025
Fold 0, Epoch 74, Current decision threshold: 0.0905
Fold 0, Epoch 74/1000, Validation Loss: 0.0080, Accuracy: 0.9961
Fold 0, Epoch 74/1000, Precision: 0.9222, Recall: 0.9166, F1-Score: 0.9194, AUC: 0.9984, AUPR: 0.9546
No improvement, patience counter: 4/25
Fold 0, Epoch: 75/1000, Batch: 854, Loss: 0.0044
Fold 0, Epoch 75/1000, Average Train Loss: 0.0017, LR: 0.000013
Epoch 75: Optimal threshold updated to = 0.0923
Fold 0, Epoch 75, Current decision threshold: 0.0923
Fold 0, Epoch 75/1000, Validation Loss: 0.0078, Accuracy: 0.9962
Fold 0, Epoch 75/1000, Precision: 0.9262, Recall: 0.9190, F1-Score: 0.9226, AUC: 0.9984, AUPR: 0.9557
No improvement, patience counter: 5/25
Fold 0, Epoch: 76/1000, Batch: 854, Loss: 0.0039
Fold 0, Epoch 76/1000, Average Train Loss: 0.0017, LR: 0.000013
Fold 0, Epoch 76, Current decision threshold: 0.0923
Fold 0, Epoch 76/1000, Validation Loss: 0.0079, Accuracy: 0.9963
Fold 0, Epoch 76/1000, Precision: 0.9274, Recall: 0.9199, F1-Score: 0.9236, AUC: 0.9984, AUPR: 0.9558
New best model saved, F1: 0.9236, AUC: 0.9984, AUPR: 0.9558
Fold 0, Epoch: 77/1000, Batch: 854, Loss: 0.0015
Fold 0, Epoch 77/1000, Average Train Loss: 0.0017, LR: 0.000013
Fold 0, Epoch 77, Current decision threshold: 0.0923
Fold 0, Epoch 77/1000, Validation Loss: 0.0080, Accuracy: 0.9962
Fold 0, Epoch 77/1000, Precision: 0.9263, Recall: 0.9154, F1-Score: 0.9208, AUC: 0.9984, AUPR: 0.9555
No improvement, patience counter: 1/25
Fold 0, Epoch: 78/1000, Batch: 854, Loss: 0.0010
Fold 0, Epoch 78/1000, Average Train Loss: 0.0017, LR: 0.000013
Fold 0, Epoch 78, Current decision threshold: 0.0923
Fold 0, Epoch 78/1000, Validation Loss: 0.0078, Accuracy: 0.9962
Fold 0, Epoch 78/1000, Precision: 0.9262, Recall: 0.9190, F1-Score: 0.9226, AUC: 0.9984, AUPR: 0.9562
New best model saved, F1: 0.9226, AUC: 0.9984, AUPR: 0.9562
Fold 0, Epoch: 79/1000, Batch: 854, Loss: 0.0021
Fold 0, Epoch 79/1000, Average Train Loss: 0.0017, LR: 0.000013
Fold 0, Epoch 79, Current decision threshold: 0.0923
Fold 0, Epoch 79/1000, Validation Loss: 0.0078, Accuracy: 0.9963
Fold 0, Epoch 79/1000, Precision: 0.9270, Recall: 0.9194, F1-Score: 0.9232, AUC: 0.9984, AUPR: 0.9563
New best model saved, F1: 0.9232, AUC: 0.9984, AUPR: 0.9563
Fold 0, Epoch: 80/1000, Batch: 854, Loss: 0.0046
Fold 0, Epoch 80/1000, Average Train Loss: 0.0017, LR: 0.000013
Epoch 80: Optimal threshold updated to = 0.0900
Fold 0, Epoch 80, Current decision threshold: 0.0900
Fold 0, Epoch 80/1000, Validation Loss: 0.0076, Accuracy: 0.9963
Fold 0, Epoch 80/1000, Precision: 0.9251, Recall: 0.9239, F1-Score: 0.9245, AUC: 0.9984, AUPR: 0.9570
New best model saved, F1: 0.9245, AUC: 0.9984, AUPR: 0.9570
Fold 0, Epoch: 81/1000, Batch: 854, Loss: 0.0023
Fold 0, Epoch 81/1000, Average Train Loss: 0.0017, LR: 0.000013
Fold 0, Epoch 81, Current decision threshold: 0.0900
Fold 0, Epoch 81/1000, Validation Loss: 0.0079, Accuracy: 0.9962
Fold 0, Epoch 81/1000, Precision: 0.9237, Recall: 0.9207, F1-Score: 0.9222, AUC: 0.9984, AUPR: 0.9569
No improvement, patience counter: 1/25
Fold 0, Epoch: 82/1000, Batch: 854, Loss: 0.0031
Fold 0, Epoch 82/1000, Average Train Loss: 0.0017, LR: 0.000013
Fold 0, Epoch 82, Current decision threshold: 0.0900
Fold 0, Epoch 82/1000, Validation Loss: 0.0081, Accuracy: 0.9962
Fold 0, Epoch 82/1000, Precision: 0.9290, Recall: 0.9154, F1-Score: 0.9221, AUC: 0.9984, AUPR: 0.9568
No improvement, patience counter: 2/25
Fold 0, Epoch: 83/1000, Batch: 854, Loss: 0.0038
Fold 0, Epoch 83/1000, Average Train Loss: 0.0017, LR: 0.000013
Fold 0, Epoch 83, Current decision threshold: 0.0900
Fold 0, Epoch 83/1000, Validation Loss: 0.0079, Accuracy: 0.9961
Fold 0, Epoch 83/1000, Precision: 0.9237, Recall: 0.9158, F1-Score: 0.9197, AUC: 0.9985, AUPR: 0.9566
No improvement, patience counter: 3/25
Fold 0, Epoch: 84/1000, Batch: 854, Loss: 0.0003
Fold 0, Epoch 84/1000, Average Train Loss: 0.0017, LR: 0.000013
Fold 0, Epoch 84, Current decision threshold: 0.0900
Fold 0, Epoch 84/1000, Validation Loss: 0.0081, Accuracy: 0.9961
Fold 0, Epoch 84/1000, Precision: 0.9273, Recall: 0.9129, F1-Score: 0.9200, AUC: 0.9985, AUPR: 0.9572
No improvement, patience counter: 4/25
Fold 0, Epoch: 85/1000, Batch: 854, Loss: 0.0009
Fold 0, Epoch 85/1000, Average Train Loss: 0.0017, LR: 0.000006
Epoch 85: Optimal threshold updated to = 0.0989
Fold 0, Epoch 85, Current decision threshold: 0.0989
Fold 0, Epoch 85/1000, Validation Loss: 0.0080, Accuracy: 0.9962
Fold 0, Epoch 85/1000, Precision: 0.9318, Recall: 0.9117, F1-Score: 0.9217, AUC: 0.9985, AUPR: 0.9570
No improvement, patience counter: 5/25
Fold 0, Epoch: 86/1000, Batch: 854, Loss: 0.0018
Fold 0, Epoch 86/1000, Average Train Loss: 0.0017, LR: 0.000006
Fold 0, Epoch 86, Current decision threshold: 0.0989
Fold 0, Epoch 86/1000, Validation Loss: 0.0078, Accuracy: 0.9962
Fold 0, Epoch 86/1000, Precision: 0.9307, Recall: 0.9129, F1-Score: 0.9217, AUC: 0.9985, AUPR: 0.9577
New best model saved, F1: 0.9217, AUC: 0.9985, AUPR: 0.9577
Fold 0, Epoch: 87/1000, Batch: 854, Loss: 0.0014
Fold 0, Epoch 87/1000, Average Train Loss: 0.0017, LR: 0.000006
Fold 0, Epoch 87, Current decision threshold: 0.0989
Fold 0, Epoch 87/1000, Validation Loss: 0.0081, Accuracy: 0.9962
Fold 0, Epoch 87/1000, Precision: 0.9325, Recall: 0.9101, F1-Score: 0.9211, AUC: 0.9985, AUPR: 0.9574
No improvement, patience counter: 1/25
Fold 0, Epoch: 88/1000, Batch: 854, Loss: 0.0004
Fold 0, Epoch 88/1000, Average Train Loss: 0.0016, LR: 0.000006
Fold 0, Epoch 88, Current decision threshold: 0.0989
Fold 0, Epoch 88/1000, Validation Loss: 0.0078, Accuracy: 0.9962
Fold 0, Epoch 88/1000, Precision: 0.9289, Recall: 0.9146, F1-Score: 0.9217, AUC: 0.9985, AUPR: 0.9575
No improvement, patience counter: 2/25
Fold 0, Epoch: 89/1000, Batch: 854, Loss: 0.0023
Fold 0, Epoch 89/1000, Average Train Loss: 0.0016, LR: 0.000003
Fold 0, Epoch 89, Current decision threshold: 0.0989
Fold 0, Epoch 89/1000, Validation Loss: 0.0080, Accuracy: 0.9962
Fold 0, Epoch 89/1000, Precision: 0.9329, Recall: 0.9113, F1-Score: 0.9220, AUC: 0.9985, AUPR: 0.9577
New best model saved, F1: 0.9220, AUC: 0.9985, AUPR: 0.9577
Fold 0, Epoch: 90/1000, Batch: 854, Loss: 0.0011
Fold 0, Epoch 90/1000, Average Train Loss: 0.0017, LR: 0.000003
Epoch 90: Optimal threshold updated to = 0.0639
Fold 0, Epoch 90, Current decision threshold: 0.0639
Fold 0, Epoch 90/1000, Validation Loss: 0.0079, Accuracy: 0.9962
Fold 0, Epoch 90/1000, Precision: 0.9105, Recall: 0.9349, F1-Score: 0.9225, AUC: 0.9985, AUPR: 0.9575
No improvement, patience counter: 1/25
Fold 0, Epoch: 91/1000, Batch: 854, Loss: 0.0070
Fold 0, Epoch 91/1000, Average Train Loss: 0.0016, LR: 0.000003
Fold 0, Epoch 91, Current decision threshold: 0.0639
Fold 0, Epoch 91/1000, Validation Loss: 0.0079, Accuracy: 0.9961
Fold 0, Epoch 91/1000, Precision: 0.9086, Recall: 0.9345, F1-Score: 0.9214, AUC: 0.9984, AUPR: 0.9573
No improvement, patience counter: 2/25
Fold 0, Epoch: 92/1000, Batch: 854, Loss: 0.0010
Fold 0, Epoch 92/1000, Average Train Loss: 0.0016, LR: 0.000003
Fold 0, Epoch 92, Current decision threshold: 0.0639
Fold 0, Epoch 92/1000, Validation Loss: 0.0079, Accuracy: 0.9961
Fold 0, Epoch 92/1000, Precision: 0.9086, Recall: 0.9341, F1-Score: 0.9212, AUC: 0.9985, AUPR: 0.9574
No improvement, patience counter: 3/25
Fold 0, Epoch: 93/1000, Batch: 854, Loss: 0.0073
Fold 0, Epoch 93/1000, Average Train Loss: 0.0016, LR: 0.000002
Fold 0, Epoch 93, Current decision threshold: 0.0639
Fold 0, Epoch 93/1000, Validation Loss: 0.0080, Accuracy: 0.9961
Fold 0, Epoch 93/1000, Precision: 0.9109, Recall: 0.9321, F1-Score: 0.9214, AUC: 0.9985, AUPR: 0.9576
No improvement, patience counter: 4/25
Fold 0, Epoch: 94/1000, Batch: 854, Loss: 0.0010
Fold 0, Epoch 94/1000, Average Train Loss: 0.0016, LR: 0.000002
Fold 0, Epoch 94, Current decision threshold: 0.0639
Fold 0, Epoch 94/1000, Validation Loss: 0.0081, Accuracy: 0.9962
Fold 0, Epoch 94/1000, Precision: 0.9131, Recall: 0.9321, F1-Score: 0.9225, AUC: 0.9985, AUPR: 0.9577
New best model saved, F1: 0.9225, AUC: 0.9985, AUPR: 0.9577
Fold 0, Epoch: 95/1000, Batch: 854, Loss: 0.0035
Fold 0, Epoch 95/1000, Average Train Loss: 0.0017, LR: 0.000002
Epoch 95: Optimal threshold updated to = 0.0683
Fold 0, Epoch 95, Current decision threshold: 0.0683
Fold 0, Epoch 95/1000, Validation Loss: 0.0080, Accuracy: 0.9962
Fold 0, Epoch 95/1000, Precision: 0.9138, Recall: 0.9312, F1-Score: 0.9224, AUC: 0.9985, AUPR: 0.9576
No improvement, patience counter: 1/25
Fold 0, Epoch: 96/1000, Batch: 854, Loss: 0.0032
Fold 0, Epoch 96/1000, Average Train Loss: 0.0016, LR: 0.000002
Fold 0, Epoch 96, Current decision threshold: 0.0683
Fold 0, Epoch 96/1000, Validation Loss: 0.0080, Accuracy: 0.9961
Fold 0, Epoch 96/1000, Precision: 0.9123, Recall: 0.9312, F1-Score: 0.9217, AUC: 0.9985, AUPR: 0.9576
No improvement, patience counter: 2/25
Fold 0, Epoch: 97/1000, Batch: 854, Loss: 0.0009
Fold 0, Epoch 97/1000, Average Train Loss: 0.0016, LR: 0.000002
Fold 0, Epoch 97, Current decision threshold: 0.0683
Fold 0, Epoch 97/1000, Validation Loss: 0.0080, Accuracy: 0.9962
Fold 0, Epoch 97/1000, Precision: 0.9142, Recall: 0.9325, F1-Score: 0.9233, AUC: 0.9985, AUPR: 0.9577
New best model saved, F1: 0.9233, AUC: 0.9985, AUPR: 0.9577
Fold 0, Epoch: 98/1000, Batch: 854, Loss: 0.0031
Fold 0, Epoch 98/1000, Average Train Loss: 0.0016, LR: 0.000002
Fold 0, Epoch 98, Current decision threshold: 0.0683
Fold 0, Epoch 98/1000, Validation Loss: 0.0080, Accuracy: 0.9962
Fold 0, Epoch 98/1000, Precision: 0.9135, Recall: 0.9325, F1-Score: 0.9229, AUC: 0.9985, AUPR: 0.9576
No improvement, patience counter: 1/25
Fold 0, Epoch: 99/1000, Batch: 854, Loss: 0.0003
Fold 0, Epoch 99/1000, Average Train Loss: 0.0016, LR: 0.000002
Fold 0, Epoch 99, Current decision threshold: 0.0683
Fold 0, Epoch 99/1000, Validation Loss: 0.0078, Accuracy: 0.9962
Fold 0, Epoch 99/1000, Precision: 0.9114, Recall: 0.9333, F1-Score: 0.9222, AUC: 0.9985, AUPR: 0.9578
No improvement, patience counter: 2/25
Fold 0, Epoch: 100/1000, Batch: 854, Loss: 0.0005
Fold 0, Epoch 100/1000, Average Train Loss: 0.0016, LR: 0.000002
Epoch 100: Optimal threshold updated to = 0.0791
Fold 0, Epoch 100, Current decision threshold: 0.0791
Fold 0, Epoch 100/1000, Validation Loss: 0.0080, Accuracy: 0.9963
Fold 0, Epoch 100/1000, Precision: 0.9211, Recall: 0.9260, F1-Score: 0.9235, AUC: 0.9985, AUPR: 0.9578
New best model saved, F1: 0.9235, AUC: 0.9985, AUPR: 0.9578
Fold 0, Epoch: 101/1000, Batch: 854, Loss: 0.0016
Fold 0, Epoch 101/1000, Average Train Loss: 0.0016, LR: 0.000002
Fold 0, Epoch 101, Current decision threshold: 0.0791
Fold 0, Epoch 101/1000, Validation Loss: 0.0080, Accuracy: 0.9962
Fold 0, Epoch 101/1000, Precision: 0.9220, Recall: 0.9235, F1-Score: 0.9228, AUC: 0.9985, AUPR: 0.9577
No improvement, patience counter: 1/25
Fold 0, Epoch: 102/1000, Batch: 854, Loss: 0.0006
Fold 0, Epoch 102/1000, Average Train Loss: 0.0016, LR: 0.000002
Fold 0, Epoch 102, Current decision threshold: 0.0791
Fold 0, Epoch 102/1000, Validation Loss: 0.0079, Accuracy: 0.9962
Fold 0, Epoch 102/1000, Precision: 0.9189, Recall: 0.9260, F1-Score: 0.9224, AUC: 0.9985, AUPR: 0.9577
No improvement, patience counter: 2/25
Fold 0, Epoch: 103/1000, Batch: 854, Loss: 0.0008
Fold 0, Epoch 103/1000, Average Train Loss: 0.0016, LR: 0.000002
Fold 0, Epoch 103, Current decision threshold: 0.0791
Fold 0, Epoch 103/1000, Validation Loss: 0.0079, Accuracy: 0.9962
Fold 0, Epoch 103/1000, Precision: 0.9186, Recall: 0.9272, F1-Score: 0.9229, AUC: 0.9985, AUPR: 0.9577
No improvement, patience counter: 3/25
Fold 0, Epoch: 104/1000, Batch: 854, Loss: 0.0016
Fold 0, Epoch 104/1000, Average Train Loss: 0.0016, LR: 0.000002
Fold 0, Epoch 104, Current decision threshold: 0.0791
Fold 0, Epoch 104/1000, Validation Loss: 0.0079, Accuracy: 0.9962
Fold 0, Epoch 104/1000, Precision: 0.9185, Recall: 0.9260, F1-Score: 0.9222, AUC: 0.9985, AUPR: 0.9576
No improvement, patience counter: 4/25
Fold 0, Epoch: 105/1000, Batch: 854, Loss: 0.0006
Fold 0, Epoch 105/1000, Average Train Loss: 0.0016, LR: 0.000001
Epoch 105: Optimal threshold updated to = 0.0710
Fold 0, Epoch 105, Current decision threshold: 0.0710
Fold 0, Epoch 105/1000, Validation Loss: 0.0080, Accuracy: 0.9962
Fold 0, Epoch 105/1000, Precision: 0.9162, Recall: 0.9300, F1-Score: 0.9231, AUC: 0.9985, AUPR: 0.9576
No improvement, patience counter: 5/25
Fold 0, Epoch: 106/1000, Batch: 854, Loss: 0.0016
Fold 0, Epoch 106/1000, Average Train Loss: 0.0016, LR: 0.000001
Fold 0, Epoch 106, Current decision threshold: 0.0710
Fold 0, Epoch 106/1000, Validation Loss: 0.0080, Accuracy: 0.9962
Fold 0, Epoch 106/1000, Precision: 0.9169, Recall: 0.9288, F1-Score: 0.9228, AUC: 0.9985, AUPR: 0.9575
No improvement, patience counter: 6/25
Fold 0, Epoch: 107/1000, Batch: 854, Loss: 0.0017
Fold 0, Epoch 107/1000, Average Train Loss: 0.0016, LR: 0.000001
Fold 0, Epoch 107, Current decision threshold: 0.0710
Fold 0, Epoch 107/1000, Validation Loss: 0.0080, Accuracy: 0.9962
Fold 0, Epoch 107/1000, Precision: 0.9165, Recall: 0.9288, F1-Score: 0.9226, AUC: 0.9985, AUPR: 0.9576
No improvement, patience counter: 7/25
Fold 0, Epoch: 108/1000, Batch: 854, Loss: 0.0081
Fold 0, Epoch 108/1000, Average Train Loss: 0.0016, LR: 0.000001
Fold 0, Epoch 108, Current decision threshold: 0.0710
Fold 0, Epoch 108/1000, Validation Loss: 0.0080, Accuracy: 0.9962
Fold 0, Epoch 108/1000, Precision: 0.9155, Recall: 0.9300, F1-Score: 0.9227, AUC: 0.9985, AUPR: 0.9575
No improvement, patience counter: 8/25
Fold 0, Epoch: 109/1000, Batch: 854, Loss: 0.0023
Fold 0, Epoch 109/1000, Average Train Loss: 0.0016, LR: 0.000000
Fold 0, Epoch 109, Current decision threshold: 0.0710
Fold 0, Epoch 109/1000, Validation Loss: 0.0080, Accuracy: 0.9962
Fold 0, Epoch 109/1000, Precision: 0.9158, Recall: 0.9288, F1-Score: 0.9222, AUC: 0.9985, AUPR: 0.9575
No improvement, patience counter: 9/25
Fold 0, Epoch: 110/1000, Batch: 854, Loss: 0.0019
Fold 0, Epoch 110/1000, Average Train Loss: 0.0016, LR: 0.000000
Epoch 110: Optimal threshold updated to = 0.0762
Fold 0, Epoch 110, Current decision threshold: 0.0762
Fold 0, Epoch 110/1000, Validation Loss: 0.0080, Accuracy: 0.9962
Fold 0, Epoch 110/1000, Precision: 0.9185, Recall: 0.9268, F1-Score: 0.9226, AUC: 0.9985, AUPR: 0.9575
No improvement, patience counter: 10/25
Fold 0, Epoch: 111/1000, Batch: 854, Loss: 0.0011
Fold 0, Epoch 111/1000, Average Train Loss: 0.0016, LR: 0.000000
Fold 0, Epoch 111, Current decision threshold: 0.0762
Fold 0, Epoch 111/1000, Validation Loss: 0.0079, Accuracy: 0.9962
Fold 0, Epoch 111/1000, Precision: 0.9175, Recall: 0.9272, F1-Score: 0.9223, AUC: 0.9985, AUPR: 0.9575
No improvement, patience counter: 11/25
Fold 0, Epoch: 112/1000, Batch: 854, Loss: 0.0031
Fold 0, Epoch 112/1000, Average Train Loss: 0.0016, LR: 0.000000
Fold 0, Epoch 112, Current decision threshold: 0.0762
Fold 0, Epoch 112/1000, Validation Loss: 0.0079, Accuracy: 0.9962
Fold 0, Epoch 112/1000, Precision: 0.9175, Recall: 0.9276, F1-Score: 0.9225, AUC: 0.9985, AUPR: 0.9575
No improvement, patience counter: 12/25
Fold 0, Epoch: 113/1000, Batch: 854, Loss: 0.0013
Fold 0, Epoch 113/1000, Average Train Loss: 0.0016, LR: 0.000000
Fold 0, Epoch 113, Current decision threshold: 0.0762
Fold 0, Epoch 113/1000, Validation Loss: 0.0080, Accuracy: 0.9962
Fold 0, Epoch 113/1000, Precision: 0.9185, Recall: 0.9268, F1-Score: 0.9226, AUC: 0.9985, AUPR: 0.9575
No improvement, patience counter: 13/25
Fold 0, Epoch: 114/1000, Batch: 854, Loss: 0.0026
Fold 0, Epoch 114/1000, Average Train Loss: 0.0016, LR: 0.000000
Fold 0, Epoch 114, Current decision threshold: 0.0762
Fold 0, Epoch 114/1000, Validation Loss: 0.0080, Accuracy: 0.9962
Fold 0, Epoch 114/1000, Precision: 0.9185, Recall: 0.9268, F1-Score: 0.9226, AUC: 0.9985, AUPR: 0.9575
No improvement, patience counter: 14/25
Fold 0, Epoch: 115/1000, Batch: 854, Loss: 0.0004
Fold 0, Epoch 115/1000, Average Train Loss: 0.0016, LR: 0.000000
Epoch 115: Optimal threshold updated to = 0.0746
Fold 0, Epoch 115, Current decision threshold: 0.0746
Fold 0, Epoch 115/1000, Validation Loss: 0.0080, Accuracy: 0.9962
Fold 0, Epoch 115/1000, Precision: 0.9179, Recall: 0.9276, F1-Score: 0.9227, AUC: 0.9985, AUPR: 0.9575
No improvement, patience counter: 15/25
Fold 0, Epoch: 116/1000, Batch: 854, Loss: 0.0021
Fold 0, Epoch 116/1000, Average Train Loss: 0.0016, LR: 0.000000
Fold 0, Epoch 116, Current decision threshold: 0.0746
Fold 0, Epoch 116/1000, Validation Loss: 0.0079, Accuracy: 0.9962
Fold 0, Epoch 116/1000, Precision: 0.9168, Recall: 0.9280, F1-Score: 0.9224, AUC: 0.9985, AUPR: 0.9575
No improvement, patience counter: 16/25
Fold 0, Epoch: 117/1000, Batch: 854, Loss: 0.0013
Fold 0, Epoch 117/1000, Average Train Loss: 0.0016, LR: 0.000000
Fold 0, Epoch 117, Current decision threshold: 0.0746
Fold 0, Epoch 117/1000, Validation Loss: 0.0080, Accuracy: 0.9962
Fold 0, Epoch 117/1000, Precision: 0.9168, Recall: 0.9280, F1-Score: 0.9224, AUC: 0.9985, AUPR: 0.9575
No improvement, patience counter: 17/25
Fold 0, Epoch: 118/1000, Batch: 854, Loss: 0.0006
Fold 0, Epoch 118/1000, Average Train Loss: 0.0016, LR: 0.000000
Fold 0, Epoch 118, Current decision threshold: 0.0746
Fold 0, Epoch 118/1000, Validation Loss: 0.0080, Accuracy: 0.9962
Fold 0, Epoch 118/1000, Precision: 0.9175, Recall: 0.9280, F1-Score: 0.9227, AUC: 0.9985, AUPR: 0.9575
No improvement, patience counter: 18/25
Fold 0, Epoch: 119/1000, Batch: 854, Loss: 0.0021
Fold 0, Epoch 119/1000, Average Train Loss: 0.0016, LR: 0.000000
Fold 0, Epoch 119, Current decision threshold: 0.0746
Fold 0, Epoch 119/1000, Validation Loss: 0.0080, Accuracy: 0.9962
Fold 0, Epoch 119/1000, Precision: 0.9175, Recall: 0.9280, F1-Score: 0.9227, AUC: 0.9985, AUPR: 0.9575
No improvement, patience counter: 19/25
Fold 0, Epoch: 120/1000, Batch: 854, Loss: 0.0008
Fold 0, Epoch 120/1000, Average Train Loss: 0.0016, LR: 0.000000
Epoch 120: Optimal threshold updated to = 0.0757
Fold 0, Epoch 120, Current decision threshold: 0.0757
Fold 0, Epoch 120/1000, Validation Loss: 0.0080, Accuracy: 0.9962
Fold 0, Epoch 120/1000, Precision: 0.9186, Recall: 0.9272, F1-Score: 0.9229, AUC: 0.9985, AUPR: 0.9575
No improvement, patience counter: 20/25
Fold 0, Epoch: 121/1000, Batch: 854, Loss: 0.0017
Fold 0, Epoch 121/1000, Average Train Loss: 0.0016, LR: 0.000000
Fold 0, Epoch 121, Current decision threshold: 0.0757
Fold 0, Epoch 121/1000, Validation Loss: 0.0080, Accuracy: 0.9962
Fold 0, Epoch 121/1000, Precision: 0.9186, Recall: 0.9276, F1-Score: 0.9231, AUC: 0.9985, AUPR: 0.9575
No improvement, patience counter: 21/25
Fold 0, Epoch: 122/1000, Batch: 854, Loss: 0.0011
Fold 0, Epoch 122/1000, Average Train Loss: 0.0016, LR: 0.000000
Fold 0, Epoch 122, Current decision threshold: 0.0757
Fold 0, Epoch 122/1000, Validation Loss: 0.0080, Accuracy: 0.9962
Fold 0, Epoch 122/1000, Precision: 0.9186, Recall: 0.9276, F1-Score: 0.9231, AUC: 0.9985, AUPR: 0.9575
No improvement, patience counter: 22/25
Fold 0, Epoch: 123/1000, Batch: 854, Loss: 0.0003
Fold 0, Epoch 123/1000, Average Train Loss: 0.0016, LR: 0.000000
Fold 0, Epoch 123, Current decision threshold: 0.0757
Fold 0, Epoch 123/1000, Validation Loss: 0.0080, Accuracy: 0.9962
Fold 0, Epoch 123/1000, Precision: 0.9186, Recall: 0.9272, F1-Score: 0.9229, AUC: 0.9985, AUPR: 0.9575
No improvement, patience counter: 23/25
Fold 0, Epoch: 124/1000, Batch: 854, Loss: 0.0014
Fold 0, Epoch 124/1000, Average Train Loss: 0.0016, LR: 0.000000
Fold 0, Epoch 124, Current decision threshold: 0.0757
Fold 0, Epoch 124/1000, Validation Loss: 0.0080, Accuracy: 0.9962
Fold 0, Epoch 124/1000, Precision: 0.9186, Recall: 0.9272, F1-Score: 0.9229, AUC: 0.9985, AUPR: 0.9575
No improvement, patience counter: 24/25
Fold 0, Epoch: 125/1000, Batch: 854, Loss: 0.0020
Fold 0, Epoch 125/1000, Average Train Loss: 0.0016, LR: 0.000000
Epoch 125: Optimal threshold updated to = 0.0758
Fold 0, Epoch 125, Current decision threshold: 0.0758
Fold 0, Epoch 125/1000, Validation Loss: 0.0080, Accuracy: 0.9962
Fold 0, Epoch 125/1000, Precision: 0.9186, Recall: 0.9272, F1-Score: 0.9229, AUC: 0.9985, AUPR: 0.9575
No improvement, patience counter: 25/25
Early stopping at epoch 125
Restored best model, F1: 0.9235, AUC: 0.9985, AUPR: 0.9578
Round 7, Fold 0 best model and threshold 0.0758 saved to D:\SPAN\models\span_round_7_fold_0.pkl
Completed fold 0 in 5-folds, Validation Loss: 0.0080, Accuracy: 0.9963
Completed fold 0 in 5-folds, Precision: 0.9211, Recall: 0.9260, F1-Score: 0.9235, AUC: 0.9985, AUPR: 0.9578
Fold 0 test Finished! - 2026-04-06 21:20:10
======================================================================
Final Results Summary
----------------------------------------------------------------------
AUC         AUPR        Acc         F1          Pre         Recall      
0.9985      0.9578      0.9963      0.9235      0.9211      0.9260      
======================================================================
