Logging for round 0, fold 0 configured to file: D:\SPAN\logs\fafa-round_0-fold_0.log - 2026-03-28 21:25:24
========== Round 0 - Fold 0 Training ==========
current_sys_path: D:\SPAN
device = cuda
Global seed initialized to 42 for reproducibility
Using GPU: NVIDIA GeForce RTX 3060 Laptop GPU
Starting fold 0 in 5-folds
Training data - Positive samples: tensor([44912.]), Negative samples: tensor([392091.])
Fold 0, Epoch: 1/1000, Batch: 854, Loss: 0.0289
Fold 0, Epoch 1/1000, Average Train Loss: 0.0311, LR: 0.000200
Fold 0, Epoch 1, Current decision threshold: 0.2000
Fold 0, Epoch 1/1000, Validation Loss: 0.0139, Accuracy: 0.7019
Fold 0, Epoch 1/1000, Precision: 0.0752, Recall: 0.9971, F1-Score: 0.1399, AUC: 0.9571, AUPR: 0.3054
New best model saved, F1: 0.1399, AUC: 0.9571, AUPR: 0.3054
Fold 0, Epoch: 2/1000, Batch: 854, Loss: 0.0117
Fold 0, Epoch 2/1000, Average Train Loss: 0.0169, LR: 0.000200
Fold 0, Epoch 2, Current decision threshold: 0.2000
Fold 0, Epoch 2/1000, Validation Loss: 0.0071, Accuracy: 0.9620
Fold 0, Epoch 2/1000, Precision: 0.3798, Recall: 0.8870, F1-Score: 0.5319, AUC: 0.9844, AUPR: 0.5804
New best model saved, F1: 0.5319, AUC: 0.9844, AUPR: 0.5804
Fold 0, Epoch: 3/1000, Batch: 854, Loss: 0.0088
Fold 0, Epoch 3/1000, Average Train Loss: 0.0127, LR: 0.000200
Fold 0, Epoch 3, Current decision threshold: 0.2000
Fold 0, Epoch 3/1000, Validation Loss: 0.0062, Accuracy: 0.9759
Fold 0, Epoch 3/1000, Precision: 0.5022, Recall: 0.9123, F1-Score: 0.6478, AUC: 0.9912, AUPR: 0.6960
New best model saved, F1: 0.6478, AUC: 0.9912, AUPR: 0.6960
Fold 0, Epoch: 4/1000, Batch: 854, Loss: 0.0105
Fold 0, Epoch 4/1000, Average Train Loss: 0.0111, LR: 0.000200
Fold 0, Epoch 4, Current decision threshold: 0.2000
Fold 0, Epoch 4/1000, Validation Loss: 0.0066, Accuracy: 0.9862
Fold 0, Epoch 4/1000, Precision: 0.6622, Recall: 0.8813, F1-Score: 0.7562, AUC: 0.9944, AUPR: 0.7746
New best model saved, F1: 0.7562, AUC: 0.9944, AUPR: 0.7746
Fold 0, Epoch: 5/1000, Batch: 854, Loss: 0.0093
Fold 0, Epoch 5/1000, Average Train Loss: 0.0099, LR: 0.000200
Epoch 5: Optimal threshold updated to = 0.1883
Fold 0, Epoch 5, Current decision threshold: 0.1883
Fold 0, Epoch 5/1000, Validation Loss: 0.0072, Accuracy: 0.9881
Fold 0, Epoch 5/1000, Precision: 0.7115, Recall: 0.8613, F1-Score: 0.7793, AUC: 0.9952, AUPR: 0.7962
New best model saved, F1: 0.7793, AUC: 0.9952, AUPR: 0.7962
Fold 0, Epoch: 6/1000, Batch: 854, Loss: 0.0094
Fold 0, Epoch 6/1000, Average Train Loss: 0.0090, LR: 0.000200
Fold 0, Epoch 6, Current decision threshold: 0.1883
Fold 0, Epoch 6/1000, Validation Loss: 0.0066, Accuracy: 0.9896
Fold 0, Epoch 6/1000, Precision: 0.7403, Recall: 0.8817, F1-Score: 0.8048, AUC: 0.9960, AUPR: 0.8190
New best model saved, F1: 0.8048, AUC: 0.9960, AUPR: 0.8190
Fold 0, Epoch: 7/1000, Batch: 854, Loss: 0.0081
Fold 0, Epoch 7/1000, Average Train Loss: 0.0085, LR: 0.000200
Fold 0, Epoch 7, Current decision threshold: 0.1883
Fold 0, Epoch 7/1000, Validation Loss: 0.0093, Accuracy: 0.9908
Fold 0, Epoch 7/1000, Precision: 0.8413, Recall: 0.7658, F1-Score: 0.8018, AUC: 0.9967, AUPR: 0.8518
New best model saved, F1: 0.8018, AUC: 0.9967, AUPR: 0.8518
Fold 0, Epoch: 8/1000, Batch: 854, Loss: 0.0069
Fold 0, Epoch 8/1000, Average Train Loss: 0.0079, LR: 0.000200
Fold 0, Epoch 8, Current decision threshold: 0.1883
Fold 0, Epoch 8/1000, Validation Loss: 0.0067, Accuracy: 0.9917
Fold 0, Epoch 8/1000, Precision: 0.8080, Recall: 0.8621, F1-Score: 0.8342, AUC: 0.9969, AUPR: 0.8643
New best model saved, F1: 0.8342, AUC: 0.9969, AUPR: 0.8643
Fold 0, Epoch: 9/1000, Batch: 854, Loss: 0.0071
Fold 0, Epoch 9/1000, Average Train Loss: 0.0075, LR: 0.000200
Fold 0, Epoch 9, Current decision threshold: 0.1883
Fold 0, Epoch 9/1000, Validation Loss: 0.0071, Accuracy: 0.9922
Fold 0, Epoch 9/1000, Precision: 0.8242, Recall: 0.8609, F1-Score: 0.8421, AUC: 0.9970, AUPR: 0.8673
New best model saved, F1: 0.8421, AUC: 0.9970, AUPR: 0.8673
Fold 0, Epoch: 10/1000, Batch: 854, Loss: 0.0061
Fold 0, Epoch 10/1000, Average Train Loss: 0.0070, LR: 0.000200
Epoch 10: Optimal threshold updated to = 0.1680
Fold 0, Epoch 10, Current decision threshold: 0.1680
Fold 0, Epoch 10/1000, Validation Loss: 0.0070, Accuracy: 0.9919
Fold 0, Epoch 10/1000, Precision: 0.8087, Recall: 0.8743, F1-Score: 0.8402, AUC: 0.9970, AUPR: 0.8726
New best model saved, F1: 0.8402, AUC: 0.9970, AUPR: 0.8726
Fold 0, Epoch: 11/1000, Batch: 854, Loss: 0.0041
Fold 0, Epoch 11/1000, Average Train Loss: 0.0067, LR: 0.000200
Fold 0, Epoch 11, Current decision threshold: 0.1680
Fold 0, Epoch 11/1000, Validation Loss: 0.0062, Accuracy: 0.9923
Fold 0, Epoch 11/1000, Precision: 0.8058, Recall: 0.9004, F1-Score: 0.8505, AUC: 0.9974, AUPR: 0.8868
New best model saved, F1: 0.8505, AUC: 0.9974, AUPR: 0.8868
Fold 0, Epoch: 12/1000, Batch: 854, Loss: 0.0048
Fold 0, Epoch 12/1000, Average Train Loss: 0.0065, LR: 0.000200
Fold 0, Epoch 12, Current decision threshold: 0.1680
Fold 0, Epoch 12/1000, Validation Loss: 0.0072, Accuracy: 0.9930
Fold 0, Epoch 12/1000, Precision: 0.8481, Recall: 0.8698, F1-Score: 0.8588, AUC: 0.9976, AUPR: 0.8921
New best model saved, F1: 0.8588, AUC: 0.9976, AUPR: 0.8921
Fold 0, Epoch: 13/1000, Batch: 854, Loss: 0.0069
Fold 0, Epoch 13/1000, Average Train Loss: 0.0062, LR: 0.000200
Fold 0, Epoch 13, Current decision threshold: 0.1680
Fold 0, Epoch 13/1000, Validation Loss: 0.0066, Accuracy: 0.9935
Fold 0, Epoch 13/1000, Precision: 0.8475, Recall: 0.8911, F1-Score: 0.8687, AUC: 0.9977, AUPR: 0.9030
New best model saved, F1: 0.8687, AUC: 0.9977, AUPR: 0.9030
Fold 0, Epoch: 14/1000, Batch: 854, Loss: 0.0043
Fold 0, Epoch 14/1000, Average Train Loss: 0.0060, LR: 0.000200
Fold 0, Epoch 14, Current decision threshold: 0.1680
Fold 0, Epoch 14/1000, Validation Loss: 0.0070, Accuracy: 0.9938
Fold 0, Epoch 14/1000, Precision: 0.8647, Recall: 0.8813, F1-Score: 0.8729, AUC: 0.9977, AUPR: 0.9057
New best model saved, F1: 0.8729, AUC: 0.9977, AUPR: 0.9057
Fold 0, Epoch: 15/1000, Batch: 854, Loss: 0.0047
Fold 0, Epoch 15/1000, Average Train Loss: 0.0058, LR: 0.000200
Epoch 15: Optimal threshold updated to = 0.1250
Fold 0, Epoch 15, Current decision threshold: 0.1250
Fold 0, Epoch 15/1000, Validation Loss: 0.0070, Accuracy: 0.9935
Fold 0, Epoch 15/1000, Precision: 0.8333, Recall: 0.9180, F1-Score: 0.8736, AUC: 0.9978, AUPR: 0.9076
New best model saved, F1: 0.8736, AUC: 0.9978, AUPR: 0.9076
Fold 0, Epoch: 16/1000, Batch: 854, Loss: 0.0057
Fold 0, Epoch 16/1000, Average Train Loss: 0.0056, LR: 0.000200
Fold 0, Epoch 16, Current decision threshold: 0.1250
Fold 0, Epoch 16/1000, Validation Loss: 0.0070, Accuracy: 0.9935
Fold 0, Epoch 16/1000, Precision: 0.8331, Recall: 0.9168, F1-Score: 0.8730, AUC: 0.9978, AUPR: 0.9060
No improvement, patience counter: 1/25
Fold 0, Epoch: 17/1000, Batch: 854, Loss: 0.0032
Fold 0, Epoch 17/1000, Average Train Loss: 0.0054, LR: 0.000200
Fold 0, Epoch 17, Current decision threshold: 0.1250
Fold 0, Epoch 17/1000, Validation Loss: 0.0066, Accuracy: 0.9939
Fold 0, Epoch 17/1000, Precision: 0.8474, Recall: 0.9155, F1-Score: 0.8802, AUC: 0.9981, AUPR: 0.9175
New best model saved, F1: 0.8802, AUC: 0.9981, AUPR: 0.9175
Fold 0, Epoch: 18/1000, Batch: 854, Loss: 0.0050
Fold 0, Epoch 18/1000, Average Train Loss: 0.0052, LR: 0.000200
Fold 0, Epoch 18, Current decision threshold: 0.1250
Fold 0, Epoch 18/1000, Validation Loss: 0.0068, Accuracy: 0.9942
Fold 0, Epoch 18/1000, Precision: 0.8569, Recall: 0.9160, F1-Score: 0.8854, AUC: 0.9982, AUPR: 0.9216
New best model saved, F1: 0.8854, AUC: 0.9982, AUPR: 0.9216
Fold 0, Epoch: 19/1000, Batch: 854, Loss: 0.0028
Fold 0, Epoch 19/1000, Average Train Loss: 0.0051, LR: 0.000200
Fold 0, Epoch 19, Current decision threshold: 0.1250
Fold 0, Epoch 19/1000, Validation Loss: 0.0073, Accuracy: 0.9945
Fold 0, Epoch 19/1000, Precision: 0.8698, Recall: 0.9078, F1-Score: 0.8884, AUC: 0.9982, AUPR: 0.9232
New best model saved, F1: 0.8884, AUC: 0.9982, AUPR: 0.9232
Fold 0, Epoch: 20/1000, Batch: 854, Loss: 0.0030
Fold 0, Epoch 20/1000, Average Train Loss: 0.0049, LR: 0.000200
Epoch 20: Optimal threshold updated to = 0.0880
Fold 0, Epoch 20, Current decision threshold: 0.0880
Fold 0, Epoch 20/1000, Validation Loss: 0.0085, Accuracy: 0.9942
Fold 0, Epoch 20/1000, Precision: 0.8514, Recall: 0.9233, F1-Score: 0.8859, AUC: 0.9981, AUPR: 0.9199
No improvement, patience counter: 1/25
Fold 0, Epoch: 21/1000, Batch: 854, Loss: 0.0068
Fold 0, Epoch 21/1000, Average Train Loss: 0.0048, LR: 0.000200
Fold 0, Epoch 21, Current decision threshold: 0.0880
Fold 0, Epoch 21/1000, Validation Loss: 0.0070, Accuracy: 0.9939
Fold 0, Epoch 21/1000, Precision: 0.8321, Recall: 0.9400, F1-Score: 0.8828, AUC: 0.9982, AUPR: 0.9258
No improvement, patience counter: 2/25
Fold 0, Epoch: 22/1000, Batch: 854, Loss: 0.0056
Fold 0, Epoch 22/1000, Average Train Loss: 0.0047, LR: 0.000200
Fold 0, Epoch 22, Current decision threshold: 0.0880
Fold 0, Epoch 22/1000, Validation Loss: 0.0084, Accuracy: 0.9941
Fold 0, Epoch 22/1000, Precision: 0.8528, Recall: 0.9172, F1-Score: 0.8838, AUC: 0.9981, AUPR: 0.9251
No improvement, patience counter: 3/25
Fold 0, Epoch: 23/1000, Batch: 854, Loss: 0.0081
Fold 0, Epoch 23/1000, Average Train Loss: 0.0046, LR: 0.000200
Fold 0, Epoch 23, Current decision threshold: 0.0880
Fold 0, Epoch 23/1000, Validation Loss: 0.0059, Accuracy: 0.9934
Fold 0, Epoch 23/1000, Precision: 0.8094, Recall: 0.9527, F1-Score: 0.8752, AUC: 0.9983, AUPR: 0.9304
No improvement, patience counter: 4/25
Fold 0, Epoch: 24/1000, Batch: 854, Loss: 0.0051
Fold 0, Epoch 24/1000, Average Train Loss: 0.0045, LR: 0.000200
Fold 0, Epoch 24, Current decision threshold: 0.0880
Fold 0, Epoch 24/1000, Validation Loss: 0.0065, Accuracy: 0.9941
Fold 0, Epoch 24/1000, Precision: 0.8395, Recall: 0.9388, F1-Score: 0.8864, AUC: 0.9983, AUPR: 0.9338
New best model saved, F1: 0.8864, AUC: 0.9983, AUPR: 0.9338
Fold 0, Epoch: 25/1000, Batch: 854, Loss: 0.0072
Fold 0, Epoch 25/1000, Average Train Loss: 0.0044, LR: 0.000200
Epoch 25: Optimal threshold updated to = 0.0906
Fold 0, Epoch 25, Current decision threshold: 0.0906
Fold 0, Epoch 25/1000, Validation Loss: 0.0076, Accuracy: 0.9946
Fold 0, Epoch 25/1000, Precision: 0.8634, Recall: 0.9257, F1-Score: 0.8935, AUC: 0.9983, AUPR: 0.9328
New best model saved, F1: 0.8935, AUC: 0.9983, AUPR: 0.9328
Fold 0, Epoch: 26/1000, Batch: 854, Loss: 0.0058
Fold 0, Epoch 26/1000, Average Train Loss: 0.0043, LR: 0.000200
Fold 0, Epoch 26, Current decision threshold: 0.0906
Fold 0, Epoch 26/1000, Validation Loss: 0.0088, Accuracy: 0.9948
Fold 0, Epoch 26/1000, Precision: 0.8871, Recall: 0.9013, F1-Score: 0.8942, AUC: 0.9985, AUPR: 0.9384
New best model saved, F1: 0.8942, AUC: 0.9985, AUPR: 0.9384
Fold 0, Epoch: 27/1000, Batch: 854, Loss: 0.0047
Fold 0, Epoch 27/1000, Average Train Loss: 0.0042, LR: 0.000200
Fold 0, Epoch 27, Current decision threshold: 0.0906
Fold 0, Epoch 27/1000, Validation Loss: 0.0065, Accuracy: 0.9948
Fold 0, Epoch 27/1000, Precision: 0.8571, Recall: 0.9425, F1-Score: 0.8978, AUC: 0.9984, AUPR: 0.9410
New best model saved, F1: 0.8978, AUC: 0.9984, AUPR: 0.9410
Fold 0, Epoch: 28/1000, Batch: 854, Loss: 0.0023
Fold 0, Epoch 28/1000, Average Train Loss: 0.0041, LR: 0.000200
Fold 0, Epoch 28, Current decision threshold: 0.0906
Fold 0, Epoch 28/1000, Validation Loss: 0.0064, Accuracy: 0.9949
Fold 0, Epoch 28/1000, Precision: 0.8602, Recall: 0.9417, F1-Score: 0.8991, AUC: 0.9984, AUPR: 0.9419
New best model saved, F1: 0.8991, AUC: 0.9984, AUPR: 0.9419
Fold 0, Epoch: 29/1000, Batch: 854, Loss: 0.0079
Fold 0, Epoch 29/1000, Average Train Loss: 0.0041, LR: 0.000200
Fold 0, Epoch 29, Current decision threshold: 0.0906
Fold 0, Epoch 29/1000, Validation Loss: 0.0066, Accuracy: 0.9949
Fold 0, Epoch 29/1000, Precision: 0.8626, Recall: 0.9376, F1-Score: 0.8985, AUC: 0.9985, AUPR: 0.9434
New best model saved, F1: 0.8985, AUC: 0.9985, AUPR: 0.9434
Fold 0, Epoch: 30/1000, Batch: 854, Loss: 0.0024
Fold 0, Epoch 30/1000, Average Train Loss: 0.0040, LR: 0.000200
Epoch 30: Optimal threshold updated to = 0.1137
Fold 0, Epoch 30, Current decision threshold: 0.1137
Fold 0, Epoch 30/1000, Validation Loss: 0.0061, Accuracy: 0.9952
Fold 0, Epoch 30/1000, Precision: 0.8783, Recall: 0.9302, F1-Score: 0.9035, AUC: 0.9986, AUPR: 0.9448
New best model saved, F1: 0.9035, AUC: 0.9986, AUPR: 0.9448
Fold 0, Epoch: 31/1000, Batch: 854, Loss: 0.0047
Fold 0, Epoch 31/1000, Average Train Loss: 0.0039, LR: 0.000200
Fold 0, Epoch 31, Current decision threshold: 0.1137
Fold 0, Epoch 31/1000, Validation Loss: 0.0071, Accuracy: 0.9955
Fold 0, Epoch 31/1000, Precision: 0.9071, Recall: 0.9082, F1-Score: 0.9076, AUC: 0.9987, AUPR: 0.9486
New best model saved, F1: 0.9076, AUC: 0.9987, AUPR: 0.9486
Fold 0, Epoch: 32/1000, Batch: 854, Loss: 0.0012
Fold 0, Epoch 32/1000, Average Train Loss: 0.0038, LR: 0.000200
Fold 0, Epoch 32, Current decision threshold: 0.1137
Fold 0, Epoch 32/1000, Validation Loss: 0.0063, Accuracy: 0.9954
Fold 0, Epoch 32/1000, Precision: 0.8887, Recall: 0.9253, F1-Score: 0.9067, AUC: 0.9986, AUPR: 0.9462
No improvement, patience counter: 1/25
Fold 0, Epoch: 33/1000, Batch: 854, Loss: 0.0053
Fold 0, Epoch 33/1000, Average Train Loss: 0.0037, LR: 0.000200
Fold 0, Epoch 33, Current decision threshold: 0.1137
Fold 0, Epoch 33/1000, Validation Loss: 0.0056, Accuracy: 0.9952
Fold 0, Epoch 33/1000, Precision: 0.8763, Recall: 0.9364, F1-Score: 0.9053, AUC: 0.9985, AUPR: 0.9510
New best model saved, F1: 0.9053, AUC: 0.9985, AUPR: 0.9510
Fold 0, Epoch: 34/1000, Batch: 854, Loss: 0.0033
Fold 0, Epoch 34/1000, Average Train Loss: 0.0037, LR: 0.000200
Fold 0, Epoch 34, Current decision threshold: 0.1137
Fold 0, Epoch 34/1000, Validation Loss: 0.0067, Accuracy: 0.9955
Fold 0, Epoch 34/1000, Precision: 0.8985, Recall: 0.9176, F1-Score: 0.9080, AUC: 0.9987, AUPR: 0.9522
New best model saved, F1: 0.9080, AUC: 0.9987, AUPR: 0.9522
Fold 0, Epoch: 35/1000, Batch: 854, Loss: 0.0038
Fold 0, Epoch 35/1000, Average Train Loss: 0.0037, LR: 0.000200
Epoch 35: Optimal threshold updated to = 0.1286
Fold 0, Epoch 35, Current decision threshold: 0.1286
Fold 0, Epoch 35/1000, Validation Loss: 0.0059, Accuracy: 0.9955
Fold 0, Epoch 35/1000, Precision: 0.8962, Recall: 0.9229, F1-Score: 0.9093, AUC: 0.9987, AUPR: 0.9511
New best model saved, F1: 0.9093, AUC: 0.9987, AUPR: 0.9511
Fold 0, Epoch: 36/1000, Batch: 854, Loss: 0.0028
Fold 0, Epoch 36/1000, Average Train Loss: 0.0035, LR: 0.000200
Fold 0, Epoch 36, Current decision threshold: 0.1286
Fold 0, Epoch 36/1000, Validation Loss: 0.0082, Accuracy: 0.9949
Fold 0, Epoch 36/1000, Precision: 0.9183, Recall: 0.8666, F1-Score: 0.8917, AUC: 0.9985, AUPR: 0.9443
No improvement, patience counter: 1/25
Fold 0, Epoch: 37/1000, Batch: 854, Loss: 0.0045
Fold 0, Epoch 37/1000, Average Train Loss: 0.0036, LR: 0.000200
Fold 0, Epoch 37, Current decision threshold: 0.1286
Fold 0, Epoch 37/1000, Validation Loss: 0.0059, Accuracy: 0.9957
Fold 0, Epoch 37/1000, Precision: 0.9019, Recall: 0.9229, F1-Score: 0.9123, AUC: 0.9987, AUPR: 0.9532
New best model saved, F1: 0.9123, AUC: 0.9987, AUPR: 0.9532
Fold 0, Epoch: 38/1000, Batch: 854, Loss: 0.0033
Fold 0, Epoch 38/1000, Average Train Loss: 0.0034, LR: 0.000200
Fold 0, Epoch 38, Current decision threshold: 0.1286
Fold 0, Epoch 38/1000, Validation Loss: 0.0068, Accuracy: 0.9957
Fold 0, Epoch 38/1000, Precision: 0.9164, Recall: 0.9037, F1-Score: 0.9100, AUC: 0.9987, AUPR: 0.9509
No improvement, patience counter: 1/25
Fold 0, Epoch: 39/1000, Batch: 854, Loss: 0.0028
Fold 0, Epoch 39/1000, Average Train Loss: 0.0035, LR: 0.000200
Fold 0, Epoch 39, Current decision threshold: 0.1286
Fold 0, Epoch 39/1000, Validation Loss: 0.0067, Accuracy: 0.9958
Fold 0, Epoch 39/1000, Precision: 0.9161, Recall: 0.9090, F1-Score: 0.9126, AUC: 0.9987, AUPR: 0.9536
New best model saved, F1: 0.9126, AUC: 0.9987, AUPR: 0.9536
Fold 0, Epoch: 40/1000, Batch: 854, Loss: 0.0034
Fold 0, Epoch 40/1000, Average Train Loss: 0.0034, LR: 0.000200
Epoch 40: Optimal threshold updated to = 0.1278
Fold 0, Epoch 40, Current decision threshold: 0.1278
Fold 0, Epoch 40/1000, Validation Loss: 0.0059, Accuracy: 0.9958
Fold 0, Epoch 40/1000, Precision: 0.9063, Recall: 0.9237, F1-Score: 0.9149, AUC: 0.9987, AUPR: 0.9534
New best model saved, F1: 0.9149, AUC: 0.9987, AUPR: 0.9534
Fold 0, Epoch: 41/1000, Batch: 854, Loss: 0.0038
Fold 0, Epoch 41/1000, Average Train Loss: 0.0033, LR: 0.000200
Fold 0, Epoch 41, Current decision threshold: 0.1278
Fold 0, Epoch 41/1000, Validation Loss: 0.0046, Accuracy: 0.9953
Fold 0, Epoch 41/1000, Precision: 0.8695, Recall: 0.9486, F1-Score: 0.9073, AUC: 0.9987, AUPR: 0.9562
No improvement, patience counter: 1/25
Fold 0, Epoch: 42/1000, Batch: 854, Loss: 0.0021
Fold 0, Epoch 42/1000, Average Train Loss: 0.0033, LR: 0.000200
Fold 0, Epoch 42, Current decision threshold: 0.1278
Fold 0, Epoch 42/1000, Validation Loss: 0.0050, Accuracy: 0.9960
Fold 0, Epoch 42/1000, Precision: 0.9005, Recall: 0.9384, F1-Score: 0.9191, AUC: 0.9988, AUPR: 0.9578
New best model saved, F1: 0.9191, AUC: 0.9988, AUPR: 0.9578
Fold 0, Epoch: 43/1000, Batch: 854, Loss: 0.0013
Fold 0, Epoch 43/1000, Average Train Loss: 0.0033, LR: 0.000200
Fold 0, Epoch 43, Current decision threshold: 0.1278
Fold 0, Epoch 43/1000, Validation Loss: 0.0064, Accuracy: 0.9961
Fold 0, Epoch 43/1000, Precision: 0.9238, Recall: 0.9151, F1-Score: 0.9195, AUC: 0.9988, AUPR: 0.9568
No improvement, patience counter: 1/25
Fold 0, Epoch: 44/1000, Batch: 854, Loss: 0.0020
Fold 0, Epoch 44/1000, Average Train Loss: 0.0032, LR: 0.000200
Fold 0, Epoch 44, Current decision threshold: 0.1278
Fold 0, Epoch 44/1000, Validation Loss: 0.0068, Accuracy: 0.9959
Fold 0, Epoch 44/1000, Precision: 0.9248, Recall: 0.9033, F1-Score: 0.9139, AUC: 0.9987, AUPR: 0.9575
No improvement, patience counter: 2/25
Fold 0, Epoch: 45/1000, Batch: 854, Loss: 0.0064
Fold 0, Epoch 45/1000, Average Train Loss: 0.0031, LR: 0.000200
Epoch 45: Optimal threshold updated to = 0.1386
Fold 0, Epoch 45, Current decision threshold: 0.1386
Fold 0, Epoch 45/1000, Validation Loss: 0.0053, Accuracy: 0.9960
Fold 0, Epoch 45/1000, Precision: 0.9045, Recall: 0.9351, F1-Score: 0.9196, AUC: 0.9987, AUPR: 0.9594
New best model saved, F1: 0.9196, AUC: 0.9987, AUPR: 0.9594
Fold 0, Epoch: 46/1000, Batch: 854, Loss: 0.0036
Fold 0, Epoch 46/1000, Average Train Loss: 0.0031, LR: 0.000200
Fold 0, Epoch 46, Current decision threshold: 0.1386
Fold 0, Epoch 46/1000, Validation Loss: 0.0053, Accuracy: 0.9960
Fold 0, Epoch 46/1000, Precision: 0.9062, Recall: 0.9302, F1-Score: 0.9181, AUC: 0.9987, AUPR: 0.9614
New best model saved, F1: 0.9181, AUC: 0.9987, AUPR: 0.9614
Fold 0, Epoch: 47/1000, Batch: 854, Loss: 0.0045
Fold 0, Epoch 47/1000, Average Train Loss: 0.0031, LR: 0.000200
Fold 0, Epoch 47, Current decision threshold: 0.1386
Fold 0, Epoch 47/1000, Validation Loss: 0.0056, Accuracy: 0.9962
Fold 0, Epoch 47/1000, Precision: 0.9155, Recall: 0.9286, F1-Score: 0.9220, AUC: 0.9988, AUPR: 0.9591
New best model saved, F1: 0.9220, AUC: 0.9988, AUPR: 0.9591
Fold 0, Epoch: 48/1000, Batch: 854, Loss: 0.0008
Fold 0, Epoch 48/1000, Average Train Loss: 0.0030, LR: 0.000200
Fold 0, Epoch 48, Current decision threshold: 0.1386
Fold 0, Epoch 48/1000, Validation Loss: 0.0069, Accuracy: 0.9958
Fold 0, Epoch 48/1000, Precision: 0.9257, Recall: 0.9000, F1-Score: 0.9127, AUC: 0.9987, AUPR: 0.9600
No improvement, patience counter: 1/25
Fold 0, Epoch: 49/1000, Batch: 854, Loss: 0.0014
Fold 0, Epoch 49/1000, Average Train Loss: 0.0030, LR: 0.000200
Fold 0, Epoch 49, Current decision threshold: 0.1386
Fold 0, Epoch 49/1000, Validation Loss: 0.0051, Accuracy: 0.9961
Fold 0, Epoch 49/1000, Precision: 0.9045, Recall: 0.9392, F1-Score: 0.9215, AUC: 0.9988, AUPR: 0.9594
No improvement, patience counter: 2/25
Fold 0, Epoch: 50/1000, Batch: 854, Loss: 0.0003
Fold 0, Epoch 50/1000, Average Train Loss: 0.0029, LR: 0.000200
Epoch 50: Optimal threshold updated to = 0.1436
Fold 0, Epoch 50, Current decision threshold: 0.1436
Fold 0, Epoch 50/1000, Validation Loss: 0.0050, Accuracy: 0.9963
Fold 0, Epoch 50/1000, Precision: 0.9181, Recall: 0.9286, F1-Score: 0.9233, AUC: 0.9989, AUPR: 0.9638
New best model saved, F1: 0.9233, AUC: 0.9989, AUPR: 0.9638
Fold 0, Epoch: 51/1000, Batch: 854, Loss: 0.0017
Fold 0, Epoch 51/1000, Average Train Loss: 0.0029, LR: 0.000200
Fold 0, Epoch 51, Current decision threshold: 0.1436
Fold 0, Epoch 51/1000, Validation Loss: 0.0060, Accuracy: 0.9960
Fold 0, Epoch 51/1000, Precision: 0.9257, Recall: 0.9102, F1-Score: 0.9179, AUC: 0.9988, AUPR: 0.9612
No improvement, patience counter: 1/25
Fold 0, Epoch: 52/1000, Batch: 854, Loss: 0.0029
Fold 0, Epoch 52/1000, Average Train Loss: 0.0029, LR: 0.000200
Fold 0, Epoch 52, Current decision threshold: 0.1436
Fold 0, Epoch 52/1000, Validation Loss: 0.0055, Accuracy: 0.9961
Fold 0, Epoch 52/1000, Precision: 0.9180, Recall: 0.9225, F1-Score: 0.9202, AUC: 0.9988, AUPR: 0.9615
No improvement, patience counter: 2/25
Fold 0, Epoch: 53/1000, Batch: 854, Loss: 0.0040
Fold 0, Epoch 53/1000, Average Train Loss: 0.0028, LR: 0.000200
Fold 0, Epoch 53, Current decision threshold: 0.1436
Fold 0, Epoch 53/1000, Validation Loss: 0.0060, Accuracy: 0.9962
Fold 0, Epoch 53/1000, Precision: 0.9352, Recall: 0.9070, F1-Score: 0.9209, AUC: 0.9989, AUPR: 0.9613
No improvement, patience counter: 3/25
Fold 0, Epoch: 54/1000, Batch: 854, Loss: 0.0012
Fold 0, Epoch 54/1000, Average Train Loss: 0.0028, LR: 0.000200
Fold 0, Epoch 54, Current decision threshold: 0.1436
Fold 0, Epoch 54/1000, Validation Loss: 0.0056, Accuracy: 0.9960
Fold 0, Epoch 54/1000, Precision: 0.9201, Recall: 0.9164, F1-Score: 0.9182, AUC: 0.9989, AUPR: 0.9634
No improvement, patience counter: 4/25
Fold 0, Epoch: 55/1000, Batch: 854, Loss: 0.0008
Fold 0, Epoch 55/1000, Average Train Loss: 0.0023, LR: 0.000100
Epoch 55: Optimal threshold updated to = 0.1351
Fold 0, Epoch 55, Current decision threshold: 0.1351
Fold 0, Epoch 55/1000, Validation Loss: 0.0053, Accuracy: 0.9963
Fold 0, Epoch 55/1000, Precision: 0.9198, Recall: 0.9270, F1-Score: 0.9234, AUC: 0.9989, AUPR: 0.9658
New best model saved, F1: 0.9234, AUC: 0.9989, AUPR: 0.9658
Fold 0, Epoch: 56/1000, Batch: 854, Loss: 0.0036
Fold 0, Epoch 56/1000, Average Train Loss: 0.0023, LR: 0.000100
Fold 0, Epoch 56, Current decision threshold: 0.1351
Fold 0, Epoch 56/1000, Validation Loss: 0.0061, Accuracy: 0.9964
Fold 0, Epoch 56/1000, Precision: 0.9371, Recall: 0.9123, F1-Score: 0.9245, AUC: 0.9989, AUPR: 0.9665
New best model saved, F1: 0.9245, AUC: 0.9989, AUPR: 0.9665
Fold 0, Epoch: 57/1000, Batch: 854, Loss: 0.0015
Fold 0, Epoch 57/1000, Average Train Loss: 0.0022, LR: 0.000100
Fold 0, Epoch 57, Current decision threshold: 0.1351
Fold 0, Epoch 57/1000, Validation Loss: 0.0061, Accuracy: 0.9963
Fold 0, Epoch 57/1000, Precision: 0.9336, Recall: 0.9127, F1-Score: 0.9230, AUC: 0.9989, AUPR: 0.9647
No improvement, patience counter: 1/25
Fold 0, Epoch: 58/1000, Batch: 854, Loss: 0.0034
Fold 0, Epoch 58/1000, Average Train Loss: 0.0022, LR: 0.000100
Fold 0, Epoch 58, Current decision threshold: 0.1351
Fold 0, Epoch 58/1000, Validation Loss: 0.0062, Accuracy: 0.9964
Fold 0, Epoch 58/1000, Precision: 0.9379, Recall: 0.9123, F1-Score: 0.9249, AUC: 0.9989, AUPR: 0.9664
New best model saved, F1: 0.9249, AUC: 0.9989, AUPR: 0.9664
Fold 0, Epoch: 59/1000, Batch: 854, Loss: 0.0034
Fold 0, Epoch 59/1000, Average Train Loss: 0.0022, LR: 0.000100
Fold 0, Epoch 59, Current decision threshold: 0.1351
Fold 0, Epoch 59/1000, Validation Loss: 0.0063, Accuracy: 0.9964
Fold 0, Epoch 59/1000, Precision: 0.9424, Recall: 0.9086, F1-Score: 0.9252, AUC: 0.9990, AUPR: 0.9680
New best model saved, F1: 0.9252, AUC: 0.9990, AUPR: 0.9680
Fold 0, Epoch: 60/1000, Batch: 854, Loss: 0.0019
Fold 0, Epoch 60/1000, Average Train Loss: 0.0022, LR: 0.000100
Epoch 60: Optimal threshold updated to = 0.1507
Fold 0, Epoch 60, Current decision threshold: 0.1507
Fold 0, Epoch 60/1000, Validation Loss: 0.0046, Accuracy: 0.9965
Fold 0, Epoch 60/1000, Precision: 0.9200, Recall: 0.9388, F1-Score: 0.9293, AUC: 0.9990, AUPR: 0.9686
New best model saved, F1: 0.9293, AUC: 0.9990, AUPR: 0.9686
Fold 0, Epoch: 61/1000, Batch: 854, Loss: 0.0022
Fold 0, Epoch 61/1000, Average Train Loss: 0.0022, LR: 0.000100
Fold 0, Epoch 61, Current decision threshold: 0.1507
Fold 0, Epoch 61/1000, Validation Loss: 0.0052, Accuracy: 0.9965
Fold 0, Epoch 61/1000, Precision: 0.9333, Recall: 0.9241, F1-Score: 0.9287, AUC: 0.9989, AUPR: 0.9686
No improvement, patience counter: 1/25
Fold 0, Epoch: 62/1000, Batch: 854, Loss: 0.0053
Fold 0, Epoch 62/1000, Average Train Loss: 0.0021, LR: 0.000100
Fold 0, Epoch 62, Current decision threshold: 0.1507
Fold 0, Epoch 62/1000, Validation Loss: 0.0067, Accuracy: 0.9960
Fold 0, Epoch 62/1000, Precision: 0.9460, Recall: 0.8862, F1-Score: 0.9151, AUC: 0.9989, AUPR: 0.9669
No improvement, patience counter: 2/25
Fold 0, Epoch: 63/1000, Batch: 854, Loss: 0.0007
Fold 0, Epoch 63/1000, Average Train Loss: 0.0021, LR: 0.000100
Fold 0, Epoch 63, Current decision threshold: 0.1507
Fold 0, Epoch 63/1000, Validation Loss: 0.0061, Accuracy: 0.9964
Fold 0, Epoch 63/1000, Precision: 0.9457, Recall: 0.9025, F1-Score: 0.9236, AUC: 0.9990, AUPR: 0.9673
No improvement, patience counter: 3/25
Fold 0, Epoch: 64/1000, Batch: 854, Loss: 0.0032
Fold 0, Epoch 64/1000, Average Train Loss: 0.0021, LR: 0.000100
Fold 0, Epoch 64, Current decision threshold: 0.1507
Fold 0, Epoch 64/1000, Validation Loss: 0.0049, Accuracy: 0.9965
Fold 0, Epoch 64/1000, Precision: 0.9243, Recall: 0.9315, F1-Score: 0.9279, AUC: 0.9990, AUPR: 0.9683
No improvement, patience counter: 4/25
Fold 0, Epoch: 65/1000, Batch: 854, Loss: 0.0019
Fold 0, Epoch 65/1000, Average Train Loss: 0.0019, LR: 0.000050
Epoch 65: Optimal threshold updated to = 0.1193
Fold 0, Epoch 65, Current decision threshold: 0.1193
Fold 0, Epoch 65/1000, Validation Loss: 0.0055, Accuracy: 0.9967
Fold 0, Epoch 65/1000, Precision: 0.9326, Recall: 0.9315, F1-Score: 0.9320, AUC: 0.9990, AUPR: 0.9697
New best model saved, F1: 0.9320, AUC: 0.9990, AUPR: 0.9697
Fold 0, Epoch: 66/1000, Batch: 854, Loss: 0.0025
Fold 0, Epoch 66/1000, Average Train Loss: 0.0018, LR: 0.000050
Fold 0, Epoch 66, Current decision threshold: 0.1193
Fold 0, Epoch 66/1000, Validation Loss: 0.0065, Accuracy: 0.9964
Fold 0, Epoch 66/1000, Precision: 0.9376, Recall: 0.9135, F1-Score: 0.9254, AUC: 0.9990, AUPR: 0.9681
No improvement, patience counter: 1/25
Fold 0, Epoch: 67/1000, Batch: 854, Loss: 0.0028
Fold 0, Epoch 67/1000, Average Train Loss: 0.0018, LR: 0.000050
Fold 0, Epoch 67, Current decision threshold: 0.1193
Fold 0, Epoch 67/1000, Validation Loss: 0.0056, Accuracy: 0.9966
Fold 0, Epoch 67/1000, Precision: 0.9281, Recall: 0.9319, F1-Score: 0.9300, AUC: 0.9990, AUPR: 0.9677
No improvement, patience counter: 2/25
Fold 0, Epoch: 68/1000, Batch: 854, Loss: 0.0013
Fold 0, Epoch 68/1000, Average Train Loss: 0.0018, LR: 0.000050
Fold 0, Epoch 68, Current decision threshold: 0.1193
Fold 0, Epoch 68/1000, Validation Loss: 0.0056, Accuracy: 0.9965
Fold 0, Epoch 68/1000, Precision: 0.9265, Recall: 0.9302, F1-Score: 0.9283, AUC: 0.9990, AUPR: 0.9689
No improvement, patience counter: 3/25
Fold 0, Epoch: 69/1000, Batch: 854, Loss: 0.0012
Fold 0, Epoch 69/1000, Average Train Loss: 0.0018, LR: 0.000050
Fold 0, Epoch 69, Current decision threshold: 0.1193
Fold 0, Epoch 69/1000, Validation Loss: 0.0062, Accuracy: 0.9966
Fold 0, Epoch 69/1000, Precision: 0.9369, Recall: 0.9213, F1-Score: 0.9290, AUC: 0.9990, AUPR: 0.9700
No improvement, patience counter: 4/25
Fold 0, Epoch: 70/1000, Batch: 854, Loss: 0.0055
Fold 0, Epoch 70/1000, Average Train Loss: 0.0017, LR: 0.000025
Epoch 70: Optimal threshold updated to = 0.0715
Fold 0, Epoch 70, Current decision threshold: 0.0715
Fold 0, Epoch 70/1000, Validation Loss: 0.0061, Accuracy: 0.9966
Fold 0, Epoch 70/1000, Precision: 0.9154, Recall: 0.9494, F1-Score: 0.9321, AUC: 0.9990, AUPR: 0.9702
New best model saved, F1: 0.9321, AUC: 0.9990, AUPR: 0.9702
Fold 0, Epoch: 71/1000, Batch: 854, Loss: 0.0011
Fold 0, Epoch 71/1000, Average Train Loss: 0.0017, LR: 0.000025
Fold 0, Epoch 71, Current decision threshold: 0.0715
Fold 0, Epoch 71/1000, Validation Loss: 0.0058, Accuracy: 0.9966
Fold 0, Epoch 71/1000, Precision: 0.9111, Recall: 0.9531, F1-Score: 0.9316, AUC: 0.9990, AUPR: 0.9706
No improvement, patience counter: 1/25
Fold 0, Epoch: 72/1000, Batch: 854, Loss: 0.0008
Fold 0, Epoch 72/1000, Average Train Loss: 0.0016, LR: 0.000025
Fold 0, Epoch 72, Current decision threshold: 0.0715
Fold 0, Epoch 72/1000, Validation Loss: 0.0063, Accuracy: 0.9966
Fold 0, Epoch 72/1000, Precision: 0.9166, Recall: 0.9461, F1-Score: 0.9311, AUC: 0.9990, AUPR: 0.9703
No improvement, patience counter: 2/25
Fold 0, Epoch: 73/1000, Batch: 854, Loss: 0.0014
Fold 0, Epoch 73/1000, Average Train Loss: 0.0016, LR: 0.000025
Fold 0, Epoch 73, Current decision threshold: 0.0715
Fold 0, Epoch 73/1000, Validation Loss: 0.0057, Accuracy: 0.9965
Fold 0, Epoch 73/1000, Precision: 0.9072, Recall: 0.9535, F1-Score: 0.9298, AUC: 0.9990, AUPR: 0.9714
No improvement, patience counter: 3/25
Fold 0, Epoch: 74/1000, Batch: 854, Loss: 0.0013
Fold 0, Epoch 74/1000, Average Train Loss: 0.0016, LR: 0.000025
Fold 0, Epoch 74, Current decision threshold: 0.0715
Fold 0, Epoch 74/1000, Validation Loss: 0.0064, Accuracy: 0.9966
Fold 0, Epoch 74/1000, Precision: 0.9182, Recall: 0.9429, F1-Score: 0.9304, AUC: 0.9990, AUPR: 0.9705
No improvement, patience counter: 4/25
Fold 0, Epoch: 75/1000, Batch: 854, Loss: 0.0007
Fold 0, Epoch 75/1000, Average Train Loss: 0.0016, LR: 0.000025
Epoch 75: Optimal threshold updated to = 0.0687
Fold 0, Epoch 75, Current decision threshold: 0.0687
Fold 0, Epoch 75/1000, Validation Loss: 0.0063, Accuracy: 0.9967
Fold 0, Epoch 75/1000, Precision: 0.9205, Recall: 0.9449, F1-Score: 0.9326, AUC: 0.9990, AUPR: 0.9719
New best model saved, F1: 0.9326, AUC: 0.9990, AUPR: 0.9719
Fold 0, Epoch: 76/1000, Batch: 854, Loss: 0.0027
Fold 0, Epoch 76/1000, Average Train Loss: 0.0016, LR: 0.000025
Fold 0, Epoch 76, Current decision threshold: 0.0687
Fold 0, Epoch 76/1000, Validation Loss: 0.0057, Accuracy: 0.9965
Fold 0, Epoch 76/1000, Precision: 0.9071, Recall: 0.9523, F1-Score: 0.9291, AUC: 0.9990, AUPR: 0.9711
No improvement, patience counter: 1/25
Fold 0, Epoch: 77/1000, Batch: 854, Loss: 0.0012
Fold 0, Epoch 77/1000, Average Train Loss: 0.0016, LR: 0.000025
Fold 0, Epoch 77, Current decision threshold: 0.0687
Fold 0, Epoch 77/1000, Validation Loss: 0.0059, Accuracy: 0.9964
Fold 0, Epoch 77/1000, Precision: 0.9075, Recall: 0.9486, F1-Score: 0.9276, AUC: 0.9990, AUPR: 0.9709
No improvement, patience counter: 2/25
Fold 0, Epoch: 78/1000, Batch: 854, Loss: 0.0012
Fold 0, Epoch 78/1000, Average Train Loss: 0.0016, LR: 0.000025
Fold 0, Epoch 78, Current decision threshold: 0.0687
Fold 0, Epoch 78/1000, Validation Loss: 0.0062, Accuracy: 0.9966
Fold 0, Epoch 78/1000, Precision: 0.9150, Recall: 0.9482, F1-Score: 0.9313, AUC: 0.9990, AUPR: 0.9712
No improvement, patience counter: 3/25
Fold 0, Epoch: 79/1000, Batch: 854, Loss: 0.0024
Fold 0, Epoch 79/1000, Average Train Loss: 0.0016, LR: 0.000025
Fold 0, Epoch 79, Current decision threshold: 0.0687
Fold 0, Epoch 79/1000, Validation Loss: 0.0058, Accuracy: 0.9965
Fold 0, Epoch 79/1000, Precision: 0.9099, Recall: 0.9523, F1-Score: 0.9306, AUC: 0.9990, AUPR: 0.9714
No improvement, patience counter: 4/25
Fold 0, Epoch: 80/1000, Batch: 854, Loss: 0.0029
Fold 0, Epoch 80/1000, Average Train Loss: 0.0015, LR: 0.000013
Epoch 80: Optimal threshold updated to = 0.0750
Fold 0, Epoch 80, Current decision threshold: 0.0750
Fold 0, Epoch 80/1000, Validation Loss: 0.0059, Accuracy: 0.9967
Fold 0, Epoch 80/1000, Precision: 0.9181, Recall: 0.9474, F1-Score: 0.9325, AUC: 0.9990, AUPR: 0.9709
No improvement, patience counter: 5/25
Fold 0, Epoch: 81/1000, Batch: 854, Loss: 0.0015
Fold 0, Epoch 81/1000, Average Train Loss: 0.0015, LR: 0.000013
Fold 0, Epoch 81, Current decision threshold: 0.0750
Fold 0, Epoch 81/1000, Validation Loss: 0.0058, Accuracy: 0.9966
Fold 0, Epoch 81/1000, Precision: 0.9135, Recall: 0.9519, F1-Score: 0.9323, AUC: 0.9990, AUPR: 0.9713
No improvement, patience counter: 6/25
Fold 0, Epoch: 82/1000, Batch: 854, Loss: 0.0035
Fold 0, Epoch 82/1000, Average Train Loss: 0.0015, LR: 0.000013
Fold 0, Epoch 82, Current decision threshold: 0.0750
Fold 0, Epoch 82/1000, Validation Loss: 0.0060, Accuracy: 0.9966
Fold 0, Epoch 82/1000, Precision: 0.9145, Recall: 0.9470, F1-Score: 0.9304, AUC: 0.9990, AUPR: 0.9710
No improvement, patience counter: 7/25
Fold 0, Epoch: 83/1000, Batch: 854, Loss: 0.0012
Fold 0, Epoch 83/1000, Average Train Loss: 0.0015, LR: 0.000013
Fold 0, Epoch 83, Current decision threshold: 0.0750
Fold 0, Epoch 83/1000, Validation Loss: 0.0060, Accuracy: 0.9966
Fold 0, Epoch 83/1000, Precision: 0.9173, Recall: 0.9461, F1-Score: 0.9315, AUC: 0.9990, AUPR: 0.9716
No improvement, patience counter: 8/25
Fold 0, Epoch: 84/1000, Batch: 854, Loss: 0.0009
Fold 0, Epoch 84/1000, Average Train Loss: 0.0015, LR: 0.000006
Fold 0, Epoch 84, Current decision threshold: 0.0750
Fold 0, Epoch 84/1000, Validation Loss: 0.0062, Accuracy: 0.9967
Fold 0, Epoch 84/1000, Precision: 0.9222, Recall: 0.9433, F1-Score: 0.9326, AUC: 0.9990, AUPR: 0.9720
New best model saved, F1: 0.9326, AUC: 0.9990, AUPR: 0.9720
Fold 0, Epoch: 85/1000, Batch: 854, Loss: 0.0028
Fold 0, Epoch 85/1000, Average Train Loss: 0.0015, LR: 0.000006
Epoch 85: Optimal threshold updated to = 0.1010
Fold 0, Epoch 85, Current decision threshold: 0.1010
Fold 0, Epoch 85/1000, Validation Loss: 0.0058, Accuracy: 0.9968
Fold 0, Epoch 85/1000, Precision: 0.9307, Recall: 0.9368, F1-Score: 0.9337, AUC: 0.9990, AUPR: 0.9719
New best model saved, F1: 0.9337, AUC: 0.9990, AUPR: 0.9719
Fold 0, Epoch: 86/1000, Batch: 854, Loss: 0.0018
Fold 0, Epoch 86/1000, Average Train Loss: 0.0014, LR: 0.000006
Fold 0, Epoch 86, Current decision threshold: 0.1010
Fold 0, Epoch 86/1000, Validation Loss: 0.0060, Accuracy: 0.9968
Fold 0, Epoch 86/1000, Precision: 0.9317, Recall: 0.9351, F1-Score: 0.9334, AUC: 0.9990, AUPR: 0.9717
No improvement, patience counter: 1/25
Fold 0, Epoch: 87/1000, Batch: 854, Loss: 0.0015
Fold 0, Epoch 87/1000, Average Train Loss: 0.0015, LR: 0.000006
Fold 0, Epoch 87, Current decision threshold: 0.1010
Fold 0, Epoch 87/1000, Validation Loss: 0.0057, Accuracy: 0.9967
Fold 0, Epoch 87/1000, Precision: 0.9269, Recall: 0.9368, F1-Score: 0.9318, AUC: 0.9990, AUPR: 0.9715
No improvement, patience counter: 2/25
Fold 0, Epoch: 88/1000, Batch: 854, Loss: 0.0013
Fold 0, Epoch 88/1000, Average Train Loss: 0.0014, LR: 0.000006
Fold 0, Epoch 88, Current decision threshold: 0.1010
Fold 0, Epoch 88/1000, Validation Loss: 0.0056, Accuracy: 0.9967
Fold 0, Epoch 88/1000, Precision: 0.9270, Recall: 0.9380, F1-Score: 0.9325, AUC: 0.9990, AUPR: 0.9720
No improvement, patience counter: 3/25
Fold 0, Epoch: 89/1000, Batch: 854, Loss: 0.0009
Fold 0, Epoch 89/1000, Average Train Loss: 0.0014, LR: 0.000006
Fold 0, Epoch 89, Current decision threshold: 0.1010
Fold 0, Epoch 89/1000, Validation Loss: 0.0058, Accuracy: 0.9967
Fold 0, Epoch 89/1000, Precision: 0.9301, Recall: 0.9343, F1-Score: 0.9322, AUC: 0.9990, AUPR: 0.9718
No improvement, patience counter: 4/25
Fold 0, Epoch: 90/1000, Batch: 854, Loss: 0.0012
Fold 0, Epoch 90/1000, Average Train Loss: 0.0015, LR: 0.000003
Epoch 90: Optimal threshold updated to = 0.0722
Fold 0, Epoch 90, Current decision threshold: 0.0722
Fold 0, Epoch 90/1000, Validation Loss: 0.0061, Accuracy: 0.9967
Fold 0, Epoch 90/1000, Precision: 0.9203, Recall: 0.9470, F1-Score: 0.9334, AUC: 0.9990, AUPR: 0.9717
No improvement, patience counter: 5/25
Fold 0, Epoch: 91/1000, Batch: 854, Loss: 0.0040
Fold 0, Epoch 91/1000, Average Train Loss: 0.0014, LR: 0.000003
Fold 0, Epoch 91, Current decision threshold: 0.0722
Fold 0, Epoch 91/1000, Validation Loss: 0.0061, Accuracy: 0.9967
Fold 0, Epoch 91/1000, Precision: 0.9196, Recall: 0.9474, F1-Score: 0.9333, AUC: 0.9990, AUPR: 0.9716
No improvement, patience counter: 6/25
Fold 0, Epoch: 92/1000, Batch: 854, Loss: 0.0015
Fold 0, Epoch 92/1000, Average Train Loss: 0.0014, LR: 0.000003
Fold 0, Epoch 92, Current decision threshold: 0.0722
Fold 0, Epoch 92/1000, Validation Loss: 0.0061, Accuracy: 0.9967
Fold 0, Epoch 92/1000, Precision: 0.9193, Recall: 0.9482, F1-Score: 0.9335, AUC: 0.9990, AUPR: 0.9718
No improvement, patience counter: 7/25
Fold 0, Epoch: 93/1000, Batch: 854, Loss: 0.0012
Fold 0, Epoch 93/1000, Average Train Loss: 0.0014, LR: 0.000003
Fold 0, Epoch 93, Current decision threshold: 0.0722
Fold 0, Epoch 93/1000, Validation Loss: 0.0060, Accuracy: 0.9967
Fold 0, Epoch 93/1000, Precision: 0.9186, Recall: 0.9486, F1-Score: 0.9334, AUC: 0.9990, AUPR: 0.9719
No improvement, patience counter: 8/25
Fold 0, Epoch: 94/1000, Batch: 854, Loss: 0.0037
Fold 0, Epoch 94/1000, Average Train Loss: 0.0014, LR: 0.000002
Fold 0, Epoch 94, Current decision threshold: 0.0722
Fold 0, Epoch 94/1000, Validation Loss: 0.0058, Accuracy: 0.9967
Fold 0, Epoch 94/1000, Precision: 0.9163, Recall: 0.9514, F1-Score: 0.9335, AUC: 0.9990, AUPR: 0.9720
No improvement, patience counter: 9/25
Fold 0, Epoch: 95/1000, Batch: 854, Loss: 0.0011
Fold 0, Epoch 95/1000, Average Train Loss: 0.0014, LR: 0.000002
Epoch 95: Optimal threshold updated to = 0.0704
Fold 0, Epoch 95, Current decision threshold: 0.0704
Fold 0, Epoch 95/1000, Validation Loss: 0.0059, Accuracy: 0.9967
Fold 0, Epoch 95/1000, Precision: 0.9177, Recall: 0.9506, F1-Score: 0.9339, AUC: 0.9990, AUPR: 0.9720
New best model saved, F1: 0.9339, AUC: 0.9990, AUPR: 0.9720
Fold 0, Epoch: 96/1000, Batch: 854, Loss: 0.0005
Fold 0, Epoch 96/1000, Average Train Loss: 0.0015, LR: 0.000002
Fold 0, Epoch 96, Current decision threshold: 0.0704
Fold 0, Epoch 96/1000, Validation Loss: 0.0059, Accuracy: 0.9967
Fold 0, Epoch 96/1000, Precision: 0.9166, Recall: 0.9510, F1-Score: 0.9335, AUC: 0.9990, AUPR: 0.9720
No improvement, patience counter: 1/25
Fold 0, Epoch: 97/1000, Batch: 854, Loss: 0.0037
Fold 0, Epoch 97/1000, Average Train Loss: 0.0014, LR: 0.000002
Fold 0, Epoch 97, Current decision threshold: 0.0704
Fold 0, Epoch 97/1000, Validation Loss: 0.0058, Accuracy: 0.9967
Fold 0, Epoch 97/1000, Precision: 0.9163, Recall: 0.9514, F1-Score: 0.9335, AUC: 0.9990, AUPR: 0.9721
No improvement, patience counter: 2/25
Fold 0, Epoch: 98/1000, Batch: 854, Loss: 0.0024
Fold 0, Epoch 98/1000, Average Train Loss: 0.0014, LR: 0.000002
Fold 0, Epoch 98, Current decision threshold: 0.0704
Fold 0, Epoch 98/1000, Validation Loss: 0.0059, Accuracy: 0.9967
Fold 0, Epoch 98/1000, Precision: 0.9156, Recall: 0.9510, F1-Score: 0.9330, AUC: 0.9990, AUPR: 0.9721
No improvement, patience counter: 3/25
Fold 0, Epoch: 99/1000, Batch: 854, Loss: 0.0007
Fold 0, Epoch 99/1000, Average Train Loss: 0.0014, LR: 0.000002
Fold 0, Epoch 99, Current decision threshold: 0.0704
Fold 0, Epoch 99/1000, Validation Loss: 0.0058, Accuracy: 0.9967
Fold 0, Epoch 99/1000, Precision: 0.9149, Recall: 0.9514, F1-Score: 0.9328, AUC: 0.9990, AUPR: 0.9721
No improvement, patience counter: 4/25
Fold 0, Epoch: 100/1000, Batch: 854, Loss: 0.0018
Fold 0, Epoch 100/1000, Average Train Loss: 0.0014, LR: 0.000001
Epoch 100: Optimal threshold updated to = 0.0775
Fold 0, Epoch 100, Current decision threshold: 0.0775
Fold 0, Epoch 100/1000, Validation Loss: 0.0058, Accuracy: 0.9967
Fold 0, Epoch 100/1000, Precision: 0.9207, Recall: 0.9474, F1-Score: 0.9338, AUC: 0.9990, AUPR: 0.9721
New best model saved, F1: 0.9338, AUC: 0.9990, AUPR: 0.9721
Fold 0, Epoch: 101/1000, Batch: 854, Loss: 0.0006
Fold 0, Epoch 101/1000, Average Train Loss: 0.0014, LR: 0.000001
Fold 0, Epoch 101, Current decision threshold: 0.0775
Fold 0, Epoch 101/1000, Validation Loss: 0.0058, Accuracy: 0.9967
Fold 0, Epoch 101/1000, Precision: 0.9206, Recall: 0.9466, F1-Score: 0.9334, AUC: 0.9990, AUPR: 0.9721
No improvement, patience counter: 1/25
Fold 0, Epoch: 102/1000, Batch: 854, Loss: 0.0028
Fold 0, Epoch 102/1000, Average Train Loss: 0.0014, LR: 0.000001
Fold 0, Epoch 102, Current decision threshold: 0.0775
Fold 0, Epoch 102/1000, Validation Loss: 0.0060, Accuracy: 0.9967
Fold 0, Epoch 102/1000, Precision: 0.9222, Recall: 0.9437, F1-Score: 0.9328, AUC: 0.9990, AUPR: 0.9720
No improvement, patience counter: 2/25
Fold 0, Epoch: 103/1000, Batch: 854, Loss: 0.0026
Fold 0, Epoch 103/1000, Average Train Loss: 0.0014, LR: 0.000001
Fold 0, Epoch 103, Current decision threshold: 0.0775
Fold 0, Epoch 103/1000, Validation Loss: 0.0058, Accuracy: 0.9967
Fold 0, Epoch 103/1000, Precision: 0.9207, Recall: 0.9470, F1-Score: 0.9336, AUC: 0.9990, AUPR: 0.9721
No improvement, patience counter: 3/25
Fold 0, Epoch: 104/1000, Batch: 854, Loss: 0.0019
Fold 0, Epoch 104/1000, Average Train Loss: 0.0014, LR: 0.000000
Fold 0, Epoch 104, Current decision threshold: 0.0775
Fold 0, Epoch 104/1000, Validation Loss: 0.0059, Accuracy: 0.9967
Fold 0, Epoch 104/1000, Precision: 0.9209, Recall: 0.9449, F1-Score: 0.9327, AUC: 0.9990, AUPR: 0.9721
No improvement, patience counter: 4/25
Fold 0, Epoch: 105/1000, Batch: 854, Loss: 0.0006
Fold 0, Epoch 105/1000, Average Train Loss: 0.0014, LR: 0.000000
Epoch 105: Optimal threshold updated to = 0.0744
Fold 0, Epoch 105, Current decision threshold: 0.0744
Fold 0, Epoch 105/1000, Validation Loss: 0.0059, Accuracy: 0.9968
Fold 0, Epoch 105/1000, Precision: 0.9208, Recall: 0.9486, F1-Score: 0.9345, AUC: 0.9990, AUPR: 0.9721
New best model saved, F1: 0.9345, AUC: 0.9990, AUPR: 0.9721
Fold 0, Epoch: 106/1000, Batch: 854, Loss: 0.0037
Fold 0, Epoch 106/1000, Average Train Loss: 0.0014, LR: 0.000000
Fold 0, Epoch 106, Current decision threshold: 0.0744
Fold 0, Epoch 106/1000, Validation Loss: 0.0058, Accuracy: 0.9967
Fold 0, Epoch 106/1000, Precision: 0.9197, Recall: 0.9490, F1-Score: 0.9341, AUC: 0.9990, AUPR: 0.9721
No improvement, patience counter: 1/25
Fold 0, Epoch: 107/1000, Batch: 854, Loss: 0.0025
Fold 0, Epoch 107/1000, Average Train Loss: 0.0014, LR: 0.000000
Fold 0, Epoch 107, Current decision threshold: 0.0744
Fold 0, Epoch 107/1000, Validation Loss: 0.0058, Accuracy: 0.9968
Fold 0, Epoch 107/1000, Precision: 0.9208, Recall: 0.9490, F1-Score: 0.9347, AUC: 0.9990, AUPR: 0.9721
New best model saved, F1: 0.9347, AUC: 0.9990, AUPR: 0.9721
Fold 0, Epoch: 108/1000, Batch: 854, Loss: 0.0021
Fold 0, Epoch 108/1000, Average Train Loss: 0.0014, LR: 0.000000
Fold 0, Epoch 108, Current decision threshold: 0.0744
Fold 0, Epoch 108/1000, Validation Loss: 0.0059, Accuracy: 0.9968
Fold 0, Epoch 108/1000, Precision: 0.9208, Recall: 0.9490, F1-Score: 0.9347, AUC: 0.9990, AUPR: 0.9721
No improvement, patience counter: 1/25
Fold 0, Epoch: 109/1000, Batch: 854, Loss: 0.0039
Fold 0, Epoch 109/1000, Average Train Loss: 0.0014, LR: 0.000000
Fold 0, Epoch 109, Current decision threshold: 0.0744
Fold 0, Epoch 109/1000, Validation Loss: 0.0059, Accuracy: 0.9968
Fold 0, Epoch 109/1000, Precision: 0.9205, Recall: 0.9490, F1-Score: 0.9345, AUC: 0.9990, AUPR: 0.9721
No improvement, patience counter: 2/25
Fold 0, Epoch: 110/1000, Batch: 854, Loss: 0.0004
Fold 0, Epoch 110/1000, Average Train Loss: 0.0014, LR: 0.000000
Epoch 110: Optimal threshold updated to = 0.0741
Fold 0, Epoch 110, Current decision threshold: 0.0741
Fold 0, Epoch 110/1000, Validation Loss: 0.0058, Accuracy: 0.9968
Fold 0, Epoch 110/1000, Precision: 0.9205, Recall: 0.9490, F1-Score: 0.9345, AUC: 0.9990, AUPR: 0.9721
No improvement, patience counter: 3/25
Fold 0, Epoch: 111/1000, Batch: 854, Loss: 0.0005
Fold 0, Epoch 111/1000, Average Train Loss: 0.0014, LR: 0.000000
Fold 0, Epoch 111, Current decision threshold: 0.0741
Fold 0, Epoch 111/1000, Validation Loss: 0.0058, Accuracy: 0.9968
Fold 0, Epoch 111/1000, Precision: 0.9198, Recall: 0.9498, F1-Score: 0.9346, AUC: 0.9990, AUPR: 0.9721
No improvement, patience counter: 4/25
Fold 0, Epoch: 112/1000, Batch: 854, Loss: 0.0007
Fold 0, Epoch 112/1000, Average Train Loss: 0.0014, LR: 0.000000
Fold 0, Epoch 112, Current decision threshold: 0.0741
Fold 0, Epoch 112/1000, Validation Loss: 0.0058, Accuracy: 0.9968
Fold 0, Epoch 112/1000, Precision: 0.9205, Recall: 0.9494, F1-Score: 0.9347, AUC: 0.9990, AUPR: 0.9721
New best model saved, F1: 0.9347, AUC: 0.9990, AUPR: 0.9721
Fold 0, Epoch: 113/1000, Batch: 854, Loss: 0.0014
Fold 0, Epoch 113/1000, Average Train Loss: 0.0014, LR: 0.000000
Fold 0, Epoch 113, Current decision threshold: 0.0741
Fold 0, Epoch 113/1000, Validation Loss: 0.0058, Accuracy: 0.9968
Fold 0, Epoch 113/1000, Precision: 0.9201, Recall: 0.9490, F1-Score: 0.9343, AUC: 0.9990, AUPR: 0.9721
No improvement, patience counter: 1/25
Fold 0, Epoch: 114/1000, Batch: 854, Loss: 0.0042
Fold 0, Epoch 114/1000, Average Train Loss: 0.0014, LR: 0.000000
Fold 0, Epoch 114, Current decision threshold: 0.0741
Fold 0, Epoch 114/1000, Validation Loss: 0.0058, Accuracy: 0.9968
Fold 0, Epoch 114/1000, Precision: 0.9201, Recall: 0.9490, F1-Score: 0.9343, AUC: 0.9990, AUPR: 0.9721
No improvement, patience counter: 2/25
Fold 0, Epoch: 115/1000, Batch: 854, Loss: 0.0004
Fold 0, Epoch 115/1000, Average Train Loss: 0.0014, LR: 0.000000
Epoch 115: Optimal threshold updated to = 0.0732
Fold 0, Epoch 115, Current decision threshold: 0.0732
Fold 0, Epoch 115/1000, Validation Loss: 0.0059, Accuracy: 0.9968
Fold 0, Epoch 115/1000, Precision: 0.9198, Recall: 0.9494, F1-Score: 0.9344, AUC: 0.9990, AUPR: 0.9721
No improvement, patience counter: 3/25
Fold 0, Epoch: 116/1000, Batch: 854, Loss: 0.0015
Fold 0, Epoch 116/1000, Average Train Loss: 0.0014, LR: 0.000000
Fold 0, Epoch 116, Current decision threshold: 0.0732
Fold 0, Epoch 116/1000, Validation Loss: 0.0059, Accuracy: 0.9967
Fold 0, Epoch 116/1000, Precision: 0.9191, Recall: 0.9498, F1-Score: 0.9342, AUC: 0.9990, AUPR: 0.9721
No improvement, patience counter: 4/25
Fold 0, Epoch: 117/1000, Batch: 854, Loss: 0.0011
Fold 0, Epoch 117/1000, Average Train Loss: 0.0014, LR: 0.000000
Fold 0, Epoch 117, Current decision threshold: 0.0732
Fold 0, Epoch 117/1000, Validation Loss: 0.0058, Accuracy: 0.9967
Fold 0, Epoch 117/1000, Precision: 0.9187, Recall: 0.9498, F1-Score: 0.9340, AUC: 0.9990, AUPR: 0.9721
No improvement, patience counter: 5/25
Fold 0, Epoch: 118/1000, Batch: 854, Loss: 0.0010
Fold 0, Epoch 118/1000, Average Train Loss: 0.0014, LR: 0.000000
Fold 0, Epoch 118, Current decision threshold: 0.0732
Fold 0, Epoch 118/1000, Validation Loss: 0.0058, Accuracy: 0.9967
Fold 0, Epoch 118/1000, Precision: 0.9191, Recall: 0.9498, F1-Score: 0.9342, AUC: 0.9990, AUPR: 0.9721
No improvement, patience counter: 6/25
Fold 0, Epoch: 119/1000, Batch: 854, Loss: 0.0028
Fold 0, Epoch 119/1000, Average Train Loss: 0.0014, LR: 0.000000
Fold 0, Epoch 119, Current decision threshold: 0.0732
Fold 0, Epoch 119/1000, Validation Loss: 0.0058, Accuracy: 0.9967
Fold 0, Epoch 119/1000, Precision: 0.9184, Recall: 0.9502, F1-Score: 0.9340, AUC: 0.9990, AUPR: 0.9721
No improvement, patience counter: 7/25
Fold 0, Epoch: 120/1000, Batch: 854, Loss: 0.0016
Fold 0, Epoch 120/1000, Average Train Loss: 0.0015, LR: 0.000000
Epoch 120: Optimal threshold updated to = 0.0753
Fold 0, Epoch 120, Current decision threshold: 0.0753
Fold 0, Epoch 120/1000, Validation Loss: 0.0058, Accuracy: 0.9968
Fold 0, Epoch 120/1000, Precision: 0.9208, Recall: 0.9482, F1-Score: 0.9343, AUC: 0.9990, AUPR: 0.9721
No improvement, patience counter: 8/25
Fold 0, Epoch: 121/1000, Batch: 854, Loss: 0.0009
Fold 0, Epoch 121/1000, Average Train Loss: 0.0014, LR: 0.000000
Fold 0, Epoch 121, Current decision threshold: 0.0753
Fold 0, Epoch 121/1000, Validation Loss: 0.0058, Accuracy: 0.9968
Fold 0, Epoch 121/1000, Precision: 0.9208, Recall: 0.9486, F1-Score: 0.9345, AUC: 0.9990, AUPR: 0.9721
No improvement, patience counter: 9/25
Fold 0, Epoch: 122/1000, Batch: 854, Loss: 0.0004
Fold 0, Epoch 122/1000, Average Train Loss: 0.0014, LR: 0.000000
Fold 0, Epoch 122, Current decision threshold: 0.0753
Fold 0, Epoch 122/1000, Validation Loss: 0.0058, Accuracy: 0.9968
Fold 0, Epoch 122/1000, Precision: 0.9208, Recall: 0.9482, F1-Score: 0.9343, AUC: 0.9990, AUPR: 0.9721
No improvement, patience counter: 10/25
Fold 0, Epoch: 123/1000, Batch: 854, Loss: 0.0030
Fold 0, Epoch 123/1000, Average Train Loss: 0.0014, LR: 0.000000
Fold 0, Epoch 123, Current decision threshold: 0.0753
Fold 0, Epoch 123/1000, Validation Loss: 0.0058, Accuracy: 0.9968
Fold 0, Epoch 123/1000, Precision: 0.9208, Recall: 0.9482, F1-Score: 0.9343, AUC: 0.9990, AUPR: 0.9721
No improvement, patience counter: 11/25
Fold 0, Epoch: 124/1000, Batch: 854, Loss: 0.0014
Fold 0, Epoch 124/1000, Average Train Loss: 0.0014, LR: 0.000000
Fold 0, Epoch 124, Current decision threshold: 0.0753
Fold 0, Epoch 124/1000, Validation Loss: 0.0058, Accuracy: 0.9968
Fold 0, Epoch 124/1000, Precision: 0.9208, Recall: 0.9482, F1-Score: 0.9343, AUC: 0.9990, AUPR: 0.9721
No improvement, patience counter: 12/25
Fold 0, Epoch: 125/1000, Batch: 854, Loss: 0.0011
Fold 0, Epoch 125/1000, Average Train Loss: 0.0014, LR: 0.000000
Epoch 125: Optimal threshold updated to = 0.0750
Fold 0, Epoch 125, Current decision threshold: 0.0750
Fold 0, Epoch 125/1000, Validation Loss: 0.0058, Accuracy: 0.9968
Fold 0, Epoch 125/1000, Precision: 0.9208, Recall: 0.9482, F1-Score: 0.9343, AUC: 0.9990, AUPR: 0.9721
No improvement, patience counter: 13/25
Fold 0, Epoch: 126/1000, Batch: 854, Loss: 0.0011
Fold 0, Epoch 126/1000, Average Train Loss: 0.0014, LR: 0.000000
Fold 0, Epoch 126, Current decision threshold: 0.0750
Fold 0, Epoch 126/1000, Validation Loss: 0.0058, Accuracy: 0.9968
Fold 0, Epoch 126/1000, Precision: 0.9208, Recall: 0.9486, F1-Score: 0.9345, AUC: 0.9990, AUPR: 0.9721
No improvement, patience counter: 14/25
Fold 0, Epoch: 127/1000, Batch: 854, Loss: 0.0007
Fold 0, Epoch 127/1000, Average Train Loss: 0.0014, LR: 0.000000
Fold 0, Epoch 127, Current decision threshold: 0.0750
Fold 0, Epoch 127/1000, Validation Loss: 0.0058, Accuracy: 0.9968
Fold 0, Epoch 127/1000, Precision: 0.9208, Recall: 0.9482, F1-Score: 0.9343, AUC: 0.9990, AUPR: 0.9721
No improvement, patience counter: 15/25
Fold 0, Epoch: 128/1000, Batch: 854, Loss: 0.0010
Fold 0, Epoch 128/1000, Average Train Loss: 0.0014, LR: 0.000000
Fold 0, Epoch 128, Current decision threshold: 0.0750
Fold 0, Epoch 128/1000, Validation Loss: 0.0058, Accuracy: 0.9968
Fold 0, Epoch 128/1000, Precision: 0.9208, Recall: 0.9486, F1-Score: 0.9345, AUC: 0.9990, AUPR: 0.9721
No improvement, patience counter: 16/25
Fold 0, Epoch: 129/1000, Batch: 854, Loss: 0.0007
Fold 0, Epoch 129/1000, Average Train Loss: 0.0014, LR: 0.000000
Fold 0, Epoch 129, Current decision threshold: 0.0750
Fold 0, Epoch 129/1000, Validation Loss: 0.0058, Accuracy: 0.9968
Fold 0, Epoch 129/1000, Precision: 0.9204, Recall: 0.9486, F1-Score: 0.9343, AUC: 0.9990, AUPR: 0.9721
No improvement, patience counter: 17/25
Fold 0, Epoch: 130/1000, Batch: 854, Loss: 0.0017
Fold 0, Epoch 130/1000, Average Train Loss: 0.0014, LR: 0.000000
Epoch 130: Optimal threshold updated to = 0.0751
Fold 0, Epoch 130, Current decision threshold: 0.0751
Fold 0, Epoch 130/1000, Validation Loss: 0.0058, Accuracy: 0.9968
Fold 0, Epoch 130/1000, Precision: 0.9208, Recall: 0.9482, F1-Score: 0.9343, AUC: 0.9990, AUPR: 0.9721
No improvement, patience counter: 18/25
Fold 0, Epoch: 131/1000, Batch: 854, Loss: 0.0030
Fold 0, Epoch 131/1000, Average Train Loss: 0.0014, LR: 0.000000
Fold 0, Epoch 131, Current decision threshold: 0.0751
Fold 0, Epoch 131/1000, Validation Loss: 0.0058, Accuracy: 0.9968
Fold 0, Epoch 131/1000, Precision: 0.9208, Recall: 0.9482, F1-Score: 0.9343, AUC: 0.9990, AUPR: 0.9721
No improvement, patience counter: 19/25
Fold 0, Epoch: 132/1000, Batch: 854, Loss: 0.0046
Fold 0, Epoch 132/1000, Average Train Loss: 0.0014, LR: 0.000000
Fold 0, Epoch 132, Current decision threshold: 0.0751
Fold 0, Epoch 132/1000, Validation Loss: 0.0058, Accuracy: 0.9968
Fold 0, Epoch 132/1000, Precision: 0.9208, Recall: 0.9482, F1-Score: 0.9343, AUC: 0.9990, AUPR: 0.9721
No improvement, patience counter: 20/25
Fold 0, Epoch: 133/1000, Batch: 854, Loss: 0.0011
Fold 0, Epoch 133/1000, Average Train Loss: 0.0014, LR: 0.000000
Fold 0, Epoch 133, Current decision threshold: 0.0751
Fold 0, Epoch 133/1000, Validation Loss: 0.0058, Accuracy: 0.9968
Fold 0, Epoch 133/1000, Precision: 0.9208, Recall: 0.9482, F1-Score: 0.9343, AUC: 0.9990, AUPR: 0.9721
No improvement, patience counter: 21/25
Fold 0, Epoch: 134/1000, Batch: 854, Loss: 0.0011
Fold 0, Epoch 134/1000, Average Train Loss: 0.0014, LR: 0.000000
Fold 0, Epoch 134, Current decision threshold: 0.0751
Fold 0, Epoch 134/1000, Validation Loss: 0.0058, Accuracy: 0.9968
Fold 0, Epoch 134/1000, Precision: 0.9208, Recall: 0.9482, F1-Score: 0.9343, AUC: 0.9990, AUPR: 0.9721
No improvement, patience counter: 22/25
Fold 0, Epoch: 135/1000, Batch: 854, Loss: 0.0017
Fold 0, Epoch 135/1000, Average Train Loss: 0.0014, LR: 0.000000
Epoch 135: Optimal threshold updated to = 0.0741
Fold 0, Epoch 135, Current decision threshold: 0.0741
Fold 0, Epoch 135/1000, Validation Loss: 0.0058, Accuracy: 0.9967
Fold 0, Epoch 135/1000, Precision: 0.9201, Recall: 0.9486, F1-Score: 0.9341, AUC: 0.9990, AUPR: 0.9721
No improvement, patience counter: 23/25
Fold 0, Epoch: 136/1000, Batch: 854, Loss: 0.0011
Fold 0, Epoch 136/1000, Average Train Loss: 0.0014, LR: 0.000000
Fold 0, Epoch 136, Current decision threshold: 0.0741
Fold 0, Epoch 136/1000, Validation Loss: 0.0058, Accuracy: 0.9968
Fold 0, Epoch 136/1000, Precision: 0.9201, Recall: 0.9490, F1-Score: 0.9343, AUC: 0.9990, AUPR: 0.9721
No improvement, patience counter: 24/25
Fold 0, Epoch: 137/1000, Batch: 854, Loss: 0.0005
Fold 0, Epoch 137/1000, Average Train Loss: 0.0014, LR: 0.000000
Fold 0, Epoch 137, Current decision threshold: 0.0741
Fold 0, Epoch 137/1000, Validation Loss: 0.0058, Accuracy: 0.9968
Fold 0, Epoch 137/1000, Precision: 0.9201, Recall: 0.9490, F1-Score: 0.9343, AUC: 0.9990, AUPR: 0.9721
No improvement, patience counter: 25/25
Early stopping at epoch 137
Restored best model, F1: 0.9347, AUC: 0.9990, AUPR: 0.9721
Round 0, Fold 0 best model and threshold 0.0741 saved to D:\SPAN\models\span_round_0_fold_0.pkl
Completed fold 0 in 5-folds, Validation Loss: 0.0058, Accuracy: 0.9968
Completed fold 0 in 5-folds, Precision: 0.9205, Recall: 0.9494, F1-Score: 0.9347, AUC: 0.9990, AUPR: 0.9721
Fold 0 test Finished! - 2026-03-29 07:47:59
======================================================================
Final Results Summary
----------------------------------------------------------------------
AUC         AUPR        Acc         F1          Pre         Recall      
0.9990      0.9721      0.9968      0.9347      0.9205      0.9494      
======================================================================