Logging for round 3, fold 2 configured to file: D:\SPAN\logs\fafa-round_3-fold_2.log - 2026-04-04 19:44:20
========== Round 3 - Fold 2 Training ==========
current_sys_path: D:\SPAN
device = cuda
Global seed initialized to 42 for reproducibility
Using GPU: NVIDIA GeForce RTX 3060 Laptop GPU
Starting fold 2 in 5-folds
Training data - Positive samples: tensor([44915.]), Negative samples: tensor([392091.])
Fold 2, Epoch: 1/1000, Batch: 854, Loss: 0.0388
Fold 2, Epoch 1/1000, Average Train Loss: 0.0314, LR: 0.000200
Fold 2, Epoch 1, Current decision threshold: 0.2000
Fold 2, Epoch 1/1000, Validation Loss: 0.0096, Accuracy: 0.7967
Fold 2, Epoch 1/1000, Precision: 0.1069, Recall: 1.0000, F1-Score: 0.1932, AUC: 0.9763, AUPR: 0.4210
New best model saved, F1: 0.1932, AUC: 0.9763, AUPR: 0.4210
Fold 2, Epoch: 2/1000, Batch: 854, Loss: 0.0105
Fold 2, Epoch 2/1000, Average Train Loss: 0.0174, LR: 0.000200
Fold 2, Epoch 2, Current decision threshold: 0.2000
Fold 2, Epoch 2/1000, Validation Loss: 0.0056, Accuracy: 0.9754
Fold 2, Epoch 2/1000, Precision: 0.4970, Recall: 0.9250, F1-Score: 0.6466, AUC: 0.9919, AUPR: 0.7143
New best model saved, F1: 0.6466, AUC: 0.9919, AUPR: 0.7143
Fold 2, Epoch: 3/1000, Batch: 854, Loss: 0.0096
Fold 2, Epoch 3/1000, Average Train Loss: 0.0129, LR: 0.000200
Fold 2, Epoch 3, Current decision threshold: 0.2000
Fold 2, Epoch 3/1000, Validation Loss: 0.0056, Accuracy: 0.9849
Fold 2, Epoch 3/1000, Precision: 0.6294, Recall: 0.9218, F1-Score: 0.7480, AUC: 0.9949, AUPR: 0.8050
New best model saved, F1: 0.7480, AUC: 0.9949, AUPR: 0.8050
Fold 2, Epoch: 4/1000, Batch: 854, Loss: 0.0176
Fold 2, Epoch 4/1000, Average Train Loss: 0.0112, LR: 0.000200
Fold 2, Epoch 4, Current decision threshold: 0.2000
Fold 2, Epoch 4/1000, Validation Loss: 0.0071, Accuracy: 0.9894
Fold 2, Epoch 4/1000, Precision: 0.7494, Recall: 0.8492, F1-Score: 0.7962, AUC: 0.9960, AUPR: 0.8493
New best model saved, F1: 0.7962, AUC: 0.9960, AUPR: 0.8493
Fold 2, Epoch: 5/1000, Batch: 854, Loss: 0.0103
Fold 2, Epoch 5/1000, Average Train Loss: 0.0101, LR: 0.000200
Epoch 5: Optimal threshold updated to = 0.1652
Fold 2, Epoch 5, Current decision threshold: 0.1652
Fold 2, Epoch 5/1000, Validation Loss: 0.0066, Accuracy: 0.9906
Fold 2, Epoch 5/1000, Precision: 0.7518, Recall: 0.9156, F1-Score: 0.8256, AUC: 0.9968, AUPR: 0.8822
New best model saved, F1: 0.8256, AUC: 0.9968, AUPR: 0.8822
Fold 2, Epoch: 6/1000, Batch: 854, Loss: 0.0075
Fold 2, Epoch 6/1000, Average Train Loss: 0.0092, LR: 0.000200
Fold 2, Epoch 6, Current decision threshold: 0.1652
Fold 2, Epoch 6/1000, Validation Loss: 0.0067, Accuracy: 0.9909
Fold 2, Epoch 6/1000, Precision: 0.7689, Recall: 0.8977, F1-Score: 0.8284, AUC: 0.9969, AUPR: 0.8887
New best model saved, F1: 0.8284, AUC: 0.9969, AUPR: 0.8887
Fold 2, Epoch: 7/1000, Batch: 854, Loss: 0.0073
Fold 2, Epoch 7/1000, Average Train Loss: 0.0087, LR: 0.000200
Fold 2, Epoch 7, Current decision threshold: 0.1652
Fold 2, Epoch 7/1000, Validation Loss: 0.0060, Accuracy: 0.9920
Fold 2, Epoch 7/1000, Precision: 0.7840, Recall: 0.9246, F1-Score: 0.8485, AUC: 0.9973, AUPR: 0.9028
New best model saved, F1: 0.8485, AUC: 0.9973, AUPR: 0.9028
Fold 2, Epoch: 8/1000, Batch: 854, Loss: 0.0082
Fold 2, Epoch 8/1000, Average Train Loss: 0.0081, LR: 0.000200
Fold 2, Epoch 8, Current decision threshold: 0.1652
Fold 2, Epoch 8/1000, Validation Loss: 0.0082, Accuracy: 0.9929
Fold 2, Epoch 8/1000, Precision: 0.8542, Recall: 0.8521, F1-Score: 0.8531, AUC: 0.9976, AUPR: 0.9149
New best model saved, F1: 0.8531, AUC: 0.9976, AUPR: 0.9149
Fold 2, Epoch: 9/1000, Batch: 854, Loss: 0.0057
Fold 2, Epoch 9/1000, Average Train Loss: 0.0076, LR: 0.000200
Fold 2, Epoch 9, Current decision threshold: 0.1652
Fold 2, Epoch 9/1000, Validation Loss: 0.0063, Accuracy: 0.9933
Fold 2, Epoch 9/1000, Precision: 0.8334, Recall: 0.9071, F1-Score: 0.8687, AUC: 0.9976, AUPR: 0.9238
New best model saved, F1: 0.8687, AUC: 0.9976, AUPR: 0.9238
Fold 2, Epoch: 10/1000, Batch: 854, Loss: 0.0072
Fold 2, Epoch 10/1000, Average Train Loss: 0.0073, LR: 0.000200
Epoch 10: Optimal threshold updated to = 0.1346
Fold 2, Epoch 10, Current decision threshold: 0.1346
Fold 2, Epoch 10/1000, Validation Loss: 0.0082, Accuracy: 0.9934
Fold 2, Epoch 10/1000, Precision: 0.8480, Recall: 0.8892, F1-Score: 0.8681, AUC: 0.9975, AUPR: 0.9202
No improvement, patience counter: 1/25
Fold 2, Epoch: 11/1000, Batch: 854, Loss: 0.0038
Fold 2, Epoch 11/1000, Average Train Loss: 0.0070, LR: 0.000200
Fold 2, Epoch 11, Current decision threshold: 0.1346
Fold 2, Epoch 11/1000, Validation Loss: 0.0076, Accuracy: 0.9932
Fold 2, Epoch 11/1000, Precision: 0.8393, Recall: 0.8936, F1-Score: 0.8656, AUC: 0.9976, AUPR: 0.9275
New best model saved, F1: 0.8656, AUC: 0.9976, AUPR: 0.9275
Fold 2, Epoch: 12/1000, Batch: 854, Loss: 0.0070
Fold 2, Epoch 12/1000, Average Train Loss: 0.0067, LR: 0.000200
Fold 2, Epoch 12, Current decision threshold: 0.1346
Fold 2, Epoch 12/1000, Validation Loss: 0.0069, Accuracy: 0.9932
Fold 2, Epoch 12/1000, Precision: 0.8264, Recall: 0.9116, F1-Score: 0.8669, AUC: 0.9976, AUPR: 0.9261
No improvement, patience counter: 1/25
Fold 2, Epoch: 13/1000, Batch: 854, Loss: 0.0093
Fold 2, Epoch 13/1000, Average Train Loss: 0.0064, LR: 0.000200
Fold 2, Epoch 13, Current decision threshold: 0.1346
Fold 2, Epoch 13/1000, Validation Loss: 0.0070, Accuracy: 0.9936
Fold 2, Epoch 13/1000, Precision: 0.8444, Recall: 0.9046, F1-Score: 0.8735, AUC: 0.9978, AUPR: 0.9304
New best model saved, F1: 0.8735, AUC: 0.9978, AUPR: 0.9304
Fold 2, Epoch: 14/1000, Batch: 854, Loss: 0.0075
Fold 2, Epoch 14/1000, Average Train Loss: 0.0061, LR: 0.000200
Fold 2, Epoch 14, Current decision threshold: 0.1346
Fold 2, Epoch 14/1000, Validation Loss: 0.0084, Accuracy: 0.9942
Fold 2, Epoch 14/1000, Precision: 0.8827, Recall: 0.8802, F1-Score: 0.8815, AUC: 0.9977, AUPR: 0.9346
New best model saved, F1: 0.8815, AUC: 0.9977, AUPR: 0.9346
Fold 2, Epoch: 15/1000, Batch: 854, Loss: 0.0034
Fold 2, Epoch 15/1000, Average Train Loss: 0.0060, LR: 0.000200
Epoch 15: Optimal threshold updated to = 0.1763
Fold 2, Epoch 15, Current decision threshold: 0.1763
Fold 2, Epoch 15/1000, Validation Loss: 0.0066, Accuracy: 0.9943
Fold 2, Epoch 15/1000, Precision: 0.8759, Recall: 0.8916, F1-Score: 0.8837, AUC: 0.9976, AUPR: 0.9359
New best model saved, F1: 0.8837, AUC: 0.9976, AUPR: 0.9359
Fold 2, Epoch: 16/1000, Batch: 854, Loss: 0.0057
Fold 2, Epoch 16/1000, Average Train Loss: 0.0058, LR: 0.000200
Fold 2, Epoch 16, Current decision threshold: 0.1763
Fold 2, Epoch 16/1000, Validation Loss: 0.0081, Accuracy: 0.9936
Fold 2, Epoch 16/1000, Precision: 0.8887, Recall: 0.8423, F1-Score: 0.8649, AUC: 0.9976, AUPR: 0.9319
No improvement, patience counter: 1/25
Fold 2, Epoch: 17/1000, Batch: 854, Loss: 0.0066
Fold 2, Epoch 17/1000, Average Train Loss: 0.0056, LR: 0.000200
Fold 2, Epoch 17, Current decision threshold: 0.1763
Fold 2, Epoch 17/1000, Validation Loss: 0.0077, Accuracy: 0.9946
Fold 2, Epoch 17/1000, Precision: 0.9079, Recall: 0.8639, F1-Score: 0.8854, AUC: 0.9978, AUPR: 0.9436
New best model saved, F1: 0.8854, AUC: 0.9978, AUPR: 0.9436
Fold 2, Epoch: 18/1000, Batch: 854, Loss: 0.0040
Fold 2, Epoch 18/1000, Average Train Loss: 0.0055, LR: 0.000200
Fold 2, Epoch 18, Current decision threshold: 0.1763
Fold 2, Epoch 18/1000, Validation Loss: 0.0084, Accuracy: 0.9944
Fold 2, Epoch 18/1000, Precision: 0.9260, Recall: 0.8358, F1-Score: 0.8786, AUC: 0.9980, AUPR: 0.9495
New best model saved, F1: 0.8786, AUC: 0.9980, AUPR: 0.9495
Fold 2, Epoch: 19/1000, Batch: 854, Loss: 0.0058
Fold 2, Epoch 19/1000, Average Train Loss: 0.0053, LR: 0.000200
Fold 2, Epoch 19, Current decision threshold: 0.1763
Fold 2, Epoch 19/1000, Validation Loss: 0.0088, Accuracy: 0.9942
Fold 2, Epoch 19/1000, Precision: 0.9303, Recall: 0.8215, F1-Score: 0.8725, AUC: 0.9981, AUPR: 0.9498
No improvement, patience counter: 1/25
Fold 2, Epoch: 20/1000, Batch: 854, Loss: 0.0016
Fold 2, Epoch 20/1000, Average Train Loss: 0.0052, LR: 0.000200
Epoch 20: Optimal threshold updated to = 0.1024
Fold 2, Epoch 20, Current decision threshold: 0.1024
Fold 2, Epoch 20/1000, Validation Loss: 0.0087, Accuracy: 0.9945
Fold 2, Epoch 20/1000, Precision: 0.8838, Recall: 0.8928, F1-Score: 0.8883, AUC: 0.9979, AUPR: 0.9476
New best model saved, F1: 0.8883, AUC: 0.9979, AUPR: 0.9476
Fold 2, Epoch: 21/1000, Batch: 854, Loss: 0.0026
Fold 2, Epoch 21/1000, Average Train Loss: 0.0050, LR: 0.000200
Fold 2, Epoch 21, Current decision threshold: 0.1024
Fold 2, Epoch 21/1000, Validation Loss: 0.0069, Accuracy: 0.9946
Fold 2, Epoch 21/1000, Precision: 0.8596, Recall: 0.9279, F1-Score: 0.8924, AUC: 0.9979, AUPR: 0.9491
New best model saved, F1: 0.8924, AUC: 0.9979, AUPR: 0.9491
Fold 2, Epoch: 22/1000, Batch: 854, Loss: 0.0025
Fold 2, Epoch 22/1000, Average Train Loss: 0.0050, LR: 0.000200
Fold 2, Epoch 22, Current decision threshold: 0.1024
Fold 2, Epoch 22/1000, Validation Loss: 0.0073, Accuracy: 0.9948
Fold 2, Epoch 22/1000, Precision: 0.8716, Recall: 0.9209, F1-Score: 0.8956, AUC: 0.9979, AUPR: 0.9491
New best model saved, F1: 0.8956, AUC: 0.9979, AUPR: 0.9491
Fold 2, Epoch: 23/1000, Batch: 854, Loss: 0.0047
Fold 2, Epoch 23/1000, Average Train Loss: 0.0049, LR: 0.000200
Fold 2, Epoch 23, Current decision threshold: 0.1024
Fold 2, Epoch 23/1000, Validation Loss: 0.0079, Accuracy: 0.9949
Fold 2, Epoch 23/1000, Precision: 0.8865, Recall: 0.9042, F1-Score: 0.8953, AUC: 0.9979, AUPR: 0.9524
New best model saved, F1: 0.8953, AUC: 0.9979, AUPR: 0.9524
Fold 2, Epoch: 24/1000, Batch: 854, Loss: 0.0049
Fold 2, Epoch 24/1000, Average Train Loss: 0.0048, LR: 0.000200
Fold 2, Epoch 24, Current decision threshold: 0.1024
Fold 2, Epoch 24/1000, Validation Loss: 0.0071, Accuracy: 0.9948
Fold 2, Epoch 24/1000, Precision: 0.8718, Recall: 0.9201, F1-Score: 0.8953, AUC: 0.9981, AUPR: 0.9510
No improvement, patience counter: 1/25
Fold 2, Epoch: 25/1000, Batch: 854, Loss: 0.0062
Fold 2, Epoch 25/1000, Average Train Loss: 0.0047, LR: 0.000200
Epoch 25: Optimal threshold updated to = 0.1619
Fold 2, Epoch 25, Current decision threshold: 0.1619
Fold 2, Epoch 25/1000, Validation Loss: 0.0066, Accuracy: 0.9952
Fold 2, Epoch 25/1000, Precision: 0.9036, Recall: 0.8981, F1-Score: 0.9009, AUC: 0.9981, AUPR: 0.9536
New best model saved, F1: 0.9009, AUC: 0.9981, AUPR: 0.9536
Fold 2, Epoch: 26/1000, Batch: 854, Loss: 0.0038
Fold 2, Epoch 26/1000, Average Train Loss: 0.0046, LR: 0.000200
Fold 2, Epoch 26, Current decision threshold: 0.1619
Fold 2, Epoch 26/1000, Validation Loss: 0.0086, Accuracy: 0.9950
Fold 2, Epoch 26/1000, Precision: 0.9375, Recall: 0.8500, F1-Score: 0.8916, AUC: 0.9981, AUPR: 0.9542
No improvement, patience counter: 1/25
Fold 2, Epoch: 27/1000, Batch: 854, Loss: 0.0037
Fold 2, Epoch 27/1000, Average Train Loss: 0.0045, LR: 0.000200
Fold 2, Epoch 27, Current decision threshold: 0.1619
Fold 2, Epoch 27/1000, Validation Loss: 0.0068, Accuracy: 0.9950
Fold 2, Epoch 27/1000, Precision: 0.8995, Recall: 0.8932, F1-Score: 0.8963, AUC: 0.9979, AUPR: 0.9511
No improvement, patience counter: 2/25
Fold 2, Epoch: 28/1000, Batch: 854, Loss: 0.0039
Fold 2, Epoch 28/1000, Average Train Loss: 0.0044, LR: 0.000200
Fold 2, Epoch 28, Current decision threshold: 0.1619
Fold 2, Epoch 28/1000, Validation Loss: 0.0079, Accuracy: 0.9952
Fold 2, Epoch 28/1000, Precision: 0.9324, Recall: 0.8651, F1-Score: 0.8975, AUC: 0.9983, AUPR: 0.9588
New best model saved, F1: 0.8975, AUC: 0.9983, AUPR: 0.9588
Fold 2, Epoch: 29/1000, Batch: 854, Loss: 0.0070
Fold 2, Epoch 29/1000, Average Train Loss: 0.0044, LR: 0.000200
Fold 2, Epoch 29, Current decision threshold: 0.1619
Fold 2, Epoch 29/1000, Validation Loss: 0.0078, Accuracy: 0.9952
Fold 2, Epoch 29/1000, Precision: 0.9321, Recall: 0.8676, F1-Score: 0.8987, AUC: 0.9981, AUPR: 0.9578
No improvement, patience counter: 1/25
Fold 2, Epoch: 30/1000, Batch: 854, Loss: 0.0015
Fold 2, Epoch 30/1000, Average Train Loss: 0.0043, LR: 0.000200
Epoch 30: Optimal threshold updated to = 0.0837
Fold 2, Epoch 30, Current decision threshold: 0.0837
Fold 2, Epoch 30/1000, Validation Loss: 0.0088, Accuracy: 0.9955
Fold 2, Epoch 30/1000, Precision: 0.9071, Recall: 0.9067, F1-Score: 0.9069, AUC: 0.9980, AUPR: 0.9589
New best model saved, F1: 0.9069, AUC: 0.9980, AUPR: 0.9589
Fold 2, Epoch: 31/1000, Batch: 854, Loss: 0.0046
Fold 2, Epoch 31/1000, Average Train Loss: 0.0042, LR: 0.000200
Fold 2, Epoch 31, Current decision threshold: 0.0837
Fold 2, Epoch 31/1000, Validation Loss: 0.0080, Accuracy: 0.9956
Fold 2, Epoch 31/1000, Precision: 0.9015, Recall: 0.9177, F1-Score: 0.9095, AUC: 0.9981, AUPR: 0.9605
New best model saved, F1: 0.9095, AUC: 0.9981, AUPR: 0.9605
Fold 2, Epoch: 32/1000, Batch: 854, Loss: 0.0026
Fold 2, Epoch 32/1000, Average Train Loss: 0.0041, LR: 0.000200
Fold 2, Epoch 32, Current decision threshold: 0.0837
Fold 2, Epoch 32/1000, Validation Loss: 0.0083, Accuracy: 0.9955
Fold 2, Epoch 32/1000, Precision: 0.9013, Recall: 0.9152, F1-Score: 0.9082, AUC: 0.9982, AUPR: 0.9600
No improvement, patience counter: 1/25
Fold 2, Epoch: 33/1000, Batch: 854, Loss: 0.0034
Fold 2, Epoch 33/1000, Average Train Loss: 0.0041, LR: 0.000200
Fold 2, Epoch 33, Current decision threshold: 0.0837
Fold 2, Epoch 33/1000, Validation Loss: 0.0091, Accuracy: 0.9956
Fold 2, Epoch 33/1000, Precision: 0.9146, Recall: 0.9030, F1-Score: 0.9088, AUC: 0.9981, AUPR: 0.9595
No improvement, patience counter: 2/25
Fold 2, Epoch: 34/1000, Batch: 854, Loss: 0.0054
Fold 2, Epoch 34/1000, Average Train Loss: 0.0040, LR: 0.000200
Fold 2, Epoch 34, Current decision threshold: 0.0837
Fold 2, Epoch 34/1000, Validation Loss: 0.0078, Accuracy: 0.9953
Fold 2, Epoch 34/1000, Precision: 0.8933, Recall: 0.9181, F1-Score: 0.9055, AUC: 0.9981, AUPR: 0.9595
No improvement, patience counter: 3/25
Fold 2, Epoch: 35/1000, Batch: 854, Loss: 0.0047
Fold 2, Epoch 35/1000, Average Train Loss: 0.0040, LR: 0.000200
Epoch 35: Optimal threshold updated to = 0.1076
Fold 2, Epoch 35, Current decision threshold: 0.1076
Fold 2, Epoch 35/1000, Validation Loss: 0.0080, Accuracy: 0.9957
Fold 2, Epoch 35/1000, Precision: 0.9193, Recall: 0.9010, F1-Score: 0.9101, AUC: 0.9982, AUPR: 0.9625
New best model saved, F1: 0.9101, AUC: 0.9982, AUPR: 0.9625
Fold 2, Epoch: 36/1000, Batch: 854, Loss: 0.0046
Fold 2, Epoch 36/1000, Average Train Loss: 0.0039, LR: 0.000200
Fold 2, Epoch 36, Current decision threshold: 0.1076
Fold 2, Epoch 36/1000, Validation Loss: 0.0075, Accuracy: 0.9956
Fold 2, Epoch 36/1000, Precision: 0.9099, Recall: 0.9095, F1-Score: 0.9097, AUC: 0.9981, AUPR: 0.9615
No improvement, patience counter: 1/25
Fold 2, Epoch: 37/1000, Batch: 854, Loss: 0.0026
Fold 2, Epoch 37/1000, Average Train Loss: 0.0039, LR: 0.000200
Fold 2, Epoch 37, Current decision threshold: 0.1076
Fold 2, Epoch 37/1000, Validation Loss: 0.0082, Accuracy: 0.9956
Fold 2, Epoch 37/1000, Precision: 0.9262, Recall: 0.8896, F1-Score: 0.9075, AUC: 0.9983, AUPR: 0.9630
No improvement, patience counter: 2/25
Fold 2, Epoch: 38/1000, Batch: 854, Loss: 0.0050
Fold 2, Epoch 38/1000, Average Train Loss: 0.0038, LR: 0.000200
Fold 2, Epoch 38, Current decision threshold: 0.1076
Fold 2, Epoch 38/1000, Validation Loss: 0.0079, Accuracy: 0.9957
Fold 2, Epoch 38/1000, Precision: 0.9247, Recall: 0.8961, F1-Score: 0.9102, AUC: 0.9982, AUPR: 0.9633
New best model saved, F1: 0.9102, AUC: 0.9982, AUPR: 0.9633
Fold 2, Epoch: 39/1000, Batch: 854, Loss: 0.0039
Fold 2, Epoch 39/1000, Average Train Loss: 0.0038, LR: 0.000200
Fold 2, Epoch 39, Current decision threshold: 0.1076
Fold 2, Epoch 39/1000, Validation Loss: 0.0058, Accuracy: 0.9950
Fold 2, Epoch 39/1000, Precision: 0.8710, Recall: 0.9303, F1-Score: 0.8997, AUC: 0.9982, AUPR: 0.9613
No improvement, patience counter: 1/25
Fold 2, Epoch: 40/1000, Batch: 854, Loss: 0.0011
Fold 2, Epoch 40/1000, Average Train Loss: 0.0037, LR: 0.000200
Epoch 40: Optimal threshold updated to = 0.1095
Fold 2, Epoch 40, Current decision threshold: 0.1095
Fold 2, Epoch 40/1000, Validation Loss: 0.0073, Accuracy: 0.9956
Fold 2, Epoch 40/1000, Precision: 0.9103, Recall: 0.9099, F1-Score: 0.9101, AUC: 0.9981, AUPR: 0.9620
No improvement, patience counter: 2/25
Fold 2, Epoch: 41/1000, Batch: 854, Loss: 0.0038
Fold 2, Epoch 41/1000, Average Train Loss: 0.0037, LR: 0.000200
Fold 2, Epoch 41, Current decision threshold: 0.1095
Fold 2, Epoch 41/1000, Validation Loss: 0.0084, Accuracy: 0.9958
Fold 2, Epoch 41/1000, Precision: 0.9322, Recall: 0.8908, F1-Score: 0.9110, AUC: 0.9983, AUPR: 0.9665
New best model saved, F1: 0.9110, AUC: 0.9983, AUPR: 0.9665
Fold 2, Epoch: 42/1000, Batch: 854, Loss: 0.0036
Fold 2, Epoch 42/1000, Average Train Loss: 0.0036, LR: 0.000200
Fold 2, Epoch 42, Current decision threshold: 0.1095
Fold 2, Epoch 42/1000, Validation Loss: 0.0072, Accuracy: 0.9958
Fold 2, Epoch 42/1000, Precision: 0.9136, Recall: 0.9136, F1-Score: 0.9136, AUC: 0.9981, AUPR: 0.9644
No improvement, patience counter: 1/25
Fold 2, Epoch: 43/1000, Batch: 854, Loss: 0.0028
Fold 2, Epoch 43/1000, Average Train Loss: 0.0036, LR: 0.000200
Fold 2, Epoch 43, Current decision threshold: 0.1095
Fold 2, Epoch 43/1000, Validation Loss: 0.0080, Accuracy: 0.9958
Fold 2, Epoch 43/1000, Precision: 0.9288, Recall: 0.8981, F1-Score: 0.9132, AUC: 0.9982, AUPR: 0.9629
No improvement, patience counter: 2/25
Fold 2, Epoch: 44/1000, Batch: 854, Loss: 0.0020
Fold 2, Epoch 44/1000, Average Train Loss: 0.0035, LR: 0.000200
Fold 2, Epoch 44, Current decision threshold: 0.1095
Fold 2, Epoch 44/1000, Validation Loss: 0.0079, Accuracy: 0.9960
Fold 2, Epoch 44/1000, Precision: 0.9340, Recall: 0.8989, F1-Score: 0.9161, AUC: 0.9983, AUPR: 0.9660
New best model saved, F1: 0.9161, AUC: 0.9983, AUPR: 0.9660
Fold 2, Epoch: 45/1000, Batch: 854, Loss: 0.0021
Fold 2, Epoch 45/1000, Average Train Loss: 0.0035, LR: 0.000200
Epoch 45: Optimal threshold updated to = 0.0640
Fold 2, Epoch 45, Current decision threshold: 0.0640
Fold 2, Epoch 45/1000, Validation Loss: 0.0100, Accuracy: 0.9960
Fold 2, Epoch 45/1000, Precision: 0.9318, Recall: 0.9022, F1-Score: 0.9168, AUC: 0.9983, AUPR: 0.9660
New best model saved, F1: 0.9168, AUC: 0.9983, AUPR: 0.9660
Fold 2, Epoch: 46/1000, Batch: 854, Loss: 0.0009
Fold 2, Epoch 46/1000, Average Train Loss: 0.0034, LR: 0.000200
Fold 2, Epoch 46, Current decision threshold: 0.0640
Fold 2, Epoch 46/1000, Validation Loss: 0.0079, Accuracy: 0.9958
Fold 2, Epoch 46/1000, Precision: 0.8985, Recall: 0.9311, F1-Score: 0.9145, AUC: 0.9982, AUPR: 0.9660
No improvement, patience counter: 1/25
Fold 2, Epoch: 47/1000, Batch: 854, Loss: 0.0019
Fold 2, Epoch 47/1000, Average Train Loss: 0.0034, LR: 0.000200
Fold 2, Epoch 47, Current decision threshold: 0.0640
Fold 2, Epoch 47/1000, Validation Loss: 0.0069, Accuracy: 0.9958
Fold 2, Epoch 47/1000, Precision: 0.8917, Recall: 0.9397, F1-Score: 0.9151, AUC: 0.9983, AUPR: 0.9668
New best model saved, F1: 0.9151, AUC: 0.9983, AUPR: 0.9668
Fold 2, Epoch: 48/1000, Batch: 854, Loss: 0.0032
Fold 2, Epoch 48/1000, Average Train Loss: 0.0033, LR: 0.000200
Fold 2, Epoch 48, Current decision threshold: 0.0640
Fold 2, Epoch 48/1000, Validation Loss: 0.0086, Accuracy: 0.9962
Fold 2, Epoch 48/1000, Precision: 0.9199, Recall: 0.9222, F1-Score: 0.9210, AUC: 0.9983, AUPR: 0.9673
New best model saved, F1: 0.9210, AUC: 0.9983, AUPR: 0.9673
Fold 2, Epoch: 49/1000, Batch: 854, Loss: 0.0058
Fold 2, Epoch 49/1000, Average Train Loss: 0.0034, LR: 0.000200
Fold 2, Epoch 49, Current decision threshold: 0.0640
Fold 2, Epoch 49/1000, Validation Loss: 0.0073, Accuracy: 0.9958
Fold 2, Epoch 49/1000, Precision: 0.8970, Recall: 0.9332, F1-Score: 0.9147, AUC: 0.9983, AUPR: 0.9669
No improvement, patience counter: 1/25
Fold 2, Epoch: 50/1000, Batch: 854, Loss: 0.0022
Fold 2, Epoch 50/1000, Average Train Loss: 0.0033, LR: 0.000200
Epoch 50: Optimal threshold updated to = 0.1022
Fold 2, Epoch 50, Current decision threshold: 0.1022
Fold 2, Epoch 50/1000, Validation Loss: 0.0071, Accuracy: 0.9963
Fold 2, Epoch 50/1000, Precision: 0.9302, Recall: 0.9181, F1-Score: 0.9241, AUC: 0.9983, AUPR: 0.9682
New best model saved, F1: 0.9241, AUC: 0.9983, AUPR: 0.9682
Fold 2, Epoch: 51/1000, Batch: 854, Loss: 0.0028
Fold 2, Epoch 51/1000, Average Train Loss: 0.0032, LR: 0.000200
Fold 2, Epoch 51, Current decision threshold: 0.1022
Fold 2, Epoch 51/1000, Validation Loss: 0.0068, Accuracy: 0.9962
Fold 2, Epoch 51/1000, Precision: 0.9213, Recall: 0.9209, F1-Score: 0.9211, AUC: 0.9984, AUPR: 0.9689
No improvement, patience counter: 1/25
Fold 2, Epoch: 52/1000, Batch: 854, Loss: 0.0077
Fold 2, Epoch 52/1000, Average Train Loss: 0.0032, LR: 0.000200
Fold 2, Epoch 52, Current decision threshold: 0.1022
Fold 2, Epoch 52/1000, Validation Loss: 0.0064, Accuracy: 0.9961
Fold 2, Epoch 52/1000, Precision: 0.9100, Recall: 0.9307, F1-Score: 0.9202, AUC: 0.9983, AUPR: 0.9662
No improvement, patience counter: 2/25
Fold 2, Epoch: 53/1000, Batch: 854, Loss: 0.0008
Fold 2, Epoch 53/1000, Average Train Loss: 0.0032, LR: 0.000200
Fold 2, Epoch 53, Current decision threshold: 0.1022
Fold 2, Epoch 53/1000, Validation Loss: 0.0078, Accuracy: 0.9960
Fold 2, Epoch 53/1000, Precision: 0.9270, Recall: 0.9055, F1-Score: 0.9161, AUC: 0.9983, AUPR: 0.9663
No improvement, patience counter: 3/25
Fold 2, Epoch: 54/1000, Batch: 854, Loss: 0.0011
Fold 2, Epoch 54/1000, Average Train Loss: 0.0031, LR: 0.000200
Fold 2, Epoch 54, Current decision threshold: 0.1022
Fold 2, Epoch 54/1000, Validation Loss: 0.0079, Accuracy: 0.9960
Fold 2, Epoch 54/1000, Precision: 0.9302, Recall: 0.9018, F1-Score: 0.9158, AUC: 0.9983, AUPR: 0.9681
No improvement, patience counter: 4/25
Fold 2, Epoch: 55/1000, Batch: 854, Loss: 0.0017
Fold 2, Epoch 55/1000, Average Train Loss: 0.0027, LR: 0.000100
Epoch 55: Optimal threshold updated to = 0.0617
Fold 2, Epoch 55, Current decision threshold: 0.0617
Fold 2, Epoch 55/1000, Validation Loss: 0.0085, Accuracy: 0.9961
Fold 2, Epoch 55/1000, Precision: 0.9208, Recall: 0.9189, F1-Score: 0.9198, AUC: 0.9984, AUPR: 0.9689
No improvement, patience counter: 5/25
Fold 2, Epoch: 56/1000, Batch: 854, Loss: 0.0085
Fold 2, Epoch 56/1000, Average Train Loss: 0.0025, LR: 0.000100
Fold 2, Epoch 56, Current decision threshold: 0.0617
Fold 2, Epoch 56/1000, Validation Loss: 0.0074, Accuracy: 0.9960
Fold 2, Epoch 56/1000, Precision: 0.9066, Recall: 0.9332, F1-Score: 0.9197, AUC: 0.9984, AUPR: 0.9699
New best model saved, F1: 0.9197, AUC: 0.9984, AUPR: 0.9699
Fold 2, Epoch: 57/1000, Batch: 854, Loss: 0.0021
Fold 2, Epoch 57/1000, Average Train Loss: 0.0026, LR: 0.000100
Fold 2, Epoch 57, Current decision threshold: 0.0617
Fold 2, Epoch 57/1000, Validation Loss: 0.0077, Accuracy: 0.9963
Fold 2, Epoch 57/1000, Precision: 0.9185, Recall: 0.9324, F1-Score: 0.9254, AUC: 0.9985, AUPR: 0.9708
New best model saved, F1: 0.9254, AUC: 0.9985, AUPR: 0.9708
Fold 2, Epoch: 58/1000, Batch: 854, Loss: 0.0033
Fold 2, Epoch 58/1000, Average Train Loss: 0.0025, LR: 0.000100
Fold 2, Epoch 58, Current decision threshold: 0.0617
Fold 2, Epoch 58/1000, Validation Loss: 0.0084, Accuracy: 0.9962
Fold 2, Epoch 58/1000, Precision: 0.9242, Recall: 0.9193, F1-Score: 0.9218, AUC: 0.9985, AUPR: 0.9705
No improvement, patience counter: 1/25
Fold 2, Epoch: 59/1000, Batch: 854, Loss: 0.0059
Fold 2, Epoch 59/1000, Average Train Loss: 0.0026, LR: 0.000100
Fold 2, Epoch 59, Current decision threshold: 0.0617
Fold 2, Epoch 59/1000, Validation Loss: 0.0088, Accuracy: 0.9963
Fold 2, Epoch 59/1000, Precision: 0.9286, Recall: 0.9165, F1-Score: 0.9225, AUC: 0.9985, AUPR: 0.9706
No improvement, patience counter: 2/25
Fold 2, Epoch: 60/1000, Batch: 854, Loss: 0.0024
Fold 2, Epoch 60/1000, Average Train Loss: 0.0025, LR: 0.000100
Epoch 60: Optimal threshold updated to = 0.0753
Fold 2, Epoch 60, Current decision threshold: 0.0753
Fold 2, Epoch 60/1000, Validation Loss: 0.0075, Accuracy: 0.9962
Fold 2, Epoch 60/1000, Precision: 0.9186, Recall: 0.9246, F1-Score: 0.9216, AUC: 0.9984, AUPR: 0.9688
No improvement, patience counter: 3/25
Fold 2, Epoch: 61/1000, Batch: 854, Loss: 0.0016
Fold 2, Epoch 61/1000, Average Train Loss: 0.0024, LR: 0.000100
Fold 2, Epoch 61, Current decision threshold: 0.0753
Fold 2, Epoch 61/1000, Validation Loss: 0.0080, Accuracy: 0.9962
Fold 2, Epoch 61/1000, Precision: 0.9288, Recall: 0.9144, F1-Score: 0.9216, AUC: 0.9985, AUPR: 0.9703
No improvement, patience counter: 4/25
Fold 2, Epoch: 62/1000, Batch: 854, Loss: 0.0032
Fold 2, Epoch 62/1000, Average Train Loss: 0.0022, LR: 0.000050
Fold 2, Epoch 62, Current decision threshold: 0.0753
Fold 2, Epoch 62/1000, Validation Loss: 0.0077, Accuracy: 0.9962
Fold 2, Epoch 62/1000, Precision: 0.9232, Recall: 0.9214, F1-Score: 0.9223, AUC: 0.9985, AUPR: 0.9703
No improvement, patience counter: 5/25
Fold 2, Epoch: 63/1000, Batch: 854, Loss: 0.0008
Fold 2, Epoch 63/1000, Average Train Loss: 0.0021, LR: 0.000050
Fold 2, Epoch 63, Current decision threshold: 0.0753
Fold 2, Epoch 63/1000, Validation Loss: 0.0080, Accuracy: 0.9963
Fold 2, Epoch 63/1000, Precision: 0.9304, Recall: 0.9148, F1-Score: 0.9225, AUC: 0.9985, AUPR: 0.9711
No improvement, patience counter: 6/25
Fold 2, Epoch: 64/1000, Batch: 854, Loss: 0.0017
Fold 2, Epoch 64/1000, Average Train Loss: 0.0022, LR: 0.000050
Fold 2, Epoch 64, Current decision threshold: 0.0753
Fold 2, Epoch 64/1000, Validation Loss: 0.0083, Accuracy: 0.9962
Fold 2, Epoch 64/1000, Precision: 0.9295, Recall: 0.9140, F1-Score: 0.9217, AUC: 0.9985, AUPR: 0.9703
No improvement, patience counter: 7/25
Fold 2, Epoch: 65/1000, Batch: 854, Loss: 0.0006
Fold 2, Epoch 65/1000, Average Train Loss: 0.0021, LR: 0.000050
Epoch 65: Optimal threshold updated to = 0.0694
Fold 2, Epoch 65, Current decision threshold: 0.0694
Fold 2, Epoch 65/1000, Validation Loss: 0.0078, Accuracy: 0.9964
Fold 2, Epoch 65/1000, Precision: 0.9273, Recall: 0.9254, F1-Score: 0.9264, AUC: 0.9985, AUPR: 0.9705
No improvement, patience counter: 8/25
Fold 2, Epoch: 66/1000, Batch: 854, Loss: 0.0016
Fold 2, Epoch 66/1000, Average Train Loss: 0.0020, LR: 0.000025
Fold 2, Epoch 66, Current decision threshold: 0.0694
Fold 2, Epoch 66/1000, Validation Loss: 0.0081, Accuracy: 0.9963
Fold 2, Epoch 66/1000, Precision: 0.9315, Recall: 0.9148, F1-Score: 0.9231, AUC: 0.9985, AUPR: 0.9717
New best model saved, F1: 0.9231, AUC: 0.9985, AUPR: 0.9717
Fold 2, Epoch: 67/1000, Batch: 854, Loss: 0.0056
Fold 2, Epoch 67/1000, Average Train Loss: 0.0020, LR: 0.000025
Fold 2, Epoch 67, Current decision threshold: 0.0694
Fold 2, Epoch 67/1000, Validation Loss: 0.0080, Accuracy: 0.9964
Fold 2, Epoch 67/1000, Precision: 0.9296, Recall: 0.9201, F1-Score: 0.9248, AUC: 0.9985, AUPR: 0.9718
New best model saved, F1: 0.9248, AUC: 0.9985, AUPR: 0.9718
Fold 2, Epoch: 68/1000, Batch: 854, Loss: 0.0037
Fold 2, Epoch 68/1000, Average Train Loss: 0.0019, LR: 0.000025
Fold 2, Epoch 68, Current decision threshold: 0.0694
Fold 2, Epoch 68/1000, Validation Loss: 0.0076, Accuracy: 0.9964
Fold 2, Epoch 68/1000, Precision: 0.9261, Recall: 0.9238, F1-Score: 0.9249, AUC: 0.9985, AUPR: 0.9717
New best model saved, F1: 0.9249, AUC: 0.9985, AUPR: 0.9717
Fold 2, Epoch: 69/1000, Batch: 854, Loss: 0.0014
Fold 2, Epoch 69/1000, Average Train Loss: 0.0020, LR: 0.000025
Fold 2, Epoch 69, Current decision threshold: 0.0694
Fold 2, Epoch 69/1000, Validation Loss: 0.0079, Accuracy: 0.9964
Fold 2, Epoch 69/1000, Precision: 0.9285, Recall: 0.9209, F1-Score: 0.9247, AUC: 0.9984, AUPR: 0.9718
New best model saved, F1: 0.9247, AUC: 0.9984, AUPR: 0.9718
Fold 2, Epoch: 70/1000, Batch: 854, Loss: 0.0017
Fold 2, Epoch 70/1000, Average Train Loss: 0.0020, LR: 0.000025
Epoch 70: Optimal threshold updated to = 0.0629
Fold 2, Epoch 70, Current decision threshold: 0.0629
Fold 2, Epoch 70/1000, Validation Loss: 0.0075, Accuracy: 0.9964
Fold 2, Epoch 70/1000, Precision: 0.9228, Recall: 0.9299, F1-Score: 0.9263, AUC: 0.9985, AUPR: 0.9715
New best model saved, F1: 0.9263, AUC: 0.9985, AUPR: 0.9715
Fold 2, Epoch: 71/1000, Batch: 854, Loss: 0.0026
Fold 2, Epoch 71/1000, Average Train Loss: 0.0019, LR: 0.000025
Fold 2, Epoch 71, Current decision threshold: 0.0629
Fold 2, Epoch 71/1000, Validation Loss: 0.0073, Accuracy: 0.9963
Fold 2, Epoch 71/1000, Precision: 0.9177, Recall: 0.9311, F1-Score: 0.9244, AUC: 0.9985, AUPR: 0.9717
No improvement, patience counter: 1/25
Fold 2, Epoch: 72/1000, Batch: 854, Loss: 0.0017
Fold 2, Epoch 72/1000, Average Train Loss: 0.0019, LR: 0.000013
Fold 2, Epoch 72, Current decision threshold: 0.0629
Fold 2, Epoch 72/1000, Validation Loss: 0.0078, Accuracy: 0.9963
Fold 2, Epoch 72/1000, Precision: 0.9218, Recall: 0.9271, F1-Score: 0.9244, AUC: 0.9985, AUPR: 0.9718
No improvement, patience counter: 2/25
Fold 2, Epoch: 73/1000, Batch: 854, Loss: 0.0029
Fold 2, Epoch 73/1000, Average Train Loss: 0.0019, LR: 0.000013
Fold 2, Epoch 73, Current decision threshold: 0.0629
Fold 2, Epoch 73/1000, Validation Loss: 0.0076, Accuracy: 0.9963
Fold 2, Epoch 73/1000, Precision: 0.9204, Recall: 0.9283, F1-Score: 0.9243, AUC: 0.9985, AUPR: 0.9714
No improvement, patience counter: 3/25
Fold 2, Epoch: 74/1000, Batch: 854, Loss: 0.0084
Fold 2, Epoch 74/1000, Average Train Loss: 0.0018, LR: 0.000013
Fold 2, Epoch 74, Current decision threshold: 0.0629
Fold 2, Epoch 74/1000, Validation Loss: 0.0077, Accuracy: 0.9963
Fold 2, Epoch 74/1000, Precision: 0.9222, Recall: 0.9275, F1-Score: 0.9248, AUC: 0.9985, AUPR: 0.9716
No improvement, patience counter: 4/25
Fold 2, Epoch: 75/1000, Batch: 854, Loss: 0.0021
Fold 2, Epoch 75/1000, Average Train Loss: 0.0018, LR: 0.000013
Epoch 75: Optimal threshold updated to = 0.0961
Fold 2, Epoch 75, Current decision threshold: 0.0961
Fold 2, Epoch 75/1000, Validation Loss: 0.0076, Accuracy: 0.9965
Fold 2, Epoch 75/1000, Precision: 0.9434, Recall: 0.9108, F1-Score: 0.9268, AUC: 0.9985, AUPR: 0.9720
New best model saved, F1: 0.9268, AUC: 0.9985, AUPR: 0.9720
Fold 2, Epoch: 76/1000, Batch: 854, Loss: 0.0010
Fold 2, Epoch 76/1000, Average Train Loss: 0.0019, LR: 0.000013
Fold 2, Epoch 76, Current decision threshold: 0.0961
Fold 2, Epoch 76/1000, Validation Loss: 0.0076, Accuracy: 0.9964
Fold 2, Epoch 76/1000, Precision: 0.9399, Recall: 0.9116, F1-Score: 0.9255, AUC: 0.9985, AUPR: 0.9715
No improvement, patience counter: 1/25
Fold 2, Epoch: 77/1000, Batch: 854, Loss: 0.0027
Fold 2, Epoch 77/1000, Average Train Loss: 0.0018, LR: 0.000013
Fold 2, Epoch 77, Current decision threshold: 0.0961
Fold 2, Epoch 77/1000, Validation Loss: 0.0082, Accuracy: 0.9965
Fold 2, Epoch 77/1000, Precision: 0.9495, Recall: 0.9038, F1-Score: 0.9261, AUC: 0.9985, AUPR: 0.9719
No improvement, patience counter: 2/25
Fold 2, Epoch: 78/1000, Batch: 854, Loss: 0.0018
Fold 2, Epoch 78/1000, Average Train Loss: 0.0018, LR: 0.000013
Fold 2, Epoch 78, Current decision threshold: 0.0961
Fold 2, Epoch 78/1000, Validation Loss: 0.0077, Accuracy: 0.9965
Fold 2, Epoch 78/1000, Precision: 0.9423, Recall: 0.9112, F1-Score: 0.9265, AUC: 0.9985, AUPR: 0.9718
No improvement, patience counter: 3/25
Fold 2, Epoch: 79/1000, Batch: 854, Loss: 0.0018
Fold 2, Epoch 79/1000, Average Train Loss: 0.0018, LR: 0.000013
Fold 2, Epoch 79, Current decision threshold: 0.0961
Fold 2, Epoch 79/1000, Validation Loss: 0.0077, Accuracy: 0.9965
Fold 2, Epoch 79/1000, Precision: 0.9427, Recall: 0.9116, F1-Score: 0.9269, AUC: 0.9985, AUPR: 0.9721
New best model saved, F1: 0.9269, AUC: 0.9985, AUPR: 0.9721
Fold 2, Epoch: 80/1000, Batch: 854, Loss: 0.0009
Fold 2, Epoch 80/1000, Average Train Loss: 0.0018, LR: 0.000006
Epoch 80: Optimal threshold updated to = 0.1069
Fold 2, Epoch 80, Current decision threshold: 0.1069
Fold 2, Epoch 80/1000, Validation Loss: 0.0078, Accuracy: 0.9966
Fold 2, Epoch 80/1000, Precision: 0.9509, Recall: 0.9067, F1-Score: 0.9282, AUC: 0.9985, AUPR: 0.9718
New best model saved, F1: 0.9282, AUC: 0.9985, AUPR: 0.9718
Fold 2, Epoch: 81/1000, Batch: 854, Loss: 0.0002
Fold 2, Epoch 81/1000, Average Train Loss: 0.0018, LR: 0.000006
Fold 2, Epoch 81, Current decision threshold: 0.1069
Fold 2, Epoch 81/1000, Validation Loss: 0.0078, Accuracy: 0.9965
Fold 2, Epoch 81/1000, Precision: 0.9500, Recall: 0.9059, F1-Score: 0.9274, AUC: 0.9985, AUPR: 0.9719
No improvement, patience counter: 1/25
Fold 2, Epoch: 82/1000, Batch: 854, Loss: 0.0007
Fold 2, Epoch 82/1000, Average Train Loss: 0.0018, LR: 0.000006
Fold 2, Epoch 82, Current decision threshold: 0.1069
Fold 2, Epoch 82/1000, Validation Loss: 0.0079, Accuracy: 0.9965
Fold 2, Epoch 82/1000, Precision: 0.9510, Recall: 0.9014, F1-Score: 0.9255, AUC: 0.9985, AUPR: 0.9720
No improvement, patience counter: 2/25
Fold 2, Epoch: 83/1000, Batch: 854, Loss: 0.0010
Fold 2, Epoch 83/1000, Average Train Loss: 0.0018, LR: 0.000006
Fold 2, Epoch 83, Current decision threshold: 0.1069
Fold 2, Epoch 83/1000, Validation Loss: 0.0078, Accuracy: 0.9965
Fold 2, Epoch 83/1000, Precision: 0.9507, Recall: 0.9034, F1-Score: 0.9265, AUC: 0.9985, AUPR: 0.9717
No improvement, patience counter: 3/25
Fold 2, Epoch: 84/1000, Batch: 854, Loss: 0.0017
Fold 2, Epoch 84/1000, Average Train Loss: 0.0017, LR: 0.000003
Fold 2, Epoch 84, Current decision threshold: 0.1069
Fold 2, Epoch 84/1000, Validation Loss: 0.0077, Accuracy: 0.9965
Fold 2, Epoch 84/1000, Precision: 0.9496, Recall: 0.9051, F1-Score: 0.9268, AUC: 0.9985, AUPR: 0.9717
No improvement, patience counter: 4/25
Fold 2, Epoch: 85/1000, Batch: 854, Loss: 0.0019
Fold 2, Epoch 85/1000, Average Train Loss: 0.0018, LR: 0.000003
Epoch 85: Optimal threshold updated to = 0.1030
Fold 2, Epoch 85, Current decision threshold: 0.1030
Fold 2, Epoch 85/1000, Validation Loss: 0.0079, Accuracy: 0.9965
Fold 2, Epoch 85/1000, Precision: 0.9496, Recall: 0.9055, F1-Score: 0.9270, AUC: 0.9985, AUPR: 0.9717
No improvement, patience counter: 5/25
Fold 2, Epoch: 86/1000, Batch: 854, Loss: 0.0028
Fold 2, Epoch 86/1000, Average Train Loss: 0.0018, LR: 0.000003
Fold 2, Epoch 86, Current decision threshold: 0.1030
Fold 2, Epoch 86/1000, Validation Loss: 0.0077, Accuracy: 0.9965
Fold 2, Epoch 86/1000, Precision: 0.9465, Recall: 0.9075, F1-Score: 0.9266, AUC: 0.9985, AUPR: 0.9719
No improvement, patience counter: 6/25
Fold 2, Epoch: 87/1000, Batch: 854, Loss: 0.0012
Fold 2, Epoch 87/1000, Average Train Loss: 0.0018, LR: 0.000003
Fold 2, Epoch 87, Current decision threshold: 0.1030
Fold 2, Epoch 87/1000, Validation Loss: 0.0077, Accuracy: 0.9965
Fold 2, Epoch 87/1000, Precision: 0.9449, Recall: 0.9087, F1-Score: 0.9265, AUC: 0.9985, AUPR: 0.9718
No improvement, patience counter: 7/25
Fold 2, Epoch: 88/1000, Batch: 854, Loss: 0.0006
Fold 2, Epoch 88/1000, Average Train Loss: 0.0018, LR: 0.000002
Fold 2, Epoch 88, Current decision threshold: 0.1030
Fold 2, Epoch 88/1000, Validation Loss: 0.0077, Accuracy: 0.9965
Fold 2, Epoch 88/1000, Precision: 0.9465, Recall: 0.9075, F1-Score: 0.9266, AUC: 0.9985, AUPR: 0.9719
No improvement, patience counter: 8/25
Fold 2, Epoch: 89/1000, Batch: 854, Loss: 0.0053
Fold 2, Epoch 89/1000, Average Train Loss: 0.0018, LR: 0.000002
Fold 2, Epoch 89, Current decision threshold: 0.1030
Fold 2, Epoch 89/1000, Validation Loss: 0.0076, Accuracy: 0.9965
Fold 2, Epoch 89/1000, Precision: 0.9453, Recall: 0.9087, F1-Score: 0.9267, AUC: 0.9985, AUPR: 0.9719
No improvement, patience counter: 9/25
Fold 2, Epoch: 90/1000, Batch: 854, Loss: 0.0014
Fold 2, Epoch 90/1000, Average Train Loss: 0.0017, LR: 0.000002
Epoch 90: Optimal threshold updated to = 0.1086
Fold 2, Epoch 90, Current decision threshold: 0.1086
Fold 2, Epoch 90/1000, Validation Loss: 0.0076, Accuracy: 0.9966
Fold 2, Epoch 90/1000, Precision: 0.9489, Recall: 0.9075, F1-Score: 0.9277, AUC: 0.9985, AUPR: 0.9718
No improvement, patience counter: 10/25
Fold 2, Epoch: 91/1000, Batch: 854, Loss: 0.0009
Fold 2, Epoch 91/1000, Average Train Loss: 0.0018, LR: 0.000002
Fold 2, Epoch 91, Current decision threshold: 0.1086
Fold 2, Epoch 91/1000, Validation Loss: 0.0077, Accuracy: 0.9965
Fold 2, Epoch 91/1000, Precision: 0.9488, Recall: 0.9059, F1-Score: 0.9268, AUC: 0.9985, AUPR: 0.9718
No improvement, patience counter: 11/25
Fold 2, Epoch: 92/1000, Batch: 854, Loss: 0.0019
Fold 2, Epoch 92/1000, Average Train Loss: 0.0017, LR: 0.000001
Fold 2, Epoch 92, Current decision threshold: 0.1086
Fold 2, Epoch 92/1000, Validation Loss: 0.0077, Accuracy: 0.9965
Fold 2, Epoch 92/1000, Precision: 0.9480, Recall: 0.9067, F1-Score: 0.9269, AUC: 0.9985, AUPR: 0.9718
No improvement, patience counter: 12/25
Fold 2, Epoch: 93/1000, Batch: 854, Loss: 0.0019
Fold 2, Epoch 93/1000, Average Train Loss: 0.0017, LR: 0.000001
Fold 2, Epoch 93, Current decision threshold: 0.1086
Fold 2, Epoch 93/1000, Validation Loss: 0.0077, Accuracy: 0.9965
Fold 2, Epoch 93/1000, Precision: 0.9492, Recall: 0.9059, F1-Score: 0.9270, AUC: 0.9985, AUPR: 0.9718
No improvement, patience counter: 13/25
Fold 2, Epoch: 94/1000, Batch: 854, Loss: 0.0035
Fold 2, Epoch 94/1000, Average Train Loss: 0.0017, LR: 0.000001
Fold 2, Epoch 94, Current decision threshold: 0.1086
Fold 2, Epoch 94/1000, Validation Loss: 0.0077, Accuracy: 0.9965
Fold 2, Epoch 94/1000, Precision: 0.9488, Recall: 0.9071, F1-Score: 0.9275, AUC: 0.9985, AUPR: 0.9719
No improvement, patience counter: 14/25
Fold 2, Epoch: 95/1000, Batch: 854, Loss: 0.0032
Fold 2, Epoch 95/1000, Average Train Loss: 0.0017, LR: 0.000001
Epoch 95: Optimal threshold updated to = 0.1062
Fold 2, Epoch 95, Current decision threshold: 0.1062
Fold 2, Epoch 95/1000, Validation Loss: 0.0077, Accuracy: 0.9966
Fold 2, Epoch 95/1000, Precision: 0.9485, Recall: 0.9079, F1-Score: 0.9278, AUC: 0.9985, AUPR: 0.9719
New best model saved, F1: 0.9278, AUC: 0.9985, AUPR: 0.9719
Fold 2, Epoch: 96/1000, Batch: 854, Loss: 0.0030
Fold 2, Epoch 96/1000, Average Train Loss: 0.0018, LR: 0.000001
Fold 2, Epoch 96, Current decision threshold: 0.1062
Fold 2, Epoch 96/1000, Validation Loss: 0.0078, Accuracy: 0.9966
Fold 2, Epoch 96/1000, Precision: 0.9496, Recall: 0.9067, F1-Score: 0.9277, AUC: 0.9985, AUPR: 0.9720
New best model saved, F1: 0.9277, AUC: 0.9985, AUPR: 0.9720
Fold 2, Epoch: 97/1000, Batch: 854, Loss: 0.0026
Fold 2, Epoch 97/1000, Average Train Loss: 0.0017, LR: 0.000001
Fold 2, Epoch 97, Current decision threshold: 0.1062
Fold 2, Epoch 97/1000, Validation Loss: 0.0077, Accuracy: 0.9965
Fold 2, Epoch 97/1000, Precision: 0.9488, Recall: 0.9071, F1-Score: 0.9275, AUC: 0.9985, AUPR: 0.9719
No improvement, patience counter: 1/25
Fold 2, Epoch: 98/1000, Batch: 854, Loss: 0.0007
Fold 2, Epoch 98/1000, Average Train Loss: 0.0017, LR: 0.000001
Fold 2, Epoch 98, Current decision threshold: 0.1062
Fold 2, Epoch 98/1000, Validation Loss: 0.0077, Accuracy: 0.9965
Fold 2, Epoch 98/1000, Precision: 0.9488, Recall: 0.9067, F1-Score: 0.9273, AUC: 0.9985, AUPR: 0.9719
No improvement, patience counter: 2/25
Fold 2, Epoch: 99/1000, Batch: 854, Loss: 0.0011
Fold 2, Epoch 99/1000, Average Train Loss: 0.0017, LR: 0.000001
Fold 2, Epoch 99, Current decision threshold: 0.1062
Fold 2, Epoch 99/1000, Validation Loss: 0.0078, Accuracy: 0.9965
Fold 2, Epoch 99/1000, Precision: 0.9496, Recall: 0.9051, F1-Score: 0.9268, AUC: 0.9985, AUPR: 0.9719
No improvement, patience counter: 3/25
Fold 2, Epoch: 100/1000, Batch: 854, Loss: 0.0006
Fold 2, Epoch 100/1000, Average Train Loss: 0.0017, LR: 0.000000
Epoch 100: Optimal threshold updated to = 0.1005
Fold 2, Epoch 100, Current decision threshold: 0.1005
Fold 2, Epoch 100/1000, Validation Loss: 0.0077, Accuracy: 0.9965
Fold 2, Epoch 100/1000, Precision: 0.9465, Recall: 0.9091, F1-Score: 0.9275, AUC: 0.9985, AUPR: 0.9719
No improvement, patience counter: 4/25
Fold 2, Epoch: 101/1000, Batch: 854, Loss: 0.0064
Fold 2, Epoch 101/1000, Average Train Loss: 0.0017, LR: 0.000000
Fold 2, Epoch 101, Current decision threshold: 0.1005
Fold 2, Epoch 101/1000, Validation Loss: 0.0077, Accuracy: 0.9965
Fold 2, Epoch 101/1000, Precision: 0.9458, Recall: 0.9099, F1-Score: 0.9275, AUC: 0.9985, AUPR: 0.9719
No improvement, patience counter: 5/25
Fold 2, Epoch: 102/1000, Batch: 854, Loss: 0.0003
Fold 2, Epoch 102/1000, Average Train Loss: 0.0017, LR: 0.000000
Fold 2, Epoch 102, Current decision threshold: 0.1005
Fold 2, Epoch 102/1000, Validation Loss: 0.0077, Accuracy: 0.9965
Fold 2, Epoch 102/1000, Precision: 0.9458, Recall: 0.9099, F1-Score: 0.9275, AUC: 0.9985, AUPR: 0.9719
No improvement, patience counter: 6/25
Fold 2, Epoch: 103/1000, Batch: 854, Loss: 0.0016
Fold 2, Epoch 103/1000, Average Train Loss: 0.0017, LR: 0.000000
Fold 2, Epoch 103, Current decision threshold: 0.1005
Fold 2, Epoch 103/1000, Validation Loss: 0.0077, Accuracy: 0.9965
Fold 2, Epoch 103/1000, Precision: 0.9458, Recall: 0.9095, F1-Score: 0.9273, AUC: 0.9985, AUPR: 0.9720
No improvement, patience counter: 7/25
Fold 2, Epoch: 104/1000, Batch: 854, Loss: 0.0019
Fold 2, Epoch 104/1000, Average Train Loss: 0.0017, LR: 0.000000
Fold 2, Epoch 104, Current decision threshold: 0.1005
Fold 2, Epoch 104/1000, Validation Loss: 0.0077, Accuracy: 0.9965
Fold 2, Epoch 104/1000, Precision: 0.9465, Recall: 0.9091, F1-Score: 0.9275, AUC: 0.9985, AUPR: 0.9719
No improvement, patience counter: 8/25
Fold 2, Epoch: 105/1000, Batch: 854, Loss: 0.0010
Fold 2, Epoch 105/1000, Average Train Loss: 0.0017, LR: 0.000000
Epoch 105: Optimal threshold updated to = 0.1047
Fold 2, Epoch 105, Current decision threshold: 0.1047
Fold 2, Epoch 105/1000, Validation Loss: 0.0077, Accuracy: 0.9966
Fold 2, Epoch 105/1000, Precision: 0.9489, Recall: 0.9079, F1-Score: 0.9279, AUC: 0.9985, AUPR: 0.9719
New best model saved, F1: 0.9279, AUC: 0.9985, AUPR: 0.9719
Fold 2, Epoch: 106/1000, Batch: 854, Loss: 0.0007
Fold 2, Epoch 106/1000, Average Train Loss: 0.0017, LR: 0.000000
Fold 2, Epoch 106, Current decision threshold: 0.1047
Fold 2, Epoch 106/1000, Validation Loss: 0.0077, Accuracy: 0.9966
Fold 2, Epoch 106/1000, Precision: 0.9493, Recall: 0.9071, F1-Score: 0.9277, AUC: 0.9985, AUPR: 0.9719
No improvement, patience counter: 1/25
Fold 2, Epoch: 107/1000, Batch: 854, Loss: 0.0035
Fold 2, Epoch 107/1000, Average Train Loss: 0.0017, LR: 0.000000
Fold 2, Epoch 107, Current decision threshold: 0.1047
Fold 2, Epoch 107/1000, Validation Loss: 0.0077, Accuracy: 0.9965
Fold 2, Epoch 107/1000, Precision: 0.9488, Recall: 0.9067, F1-Score: 0.9273, AUC: 0.9985, AUPR: 0.9719
No improvement, patience counter: 2/25
Fold 2, Epoch: 108/1000, Batch: 854, Loss: 0.0014
Fold 2, Epoch 108/1000, Average Train Loss: 0.0017, LR: 0.000000
Fold 2, Epoch 108, Current decision threshold: 0.1047
Fold 2, Epoch 108/1000, Validation Loss: 0.0077, Accuracy: 0.9965
Fold 2, Epoch 108/1000, Precision: 0.9488, Recall: 0.9067, F1-Score: 0.9273, AUC: 0.9985, AUPR: 0.9719
No improvement, patience counter: 3/25
Fold 2, Epoch: 109/1000, Batch: 854, Loss: 0.0027
Fold 2, Epoch 109/1000, Average Train Loss: 0.0017, LR: 0.000000
Fold 2, Epoch 109, Current decision threshold: 0.1047
Fold 2, Epoch 109/1000, Validation Loss: 0.0077, Accuracy: 0.9965
Fold 2, Epoch 109/1000, Precision: 0.9488, Recall: 0.9067, F1-Score: 0.9273, AUC: 0.9985, AUPR: 0.9719
No improvement, patience counter: 4/25
Fold 2, Epoch: 110/1000, Batch: 854, Loss: 0.0019
Fold 2, Epoch 110/1000, Average Train Loss: 0.0017, LR: 0.000000
Epoch 110: Optimal threshold updated to = 0.1035
Fold 2, Epoch 110, Current decision threshold: 0.1035
Fold 2, Epoch 110/1000, Validation Loss: 0.0077, Accuracy: 0.9965
Fold 2, Epoch 110/1000, Precision: 0.9488, Recall: 0.9071, F1-Score: 0.9275, AUC: 0.9985, AUPR: 0.9719
No improvement, patience counter: 5/25
Fold 2, Epoch: 111/1000, Batch: 854, Loss: 0.0003
Fold 2, Epoch 111/1000, Average Train Loss: 0.0017, LR: 0.000000
Fold 2, Epoch 111, Current decision threshold: 0.1035
Fold 2, Epoch 111/1000, Validation Loss: 0.0077, Accuracy: 0.9965
Fold 2, Epoch 111/1000, Precision: 0.9481, Recall: 0.9079, F1-Score: 0.9276, AUC: 0.9985, AUPR: 0.9719
No improvement, patience counter: 6/25
Fold 2, Epoch: 112/1000, Batch: 854, Loss: 0.0013
Fold 2, Epoch 112/1000, Average Train Loss: 0.0017, LR: 0.000000
Fold 2, Epoch 112, Current decision threshold: 0.1035
Fold 2, Epoch 112/1000, Validation Loss: 0.0077, Accuracy: 0.9965
Fold 2, Epoch 112/1000, Precision: 0.9481, Recall: 0.9079, F1-Score: 0.9276, AUC: 0.9985, AUPR: 0.9719
No improvement, patience counter: 7/25
Fold 2, Epoch: 113/1000, Batch: 854, Loss: 0.0007
Fold 2, Epoch 113/1000, Average Train Loss: 0.0017, LR: 0.000000
Fold 2, Epoch 113, Current decision threshold: 0.1035
Fold 2, Epoch 113/1000, Validation Loss: 0.0077, Accuracy: 0.9965
Fold 2, Epoch 113/1000, Precision: 0.9481, Recall: 0.9079, F1-Score: 0.9276, AUC: 0.9985, AUPR: 0.9719
No improvement, patience counter: 8/25
Fold 2, Epoch: 114/1000, Batch: 854, Loss: 0.0016
Fold 2, Epoch 114/1000, Average Train Loss: 0.0017, LR: 0.000000
Fold 2, Epoch 114, Current decision threshold: 0.1035
Fold 2, Epoch 114/1000, Validation Loss: 0.0077, Accuracy: 0.9965
Fold 2, Epoch 114/1000, Precision: 0.9481, Recall: 0.9079, F1-Score: 0.9276, AUC: 0.9985, AUPR: 0.9719
No improvement, patience counter: 9/25
Fold 2, Epoch: 115/1000, Batch: 854, Loss: 0.0027
Fold 2, Epoch 115/1000, Average Train Loss: 0.0017, LR: 0.000000
Epoch 115: Optimal threshold updated to = 0.1042
Fold 2, Epoch 115, Current decision threshold: 0.1042
Fold 2, Epoch 115/1000, Validation Loss: 0.0077, Accuracy: 0.9965
Fold 2, Epoch 115/1000, Precision: 0.9488, Recall: 0.9071, F1-Score: 0.9275, AUC: 0.9985, AUPR: 0.9719
No improvement, patience counter: 10/25
Fold 2, Epoch: 116/1000, Batch: 854, Loss: 0.0018
Fold 2, Epoch 116/1000, Average Train Loss: 0.0017, LR: 0.000000
Fold 2, Epoch 116, Current decision threshold: 0.1042
Fold 2, Epoch 116/1000, Validation Loss: 0.0077, Accuracy: 0.9965
Fold 2, Epoch 116/1000, Precision: 0.9488, Recall: 0.9067, F1-Score: 0.9273, AUC: 0.9985, AUPR: 0.9719
No improvement, patience counter: 11/25
Fold 2, Epoch: 117/1000, Batch: 854, Loss: 0.0024
Fold 2, Epoch 117/1000, Average Train Loss: 0.0017, LR: 0.000000
Fold 2, Epoch 117, Current decision threshold: 0.1042
Fold 2, Epoch 117/1000, Validation Loss: 0.0077, Accuracy: 0.9965
Fold 2, Epoch 117/1000, Precision: 0.9488, Recall: 0.9071, F1-Score: 0.9275, AUC: 0.9985, AUPR: 0.9719
No improvement, patience counter: 12/25
Fold 2, Epoch: 118/1000, Batch: 854, Loss: 0.0012
Fold 2, Epoch 118/1000, Average Train Loss: 0.0017, LR: 0.000000
Fold 2, Epoch 118, Current decision threshold: 0.1042
Fold 2, Epoch 118/1000, Validation Loss: 0.0077, Accuracy: 0.9966
Fold 2, Epoch 118/1000, Precision: 0.9489, Recall: 0.9075, F1-Score: 0.9277, AUC: 0.9985, AUPR: 0.9719
No improvement, patience counter: 13/25
Fold 2, Epoch: 119/1000, Batch: 854, Loss: 0.0012
Fold 2, Epoch 119/1000, Average Train Loss: 0.0017, LR: 0.000000
Fold 2, Epoch 119, Current decision threshold: 0.1042
Fold 2, Epoch 119/1000, Validation Loss: 0.0077, Accuracy: 0.9965
Fold 2, Epoch 119/1000, Precision: 0.9485, Recall: 0.9075, F1-Score: 0.9275, AUC: 0.9985, AUPR: 0.9719
No improvement, patience counter: 14/25
Fold 2, Epoch: 120/1000, Batch: 854, Loss: 0.0013
Fold 2, Epoch 120/1000, Average Train Loss: 0.0017, LR: 0.000000
Epoch 120: Optimal threshold updated to = 0.1072
Fold 2, Epoch 120, Current decision threshold: 0.1072
Fold 2, Epoch 120/1000, Validation Loss: 0.0077, Accuracy: 0.9965
Fold 2, Epoch 120/1000, Precision: 0.9496, Recall: 0.9063, F1-Score: 0.9274, AUC: 0.9985, AUPR: 0.9719
No improvement, patience counter: 15/25
Fold 2, Epoch: 121/1000, Batch: 854, Loss: 0.0041
Fold 2, Epoch 121/1000, Average Train Loss: 0.0017, LR: 0.000000
Fold 2, Epoch 121, Current decision threshold: 0.1072
Fold 2, Epoch 121/1000, Validation Loss: 0.0077, Accuracy: 0.9965
Fold 2, Epoch 121/1000, Precision: 0.9496, Recall: 0.9063, F1-Score: 0.9274, AUC: 0.9985, AUPR: 0.9719
No improvement, patience counter: 16/25
Fold 2, Epoch: 122/1000, Batch: 854, Loss: 0.0016
Fold 2, Epoch 122/1000, Average Train Loss: 0.0017, LR: 0.000000
Fold 2, Epoch 122, Current decision threshold: 0.1072
Fold 2, Epoch 122/1000, Validation Loss: 0.0077, Accuracy: 0.9965
Fold 2, Epoch 122/1000, Precision: 0.9496, Recall: 0.9063, F1-Score: 0.9274, AUC: 0.9985, AUPR: 0.9719
No improvement, patience counter: 17/25
Fold 2, Epoch: 123/1000, Batch: 854, Loss: 0.0041
Fold 2, Epoch 123/1000, Average Train Loss: 0.0017, LR: 0.000000
Fold 2, Epoch 123, Current decision threshold: 0.1072
Fold 2, Epoch 123/1000, Validation Loss: 0.0077, Accuracy: 0.9965
Fold 2, Epoch 123/1000, Precision: 0.9496, Recall: 0.9059, F1-Score: 0.9272, AUC: 0.9985, AUPR: 0.9719
No improvement, patience counter: 18/25
Fold 2, Epoch: 124/1000, Batch: 854, Loss: 0.0009
Fold 2, Epoch 124/1000, Average Train Loss: 0.0018, LR: 0.000000
Fold 2, Epoch 124, Current decision threshold: 0.1072
Fold 2, Epoch 124/1000, Validation Loss: 0.0077, Accuracy: 0.9965
Fold 2, Epoch 124/1000, Precision: 0.9496, Recall: 0.9059, F1-Score: 0.9272, AUC: 0.9985, AUPR: 0.9719
No improvement, patience counter: 19/25
Fold 2, Epoch: 125/1000, Batch: 854, Loss: 0.0019
Fold 2, Epoch 125/1000, Average Train Loss: 0.0017, LR: 0.000000
Epoch 125: Optimal threshold updated to = 0.1070
Fold 2, Epoch 125, Current decision threshold: 0.1070
Fold 2, Epoch 125/1000, Validation Loss: 0.0077, Accuracy: 0.9965
Fold 2, Epoch 125/1000, Precision: 0.9496, Recall: 0.9063, F1-Score: 0.9274, AUC: 0.9985, AUPR: 0.9719
No improvement, patience counter: 20/25
Fold 2, Epoch: 126/1000, Batch: 854, Loss: 0.0017
Fold 2, Epoch 126/1000, Average Train Loss: 0.0017, LR: 0.000000
Fold 2, Epoch 126, Current decision threshold: 0.1070
Fold 2, Epoch 126/1000, Validation Loss: 0.0077, Accuracy: 0.9965
Fold 2, Epoch 126/1000, Precision: 0.9496, Recall: 0.9063, F1-Score: 0.9274, AUC: 0.9985, AUPR: 0.9719
No improvement, patience counter: 21/25
Fold 2, Epoch: 127/1000, Batch: 854, Loss: 0.0027
Fold 2, Epoch 127/1000, Average Train Loss: 0.0018, LR: 0.000000
Fold 2, Epoch 127, Current decision threshold: 0.1070
Fold 2, Epoch 127/1000, Validation Loss: 0.0077, Accuracy: 0.9966
Fold 2, Epoch 127/1000, Precision: 0.9496, Recall: 0.9067, F1-Score: 0.9277, AUC: 0.9985, AUPR: 0.9719
No improvement, patience counter: 22/25
Fold 2, Epoch: 128/1000, Batch: 854, Loss: 0.0017
Fold 2, Epoch 128/1000, Average Train Loss: 0.0017, LR: 0.000000
Fold 2, Epoch 128, Current decision threshold: 0.1070
Fold 2, Epoch 128/1000, Validation Loss: 0.0077, Accuracy: 0.9965
Fold 2, Epoch 128/1000, Precision: 0.9496, Recall: 0.9063, F1-Score: 0.9274, AUC: 0.9985, AUPR: 0.9719
No improvement, patience counter: 23/25
Fold 2, Epoch: 129/1000, Batch: 854, Loss: 0.0045
Fold 2, Epoch 129/1000, Average Train Loss: 0.0017, LR: 0.000000
Fold 2, Epoch 129, Current decision threshold: 0.1070
Fold 2, Epoch 129/1000, Validation Loss: 0.0077, Accuracy: 0.9965
Fold 2, Epoch 129/1000, Precision: 0.9496, Recall: 0.9063, F1-Score: 0.9274, AUC: 0.9985, AUPR: 0.9719
No improvement, patience counter: 24/25
Fold 2, Epoch: 130/1000, Batch: 854, Loss: 0.0013
Fold 2, Epoch 130/1000, Average Train Loss: 0.0017, LR: 0.000000
Epoch 130: Optimal threshold updated to = 0.1068
Fold 2, Epoch 130, Current decision threshold: 0.1068
Fold 2, Epoch 130/1000, Validation Loss: 0.0077, Accuracy: 0.9965
Fold 2, Epoch 130/1000, Precision: 0.9496, Recall: 0.9063, F1-Score: 0.9274, AUC: 0.9985, AUPR: 0.9719
No improvement, patience counter: 25/25
Early stopping at epoch 130
Restored best model, F1: 0.9279, AUC: 0.9985, AUPR: 0.9719
Round 3, Fold 2 best model and threshold 0.1068 saved to D:\SPAN\models\span_round_3_fold_2.pkl
Completed fold 2 in 5-folds, Validation Loss: 0.0077, Accuracy: 0.9966
Completed fold 2 in 5-folds, Precision: 0.9489, Recall: 0.9079, F1-Score: 0.9279, AUC: 0.9985, AUPR: 0.9719
Fold 2 test Finished! - 2026-04-05 01:19:21
======================================================================
Final Results Summary
----------------------------------------------------------------------
AUC         AUPR        Acc         F1          Pre         Recall      
0.9985      0.9719      0.9966      0.9279      0.9489      0.9079      
======================================================================
