Logging for round 0, fold 2 configured to file: D:\SPAN\logs\fafa-round_0-fold_2.log - 2026-03-28 21:25:30
========== Round 0 - Fold 2 Training ==========
current_sys_path: D:\SPAN
device = cuda
Global seed initialized to 42 for reproducibility
Using GPU: NVIDIA GeForce RTX 3060 Laptop GPU
Starting fold 2 in 5-folds
Training data - Positive samples: tensor([44930.]), Negative samples: tensor([392091.])
Fold 2, Epoch: 1/1000, Batch: 854, Loss: 0.0252
Fold 2, Epoch 1/1000, Average Train Loss: 0.0313, LR: 0.000200
Fold 2, Epoch 1, Current decision threshold: 0.2000
Fold 2, Epoch 1/1000, Validation Loss: 0.0136, Accuracy: 0.6883
Fold 2, Epoch 1/1000, Precision: 0.0726, Recall: 0.9972, F1-Score: 0.1354, AUC: 0.9595, AUPR: 0.3454
New best model saved, F1: 0.1354, AUC: 0.9595, AUPR: 0.3454
Fold 2, Epoch: 2/1000, Batch: 854, Loss: 0.0138
Fold 2, Epoch 2/1000, Average Train Loss: 0.0172, LR: 0.000200
Fold 2, Epoch 2, Current decision threshold: 0.2000
Fold 2, Epoch 2/1000, Validation Loss: 0.0078, Accuracy: 0.9668
Fold 2, Epoch 2/1000, Precision: 0.4139, Recall: 0.8565, F1-Score: 0.5581, AUC: 0.9844, AUPR: 0.5709
New best model saved, F1: 0.5581, AUC: 0.9844, AUPR: 0.5709
Fold 2, Epoch: 3/1000, Batch: 854, Loss: 0.0127
Fold 2, Epoch 3/1000, Average Train Loss: 0.0129, LR: 0.000200
Fold 2, Epoch 3, Current decision threshold: 0.2000
Fold 2, Epoch 3/1000, Validation Loss: 0.0079, Accuracy: 0.9797
Fold 2, Epoch 3/1000, Precision: 0.5572, Recall: 0.8253, F1-Score: 0.6653, AUC: 0.9901, AUPR: 0.6703
New best model saved, F1: 0.6653, AUC: 0.9901, AUPR: 0.6703
Fold 2, Epoch: 4/1000, Batch: 854, Loss: 0.0137
Fold 2, Epoch 4/1000, Average Train Loss: 0.0111, LR: 0.000200
Fold 2, Epoch 4, Current decision threshold: 0.2000
Fold 2, Epoch 4/1000, Validation Loss: 0.0058, Accuracy: 0.9816
Fold 2, Epoch 4/1000, Precision: 0.5785, Recall: 0.9108, F1-Score: 0.7076, AUC: 0.9936, AUPR: 0.7613
New best model saved, F1: 0.7076, AUC: 0.9936, AUPR: 0.7613
Fold 2, Epoch: 5/1000, Batch: 854, Loss: 0.0059
Fold 2, Epoch 5/1000, Average Train Loss: 0.0100, LR: 0.000200
Epoch 5: Optimal threshold updated to = 0.2594
Fold 2, Epoch 5, Current decision threshold: 0.2594
Fold 2, Epoch 5/1000, Validation Loss: 0.0054, Accuracy: 0.9877
Fold 2, Epoch 5/1000, Precision: 0.7043, Recall: 0.8581, F1-Score: 0.7736, AUC: 0.9953, AUPR: 0.8047
New best model saved, F1: 0.7736, AUC: 0.9953, AUPR: 0.8047
Fold 2, Epoch: 6/1000, Batch: 854, Loss: 0.0044
Fold 2, Epoch 6/1000, Average Train Loss: 0.0091, LR: 0.000200
Fold 2, Epoch 6, Current decision threshold: 0.2594
Fold 2, Epoch 6/1000, Validation Loss: 0.0065, Accuracy: 0.9895
Fold 2, Epoch 6/1000, Precision: 0.7829, Recall: 0.7925, F1-Score: 0.7877, AUC: 0.9958, AUPR: 0.8170
New best model saved, F1: 0.7877, AUC: 0.9958, AUPR: 0.8170
Fold 2, Epoch: 7/1000, Batch: 854, Loss: 0.0060
Fold 2, Epoch 7/1000, Average Train Loss: 0.0085, LR: 0.000200
Fold 2, Epoch 7, Current decision threshold: 0.2594
Fold 2, Epoch 7/1000, Validation Loss: 0.0064, Accuracy: 0.9907
Fold 2, Epoch 7/1000, Precision: 0.8202, Recall: 0.7953, F1-Score: 0.8076, AUC: 0.9966, AUPR: 0.8427
New best model saved, F1: 0.8076, AUC: 0.9966, AUPR: 0.8427
Fold 2, Epoch: 8/1000, Batch: 854, Loss: 0.0057
Fold 2, Epoch 8/1000, Average Train Loss: 0.0079, LR: 0.000200
Fold 2, Epoch 8, Current decision threshold: 0.2594
Fold 2, Epoch 8/1000, Validation Loss: 0.0075, Accuracy: 0.9902
Fold 2, Epoch 8/1000, Precision: 0.8460, Recall: 0.7329, F1-Score: 0.7854, AUC: 0.9969, AUPR: 0.8480
No improvement, patience counter: 1/25
Fold 2, Epoch: 9/1000, Batch: 854, Loss: 0.0056
Fold 2, Epoch 9/1000, Average Train Loss: 0.0075, LR: 0.000200
Fold 2, Epoch 9, Current decision threshold: 0.2594
Fold 2, Epoch 9/1000, Validation Loss: 0.0085, Accuracy: 0.9899
Fold 2, Epoch 9/1000, Precision: 0.8745, Recall: 0.6863, F1-Score: 0.7690, AUC: 0.9970, AUPR: 0.8623
No improvement, patience counter: 2/25
Fold 2, Epoch: 10/1000, Batch: 854, Loss: 0.0057
Fold 2, Epoch 10/1000, Average Train Loss: 0.0071, LR: 0.000200
Epoch 10: Optimal threshold updated to = 0.1653
Fold 2, Epoch 10, Current decision threshold: 0.1653
Fold 2, Epoch 10/1000, Validation Loss: 0.0077, Accuracy: 0.9926
Fold 2, Epoch 10/1000, Precision: 0.8363, Recall: 0.8679, F1-Score: 0.8518, AUC: 0.9974, AUPR: 0.8753
New best model saved, F1: 0.8518, AUC: 0.9974, AUPR: 0.8753
Fold 2, Epoch: 11/1000, Batch: 854, Loss: 0.0108
Fold 2, Epoch 11/1000, Average Train Loss: 0.0067, LR: 0.000200
Fold 2, Epoch 11, Current decision threshold: 0.1653
Fold 2, Epoch 11/1000, Validation Loss: 0.0075, Accuracy: 0.9927
Fold 2, Epoch 11/1000, Precision: 0.8355, Recall: 0.8727, F1-Score: 0.8537, AUC: 0.9974, AUPR: 0.8826
New best model saved, F1: 0.8537, AUC: 0.9974, AUPR: 0.8826
Fold 2, Epoch: 12/1000, Batch: 854, Loss: 0.0050
Fold 2, Epoch 12/1000, Average Train Loss: 0.0064, LR: 0.000200
Fold 2, Epoch 12, Current decision threshold: 0.1653
Fold 2, Epoch 12/1000, Validation Loss: 0.0083, Accuracy: 0.9929
Fold 2, Epoch 12/1000, Precision: 0.8584, Recall: 0.8500, F1-Score: 0.8542, AUC: 0.9976, AUPR: 0.8851
New best model saved, F1: 0.8542, AUC: 0.9976, AUPR: 0.8851
Fold 2, Epoch: 13/1000, Batch: 854, Loss: 0.0037
Fold 2, Epoch 13/1000, Average Train Loss: 0.0063, LR: 0.000200
Fold 2, Epoch 13, Current decision threshold: 0.1653
Fold 2, Epoch 13/1000, Validation Loss: 0.0065, Accuracy: 0.9934
Fold 2, Epoch 13/1000, Precision: 0.8420, Recall: 0.8987, F1-Score: 0.8694, AUC: 0.9977, AUPR: 0.8942
New best model saved, F1: 0.8694, AUC: 0.9977, AUPR: 0.8942
Fold 2, Epoch: 14/1000, Batch: 854, Loss: 0.0062
Fold 2, Epoch 14/1000, Average Train Loss: 0.0060, LR: 0.000200
Fold 2, Epoch 14, Current decision threshold: 0.1653
Fold 2, Epoch 14/1000, Validation Loss: 0.0074, Accuracy: 0.9931
Fold 2, Epoch 14/1000, Precision: 0.8536, Recall: 0.8675, F1-Score: 0.8605, AUC: 0.9978, AUPR: 0.8970
No improvement, patience counter: 1/25
Fold 2, Epoch: 15/1000, Batch: 854, Loss: 0.0060
Fold 2, Epoch 15/1000, Average Train Loss: 0.0057, LR: 0.000200
Epoch 15: Optimal threshold updated to = 0.1277
Fold 2, Epoch 15, Current decision threshold: 0.1277
Fold 2, Epoch 15/1000, Validation Loss: 0.0074, Accuracy: 0.9938
Fold 2, Epoch 15/1000, Precision: 0.8458, Recall: 0.9137, F1-Score: 0.8784, AUC: 0.9980, AUPR: 0.9078
New best model saved, F1: 0.8784, AUC: 0.9980, AUPR: 0.9078
Fold 2, Epoch: 16/1000, Batch: 854, Loss: 0.0066
Fold 2, Epoch 16/1000, Average Train Loss: 0.0055, LR: 0.000200
Fold 2, Epoch 16, Current decision threshold: 0.1277
Fold 2, Epoch 16/1000, Validation Loss: 0.0073, Accuracy: 0.9939
Fold 2, Epoch 16/1000, Precision: 0.8504, Recall: 0.9124, F1-Score: 0.8803, AUC: 0.9980, AUPR: 0.9109
New best model saved, F1: 0.8803, AUC: 0.9980, AUPR: 0.9109
Fold 2, Epoch: 17/1000, Batch: 854, Loss: 0.0082
Fold 2, Epoch 17/1000, Average Train Loss: 0.0054, LR: 0.000200
Fold 2, Epoch 17, Current decision threshold: 0.1277
Fold 2, Epoch 17/1000, Validation Loss: 0.0072, Accuracy: 0.9941
Fold 2, Epoch 17/1000, Precision: 0.8555, Recall: 0.9145, F1-Score: 0.8840, AUC: 0.9980, AUPR: 0.9111
New best model saved, F1: 0.8840, AUC: 0.9980, AUPR: 0.9111
Fold 2, Epoch: 18/1000, Batch: 854, Loss: 0.0072
Fold 2, Epoch 18/1000, Average Train Loss: 0.0052, LR: 0.000200
Fold 2, Epoch 18, Current decision threshold: 0.1277
Fold 2, Epoch 18/1000, Validation Loss: 0.0067, Accuracy: 0.9940
Fold 2, Epoch 18/1000, Precision: 0.8456, Recall: 0.9214, F1-Score: 0.8819, AUC: 0.9980, AUPR: 0.9153
New best model saved, F1: 0.8819, AUC: 0.9980, AUPR: 0.9153
Fold 2, Epoch: 19/1000, Batch: 854, Loss: 0.0033
Fold 2, Epoch 19/1000, Average Train Loss: 0.0051, LR: 0.000200
Fold 2, Epoch 19, Current decision threshold: 0.1277
Fold 2, Epoch 19/1000, Validation Loss: 0.0083, Accuracy: 0.9942
Fold 2, Epoch 19/1000, Precision: 0.8732, Recall: 0.8930, F1-Score: 0.8830, AUC: 0.9979, AUPR: 0.9112
No improvement, patience counter: 1/25
Fold 2, Epoch: 20/1000, Batch: 854, Loss: 0.0050
Fold 2, Epoch 20/1000, Average Train Loss: 0.0049, LR: 0.000200
Epoch 20: Optimal threshold updated to = 0.1295
Fold 2, Epoch 20, Current decision threshold: 0.1295
Fold 2, Epoch 20/1000, Validation Loss: 0.0069, Accuracy: 0.9947
Fold 2, Epoch 20/1000, Precision: 0.8705, Recall: 0.9181, F1-Score: 0.8937, AUC: 0.9982, AUPR: 0.9231
New best model saved, F1: 0.8937, AUC: 0.9982, AUPR: 0.9231
Fold 2, Epoch: 21/1000, Batch: 854, Loss: 0.0026
Fold 2, Epoch 21/1000, Average Train Loss: 0.0048, LR: 0.000200
Fold 2, Epoch 21, Current decision threshold: 0.1295
Fold 2, Epoch 21/1000, Validation Loss: 0.0074, Accuracy: 0.9944
Fold 2, Epoch 21/1000, Precision: 0.8702, Recall: 0.9047, F1-Score: 0.8871, AUC: 0.9980, AUPR: 0.9179
No improvement, patience counter: 1/25
Fold 2, Epoch: 22/1000, Batch: 854, Loss: 0.0077
Fold 2, Epoch 22/1000, Average Train Loss: 0.0047, LR: 0.000200
Fold 2, Epoch 22, Current decision threshold: 0.1295
Fold 2, Epoch 22/1000, Validation Loss: 0.0072, Accuracy: 0.9948
Fold 2, Epoch 22/1000, Precision: 0.8803, Recall: 0.9096, F1-Score: 0.8947, AUC: 0.9983, AUPR: 0.9317
New best model saved, F1: 0.8947, AUC: 0.9983, AUPR: 0.9317
Fold 2, Epoch: 23/1000, Batch: 854, Loss: 0.0034
Fold 2, Epoch 23/1000, Average Train Loss: 0.0046, LR: 0.000200
Fold 2, Epoch 23, Current decision threshold: 0.1295
Fold 2, Epoch 23/1000, Validation Loss: 0.0066, Accuracy: 0.9952
Fold 2, Epoch 23/1000, Precision: 0.8814, Recall: 0.9278, F1-Score: 0.9040, AUC: 0.9983, AUPR: 0.9343
New best model saved, F1: 0.9040, AUC: 0.9983, AUPR: 0.9343
Fold 2, Epoch: 24/1000, Batch: 854, Loss: 0.0043
Fold 2, Epoch 24/1000, Average Train Loss: 0.0045, LR: 0.000200
Fold 2, Epoch 24, Current decision threshold: 0.1295
Fold 2, Epoch 24/1000, Validation Loss: 0.0063, Accuracy: 0.9948
Fold 2, Epoch 24/1000, Precision: 0.8676, Recall: 0.9295, F1-Score: 0.8975, AUC: 0.9983, AUPR: 0.9353
No improvement, patience counter: 1/25
Fold 2, Epoch: 25/1000, Batch: 854, Loss: 0.0040
Fold 2, Epoch 25/1000, Average Train Loss: 0.0044, LR: 0.000200
Epoch 25: Optimal threshold updated to = 0.1313
Fold 2, Epoch 25, Current decision threshold: 0.1313
Fold 2, Epoch 25/1000, Validation Loss: 0.0069, Accuracy: 0.9951
Fold 2, Epoch 25/1000, Precision: 0.8885, Recall: 0.9137, F1-Score: 0.9009, AUC: 0.9983, AUPR: 0.9358
No improvement, patience counter: 2/25
Fold 2, Epoch: 26/1000, Batch: 854, Loss: 0.0032
Fold 2, Epoch 26/1000, Average Train Loss: 0.0043, LR: 0.000200
Fold 2, Epoch 26, Current decision threshold: 0.1313
Fold 2, Epoch 26/1000, Validation Loss: 0.0066, Accuracy: 0.9949
Fold 2, Epoch 26/1000, Precision: 0.8832, Recall: 0.9104, F1-Score: 0.8966, AUC: 0.9984, AUPR: 0.9378
No improvement, patience counter: 3/25
Fold 2, Epoch: 27/1000, Batch: 854, Loss: 0.0020
Fold 2, Epoch 27/1000, Average Train Loss: 0.0043, LR: 0.000200
Fold 2, Epoch 27, Current decision threshold: 0.1313
Fold 2, Epoch 27/1000, Validation Loss: 0.0065, Accuracy: 0.9952
Fold 2, Epoch 27/1000, Precision: 0.8869, Recall: 0.9222, F1-Score: 0.9042, AUC: 0.9984, AUPR: 0.9404
New best model saved, F1: 0.9042, AUC: 0.9984, AUPR: 0.9404
Fold 2, Epoch: 28/1000, Batch: 854, Loss: 0.0020
Fold 2, Epoch 28/1000, Average Train Loss: 0.0042, LR: 0.000200
Fold 2, Epoch 28, Current decision threshold: 0.1313
Fold 2, Epoch 28/1000, Validation Loss: 0.0065, Accuracy: 0.9951
Fold 2, Epoch 28/1000, Precision: 0.8911, Recall: 0.9092, F1-Score: 0.9001, AUC: 0.9984, AUPR: 0.9422
No improvement, patience counter: 1/25
Fold 2, Epoch: 29/1000, Batch: 854, Loss: 0.0036
Fold 2, Epoch 29/1000, Average Train Loss: 0.0041, LR: 0.000200
Fold 2, Epoch 29, Current decision threshold: 0.1313
Fold 2, Epoch 29/1000, Validation Loss: 0.0061, Accuracy: 0.9952
Fold 2, Epoch 29/1000, Precision: 0.8896, Recall: 0.9177, F1-Score: 0.9034, AUC: 0.9985, AUPR: 0.9433
New best model saved, F1: 0.9034, AUC: 0.9985, AUPR: 0.9433
Fold 2, Epoch: 30/1000, Batch: 854, Loss: 0.0037
Fold 2, Epoch 30/1000, Average Train Loss: 0.0040, LR: 0.000200
Epoch 30: Optimal threshold updated to = 0.1059
Fold 2, Epoch 30, Current decision threshold: 0.1059
Fold 2, Epoch 30/1000, Validation Loss: 0.0077, Accuracy: 0.9949
Fold 2, Epoch 30/1000, Precision: 0.8860, Recall: 0.9104, F1-Score: 0.8980, AUC: 0.9983, AUPR: 0.9368
No improvement, patience counter: 1/25
Fold 2, Epoch: 31/1000, Batch: 854, Loss: 0.0059
Fold 2, Epoch 31/1000, Average Train Loss: 0.0040, LR: 0.000200
Fold 2, Epoch 31, Current decision threshold: 0.1059
Fold 2, Epoch 31/1000, Validation Loss: 0.0078, Accuracy: 0.9950
Fold 2, Epoch 31/1000, Precision: 0.8895, Recall: 0.9068, F1-Score: 0.8980, AUC: 0.9984, AUPR: 0.9398
No improvement, patience counter: 2/25
Fold 2, Epoch: 32/1000, Batch: 854, Loss: 0.0025
Fold 2, Epoch 32/1000, Average Train Loss: 0.0038, LR: 0.000200
Fold 2, Epoch 32, Current decision threshold: 0.1059
Fold 2, Epoch 32/1000, Validation Loss: 0.0070, Accuracy: 0.9950
Fold 2, Epoch 32/1000, Precision: 0.8781, Recall: 0.9230, F1-Score: 0.9000, AUC: 0.9983, AUPR: 0.9403
No improvement, patience counter: 3/25
Fold 2, Epoch: 33/1000, Batch: 854, Loss: 0.0091
Fold 2, Epoch 33/1000, Average Train Loss: 0.0038, LR: 0.000200
Fold 2, Epoch 33, Current decision threshold: 0.1059
Fold 2, Epoch 33/1000, Validation Loss: 0.0073, Accuracy: 0.9953
Fold 2, Epoch 33/1000, Precision: 0.8946, Recall: 0.9153, F1-Score: 0.9048, AUC: 0.9983, AUPR: 0.9441
New best model saved, F1: 0.9048, AUC: 0.9983, AUPR: 0.9441
Fold 2, Epoch: 34/1000, Batch: 854, Loss: 0.0029
Fold 2, Epoch 34/1000, Average Train Loss: 0.0037, LR: 0.000200
Fold 2, Epoch 34, Current decision threshold: 0.1059
Fold 2, Epoch 34/1000, Validation Loss: 0.0070, Accuracy: 0.9951
Fold 2, Epoch 34/1000, Precision: 0.8826, Recall: 0.9238, F1-Score: 0.9028, AUC: 0.9984, AUPR: 0.9455
No improvement, patience counter: 1/25
Fold 2, Epoch: 35/1000, Batch: 854, Loss: 0.0037
Fold 2, Epoch 35/1000, Average Train Loss: 0.0037, LR: 0.000200
Epoch 35: Optimal threshold updated to = 0.1157
Fold 2, Epoch 35, Current decision threshold: 0.1157
Fold 2, Epoch 35/1000, Validation Loss: 0.0060, Accuracy: 0.9948
Fold 2, Epoch 35/1000, Precision: 0.8678, Recall: 0.9311, F1-Score: 0.8983, AUC: 0.9984, AUPR: 0.9419
No improvement, patience counter: 2/25
Fold 2, Epoch: 36/1000, Batch: 854, Loss: 0.0026
Fold 2, Epoch 36/1000, Average Train Loss: 0.0036, LR: 0.000200
Fold 2, Epoch 36, Current decision threshold: 0.1157
Fold 2, Epoch 36/1000, Validation Loss: 0.0077, Accuracy: 0.9955
Fold 2, Epoch 36/1000, Precision: 0.9158, Recall: 0.8995, F1-Score: 0.9076, AUC: 0.9985, AUPR: 0.9467
New best model saved, F1: 0.9076, AUC: 0.9985, AUPR: 0.9467
Fold 2, Epoch: 37/1000, Batch: 854, Loss: 0.0032
Fold 2, Epoch 37/1000, Average Train Loss: 0.0035, LR: 0.000200
Fold 2, Epoch 37, Current decision threshold: 0.1157
Fold 2, Epoch 37/1000, Validation Loss: 0.0055, Accuracy: 0.9959
Fold 2, Epoch 37/1000, Precision: 0.8947, Recall: 0.9433, F1-Score: 0.9183, AUC: 0.9986, AUPR: 0.9525
New best model saved, F1: 0.9183, AUC: 0.9986, AUPR: 0.9525
Fold 2, Epoch: 38/1000, Batch: 854, Loss: 0.0013
Fold 2, Epoch 38/1000, Average Train Loss: 0.0035, LR: 0.000200
Fold 2, Epoch 38, Current decision threshold: 0.1157
Fold 2, Epoch 38/1000, Validation Loss: 0.0071, Accuracy: 0.9955
Fold 2, Epoch 38/1000, Precision: 0.9051, Recall: 0.9128, F1-Score: 0.9090, AUC: 0.9984, AUPR: 0.9501
No improvement, patience counter: 1/25
Fold 2, Epoch: 39/1000, Batch: 854, Loss: 0.0020
Fold 2, Epoch 39/1000, Average Train Loss: 0.0035, LR: 0.000200
Fold 2, Epoch 39, Current decision threshold: 0.1157
Fold 2, Epoch 39/1000, Validation Loss: 0.0056, Accuracy: 0.9951
Fold 2, Epoch 39/1000, Precision: 0.8729, Recall: 0.9380, F1-Score: 0.9043, AUC: 0.9984, AUPR: 0.9508
No improvement, patience counter: 2/25
Fold 2, Epoch: 40/1000, Batch: 854, Loss: 0.0033
Fold 2, Epoch 40/1000, Average Train Loss: 0.0034, LR: 0.000200
Epoch 40: Optimal threshold updated to = 0.0831
Fold 2, Epoch 40, Current decision threshold: 0.0831
Fold 2, Epoch 40/1000, Validation Loss: 0.0074, Accuracy: 0.9960
Fold 2, Epoch 40/1000, Precision: 0.9059, Recall: 0.9331, F1-Score: 0.9193, AUC: 0.9986, AUPR: 0.9517
New best model saved, F1: 0.9193, AUC: 0.9986, AUPR: 0.9517
Fold 2, Epoch: 41/1000, Batch: 854, Loss: 0.0046
Fold 2, Epoch 41/1000, Average Train Loss: 0.0034, LR: 0.000200
Fold 2, Epoch 41, Current decision threshold: 0.0831
Fold 2, Epoch 41/1000, Validation Loss: 0.0057, Accuracy: 0.9950
Fold 2, Epoch 41/1000, Precision: 0.8589, Recall: 0.9526, F1-Score: 0.9033, AUC: 0.9983, AUPR: 0.9498
No improvement, patience counter: 1/25
Fold 2, Epoch: 42/1000, Batch: 854, Loss: 0.0027
Fold 2, Epoch 42/1000, Average Train Loss: 0.0028, LR: 0.000100
Fold 2, Epoch 42, Current decision threshold: 0.0831
Fold 2, Epoch 42/1000, Validation Loss: 0.0069, Accuracy: 0.9959
Fold 2, Epoch 42/1000, Precision: 0.8998, Recall: 0.9355, F1-Score: 0.9173, AUC: 0.9985, AUPR: 0.9529
No improvement, patience counter: 2/25
Fold 2, Epoch: 43/1000, Batch: 854, Loss: 0.0013
Fold 2, Epoch 43/1000, Average Train Loss: 0.0028, LR: 0.000100
Fold 2, Epoch 43, Current decision threshold: 0.0831
Fold 2, Epoch 43/1000, Validation Loss: 0.0068, Accuracy: 0.9959
Fold 2, Epoch 43/1000, Precision: 0.8957, Recall: 0.9400, F1-Score: 0.9173, AUC: 0.9986, AUPR: 0.9544
New best model saved, F1: 0.9173, AUC: 0.9986, AUPR: 0.9544
Fold 2, Epoch: 44/1000, Batch: 854, Loss: 0.0014
Fold 2, Epoch 44/1000, Average Train Loss: 0.0027, LR: 0.000100
Fold 2, Epoch 44, Current decision threshold: 0.0831
Fold 2, Epoch 44/1000, Validation Loss: 0.0064, Accuracy: 0.9957
Fold 2, Epoch 44/1000, Precision: 0.8862, Recall: 0.9437, F1-Score: 0.9140, AUC: 0.9985, AUPR: 0.9548
No improvement, patience counter: 1/25
Fold 2, Epoch: 45/1000, Batch: 854, Loss: 0.0026
Fold 2, Epoch 45/1000, Average Train Loss: 0.0027, LR: 0.000100
Epoch 45: Optimal threshold updated to = 0.1046
Fold 2, Epoch 45, Current decision threshold: 0.1046
Fold 2, Epoch 45/1000, Validation Loss: 0.0060, Accuracy: 0.9962
Fold 2, Epoch 45/1000, Precision: 0.9068, Recall: 0.9428, F1-Score: 0.9245, AUC: 0.9986, AUPR: 0.9565
New best model saved, F1: 0.9245, AUC: 0.9986, AUPR: 0.9565
Fold 2, Epoch: 46/1000, Batch: 854, Loss: 0.0012
Fold 2, Epoch 46/1000, Average Train Loss: 0.0027, LR: 0.000100
Fold 2, Epoch 46, Current decision threshold: 0.1046
Fold 2, Epoch 46/1000, Validation Loss: 0.0064, Accuracy: 0.9958
Fold 2, Epoch 46/1000, Precision: 0.9022, Recall: 0.9307, F1-Score: 0.9162, AUC: 0.9985, AUPR: 0.9529
No improvement, patience counter: 1/25
Fold 2, Epoch: 47/1000, Batch: 854, Loss: 0.0026
Fold 2, Epoch 47/1000, Average Train Loss: 0.0027, LR: 0.000100
Fold 2, Epoch 47, Current decision threshold: 0.1046
Fold 2, Epoch 47/1000, Validation Loss: 0.0066, Accuracy: 0.9960
Fold 2, Epoch 47/1000, Precision: 0.9088, Recall: 0.9291, F1-Score: 0.9188, AUC: 0.9985, AUPR: 0.9534
No improvement, patience counter: 2/25
Fold 2, Epoch: 48/1000, Batch: 854, Loss: 0.0016
Fold 2, Epoch 48/1000, Average Train Loss: 0.0026, LR: 0.000100
Fold 2, Epoch 48, Current decision threshold: 0.1046
Fold 2, Epoch 48/1000, Validation Loss: 0.0070, Accuracy: 0.9961
Fold 2, Epoch 48/1000, Precision: 0.9173, Recall: 0.9218, F1-Score: 0.9195, AUC: 0.9986, AUPR: 0.9560
No improvement, patience counter: 3/25
Fold 2, Epoch: 49/1000, Batch: 854, Loss: 0.0039
Fold 2, Epoch 49/1000, Average Train Loss: 0.0025, LR: 0.000100
Fold 2, Epoch 49, Current decision threshold: 0.1046
Fold 2, Epoch 49/1000, Validation Loss: 0.0067, Accuracy: 0.9959
Fold 2, Epoch 49/1000, Precision: 0.9109, Recall: 0.9246, F1-Score: 0.9177, AUC: 0.9985, AUPR: 0.9542
No improvement, patience counter: 4/25
Fold 2, Epoch: 50/1000, Batch: 854, Loss: 0.0027
Fold 2, Epoch 50/1000, Average Train Loss: 0.0023, LR: 0.000050
Epoch 50: Optimal threshold updated to = 0.1017
Fold 2, Epoch 50, Current decision threshold: 0.1017
Fold 2, Epoch 50/1000, Validation Loss: 0.0066, Accuracy: 0.9962
Fold 2, Epoch 50/1000, Precision: 0.9143, Recall: 0.9339, F1-Score: 0.9240, AUC: 0.9986, AUPR: 0.9565
No improvement, patience counter: 5/25
Fold 2, Epoch: 51/1000, Batch: 854, Loss: 0.0038
Fold 2, Epoch 51/1000, Average Train Loss: 0.0023, LR: 0.000050
Fold 2, Epoch 51, Current decision threshold: 0.1017
Fold 2, Epoch 51/1000, Validation Loss: 0.0070, Accuracy: 0.9962
Fold 2, Epoch 51/1000, Precision: 0.9232, Recall: 0.9214, F1-Score: 0.9223, AUC: 0.9987, AUPR: 0.9585
No improvement, patience counter: 6/25
Fold 2, Epoch: 52/1000, Batch: 854, Loss: 0.0019
Fold 2, Epoch 52/1000, Average Train Loss: 0.0023, LR: 0.000050
Fold 2, Epoch 52, Current decision threshold: 0.1017
Fold 2, Epoch 52/1000, Validation Loss: 0.0070, Accuracy: 0.9960
Fold 2, Epoch 52/1000, Precision: 0.9196, Recall: 0.9185, F1-Score: 0.9191, AUC: 0.9987, AUPR: 0.9571
No improvement, patience counter: 7/25
Fold 2, Epoch: 53/1000, Batch: 854, Loss: 0.0035
Fold 2, Epoch 53/1000, Average Train Loss: 0.0022, LR: 0.000050
Fold 2, Epoch 53, Current decision threshold: 0.1017
Fold 2, Epoch 53/1000, Validation Loss: 0.0071, Accuracy: 0.9961
Fold 2, Epoch 53/1000, Precision: 0.9173, Recall: 0.9218, F1-Score: 0.9195, AUC: 0.9986, AUPR: 0.9576
No improvement, patience counter: 8/25
Fold 2, Epoch: 54/1000, Batch: 854, Loss: 0.0020
Fold 2, Epoch 54/1000, Average Train Loss: 0.0022, LR: 0.000050
Fold 2, Epoch 54, Current decision threshold: 0.1017
Fold 2, Epoch 54/1000, Validation Loss: 0.0074, Accuracy: 0.9962
Fold 2, Epoch 54/1000, Precision: 0.9283, Recall: 0.9133, F1-Score: 0.9207, AUC: 0.9987, AUPR: 0.9587
No improvement, patience counter: 9/25
Fold 2, Epoch: 55/1000, Batch: 854, Loss: 0.0014
Fold 2, Epoch 55/1000, Average Train Loss: 0.0022, LR: 0.000050
Epoch 55: Optimal threshold updated to = 0.0947
Fold 2, Epoch 55, Current decision threshold: 0.0947
Fold 2, Epoch 55/1000, Validation Loss: 0.0073, Accuracy: 0.9962
Fold 2, Epoch 55/1000, Precision: 0.9219, Recall: 0.9230, F1-Score: 0.9224, AUC: 0.9986, AUPR: 0.9573
No improvement, patience counter: 10/25
Fold 2, Epoch: 56/1000, Batch: 854, Loss: 0.0036
Fold 2, Epoch 56/1000, Average Train Loss: 0.0021, LR: 0.000025
Fold 2, Epoch 56, Current decision threshold: 0.0947
Fold 2, Epoch 56/1000, Validation Loss: 0.0067, Accuracy: 0.9964
Fold 2, Epoch 56/1000, Precision: 0.9222, Recall: 0.9315, F1-Score: 0.9268, AUC: 0.9987, AUPR: 0.9600
New best model saved, F1: 0.9268, AUC: 0.9987, AUPR: 0.9600
Fold 2, Epoch: 57/1000, Batch: 854, Loss: 0.0010
Fold 2, Epoch 57/1000, Average Train Loss: 0.0020, LR: 0.000025
Fold 2, Epoch 57, Current decision threshold: 0.0947
Fold 2, Epoch 57/1000, Validation Loss: 0.0079, Accuracy: 0.9962
Fold 2, Epoch 57/1000, Precision: 0.9320, Recall: 0.9104, F1-Score: 0.9211, AUC: 0.9987, AUPR: 0.9591
No improvement, patience counter: 1/25
Fold 2, Epoch: 58/1000, Batch: 854, Loss: 0.0013
Fold 2, Epoch 58/1000, Average Train Loss: 0.0020, LR: 0.000025
Fold 2, Epoch 58, Current decision threshold: 0.0947
Fold 2, Epoch 58/1000, Validation Loss: 0.0069, Accuracy: 0.9962
Fold 2, Epoch 58/1000, Precision: 0.9185, Recall: 0.9274, F1-Score: 0.9230, AUC: 0.9986, AUPR: 0.9594
No improvement, patience counter: 2/25
Fold 2, Epoch: 59/1000, Batch: 854, Loss: 0.0035
Fold 2, Epoch 59/1000, Average Train Loss: 0.0020, LR: 0.000025
Fold 2, Epoch 59, Current decision threshold: 0.0947
Fold 2, Epoch 59/1000, Validation Loss: 0.0075, Accuracy: 0.9964
Fold 2, Epoch 59/1000, Precision: 0.9292, Recall: 0.9210, F1-Score: 0.9251, AUC: 0.9987, AUPR: 0.9601
No improvement, patience counter: 3/25
Fold 2, Epoch: 60/1000, Batch: 854, Loss: 0.0010
Fold 2, Epoch 60/1000, Average Train Loss: 0.0020, LR: 0.000025
Epoch 60: Optimal threshold updated to = 0.0963
Fold 2, Epoch 60, Current decision threshold: 0.0963
Fold 2, Epoch 60/1000, Validation Loss: 0.0073, Accuracy: 0.9963
Fold 2, Epoch 60/1000, Precision: 0.9275, Recall: 0.9226, F1-Score: 0.9250, AUC: 0.9987, AUPR: 0.9599
No improvement, patience counter: 4/25
Fold 2, Epoch: 61/1000, Batch: 854, Loss: 0.0032
Fold 2, Epoch 61/1000, Average Train Loss: 0.0019, LR: 0.000013
Fold 2, Epoch 61, Current decision threshold: 0.0963
Fold 2, Epoch 61/1000, Validation Loss: 0.0071, Accuracy: 0.9963
Fold 2, Epoch 61/1000, Precision: 0.9263, Recall: 0.9218, F1-Score: 0.9240, AUC: 0.9987, AUPR: 0.9600
No improvement, patience counter: 5/25
Fold 2, Epoch: 62/1000, Batch: 854, Loss: 0.0034
Fold 2, Epoch 62/1000, Average Train Loss: 0.0019, LR: 0.000013
Fold 2, Epoch 62, Current decision threshold: 0.0963
Fold 2, Epoch 62/1000, Validation Loss: 0.0078, Accuracy: 0.9963
Fold 2, Epoch 62/1000, Precision: 0.9370, Recall: 0.9108, F1-Score: 0.9237, AUC: 0.9987, AUPR: 0.9608
No improvement, patience counter: 6/25
Fold 2, Epoch: 63/1000, Batch: 854, Loss: 0.0049
Fold 2, Epoch 63/1000, Average Train Loss: 0.0019, LR: 0.000013
Fold 2, Epoch 63, Current decision threshold: 0.0963
Fold 2, Epoch 63/1000, Validation Loss: 0.0066, Accuracy: 0.9963
Fold 2, Epoch 63/1000, Precision: 0.9208, Recall: 0.9283, F1-Score: 0.9245, AUC: 0.9987, AUPR: 0.9614
No improvement, patience counter: 7/25
Fold 2, Epoch: 64/1000, Batch: 854, Loss: 0.0008
Fold 2, Epoch 64/1000, Average Train Loss: 0.0019, LR: 0.000013
Fold 2, Epoch 64, Current decision threshold: 0.0963
Fold 2, Epoch 64/1000, Validation Loss: 0.0071, Accuracy: 0.9963
Fold 2, Epoch 64/1000, Precision: 0.9263, Recall: 0.9218, F1-Score: 0.9240, AUC: 0.9987, AUPR: 0.9612
No improvement, patience counter: 8/25
Fold 2, Epoch: 65/1000, Batch: 854, Loss: 0.0013
Fold 2, Epoch 65/1000, Average Train Loss: 0.0019, LR: 0.000013
Epoch 65: Optimal threshold updated to = 0.0995
Fold 2, Epoch 65, Current decision threshold: 0.0995
Fold 2, Epoch 65/1000, Validation Loss: 0.0069, Accuracy: 0.9964
Fold 2, Epoch 65/1000, Precision: 0.9272, Recall: 0.9238, F1-Score: 0.9255, AUC: 0.9987, AUPR: 0.9611
No improvement, patience counter: 9/25
Fold 2, Epoch: 66/1000, Batch: 854, Loss: 0.0010
Fold 2, Epoch 66/1000, Average Train Loss: 0.0019, LR: 0.000013
Fold 2, Epoch 66, Current decision threshold: 0.0995
Fold 2, Epoch 66/1000, Validation Loss: 0.0069, Accuracy: 0.9963
Fold 2, Epoch 66/1000, Precision: 0.9239, Recall: 0.9246, F1-Score: 0.9242, AUC: 0.9987, AUPR: 0.9600
No improvement, patience counter: 10/25
Fold 2, Epoch: 67/1000, Batch: 854, Loss: 0.0034
Fold 2, Epoch 67/1000, Average Train Loss: 0.0019, LR: 0.000013
Fold 2, Epoch 67, Current decision threshold: 0.0995
Fold 2, Epoch 67/1000, Validation Loss: 0.0070, Accuracy: 0.9963
Fold 2, Epoch 67/1000, Precision: 0.9288, Recall: 0.9206, F1-Score: 0.9247, AUC: 0.9987, AUPR: 0.9611
No improvement, patience counter: 11/25
Fold 2, Epoch: 68/1000, Batch: 854, Loss: 0.0017
Fold 2, Epoch 68/1000, Average Train Loss: 0.0019, LR: 0.000006
Fold 2, Epoch 68, Current decision threshold: 0.0995
Fold 2, Epoch 68/1000, Validation Loss: 0.0070, Accuracy: 0.9963
Fold 2, Epoch 68/1000, Precision: 0.9267, Recall: 0.9218, F1-Score: 0.9242, AUC: 0.9987, AUPR: 0.9609
No improvement, patience counter: 12/25
Fold 2, Epoch: 69/1000, Batch: 854, Loss: 0.0018
Fold 2, Epoch 69/1000, Average Train Loss: 0.0019, LR: 0.000006
Fold 2, Epoch 69, Current decision threshold: 0.0995
Fold 2, Epoch 69/1000, Validation Loss: 0.0070, Accuracy: 0.9963
Fold 2, Epoch 69/1000, Precision: 0.9255, Recall: 0.9218, F1-Score: 0.9236, AUC: 0.9987, AUPR: 0.9608
No improvement, patience counter: 13/25
Fold 2, Epoch: 70/1000, Batch: 854, Loss: 0.0035
Fold 2, Epoch 70/1000, Average Train Loss: 0.0019, LR: 0.000006
Epoch 70: Optimal threshold updated to = 0.0704
Fold 2, Epoch 70, Current decision threshold: 0.0704
Fold 2, Epoch 70/1000, Validation Loss: 0.0073, Accuracy: 0.9963
Fold 2, Epoch 70/1000, Precision: 0.9138, Recall: 0.9364, F1-Score: 0.9249, AUC: 0.9987, AUPR: 0.9612
No improvement, patience counter: 14/25
Fold 2, Epoch: 71/1000, Batch: 854, Loss: 0.0018
Fold 2, Epoch 71/1000, Average Train Loss: 0.0018, LR: 0.000006
Fold 2, Epoch 71, Current decision threshold: 0.0704
Fold 2, Epoch 71/1000, Validation Loss: 0.0070, Accuracy: 0.9963
Fold 2, Epoch 71/1000, Precision: 0.9122, Recall: 0.9388, F1-Score: 0.9253, AUC: 0.9987, AUPR: 0.9612
No improvement, patience counter: 15/25
Fold 2, Epoch: 72/1000, Batch: 854, Loss: 0.0020
Fold 2, Epoch 72/1000, Average Train Loss: 0.0019, LR: 0.000003
Fold 2, Epoch 72, Current decision threshold: 0.0704
Fold 2, Epoch 72/1000, Validation Loss: 0.0071, Accuracy: 0.9963
Fold 2, Epoch 72/1000, Precision: 0.9128, Recall: 0.9380, F1-Score: 0.9252, AUC: 0.9987, AUPR: 0.9610
No improvement, patience counter: 16/25
Fold 2, Epoch: 73/1000, Batch: 854, Loss: 0.0006
Fold 2, Epoch 73/1000, Average Train Loss: 0.0018, LR: 0.000003
Fold 2, Epoch 73, Current decision threshold: 0.0704
Fold 2, Epoch 73/1000, Validation Loss: 0.0073, Accuracy: 0.9963
Fold 2, Epoch 73/1000, Precision: 0.9144, Recall: 0.9351, F1-Score: 0.9246, AUC: 0.9987, AUPR: 0.9610
No improvement, patience counter: 17/25
Fold 2, Epoch: 74/1000, Batch: 854, Loss: 0.0010
Fold 2, Epoch 74/1000, Average Train Loss: 0.0018, LR: 0.000003
Fold 2, Epoch 74, Current decision threshold: 0.0704
Fold 2, Epoch 74/1000, Validation Loss: 0.0073, Accuracy: 0.9963
Fold 2, Epoch 74/1000, Precision: 0.9151, Recall: 0.9347, F1-Score: 0.9248, AUC: 0.9987, AUPR: 0.9610
No improvement, patience counter: 18/25
Fold 2, Epoch: 75/1000, Batch: 854, Loss: 0.0005
Fold 2, Epoch 75/1000, Average Train Loss: 0.0018, LR: 0.000003
Epoch 75: Optimal threshold updated to = 0.0929
Fold 2, Epoch 75, Current decision threshold: 0.0929
Fold 2, Epoch 75/1000, Validation Loss: 0.0071, Accuracy: 0.9964
Fold 2, Epoch 75/1000, Precision: 0.9261, Recall: 0.9250, F1-Score: 0.9256, AUC: 0.9987, AUPR: 0.9613
New best model saved, F1: 0.9256, AUC: 0.9987, AUPR: 0.9613
Fold 2, Epoch: 76/1000, Batch: 854, Loss: 0.0022
Fold 2, Epoch 76/1000, Average Train Loss: 0.0018, LR: 0.000003
Fold 2, Epoch 76, Current decision threshold: 0.0929
Fold 2, Epoch 76/1000, Validation Loss: 0.0072, Accuracy: 0.9963
Fold 2, Epoch 76/1000, Precision: 0.9260, Recall: 0.9226, F1-Score: 0.9243, AUC: 0.9987, AUPR: 0.9613
No improvement, patience counter: 1/25
Fold 2, Epoch: 77/1000, Batch: 854, Loss: 0.0027
Fold 2, Epoch 77/1000, Average Train Loss: 0.0018, LR: 0.000003
Fold 2, Epoch 77, Current decision threshold: 0.0929
Fold 2, Epoch 77/1000, Validation Loss: 0.0073, Accuracy: 0.9964
Fold 2, Epoch 77/1000, Precision: 0.9271, Recall: 0.9234, F1-Score: 0.9253, AUC: 0.9987, AUPR: 0.9612
No improvement, patience counter: 2/25
Fold 2, Epoch: 78/1000, Batch: 854, Loss: 0.0016
Fold 2, Epoch 78/1000, Average Train Loss: 0.0018, LR: 0.000003
Fold 2, Epoch 78, Current decision threshold: 0.0929
Fold 2, Epoch 78/1000, Validation Loss: 0.0071, Accuracy: 0.9963
Fold 2, Epoch 78/1000, Precision: 0.9243, Recall: 0.9250, F1-Score: 0.9246, AUC: 0.9987, AUPR: 0.9610
No improvement, patience counter: 3/25
Fold 2, Epoch: 79/1000, Batch: 854, Loss: 0.0035
Fold 2, Epoch 79/1000, Average Train Loss: 0.0018, LR: 0.000003
Fold 2, Epoch 79, Current decision threshold: 0.0929
Fold 2, Epoch 79/1000, Validation Loss: 0.0073, Accuracy: 0.9963
Fold 2, Epoch 79/1000, Precision: 0.9267, Recall: 0.9226, F1-Score: 0.9246, AUC: 0.9987, AUPR: 0.9613
No improvement, patience counter: 4/25
Fold 2, Epoch: 80/1000, Batch: 854, Loss: 0.0036
Fold 2, Epoch 80/1000, Average Train Loss: 0.0019, LR: 0.000002
Epoch 80: Optimal threshold updated to = 0.0833
Fold 2, Epoch 80, Current decision threshold: 0.0833
Fold 2, Epoch 80/1000, Validation Loss: 0.0072, Accuracy: 0.9964
Fold 2, Epoch 80/1000, Precision: 0.9224, Recall: 0.9295, F1-Score: 0.9259, AUC: 0.9987, AUPR: 0.9613
New best model saved, F1: 0.9259, AUC: 0.9987, AUPR: 0.9613
Fold 2, Epoch: 81/1000, Batch: 854, Loss: 0.0008
Fold 2, Epoch 81/1000, Average Train Loss: 0.0018, LR: 0.000002
Fold 2, Epoch 81, Current decision threshold: 0.0833
Fold 2, Epoch 81/1000, Validation Loss: 0.0072, Accuracy: 0.9963
Fold 2, Epoch 81/1000, Precision: 0.9215, Recall: 0.9283, F1-Score: 0.9249, AUC: 0.9987, AUPR: 0.9612
No improvement, patience counter: 1/25
Fold 2, Epoch: 82/1000, Batch: 854, Loss: 0.0044
Fold 2, Epoch 82/1000, Average Train Loss: 0.0018, LR: 0.000002
Fold 2, Epoch 82, Current decision threshold: 0.0833
Fold 2, Epoch 82/1000, Validation Loss: 0.0071, Accuracy: 0.9963
Fold 2, Epoch 82/1000, Precision: 0.9198, Recall: 0.9299, F1-Score: 0.9248, AUC: 0.9987, AUPR: 0.9612
No improvement, patience counter: 2/25
Fold 2, Epoch: 83/1000, Batch: 854, Loss: 0.0012
Fold 2, Epoch 83/1000, Average Train Loss: 0.0018, LR: 0.000002
Fold 2, Epoch 83, Current decision threshold: 0.0833
Fold 2, Epoch 83/1000, Validation Loss: 0.0071, Accuracy: 0.9963
Fold 2, Epoch 83/1000, Precision: 0.9188, Recall: 0.9311, F1-Score: 0.9249, AUC: 0.9987, AUPR: 0.9614
No improvement, patience counter: 3/25
Fold 2, Epoch: 84/1000, Batch: 854, Loss: 0.0045
Fold 2, Epoch 84/1000, Average Train Loss: 0.0018, LR: 0.000001
Fold 2, Epoch 84, Current decision threshold: 0.0833
Fold 2, Epoch 84/1000, Validation Loss: 0.0072, Accuracy: 0.9963
Fold 2, Epoch 84/1000, Precision: 0.9212, Recall: 0.9283, F1-Score: 0.9247, AUC: 0.9987, AUPR: 0.9613
No improvement, patience counter: 4/25
Fold 2, Epoch: 85/1000, Batch: 854, Loss: 0.0015
Fold 2, Epoch 85/1000, Average Train Loss: 0.0018, LR: 0.000001
Epoch 85: Optimal threshold updated to = 0.0777
Fold 2, Epoch 85, Current decision threshold: 0.0777
Fold 2, Epoch 85/1000, Validation Loss: 0.0072, Accuracy: 0.9963
Fold 2, Epoch 85/1000, Precision: 0.9186, Recall: 0.9331, F1-Score: 0.9258, AUC: 0.9987, AUPR: 0.9614
New best model saved, F1: 0.9258, AUC: 0.9987, AUPR: 0.9614
Fold 2, Epoch: 86/1000, Batch: 854, Loss: 0.0013
Fold 2, Epoch 86/1000, Average Train Loss: 0.0018, LR: 0.000001
Fold 2, Epoch 86, Current decision threshold: 0.0777
Fold 2, Epoch 86/1000, Validation Loss: 0.0071, Accuracy: 0.9963
Fold 2, Epoch 86/1000, Precision: 0.9168, Recall: 0.9331, F1-Score: 0.9249, AUC: 0.9987, AUPR: 0.9614
No improvement, patience counter: 1/25
Fold 2, Epoch: 87/1000, Batch: 854, Loss: 0.0020
Fold 2, Epoch 87/1000, Average Train Loss: 0.0018, LR: 0.000001
Fold 2, Epoch 87, Current decision threshold: 0.0777
Fold 2, Epoch 87/1000, Validation Loss: 0.0072, Accuracy: 0.9963
Fold 2, Epoch 87/1000, Precision: 0.9179, Recall: 0.9335, F1-Score: 0.9256, AUC: 0.9987, AUPR: 0.9615
No improvement, patience counter: 2/25
Fold 2, Epoch: 88/1000, Batch: 854, Loss: 0.0021
Fold 2, Epoch 88/1000, Average Train Loss: 0.0018, LR: 0.000001
Fold 2, Epoch 88, Current decision threshold: 0.0777
Fold 2, Epoch 88/1000, Validation Loss: 0.0070, Accuracy: 0.9963
Fold 2, Epoch 88/1000, Precision: 0.9165, Recall: 0.9343, F1-Score: 0.9253, AUC: 0.9987, AUPR: 0.9615
No improvement, patience counter: 3/25
Fold 2, Epoch: 89/1000, Batch: 854, Loss: 0.0009
Fold 2, Epoch 89/1000, Average Train Loss: 0.0018, LR: 0.000001
Fold 2, Epoch 89, Current decision threshold: 0.0777
Fold 2, Epoch 89/1000, Validation Loss: 0.0072, Accuracy: 0.9963
Fold 2, Epoch 89/1000, Precision: 0.9182, Recall: 0.9327, F1-Score: 0.9254, AUC: 0.9987, AUPR: 0.9615
No improvement, patience counter: 4/25
Fold 2, Epoch: 90/1000, Batch: 854, Loss: 0.0039
Fold 2, Epoch 90/1000, Average Train Loss: 0.0018, LR: 0.000000
Epoch 90: Optimal threshold updated to = 0.0920
Fold 2, Epoch 90, Current decision threshold: 0.0920
Fold 2, Epoch 90/1000, Validation Loss: 0.0071, Accuracy: 0.9964
Fold 2, Epoch 90/1000, Precision: 0.9254, Recall: 0.9254, F1-Score: 0.9254, AUC: 0.9987, AUPR: 0.9615
No improvement, patience counter: 5/25
Fold 2, Epoch: 91/1000, Batch: 854, Loss: 0.0011
Fold 2, Epoch 91/1000, Average Train Loss: 0.0018, LR: 0.000000
Fold 2, Epoch 91, Current decision threshold: 0.0920
Fold 2, Epoch 91/1000, Validation Loss: 0.0071, Accuracy: 0.9964
Fold 2, Epoch 91/1000, Precision: 0.9258, Recall: 0.9250, F1-Score: 0.9254, AUC: 0.9987, AUPR: 0.9615
No improvement, patience counter: 6/25
Fold 2, Epoch: 92/1000, Batch: 854, Loss: 0.0014
Fold 2, Epoch 92/1000, Average Train Loss: 0.0018, LR: 0.000000
Fold 2, Epoch 92, Current decision threshold: 0.0920
Fold 2, Epoch 92/1000, Validation Loss: 0.0071, Accuracy: 0.9964
Fold 2, Epoch 92/1000, Precision: 0.9258, Recall: 0.9254, F1-Score: 0.9256, AUC: 0.9987, AUPR: 0.9615
No improvement, patience counter: 7/25
Fold 2, Epoch: 93/1000, Batch: 854, Loss: 0.0003
Fold 2, Epoch 93/1000, Average Train Loss: 0.0018, LR: 0.000000
Fold 2, Epoch 93, Current decision threshold: 0.0920
Fold 2, Epoch 93/1000, Validation Loss: 0.0071, Accuracy: 0.9964
Fold 2, Epoch 93/1000, Precision: 0.9254, Recall: 0.9258, F1-Score: 0.9256, AUC: 0.9987, AUPR: 0.9616
No improvement, patience counter: 8/25
Fold 2, Epoch: 94/1000, Batch: 854, Loss: 0.0008
Fold 2, Epoch 94/1000, Average Train Loss: 0.0018, LR: 0.000000
Fold 2, Epoch 94, Current decision threshold: 0.0920
Fold 2, Epoch 94/1000, Validation Loss: 0.0071, Accuracy: 0.9964
Fold 2, Epoch 94/1000, Precision: 0.9251, Recall: 0.9258, F1-Score: 0.9254, AUC: 0.9987, AUPR: 0.9616
No improvement, patience counter: 9/25
Fold 2, Epoch: 95/1000, Batch: 854, Loss: 0.0015
Fold 2, Epoch 95/1000, Average Train Loss: 0.0018, LR: 0.000000
Epoch 95: Optimal threshold updated to = 0.0808
Fold 2, Epoch 95, Current decision threshold: 0.0808
Fold 2, Epoch 95/1000, Validation Loss: 0.0071, Accuracy: 0.9964
Fold 2, Epoch 95/1000, Precision: 0.9193, Recall: 0.9327, F1-Score: 0.9260, AUC: 0.9987, AUPR: 0.9616
New best model saved, F1: 0.9260, AUC: 0.9987, AUPR: 0.9616
Fold 2, Epoch: 96/1000, Batch: 854, Loss: 0.0013
Fold 2, Epoch 96/1000, Average Train Loss: 0.0018, LR: 0.000000
Fold 2, Epoch 96, Current decision threshold: 0.0808
Fold 2, Epoch 96/1000, Validation Loss: 0.0071, Accuracy: 0.9963
Fold 2, Epoch 96/1000, Precision: 0.9192, Recall: 0.9319, F1-Score: 0.9255, AUC: 0.9987, AUPR: 0.9616
No improvement, patience counter: 1/25
Fold 2, Epoch: 97/1000, Batch: 854, Loss: 0.0064
Fold 2, Epoch 97/1000, Average Train Loss: 0.0018, LR: 0.000000
Fold 2, Epoch 97, Current decision threshold: 0.0808
Fold 2, Epoch 97/1000, Validation Loss: 0.0071, Accuracy: 0.9963
Fold 2, Epoch 97/1000, Precision: 0.9195, Recall: 0.9307, F1-Score: 0.9251, AUC: 0.9987, AUPR: 0.9615
No improvement, patience counter: 2/25
Fold 2, Epoch: 98/1000, Batch: 854, Loss: 0.0014
Fold 2, Epoch 98/1000, Average Train Loss: 0.0018, LR: 0.000000
Fold 2, Epoch 98, Current decision threshold: 0.0808
Fold 2, Epoch 98/1000, Validation Loss: 0.0072, Accuracy: 0.9963
Fold 2, Epoch 98/1000, Precision: 0.9194, Recall: 0.9299, F1-Score: 0.9246, AUC: 0.9987, AUPR: 0.9615
No improvement, patience counter: 3/25
Fold 2, Epoch: 99/1000, Batch: 854, Loss: 0.0014
Fold 2, Epoch 99/1000, Average Train Loss: 0.0018, LR: 0.000000
Fold 2, Epoch 99, Current decision threshold: 0.0808
Fold 2, Epoch 99/1000, Validation Loss: 0.0072, Accuracy: 0.9963
Fold 2, Epoch 99/1000, Precision: 0.9194, Recall: 0.9299, F1-Score: 0.9246, AUC: 0.9987, AUPR: 0.9615
No improvement, patience counter: 4/25
Fold 2, Epoch: 100/1000, Batch: 854, Loss: 0.0008
Fold 2, Epoch 100/1000, Average Train Loss: 0.0018, LR: 0.000000
Epoch 100: Optimal threshold updated to = 0.0790
Fold 2, Epoch 100, Current decision threshold: 0.0790
Fold 2, Epoch 100/1000, Validation Loss: 0.0071, Accuracy: 0.9963
Fold 2, Epoch 100/1000, Precision: 0.9186, Recall: 0.9331, F1-Score: 0.9258, AUC: 0.9987, AUPR: 0.9615
No improvement, patience counter: 5/25
Fold 2, Epoch: 101/1000, Batch: 854, Loss: 0.0033
Fold 2, Epoch 101/1000, Average Train Loss: 0.0018, LR: 0.000000
Fold 2, Epoch 101, Current decision threshold: 0.0790
Fold 2, Epoch 101/1000, Validation Loss: 0.0071, Accuracy: 0.9964
Fold 2, Epoch 101/1000, Precision: 0.9186, Recall: 0.9335, F1-Score: 0.9260, AUC: 0.9987, AUPR: 0.9615
New best model saved, F1: 0.9260, AUC: 0.9987, AUPR: 0.9615
Fold 2, Epoch: 102/1000, Batch: 854, Loss: 0.0015
Fold 2, Epoch 102/1000, Average Train Loss: 0.0018, LR: 0.000000
Fold 2, Epoch 102, Current decision threshold: 0.0790
Fold 2, Epoch 102/1000, Validation Loss: 0.0071, Accuracy: 0.9964
Fold 2, Epoch 102/1000, Precision: 0.9186, Recall: 0.9335, F1-Score: 0.9260, AUC: 0.9987, AUPR: 0.9615
New best model saved, F1: 0.9260, AUC: 0.9987, AUPR: 0.9615
Fold 2, Epoch: 103/1000, Batch: 854, Loss: 0.0017
Fold 2, Epoch 103/1000, Average Train Loss: 0.0018, LR: 0.000000
Fold 2, Epoch 103, Current decision threshold: 0.0790
Fold 2, Epoch 103/1000, Validation Loss: 0.0071, Accuracy: 0.9963
Fold 2, Epoch 103/1000, Precision: 0.9183, Recall: 0.9335, F1-Score: 0.9258, AUC: 0.9987, AUPR: 0.9615
No improvement, patience counter: 1/25
Fold 2, Epoch: 104/1000, Batch: 854, Loss: 0.0010
Fold 2, Epoch 104/1000, Average Train Loss: 0.0018, LR: 0.000000
Fold 2, Epoch 104, Current decision threshold: 0.0790
Fold 2, Epoch 104/1000, Validation Loss: 0.0071, Accuracy: 0.9963
Fold 2, Epoch 104/1000, Precision: 0.9183, Recall: 0.9335, F1-Score: 0.9258, AUC: 0.9987, AUPR: 0.9615
No improvement, patience counter: 2/25
Fold 2, Epoch: 105/1000, Batch: 854, Loss: 0.0037
Fold 2, Epoch 105/1000, Average Train Loss: 0.0018, LR: 0.000000
Epoch 105: Optimal threshold updated to = 0.0793
Fold 2, Epoch 105, Current decision threshold: 0.0793
Fold 2, Epoch 105/1000, Validation Loss: 0.0071, Accuracy: 0.9963
Fold 2, Epoch 105/1000, Precision: 0.9182, Recall: 0.9331, F1-Score: 0.9256, AUC: 0.9987, AUPR: 0.9615
No improvement, patience counter: 3/25
Fold 2, Epoch: 106/1000, Batch: 854, Loss: 0.0027
Fold 2, Epoch 106/1000, Average Train Loss: 0.0018, LR: 0.000000
Fold 2, Epoch 106, Current decision threshold: 0.0793
Fold 2, Epoch 106/1000, Validation Loss: 0.0071, Accuracy: 0.9963
Fold 2, Epoch 106/1000, Precision: 0.9182, Recall: 0.9331, F1-Score: 0.9256, AUC: 0.9987, AUPR: 0.9615
No improvement, patience counter: 4/25
Fold 2, Epoch: 107/1000, Batch: 854, Loss: 0.0014
Fold 2, Epoch 107/1000, Average Train Loss: 0.0018, LR: 0.000000
Fold 2, Epoch 107, Current decision threshold: 0.0793
Fold 2, Epoch 107/1000, Validation Loss: 0.0071, Accuracy: 0.9963
Fold 2, Epoch 107/1000, Precision: 0.9183, Recall: 0.9335, F1-Score: 0.9258, AUC: 0.9987, AUPR: 0.9615
No improvement, patience counter: 5/25
Fold 2, Epoch: 108/1000, Batch: 854, Loss: 0.0013
Fold 2, Epoch 108/1000, Average Train Loss: 0.0018, LR: 0.000000
Fold 2, Epoch 108, Current decision threshold: 0.0793
Fold 2, Epoch 108/1000, Validation Loss: 0.0071, Accuracy: 0.9963
Fold 2, Epoch 108/1000, Precision: 0.9183, Recall: 0.9335, F1-Score: 0.9258, AUC: 0.9987, AUPR: 0.9615
No improvement, patience counter: 6/25
Fold 2, Epoch: 109/1000, Batch: 854, Loss: 0.0023
Fold 2, Epoch 109/1000, Average Train Loss: 0.0018, LR: 0.000000
Fold 2, Epoch 109, Current decision threshold: 0.0793
Fold 2, Epoch 109/1000, Validation Loss: 0.0071, Accuracy: 0.9963
Fold 2, Epoch 109/1000, Precision: 0.9182, Recall: 0.9331, F1-Score: 0.9256, AUC: 0.9987, AUPR: 0.9615
No improvement, patience counter: 7/25
Fold 2, Epoch: 110/1000, Batch: 854, Loss: 0.0012
Fold 2, Epoch 110/1000, Average Train Loss: 0.0018, LR: 0.000000
Epoch 110: Optimal threshold updated to = 0.0794
Fold 2, Epoch 110, Current decision threshold: 0.0794
Fold 2, Epoch 110/1000, Validation Loss: 0.0071, Accuracy: 0.9963
Fold 2, Epoch 110/1000, Precision: 0.9182, Recall: 0.9331, F1-Score: 0.9256, AUC: 0.9987, AUPR: 0.9615
No improvement, patience counter: 8/25
Fold 2, Epoch: 111/1000, Batch: 854, Loss: 0.0045
Fold 2, Epoch 111/1000, Average Train Loss: 0.0018, LR: 0.000000
Fold 2, Epoch 111, Current decision threshold: 0.0794
Fold 2, Epoch 111/1000, Validation Loss: 0.0071, Accuracy: 0.9963
Fold 2, Epoch 111/1000, Precision: 0.9186, Recall: 0.9327, F1-Score: 0.9256, AUC: 0.9987, AUPR: 0.9615
No improvement, patience counter: 9/25
Fold 2, Epoch: 112/1000, Batch: 854, Loss: 0.0143
Fold 2, Epoch 112/1000, Average Train Loss: 0.0018, LR: 0.000000
Fold 2, Epoch 112, Current decision threshold: 0.0794
Fold 2, Epoch 112/1000, Validation Loss: 0.0071, Accuracy: 0.9963
Fold 2, Epoch 112/1000, Precision: 0.9186, Recall: 0.9327, F1-Score: 0.9256, AUC: 0.9987, AUPR: 0.9615
No improvement, patience counter: 10/25
Fold 2, Epoch: 113/1000, Batch: 854, Loss: 0.0004
Fold 2, Epoch 113/1000, Average Train Loss: 0.0018, LR: 0.000000
Fold 2, Epoch 113, Current decision threshold: 0.0794
Fold 2, Epoch 113/1000, Validation Loss: 0.0071, Accuracy: 0.9963
Fold 2, Epoch 113/1000, Precision: 0.9186, Recall: 0.9327, F1-Score: 0.9256, AUC: 0.9987, AUPR: 0.9615
No improvement, patience counter: 11/25
Fold 2, Epoch: 114/1000, Batch: 854, Loss: 0.0008
Fold 2, Epoch 114/1000, Average Train Loss: 0.0018, LR: 0.000000
Fold 2, Epoch 114, Current decision threshold: 0.0794
Fold 2, Epoch 114/1000, Validation Loss: 0.0071, Accuracy: 0.9963
Fold 2, Epoch 114/1000, Precision: 0.9186, Recall: 0.9327, F1-Score: 0.9256, AUC: 0.9987, AUPR: 0.9615
No improvement, patience counter: 12/25
Fold 2, Epoch: 115/1000, Batch: 854, Loss: 0.0030
Fold 2, Epoch 115/1000, Average Train Loss: 0.0018, LR: 0.000000
Epoch 115: Optimal threshold updated to = 0.0792
Fold 2, Epoch 115, Current decision threshold: 0.0792
Fold 2, Epoch 115/1000, Validation Loss: 0.0071, Accuracy: 0.9963
Fold 2, Epoch 115/1000, Precision: 0.9182, Recall: 0.9331, F1-Score: 0.9256, AUC: 0.9987, AUPR: 0.9615
No improvement, patience counter: 13/25
Fold 2, Epoch: 116/1000, Batch: 854, Loss: 0.0023
Fold 2, Epoch 116/1000, Average Train Loss: 0.0018, LR: 0.000000
Fold 2, Epoch 116, Current decision threshold: 0.0792
Fold 2, Epoch 116/1000, Validation Loss: 0.0071, Accuracy: 0.9963
Fold 2, Epoch 116/1000, Precision: 0.9183, Recall: 0.9335, F1-Score: 0.9258, AUC: 0.9987, AUPR: 0.9615
No improvement, patience counter: 14/25
Fold 2, Epoch: 117/1000, Batch: 854, Loss: 0.0014
Fold 2, Epoch 117/1000, Average Train Loss: 0.0018, LR: 0.000000
Fold 2, Epoch 117, Current decision threshold: 0.0792
Fold 2, Epoch 117/1000, Validation Loss: 0.0071, Accuracy: 0.9963
Fold 2, Epoch 117/1000, Precision: 0.9183, Recall: 0.9335, F1-Score: 0.9258, AUC: 0.9987, AUPR: 0.9615
No improvement, patience counter: 15/25
Fold 2, Epoch: 118/1000, Batch: 854, Loss: 0.0007
Fold 2, Epoch 118/1000, Average Train Loss: 0.0018, LR: 0.000000
Fold 2, Epoch 118, Current decision threshold: 0.0792
Fold 2, Epoch 118/1000, Validation Loss: 0.0071, Accuracy: 0.9963
Fold 2, Epoch 118/1000, Precision: 0.9183, Recall: 0.9335, F1-Score: 0.9258, AUC: 0.9987, AUPR: 0.9615
No improvement, patience counter: 16/25
Fold 2, Epoch: 119/1000, Batch: 854, Loss: 0.0007
Fold 2, Epoch 119/1000, Average Train Loss: 0.0018, LR: 0.000000
Fold 2, Epoch 119, Current decision threshold: 0.0792
Fold 2, Epoch 119/1000, Validation Loss: 0.0071, Accuracy: 0.9963
Fold 2, Epoch 119/1000, Precision: 0.9182, Recall: 0.9331, F1-Score: 0.9256, AUC: 0.9987, AUPR: 0.9615
No improvement, patience counter: 17/25
Fold 2, Epoch: 120/1000, Batch: 854, Loss: 0.0022
Fold 2, Epoch 120/1000, Average Train Loss: 0.0018, LR: 0.000000
Epoch 120: Optimal threshold updated to = 0.0792
Fold 2, Epoch 120, Current decision threshold: 0.0792
Fold 2, Epoch 120/1000, Validation Loss: 0.0071, Accuracy: 0.9963
Fold 2, Epoch 120/1000, Precision: 0.9182, Recall: 0.9331, F1-Score: 0.9256, AUC: 0.9987, AUPR: 0.9615
No improvement, patience counter: 18/25
Fold 2, Epoch: 121/1000, Batch: 854, Loss: 0.0006
Fold 2, Epoch 121/1000, Average Train Loss: 0.0018, LR: 0.000000
Fold 2, Epoch 121, Current decision threshold: 0.0792
Fold 2, Epoch 121/1000, Validation Loss: 0.0071, Accuracy: 0.9963
Fold 2, Epoch 121/1000, Precision: 0.9183, Recall: 0.9335, F1-Score: 0.9258, AUC: 0.9987, AUPR: 0.9615
No improvement, patience counter: 19/25
Fold 2, Epoch: 122/1000, Batch: 854, Loss: 0.0011
Fold 2, Epoch 122/1000, Average Train Loss: 0.0018, LR: 0.000000
Fold 2, Epoch 122, Current decision threshold: 0.0792
Fold 2, Epoch 122/1000, Validation Loss: 0.0071, Accuracy: 0.9963
Fold 2, Epoch 122/1000, Precision: 0.9183, Recall: 0.9335, F1-Score: 0.9258, AUC: 0.9987, AUPR: 0.9615
No improvement, patience counter: 20/25
Fold 2, Epoch: 123/1000, Batch: 854, Loss: 0.0018
Fold 2, Epoch 123/1000, Average Train Loss: 0.0018, LR: 0.000000
Fold 2, Epoch 123, Current decision threshold: 0.0792
Fold 2, Epoch 123/1000, Validation Loss: 0.0071, Accuracy: 0.9963
Fold 2, Epoch 123/1000, Precision: 0.9182, Recall: 0.9331, F1-Score: 0.9256, AUC: 0.9987, AUPR: 0.9615
No improvement, patience counter: 21/25
Fold 2, Epoch: 124/1000, Batch: 854, Loss: 0.0014
Fold 2, Epoch 124/1000, Average Train Loss: 0.0018, LR: 0.000000
Fold 2, Epoch 124, Current decision threshold: 0.0792
Fold 2, Epoch 124/1000, Validation Loss: 0.0071, Accuracy: 0.9963
Fold 2, Epoch 124/1000, Precision: 0.9182, Recall: 0.9331, F1-Score: 0.9256, AUC: 0.9987, AUPR: 0.9615
No improvement, patience counter: 22/25
Fold 2, Epoch: 125/1000, Batch: 854, Loss: 0.0005
Fold 2, Epoch 125/1000, Average Train Loss: 0.0018, LR: 0.000000
Epoch 125: Optimal threshold updated to = 0.0791
Fold 2, Epoch 125, Current decision threshold: 0.0791
Fold 2, Epoch 125/1000, Validation Loss: 0.0071, Accuracy: 0.9963
Fold 2, Epoch 125/1000, Precision: 0.9182, Recall: 0.9331, F1-Score: 0.9256, AUC: 0.9987, AUPR: 0.9615
No improvement, patience counter: 23/25
Fold 2, Epoch: 126/1000, Batch: 854, Loss: 0.0024
Fold 2, Epoch 126/1000, Average Train Loss: 0.0018, LR: 0.000000
Fold 2, Epoch 126, Current decision threshold: 0.0791
Fold 2, Epoch 126/1000, Validation Loss: 0.0071, Accuracy: 0.9963
Fold 2, Epoch 126/1000, Precision: 0.9183, Recall: 0.9335, F1-Score: 0.9258, AUC: 0.9987, AUPR: 0.9615
No improvement, patience counter: 24/25
Fold 2, Epoch: 127/1000, Batch: 854, Loss: 0.0029
Fold 2, Epoch 127/1000, Average Train Loss: 0.0018, LR: 0.000000
Fold 2, Epoch 127, Current decision threshold: 0.0791
Fold 2, Epoch 127/1000, Validation Loss: 0.0071, Accuracy: 0.9963
Fold 2, Epoch 127/1000, Precision: 0.9183, Recall: 0.9335, F1-Score: 0.9258, AUC: 0.9987, AUPR: 0.9615
No improvement, patience counter: 25/25
Early stopping at epoch 127
Restored best model, F1: 0.9260, AUC: 0.9987, AUPR: 0.9615
Round 0, Fold 2 best model and threshold 0.0791 saved to D:\SPAN\models\span_round_0_fold_2.pkl
Completed fold 2 in 5-folds, Validation Loss: 0.0071, Accuracy: 0.9964
Completed fold 2 in 5-folds, Precision: 0.9186, Recall: 0.9335, F1-Score: 0.9260, AUC: 0.9987, AUPR: 0.9615
Fold 2 test Finished! - 2026-03-29 07:34:46
======================================================================
Final Results Summary
----------------------------------------------------------------------
AUC         AUPR        Acc         F1          Pre         Recall      
0.9987      0.9615      0.9964      0.9260      0.9186      0.9335      
======================================================================