Logging for round 3, fold 4 configured to file: D:\SPAN\logs\fafa-round_3-fold_4.log - 2026-04-04 19:44:26
========== Round 3 - Fold 4 Training ==========
current_sys_path: D:\SPAN
device = cuda
Global seed initialized to 42 for reproducibility
Using GPU: NVIDIA GeForce RTX 3060 Laptop GPU
Starting fold 4 in 5-folds
Training data - Positive samples: tensor([45006.]), Negative samples: tensor([392092.])
Fold 4, Epoch: 1/1000, Batch: 854, Loss: 0.0286
Fold 4, Epoch 1/1000, Average Train Loss: 0.0312, LR: 0.000200
Fold 4, Epoch 1, Current decision threshold: 0.2000
Fold 4, Epoch 1/1000, Validation Loss: 0.0144, Accuracy: 0.6875
Fold 4, Epoch 1/1000, Precision: 0.0744, Recall: 0.9992, F1-Score: 0.1386, AUC: 0.9559, AUPR: 0.2931
New best model saved, F1: 0.1386, AUC: 0.9559, AUPR: 0.2931
Fold 4, Epoch: 2/1000, Batch: 854, Loss: 0.0128
Fold 4, Epoch 2/1000, Average Train Loss: 0.0175, LR: 0.000200
Fold 4, Epoch 2, Current decision threshold: 0.2000
Fold 4, Epoch 2/1000, Validation Loss: 0.0080, Accuracy: 0.9591
Fold 4, Epoch 2/1000, Precision: 0.3677, Recall: 0.8699, F1-Score: 0.5169, AUC: 0.9816, AUPR: 0.5509
New best model saved, F1: 0.5169, AUC: 0.9816, AUPR: 0.5509
Fold 4, Epoch: 3/1000, Batch: 854, Loss: 0.0104
Fold 4, Epoch 3/1000, Average Train Loss: 0.0129, LR: 0.000200
Fold 4, Epoch 3, Current decision threshold: 0.2000
Fold 4, Epoch 3/1000, Validation Loss: 0.0059, Accuracy: 0.9724
Fold 4, Epoch 3/1000, Precision: 0.4754, Recall: 0.9334, F1-Score: 0.6299, AUC: 0.9910, AUPR: 0.6955
New best model saved, F1: 0.6299, AUC: 0.9910, AUPR: 0.6955
Fold 4, Epoch: 4/1000, Batch: 854, Loss: 0.0124
Fold 4, Epoch 4/1000, Average Train Loss: 0.0111, LR: 0.000200
Fold 4, Epoch 4, Current decision threshold: 0.2000
Fold 4, Epoch 4/1000, Validation Loss: 0.0078, Accuracy: 0.9869
Fold 4, Epoch 4/1000, Precision: 0.6999, Recall: 0.8395, F1-Score: 0.7634, AUC: 0.9941, AUPR: 0.7667
New best model saved, F1: 0.7634, AUC: 0.9941, AUPR: 0.7667
Fold 4, Epoch: 5/1000, Batch: 854, Loss: 0.0102
Fold 4, Epoch 5/1000, Average Train Loss: 0.0100, LR: 0.000200
Epoch 5: Optimal threshold updated to = 0.2225
Fold 4, Epoch 5, Current decision threshold: 0.2225
Fold 4, Epoch 5/1000, Validation Loss: 0.0068, Accuracy: 0.9885
Fold 4, Epoch 5/1000, Precision: 0.7393, Recall: 0.8399, F1-Score: 0.7864, AUC: 0.9950, AUPR: 0.8047
New best model saved, F1: 0.7864, AUC: 0.9950, AUPR: 0.8047
Fold 4, Epoch: 6/1000, Batch: 854, Loss: 0.0084
Fold 4, Epoch 6/1000, Average Train Loss: 0.0091, LR: 0.000200
Fold 4, Epoch 6, Current decision threshold: 0.2225
Fold 4, Epoch 6/1000, Validation Loss: 0.0076, Accuracy: 0.9896
Fold 4, Epoch 6/1000, Precision: 0.7875, Recall: 0.8009, F1-Score: 0.7941, AUC: 0.9956, AUPR: 0.8180
New best model saved, F1: 0.7941, AUC: 0.9956, AUPR: 0.8180
Fold 4, Epoch: 7/1000, Batch: 854, Loss: 0.0053
Fold 4, Epoch 7/1000, Average Train Loss: 0.0085, LR: 0.000200
Fold 4, Epoch 7, Current decision threshold: 0.2225
Fold 4, Epoch 7/1000, Validation Loss: 0.0062, Accuracy: 0.9901
Fold 4, Epoch 7/1000, Precision: 0.7690, Recall: 0.8640, F1-Score: 0.8137, AUC: 0.9958, AUPR: 0.8419
New best model saved, F1: 0.8137, AUC: 0.9958, AUPR: 0.8419
Fold 4, Epoch: 8/1000, Batch: 854, Loss: 0.0096
Fold 4, Epoch 8/1000, Average Train Loss: 0.0079, LR: 0.000200
Fold 4, Epoch 8, Current decision threshold: 0.2225
Fold 4, Epoch 8/1000, Validation Loss: 0.0075, Accuracy: 0.9904
Fold 4, Epoch 8/1000, Precision: 0.8153, Recall: 0.8009, F1-Score: 0.8080, AUC: 0.9963, AUPR: 0.8471
New best model saved, F1: 0.8080, AUC: 0.9963, AUPR: 0.8471
Fold 4, Epoch: 9/1000, Batch: 854, Loss: 0.0065
Fold 4, Epoch 9/1000, Average Train Loss: 0.0075, LR: 0.000200
Fold 4, Epoch 9, Current decision threshold: 0.2225
Fold 4, Epoch 9/1000, Validation Loss: 0.0068, Accuracy: 0.9912
Fold 4, Epoch 9/1000, Precision: 0.8177, Recall: 0.8348, F1-Score: 0.8261, AUC: 0.9965, AUPR: 0.8572
New best model saved, F1: 0.8261, AUC: 0.9965, AUPR: 0.8572
Fold 4, Epoch: 10/1000, Batch: 854, Loss: 0.0077
Fold 4, Epoch 10/1000, Average Train Loss: 0.0071, LR: 0.000200
Epoch 10: Optimal threshold updated to = 0.1445
Fold 4, Epoch 10, Current decision threshold: 0.1445
Fold 4, Epoch 10/1000, Validation Loss: 0.0076, Accuracy: 0.9918
Fold 4, Epoch 10/1000, Precision: 0.8013, Recall: 0.8971, F1-Score: 0.8465, AUC: 0.9969, AUPR: 0.8720
New best model saved, F1: 0.8465, AUC: 0.9969, AUPR: 0.8720
Fold 4, Epoch: 11/1000, Batch: 854, Loss: 0.0071
Fold 4, Epoch 11/1000, Average Train Loss: 0.0068, LR: 0.000200
Fold 4, Epoch 11, Current decision threshold: 0.1445
Fold 4, Epoch 11/1000, Validation Loss: 0.0075, Accuracy: 0.9920
Fold 4, Epoch 11/1000, Precision: 0.8052, Recall: 0.8983, F1-Score: 0.8492, AUC: 0.9970, AUPR: 0.8791
New best model saved, F1: 0.8492, AUC: 0.9970, AUPR: 0.8791
Fold 4, Epoch: 12/1000, Batch: 854, Loss: 0.0062
Fold 4, Epoch 12/1000, Average Train Loss: 0.0064, LR: 0.000200
Fold 4, Epoch 12, Current decision threshold: 0.1445
Fold 4, Epoch 12/1000, Validation Loss: 0.0072, Accuracy: 0.9923
Fold 4, Epoch 12/1000, Precision: 0.8157, Recall: 0.8971, F1-Score: 0.8545, AUC: 0.9972, AUPR: 0.8891
New best model saved, F1: 0.8545, AUC: 0.9972, AUPR: 0.8891
Fold 4, Epoch: 13/1000, Batch: 854, Loss: 0.0065
Fold 4, Epoch 13/1000, Average Train Loss: 0.0062, LR: 0.000200
Fold 4, Epoch 13, Current decision threshold: 0.1445
Fold 4, Epoch 13/1000, Validation Loss: 0.0072, Accuracy: 0.9927
Fold 4, Epoch 13/1000, Precision: 0.8226, Recall: 0.9030, F1-Score: 0.8609, AUC: 0.9974, AUPR: 0.8957
New best model saved, F1: 0.8609, AUC: 0.9974, AUPR: 0.8957
Fold 4, Epoch: 14/1000, Batch: 854, Loss: 0.0057
Fold 4, Epoch 14/1000, Average Train Loss: 0.0060, LR: 0.000200
Fold 4, Epoch 14, Current decision threshold: 0.1445
Fold 4, Epoch 14/1000, Validation Loss: 0.0063, Accuracy: 0.9929
Fold 4, Epoch 14/1000, Precision: 0.8152, Recall: 0.9271, F1-Score: 0.8675, AUC: 0.9976, AUPR: 0.8987
New best model saved, F1: 0.8675, AUC: 0.9976, AUPR: 0.8987
Fold 4, Epoch: 15/1000, Batch: 854, Loss: 0.0070
Fold 4, Epoch 15/1000, Average Train Loss: 0.0057, LR: 0.000200
Epoch 15: Optimal threshold updated to = 0.1140
Fold 4, Epoch 15, Current decision threshold: 0.1140
Fold 4, Epoch 15/1000, Validation Loss: 0.0081, Accuracy: 0.9930
Fold 4, Epoch 15/1000, Precision: 0.8275, Recall: 0.9117, F1-Score: 0.8675, AUC: 0.9975, AUPR: 0.9018
New best model saved, F1: 0.8675, AUC: 0.9975, AUPR: 0.9018
Fold 4, Epoch: 16/1000, Batch: 854, Loss: 0.0028
Fold 4, Epoch 16/1000, Average Train Loss: 0.0056, LR: 0.000200
Fold 4, Epoch 16, Current decision threshold: 0.1140
Fold 4, Epoch 16/1000, Validation Loss: 0.0062, Accuracy: 0.9930
Fold 4, Epoch 16/1000, Precision: 0.8084, Recall: 0.9464, F1-Score: 0.8719, AUC: 0.9978, AUPR: 0.9143
New best model saved, F1: 0.8719, AUC: 0.9978, AUPR: 0.9143
Fold 4, Epoch: 17/1000, Batch: 854, Loss: 0.0034
Fold 4, Epoch 17/1000, Average Train Loss: 0.0053, LR: 0.000200
Fold 4, Epoch 17, Current decision threshold: 0.1140
Fold 4, Epoch 17/1000, Validation Loss: 0.0063, Accuracy: 0.9926
Fold 4, Epoch 17/1000, Precision: 0.8007, Recall: 0.9381, F1-Score: 0.8640, AUC: 0.9977, AUPR: 0.9102
No improvement, patience counter: 1/25
Fold 4, Epoch: 18/1000, Batch: 854, Loss: 0.0031
Fold 4, Epoch 18/1000, Average Train Loss: 0.0052, LR: 0.000200
Fold 4, Epoch 18, Current decision threshold: 0.1140
Fold 4, Epoch 18/1000, Validation Loss: 0.0074, Accuracy: 0.9935
Fold 4, Epoch 18/1000, Precision: 0.8413, Recall: 0.9156, F1-Score: 0.8769, AUC: 0.9979, AUPR: 0.9196
New best model saved, F1: 0.8769, AUC: 0.9979, AUPR: 0.9196
Fold 4, Epoch: 19/1000, Batch: 854, Loss: 0.0048
Fold 4, Epoch 19/1000, Average Train Loss: 0.0051, LR: 0.000200
Fold 4, Epoch 19, Current decision threshold: 0.1140
Fold 4, Epoch 19/1000, Validation Loss: 0.0070, Accuracy: 0.9936
Fold 4, Epoch 19/1000, Precision: 0.8349, Recall: 0.9274, F1-Score: 0.8788, AUC: 0.9978, AUPR: 0.9194
New best model saved, F1: 0.8788, AUC: 0.9978, AUPR: 0.9194
Fold 4, Epoch: 20/1000, Batch: 854, Loss: 0.0040
Fold 4, Epoch 20/1000, Average Train Loss: 0.0049, LR: 0.000200
Epoch 20: Optimal threshold updated to = 0.1012
Fold 4, Epoch 20, Current decision threshold: 0.1012
Fold 4, Epoch 20/1000, Validation Loss: 0.0085, Accuracy: 0.9940
Fold 4, Epoch 20/1000, Precision: 0.8601, Recall: 0.9093, F1-Score: 0.8840, AUC: 0.9979, AUPR: 0.9232
New best model saved, F1: 0.8840, AUC: 0.9979, AUPR: 0.9232
Fold 4, Epoch: 21/1000, Batch: 854, Loss: 0.0054
Fold 4, Epoch 21/1000, Average Train Loss: 0.0048, LR: 0.000200
Fold 4, Epoch 21, Current decision threshold: 0.1012
Fold 4, Epoch 21/1000, Validation Loss: 0.0084, Accuracy: 0.9941
Fold 4, Epoch 21/1000, Precision: 0.8618, Recall: 0.9101, F1-Score: 0.8853, AUC: 0.9980, AUPR: 0.9233
New best model saved, F1: 0.8853, AUC: 0.9980, AUPR: 0.9233
Fold 4, Epoch: 22/1000, Batch: 854, Loss: 0.0051
Fold 4, Epoch 22/1000, Average Train Loss: 0.0046, LR: 0.000200
Fold 4, Epoch 22, Current decision threshold: 0.1012
Fold 4, Epoch 22/1000, Validation Loss: 0.0070, Accuracy: 0.9936
Fold 4, Epoch 22/1000, Precision: 0.8345, Recall: 0.9302, F1-Score: 0.8797, AUC: 0.9980, AUPR: 0.9260
New best model saved, F1: 0.8797, AUC: 0.9980, AUPR: 0.9260
Fold 4, Epoch: 23/1000, Batch: 854, Loss: 0.0026
Fold 4, Epoch 23/1000, Average Train Loss: 0.0046, LR: 0.000200
Fold 4, Epoch 23, Current decision threshold: 0.1012
Fold 4, Epoch 23/1000, Validation Loss: 0.0067, Accuracy: 0.9936
Fold 4, Epoch 23/1000, Precision: 0.8319, Recall: 0.9330, F1-Score: 0.8796, AUC: 0.9980, AUPR: 0.9274
New best model saved, F1: 0.8796, AUC: 0.9980, AUPR: 0.9274
Fold 4, Epoch: 24/1000, Batch: 854, Loss: 0.0045
Fold 4, Epoch 24/1000, Average Train Loss: 0.0044, LR: 0.000200
Fold 4, Epoch 24, Current decision threshold: 0.1012
Fold 4, Epoch 24/1000, Validation Loss: 0.0058, Accuracy: 0.9939
Fold 4, Epoch 24/1000, Precision: 0.8297, Recall: 0.9531, F1-Score: 0.8871, AUC: 0.9983, AUPR: 0.9354
New best model saved, F1: 0.8871, AUC: 0.9983, AUPR: 0.9354
Fold 4, Epoch: 25/1000, Batch: 854, Loss: 0.0013
Fold 4, Epoch 25/1000, Average Train Loss: 0.0044, LR: 0.000200
Epoch 25: Optimal threshold updated to = 0.0932
Fold 4, Epoch 25, Current decision threshold: 0.0932
Fold 4, Epoch 25/1000, Validation Loss: 0.0080, Accuracy: 0.9944
Fold 4, Epoch 25/1000, Precision: 0.8631, Recall: 0.9247, F1-Score: 0.8928, AUC: 0.9982, AUPR: 0.9304
No improvement, patience counter: 1/25
Fold 4, Epoch: 26/1000, Batch: 854, Loss: 0.0043
Fold 4, Epoch 26/1000, Average Train Loss: 0.0043, LR: 0.000200
Fold 4, Epoch 26, Current decision threshold: 0.0932
Fold 4, Epoch 26/1000, Validation Loss: 0.0086, Accuracy: 0.9945
Fold 4, Epoch 26/1000, Precision: 0.8762, Recall: 0.9097, F1-Score: 0.8926, AUC: 0.9982, AUPR: 0.9324
No improvement, patience counter: 2/25
Fold 4, Epoch: 27/1000, Batch: 854, Loss: 0.0045
Fold 4, Epoch 27/1000, Average Train Loss: 0.0041, LR: 0.000200
Fold 4, Epoch 27, Current decision threshold: 0.0932
Fold 4, Epoch 27/1000, Validation Loss: 0.0069, Accuracy: 0.9942
Fold 4, Epoch 27/1000, Precision: 0.8493, Recall: 0.9334, F1-Score: 0.8893, AUC: 0.9983, AUPR: 0.9372
New best model saved, F1: 0.8893, AUC: 0.9983, AUPR: 0.9372
Fold 4, Epoch: 28/1000, Batch: 854, Loss: 0.0056
Fold 4, Epoch 28/1000, Average Train Loss: 0.0040, LR: 0.000200
Fold 4, Epoch 28, Current decision threshold: 0.0932
Fold 4, Epoch 28/1000, Validation Loss: 0.0060, Accuracy: 0.9937
Fold 4, Epoch 28/1000, Precision: 0.8302, Recall: 0.9428, F1-Score: 0.8829, AUC: 0.9983, AUPR: 0.9385
No improvement, patience counter: 1/25
Fold 4, Epoch: 29/1000, Batch: 854, Loss: 0.0043
Fold 4, Epoch 29/1000, Average Train Loss: 0.0040, LR: 0.000200
Fold 4, Epoch 29, Current decision threshold: 0.0932
Fold 4, Epoch 29/1000, Validation Loss: 0.0057, Accuracy: 0.9938
Fold 4, Epoch 29/1000, Precision: 0.8285, Recall: 0.9487, F1-Score: 0.8846, AUC: 0.9984, AUPR: 0.9407
New best model saved, F1: 0.8846, AUC: 0.9984, AUPR: 0.9407
Fold 4, Epoch: 30/1000, Batch: 854, Loss: 0.0054
Fold 4, Epoch 30/1000, Average Train Loss: 0.0039, LR: 0.000200
Epoch 30: Optimal threshold updated to = 0.1068
Fold 4, Epoch 30, Current decision threshold: 0.1068
Fold 4, Epoch 30/1000, Validation Loss: 0.0074, Accuracy: 0.9950
Fold 4, Epoch 30/1000, Precision: 0.8857, Recall: 0.9196, F1-Score: 0.9023, AUC: 0.9984, AUPR: 0.9417
New best model saved, F1: 0.9023, AUC: 0.9984, AUPR: 0.9417
Fold 4, Epoch: 31/1000, Batch: 854, Loss: 0.0060
Fold 4, Epoch 31/1000, Average Train Loss: 0.0039, LR: 0.000200
Fold 4, Epoch 31, Current decision threshold: 0.1068
Fold 4, Epoch 31/1000, Validation Loss: 0.0077, Accuracy: 0.9951
Fold 4, Epoch 31/1000, Precision: 0.8949, Recall: 0.9136, F1-Score: 0.9042, AUC: 0.9984, AUPR: 0.9429
New best model saved, F1: 0.9042, AUC: 0.9984, AUPR: 0.9429
Fold 4, Epoch: 32/1000, Batch: 854, Loss: 0.0044
Fold 4, Epoch 32/1000, Average Train Loss: 0.0037, LR: 0.000200
Fold 4, Epoch 32, Current decision threshold: 0.1068
Fold 4, Epoch 32/1000, Validation Loss: 0.0076, Accuracy: 0.9949
Fold 4, Epoch 32/1000, Precision: 0.8874, Recall: 0.9140, F1-Score: 0.9005, AUC: 0.9984, AUPR: 0.9418
No improvement, patience counter: 1/25
Fold 4, Epoch: 33/1000, Batch: 854, Loss: 0.0047
Fold 4, Epoch 33/1000, Average Train Loss: 0.0037, LR: 0.000200
Fold 4, Epoch 33, Current decision threshold: 0.1068
Fold 4, Epoch 33/1000, Validation Loss: 0.0073, Accuracy: 0.9946
Fold 4, Epoch 33/1000, Precision: 0.8766, Recall: 0.9156, F1-Score: 0.8957, AUC: 0.9983, AUPR: 0.9384
No improvement, patience counter: 2/25
Fold 4, Epoch: 34/1000, Batch: 854, Loss: 0.0028
Fold 4, Epoch 34/1000, Average Train Loss: 0.0036, LR: 0.000200
Fold 4, Epoch 34, Current decision threshold: 0.1068
Fold 4, Epoch 34/1000, Validation Loss: 0.0080, Accuracy: 0.9949
Fold 4, Epoch 34/1000, Precision: 0.8929, Recall: 0.9042, F1-Score: 0.8985, AUC: 0.9984, AUPR: 0.9430
No improvement, patience counter: 3/25
Fold 4, Epoch: 35/1000, Batch: 854, Loss: 0.0014
Fold 4, Epoch 35/1000, Average Train Loss: 0.0036, LR: 0.000200
Epoch 35: Optimal threshold updated to = 0.1420
Fold 4, Epoch 35, Current decision threshold: 0.1420
Fold 4, Epoch 35/1000, Validation Loss: 0.0059, Accuracy: 0.9954
Fold 4, Epoch 35/1000, Precision: 0.8996, Recall: 0.9188, F1-Score: 0.9091, AUC: 0.9985, AUPR: 0.9457
New best model saved, F1: 0.9091, AUC: 0.9985, AUPR: 0.9457
Fold 4, Epoch: 36/1000, Batch: 854, Loss: 0.0040
Fold 4, Epoch 36/1000, Average Train Loss: 0.0035, LR: 0.000200
Fold 4, Epoch 36, Current decision threshold: 0.1420
Fold 4, Epoch 36/1000, Validation Loss: 0.0070, Accuracy: 0.9953
Fold 4, Epoch 36/1000, Precision: 0.9150, Recall: 0.8955, F1-Score: 0.9051, AUC: 0.9985, AUPR: 0.9464
No improvement, patience counter: 1/25
Fold 4, Epoch: 37/1000, Batch: 854, Loss: 0.0028
Fold 4, Epoch 37/1000, Average Train Loss: 0.0035, LR: 0.000200
Fold 4, Epoch 37, Current decision threshold: 0.1420
Fold 4, Epoch 37/1000, Validation Loss: 0.0064, Accuracy: 0.9952
Fold 4, Epoch 37/1000, Precision: 0.8996, Recall: 0.9113, F1-Score: 0.9054, AUC: 0.9984, AUPR: 0.9471
New best model saved, F1: 0.9054, AUC: 0.9984, AUPR: 0.9471
Fold 4, Epoch: 38/1000, Batch: 854, Loss: 0.0016
Fold 4, Epoch 38/1000, Average Train Loss: 0.0034, LR: 0.000200
Fold 4, Epoch 38, Current decision threshold: 0.1420
Fold 4, Epoch 38/1000, Validation Loss: 0.0074, Accuracy: 0.9952
Fold 4, Epoch 38/1000, Precision: 0.9166, Recall: 0.8888, F1-Score: 0.9025, AUC: 0.9984, AUPR: 0.9473
No improvement, patience counter: 1/25
Fold 4, Epoch: 39/1000, Batch: 854, Loss: 0.0023
Fold 4, Epoch 39/1000, Average Train Loss: 0.0034, LR: 0.000200
Fold 4, Epoch 39, Current decision threshold: 0.1420
Fold 4, Epoch 39/1000, Validation Loss: 0.0068, Accuracy: 0.9951
Fold 4, Epoch 39/1000, Precision: 0.9055, Recall: 0.8991, F1-Score: 0.9023, AUC: 0.9984, AUPR: 0.9480
New best model saved, F1: 0.9023, AUC: 0.9984, AUPR: 0.9480
Fold 4, Epoch: 40/1000, Batch: 854, Loss: 0.0024
Fold 4, Epoch 40/1000, Average Train Loss: 0.0033, LR: 0.000200
Epoch 40: Optimal threshold updated to = 0.1029
Fold 4, Epoch 40, Current decision threshold: 0.1029
Fold 4, Epoch 40/1000, Validation Loss: 0.0077, Accuracy: 0.9950
Fold 4, Epoch 40/1000, Precision: 0.8912, Recall: 0.9113, F1-Score: 0.9012, AUC: 0.9985, AUPR: 0.9461
No improvement, patience counter: 1/25
Fold 4, Epoch: 41/1000, Batch: 854, Loss: 0.0037
Fold 4, Epoch 41/1000, Average Train Loss: 0.0033, LR: 0.000200
Fold 4, Epoch 41, Current decision threshold: 0.1029
Fold 4, Epoch 41/1000, Validation Loss: 0.0070, Accuracy: 0.9953
Fold 4, Epoch 41/1000, Precision: 0.8925, Recall: 0.9263, F1-Score: 0.9091, AUC: 0.9985, AUPR: 0.9482
New best model saved, F1: 0.9091, AUC: 0.9985, AUPR: 0.9482
Fold 4, Epoch: 42/1000, Batch: 854, Loss: 0.0015
Fold 4, Epoch 42/1000, Average Train Loss: 0.0032, LR: 0.000200
Fold 4, Epoch 42, Current decision threshold: 0.1029
Fold 4, Epoch 42/1000, Validation Loss: 0.0075, Accuracy: 0.9953
Fold 4, Epoch 42/1000, Precision: 0.8963, Recall: 0.9203, F1-Score: 0.9082, AUC: 0.9985, AUPR: 0.9484
No improvement, patience counter: 1/25
Fold 4, Epoch: 43/1000, Batch: 854, Loss: 0.0033
Fold 4, Epoch 43/1000, Average Train Loss: 0.0032, LR: 0.000200
Fold 4, Epoch 43, Current decision threshold: 0.1029
Fold 4, Epoch 43/1000, Validation Loss: 0.0051, Accuracy: 0.9949
Fold 4, Epoch 43/1000, Precision: 0.8590, Recall: 0.9535, F1-Score: 0.9038, AUC: 0.9985, AUPR: 0.9522
New best model saved, F1: 0.9038, AUC: 0.9985, AUPR: 0.9522
Fold 4, Epoch: 44/1000, Batch: 854, Loss: 0.0040
Fold 4, Epoch 44/1000, Average Train Loss: 0.0031, LR: 0.000200
Fold 4, Epoch 44, Current decision threshold: 0.1029
Fold 4, Epoch 44/1000, Validation Loss: 0.0078, Accuracy: 0.9952
Fold 4, Epoch 44/1000, Precision: 0.9028, Recall: 0.9085, F1-Score: 0.9057, AUC: 0.9986, AUPR: 0.9493
No improvement, patience counter: 1/25
Fold 4, Epoch: 45/1000, Batch: 854, Loss: 0.0056
Fold 4, Epoch 45/1000, Average Train Loss: 0.0031, LR: 0.000200
Epoch 45: Optimal threshold updated to = 0.0721
Fold 4, Epoch 45, Current decision threshold: 0.0721
Fold 4, Epoch 45/1000, Validation Loss: 0.0085, Accuracy: 0.9954
Fold 4, Epoch 45/1000, Precision: 0.8943, Recall: 0.9278, F1-Score: 0.9108, AUC: 0.9985, AUPR: 0.9511
New best model saved, F1: 0.9108, AUC: 0.9985, AUPR: 0.9511
Fold 4, Epoch: 46/1000, Batch: 854, Loss: 0.0043
Fold 4, Epoch 46/1000, Average Train Loss: 0.0031, LR: 0.000200
Fold 4, Epoch 46, Current decision threshold: 0.0721
Fold 4, Epoch 46/1000, Validation Loss: 0.0057, Accuracy: 0.9946
Fold 4, Epoch 46/1000, Precision: 0.8500, Recall: 0.9543, F1-Score: 0.8991, AUC: 0.9985, AUPR: 0.9522
No improvement, patience counter: 1/25
Fold 4, Epoch: 47/1000, Batch: 854, Loss: 0.0035
Fold 4, Epoch 47/1000, Average Train Loss: 0.0030, LR: 0.000200
Fold 4, Epoch 47, Current decision threshold: 0.0721
Fold 4, Epoch 47/1000, Validation Loss: 0.0062, Accuracy: 0.9950
Fold 4, Epoch 47/1000, Precision: 0.8635, Recall: 0.9527, F1-Score: 0.9059, AUC: 0.9986, AUPR: 0.9510
No improvement, patience counter: 2/25
Fold 4, Epoch: 48/1000, Batch: 854, Loss: 0.0048
Fold 4, Epoch 48/1000, Average Train Loss: 0.0030, LR: 0.000200
Fold 4, Epoch 48, Current decision threshold: 0.0721
Fold 4, Epoch 48/1000, Validation Loss: 0.0074, Accuracy: 0.9954
Fold 4, Epoch 48/1000, Precision: 0.8831, Recall: 0.9412, F1-Score: 0.9112, AUC: 0.9986, AUPR: 0.9526
New best model saved, F1: 0.9112, AUC: 0.9986, AUPR: 0.9526
Fold 4, Epoch: 49/1000, Batch: 854, Loss: 0.0036
Fold 4, Epoch 49/1000, Average Train Loss: 0.0030, LR: 0.000200
Fold 4, Epoch 49, Current decision threshold: 0.0721
Fold 4, Epoch 49/1000, Validation Loss: 0.0072, Accuracy: 0.9953
Fold 4, Epoch 49/1000, Precision: 0.8811, Recall: 0.9409, F1-Score: 0.9100, AUC: 0.9986, AUPR: 0.9511
No improvement, patience counter: 1/25
Fold 4, Epoch: 50/1000, Batch: 854, Loss: 0.0030
Fold 4, Epoch 50/1000, Average Train Loss: 0.0029, LR: 0.000200
Epoch 50: Optimal threshold updated to = 0.1182
Fold 4, Epoch 50, Current decision threshold: 0.1182
Fold 4, Epoch 50/1000, Validation Loss: 0.0063, Accuracy: 0.9956
Fold 4, Epoch 50/1000, Precision: 0.8984, Recall: 0.9306, F1-Score: 0.9142, AUC: 0.9986, AUPR: 0.9531
New best model saved, F1: 0.9142, AUC: 0.9986, AUPR: 0.9531
Fold 4, Epoch: 51/1000, Batch: 854, Loss: 0.0017
Fold 4, Epoch 51/1000, Average Train Loss: 0.0029, LR: 0.000200
Fold 4, Epoch 51, Current decision threshold: 0.1182
Fold 4, Epoch 51/1000, Validation Loss: 0.0078, Accuracy: 0.9955
Fold 4, Epoch 51/1000, Precision: 0.9220, Recall: 0.8955, F1-Score: 0.9086, AUC: 0.9986, AUPR: 0.9532
No improvement, patience counter: 1/25
Fold 4, Epoch: 52/1000, Batch: 854, Loss: 0.0029
Fold 4, Epoch 52/1000, Average Train Loss: 0.0029, LR: 0.000200
Fold 4, Epoch 52, Current decision threshold: 0.1182
Fold 4, Epoch 52/1000, Validation Loss: 0.0066, Accuracy: 0.9957
Fold 4, Epoch 52/1000, Precision: 0.9100, Recall: 0.9207, F1-Score: 0.9153, AUC: 0.9986, AUPR: 0.9543
New best model saved, F1: 0.9153, AUC: 0.9986, AUPR: 0.9543
Fold 4, Epoch: 53/1000, Batch: 854, Loss: 0.0011
Fold 4, Epoch 53/1000, Average Train Loss: 0.0028, LR: 0.000200
Fold 4, Epoch 53, Current decision threshold: 0.1182
Fold 4, Epoch 53/1000, Validation Loss: 0.0069, Accuracy: 0.9958
Fold 4, Epoch 53/1000, Precision: 0.9183, Recall: 0.9125, F1-Score: 0.9153, AUC: 0.9986, AUPR: 0.9553
New best model saved, F1: 0.9153, AUC: 0.9986, AUPR: 0.9553
Fold 4, Epoch: 54/1000, Batch: 854, Loss: 0.0022
Fold 4, Epoch 54/1000, Average Train Loss: 0.0028, LR: 0.000200
Fold 4, Epoch 54, Current decision threshold: 0.1182
Fold 4, Epoch 54/1000, Validation Loss: 0.0054, Accuracy: 0.9956
Fold 4, Epoch 54/1000, Precision: 0.8916, Recall: 0.9409, F1-Score: 0.9156, AUC: 0.9987, AUPR: 0.9568
New best model saved, F1: 0.9156, AUC: 0.9987, AUPR: 0.9568
Fold 4, Epoch: 55/1000, Batch: 854, Loss: 0.0028
Fold 4, Epoch 55/1000, Average Train Loss: 0.0028, LR: 0.000200
Epoch 55: Optimal threshold updated to = 0.0944
Fold 4, Epoch 55, Current decision threshold: 0.0944
Fold 4, Epoch 55/1000, Validation Loss: 0.0063, Accuracy: 0.9957
Fold 4, Epoch 55/1000, Precision: 0.8953, Recall: 0.9377, F1-Score: 0.9160, AUC: 0.9986, AUPR: 0.9562
No improvement, patience counter: 1/25
Fold 4, Epoch: 56/1000, Batch: 854, Loss: 0.0044
Fold 4, Epoch 56/1000, Average Train Loss: 0.0027, LR: 0.000200
Fold 4, Epoch 56, Current decision threshold: 0.0944
Fold 4, Epoch 56/1000, Validation Loss: 0.0054, Accuracy: 0.9955
Fold 4, Epoch 56/1000, Precision: 0.8804, Recall: 0.9491, F1-Score: 0.9135, AUC: 0.9987, AUPR: 0.9575
New best model saved, F1: 0.9135, AUC: 0.9987, AUPR: 0.9575
Fold 4, Epoch: 57/1000, Batch: 854, Loss: 0.0017
Fold 4, Epoch 57/1000, Average Train Loss: 0.0027, LR: 0.000200
Fold 4, Epoch 57, Current decision threshold: 0.0944
Fold 4, Epoch 57/1000, Validation Loss: 0.0058, Accuracy: 0.9959
Fold 4, Epoch 57/1000, Precision: 0.8954, Recall: 0.9456, F1-Score: 0.9198, AUC: 0.9987, AUPR: 0.9599
New best model saved, F1: 0.9198, AUC: 0.9987, AUPR: 0.9599
Fold 4, Epoch: 58/1000, Batch: 854, Loss: 0.0016
Fold 4, Epoch 58/1000, Average Train Loss: 0.0027, LR: 0.000200
Fold 4, Epoch 58, Current decision threshold: 0.0944
Fold 4, Epoch 58/1000, Validation Loss: 0.0073, Accuracy: 0.9957
Fold 4, Epoch 58/1000, Precision: 0.9064, Recall: 0.9243, F1-Score: 0.9153, AUC: 0.9987, AUPR: 0.9553
No improvement, patience counter: 1/25
Fold 4, Epoch: 59/1000, Batch: 854, Loss: 0.0023
Fold 4, Epoch 59/1000, Average Train Loss: 0.0026, LR: 0.000200
Fold 4, Epoch 59, Current decision threshold: 0.0944
Fold 4, Epoch 59/1000, Validation Loss: 0.0065, Accuracy: 0.9960
Fold 4, Epoch 59/1000, Precision: 0.9072, Recall: 0.9365, F1-Score: 0.9216, AUC: 0.9988, AUPR: 0.9612
New best model saved, F1: 0.9216, AUC: 0.9988, AUPR: 0.9612
Fold 4, Epoch: 60/1000, Batch: 854, Loss: 0.0014
Fold 4, Epoch 60/1000, Average Train Loss: 0.0026, LR: 0.000200
Epoch 60: Optimal threshold updated to = 0.0702
Fold 4, Epoch 60, Current decision threshold: 0.0702
Fold 4, Epoch 60/1000, Validation Loss: 0.0069, Accuracy: 0.9955
Fold 4, Epoch 60/1000, Precision: 0.8805, Recall: 0.9499, F1-Score: 0.9139, AUC: 0.9986, AUPR: 0.9574
No improvement, patience counter: 1/25
Fold 4, Epoch: 61/1000, Batch: 854, Loss: 0.0046
Fold 4, Epoch 61/1000, Average Train Loss: 0.0026, LR: 0.000200
Fold 4, Epoch 61, Current decision threshold: 0.0702
Fold 4, Epoch 61/1000, Validation Loss: 0.0073, Accuracy: 0.9957
Fold 4, Epoch 61/1000, Precision: 0.8923, Recall: 0.9444, F1-Score: 0.9176, AUC: 0.9987, AUPR: 0.9554
No improvement, patience counter: 2/25
Fold 4, Epoch: 62/1000, Batch: 854, Loss: 0.0008
Fold 4, Epoch 62/1000, Average Train Loss: 0.0026, LR: 0.000200
Fold 4, Epoch 62, Current decision threshold: 0.0702
Fold 4, Epoch 62/1000, Validation Loss: 0.0066, Accuracy: 0.9951
Fold 4, Epoch 62/1000, Precision: 0.8687, Recall: 0.9468, F1-Score: 0.9060, AUC: 0.9986, AUPR: 0.9556
No improvement, patience counter: 3/25
Fold 4, Epoch: 63/1000, Batch: 854, Loss: 0.0021
Fold 4, Epoch 63/1000, Average Train Loss: 0.0026, LR: 0.000200
Fold 4, Epoch 63, Current decision threshold: 0.0702
Fold 4, Epoch 63/1000, Validation Loss: 0.0104, Accuracy: 0.9954
Fold 4, Epoch 63/1000, Precision: 0.9189, Recall: 0.8979, F1-Score: 0.9083, AUC: 0.9987, AUPR: 0.9528
No improvement, patience counter: 4/25
Fold 4, Epoch: 64/1000, Batch: 854, Loss: 0.0011
Fold 4, Epoch 64/1000, Average Train Loss: 0.0021, LR: 0.000100
Fold 4, Epoch 64, Current decision threshold: 0.0702
Fold 4, Epoch 64/1000, Validation Loss: 0.0063, Accuracy: 0.9957
Fold 4, Epoch 64/1000, Precision: 0.8863, Recall: 0.9499, F1-Score: 0.9170, AUC: 0.9988, AUPR: 0.9596
No improvement, patience counter: 5/25
Fold 4, Epoch: 65/1000, Batch: 854, Loss: 0.0015
Fold 4, Epoch 65/1000, Average Train Loss: 0.0020, LR: 0.000100
Epoch 65: Optimal threshold updated to = 0.0794
Fold 4, Epoch 65, Current decision threshold: 0.0794
Fold 4, Epoch 65/1000, Validation Loss: 0.0075, Accuracy: 0.9960
Fold 4, Epoch 65/1000, Precision: 0.9146, Recall: 0.9286, F1-Score: 0.9215, AUC: 0.9988, AUPR: 0.9598
No improvement, patience counter: 6/25
Fold 4, Epoch: 66/1000, Batch: 854, Loss: 0.0021
Fold 4, Epoch 66/1000, Average Train Loss: 0.0020, LR: 0.000100
Fold 4, Epoch 66, Current decision threshold: 0.0794
Fold 4, Epoch 66/1000, Validation Loss: 0.0062, Accuracy: 0.9960
Fold 4, Epoch 66/1000, Precision: 0.8983, Recall: 0.9476, F1-Score: 0.9223, AUC: 0.9988, AUPR: 0.9612
New best model saved, F1: 0.9223, AUC: 0.9988, AUPR: 0.9612
Fold 4, Epoch: 67/1000, Batch: 854, Loss: 0.0008
Fold 4, Epoch 67/1000, Average Train Loss: 0.0020, LR: 0.000100
Fold 4, Epoch 67, Current decision threshold: 0.0794
Fold 4, Epoch 67/1000, Validation Loss: 0.0071, Accuracy: 0.9959
Fold 4, Epoch 67/1000, Precision: 0.9078, Recall: 0.9322, F1-Score: 0.9198, AUC: 0.9988, AUPR: 0.9609
No improvement, patience counter: 1/25
Fold 4, Epoch: 68/1000, Batch: 854, Loss: 0.0019
Fold 4, Epoch 68/1000, Average Train Loss: 0.0019, LR: 0.000100
Fold 4, Epoch 68, Current decision threshold: 0.0794
Fold 4, Epoch 68/1000, Validation Loss: 0.0061, Accuracy: 0.9960
Fold 4, Epoch 68/1000, Precision: 0.8998, Recall: 0.9452, F1-Score: 0.9219, AUC: 0.9988, AUPR: 0.9627
New best model saved, F1: 0.9219, AUC: 0.9988, AUPR: 0.9627
Fold 4, Epoch: 69/1000, Batch: 854, Loss: 0.0031
Fold 4, Epoch 69/1000, Average Train Loss: 0.0019, LR: 0.000100
Fold 4, Epoch 69, Current decision threshold: 0.0794
Fold 4, Epoch 69/1000, Validation Loss: 0.0060, Accuracy: 0.9961
Fold 4, Epoch 69/1000, Precision: 0.8996, Recall: 0.9499, F1-Score: 0.9241, AUC: 0.9988, AUPR: 0.9629
New best model saved, F1: 0.9241, AUC: 0.9988, AUPR: 0.9629
Fold 4, Epoch: 70/1000, Batch: 854, Loss: 0.0014
Fold 4, Epoch 70/1000, Average Train Loss: 0.0019, LR: 0.000100
Epoch 70: Optimal threshold updated to = 0.0799
Fold 4, Epoch 70, Current decision threshold: 0.0799
Fold 4, Epoch 70/1000, Validation Loss: 0.0076, Accuracy: 0.9960
Fold 4, Epoch 70/1000, Precision: 0.9161, Recall: 0.9255, F1-Score: 0.9208, AUC: 0.9988, AUPR: 0.9613
No improvement, patience counter: 1/25
Fold 4, Epoch: 71/1000, Batch: 854, Loss: 0.0033
Fold 4, Epoch 71/1000, Average Train Loss: 0.0019, LR: 0.000100
Fold 4, Epoch 71, Current decision threshold: 0.0799
Fold 4, Epoch 71/1000, Validation Loss: 0.0063, Accuracy: 0.9960
Fold 4, Epoch 71/1000, Precision: 0.9026, Recall: 0.9424, F1-Score: 0.9221, AUC: 0.9988, AUPR: 0.9636
New best model saved, F1: 0.9221, AUC: 0.9988, AUPR: 0.9636
Fold 4, Epoch: 72/1000, Batch: 854, Loss: 0.0008
Fold 4, Epoch 72/1000, Average Train Loss: 0.0019, LR: 0.000100
Fold 4, Epoch 72, Current decision threshold: 0.0799
Fold 4, Epoch 72/1000, Validation Loss: 0.0063, Accuracy: 0.9961
Fold 4, Epoch 72/1000, Precision: 0.9043, Recall: 0.9432, F1-Score: 0.9234, AUC: 0.9988, AUPR: 0.9634
New best model saved, F1: 0.9234, AUC: 0.9988, AUPR: 0.9634
Fold 4, Epoch: 73/1000, Batch: 854, Loss: 0.0010
Fold 4, Epoch 73/1000, Average Train Loss: 0.0019, LR: 0.000100
Fold 4, Epoch 73, Current decision threshold: 0.0799
Fold 4, Epoch 73/1000, Validation Loss: 0.0073, Accuracy: 0.9962
Fold 4, Epoch 73/1000, Precision: 0.9189, Recall: 0.9294, F1-Score: 0.9241, AUC: 0.9988, AUPR: 0.9635
New best model saved, F1: 0.9241, AUC: 0.9988, AUPR: 0.9635
Fold 4, Epoch: 74/1000, Batch: 854, Loss: 0.0021
Fold 4, Epoch 74/1000, Average Train Loss: 0.0019, LR: 0.000100
Fold 4, Epoch 74, Current decision threshold: 0.0799
Fold 4, Epoch 74/1000, Validation Loss: 0.0074, Accuracy: 0.9960
Fold 4, Epoch 74/1000, Precision: 0.9167, Recall: 0.9239, F1-Score: 0.9203, AUC: 0.9988, AUPR: 0.9634
No improvement, patience counter: 1/25
Fold 4, Epoch: 75/1000, Batch: 854, Loss: 0.0017
Fold 4, Epoch 75/1000, Average Train Loss: 0.0018, LR: 0.000100
Epoch 75: Optimal threshold updated to = 0.1162
Fold 4, Epoch 75, Current decision threshold: 0.1162
Fold 4, Epoch 75/1000, Validation Loss: 0.0065, Accuracy: 0.9962
Fold 4, Epoch 75/1000, Precision: 0.9274, Recall: 0.9223, F1-Score: 0.9249, AUC: 0.9988, AUPR: 0.9636
New best model saved, F1: 0.9249, AUC: 0.9988, AUPR: 0.9636
Fold 4, Epoch: 76/1000, Batch: 854, Loss: 0.0020
Fold 4, Epoch 76/1000, Average Train Loss: 0.0019, LR: 0.000100
Fold 4, Epoch 76, Current decision threshold: 0.1162
Fold 4, Epoch 76/1000, Validation Loss: 0.0062, Accuracy: 0.9963
Fold 4, Epoch 76/1000, Precision: 0.9257, Recall: 0.9286, F1-Score: 0.9272, AUC: 0.9988, AUPR: 0.9641
New best model saved, F1: 0.9272, AUC: 0.9988, AUPR: 0.9641
Fold 4, Epoch: 77/1000, Batch: 854, Loss: 0.0036
Fold 4, Epoch 77/1000, Average Train Loss: 0.0019, LR: 0.000100
Fold 4, Epoch 77, Current decision threshold: 0.1162
Fold 4, Epoch 77/1000, Validation Loss: 0.0065, Accuracy: 0.9960
Fold 4, Epoch 77/1000, Precision: 0.9215, Recall: 0.9211, F1-Score: 0.9213, AUC: 0.9988, AUPR: 0.9625
No improvement, patience counter: 1/25
Fold 4, Epoch: 78/1000, Batch: 854, Loss: 0.0023
Fold 4, Epoch 78/1000, Average Train Loss: 0.0018, LR: 0.000100
Fold 4, Epoch 78, Current decision threshold: 0.1162
Fold 4, Epoch 78/1000, Validation Loss: 0.0065, Accuracy: 0.9963
Fold 4, Epoch 78/1000, Precision: 0.9328, Recall: 0.9196, F1-Score: 0.9261, AUC: 0.9988, AUPR: 0.9634
No improvement, patience counter: 2/25
Fold 4, Epoch: 79/1000, Batch: 854, Loss: 0.0016
Fold 4, Epoch 79/1000, Average Train Loss: 0.0018, LR: 0.000100
Fold 4, Epoch 79, Current decision threshold: 0.1162
Fold 4, Epoch 79/1000, Validation Loss: 0.0070, Accuracy: 0.9960
Fold 4, Epoch 79/1000, Precision: 0.9262, Recall: 0.9152, F1-Score: 0.9207, AUC: 0.9987, AUPR: 0.9595
No improvement, patience counter: 3/25
Fold 4, Epoch: 80/1000, Batch: 854, Loss: 0.0006
Fold 4, Epoch 80/1000, Average Train Loss: 0.0018, LR: 0.000100
Epoch 80: Optimal threshold updated to = 0.1178
Fold 4, Epoch 80, Current decision threshold: 0.1178
Fold 4, Epoch 80/1000, Validation Loss: 0.0066, Accuracy: 0.9962
Fold 4, Epoch 80/1000, Precision: 0.9280, Recall: 0.9203, F1-Score: 0.9242, AUC: 0.9988, AUPR: 0.9623
No improvement, patience counter: 4/25
Fold 4, Epoch: 81/1000, Batch: 854, Loss: 0.0010
Fold 4, Epoch 81/1000, Average Train Loss: 0.0016, LR: 0.000050
Fold 4, Epoch 81, Current decision threshold: 0.1178
Fold 4, Epoch 81/1000, Validation Loss: 0.0061, Accuracy: 0.9964
Fold 4, Epoch 81/1000, Precision: 0.9304, Recall: 0.9271, F1-Score: 0.9287, AUC: 0.9989, AUPR: 0.9653
New best model saved, F1: 0.9287, AUC: 0.9989, AUPR: 0.9653
Fold 4, Epoch: 82/1000, Batch: 854, Loss: 0.0013
Fold 4, Epoch 82/1000, Average Train Loss: 0.0015, LR: 0.000050
Fold 4, Epoch 82, Current decision threshold: 0.1178
Fold 4, Epoch 82/1000, Validation Loss: 0.0062, Accuracy: 0.9962
Fold 4, Epoch 82/1000, Precision: 0.9274, Recall: 0.9215, F1-Score: 0.9244, AUC: 0.9988, AUPR: 0.9647
No improvement, patience counter: 1/25
Fold 4, Epoch: 83/1000, Batch: 854, Loss: 0.0008
Fold 4, Epoch 83/1000, Average Train Loss: 0.0016, LR: 0.000050
Fold 4, Epoch 83, Current decision threshold: 0.1178
Fold 4, Epoch 83/1000, Validation Loss: 0.0068, Accuracy: 0.9963
Fold 4, Epoch 83/1000, Precision: 0.9378, Recall: 0.9148, F1-Score: 0.9261, AUC: 0.9989, AUPR: 0.9656
No improvement, patience counter: 2/25
Fold 4, Epoch: 84/1000, Batch: 854, Loss: 0.0007
Fold 4, Epoch 84/1000, Average Train Loss: 0.0015, LR: 0.000050
Fold 4, Epoch 84, Current decision threshold: 0.1178
Fold 4, Epoch 84/1000, Validation Loss: 0.0058, Accuracy: 0.9962
Fold 4, Epoch 84/1000, Precision: 0.9206, Recall: 0.9282, F1-Score: 0.9244, AUC: 0.9988, AUPR: 0.9648
No improvement, patience counter: 3/25
Fold 4, Epoch: 85/1000, Batch: 854, Loss: 0.0019
Fold 4, Epoch 85/1000, Average Train Loss: 0.0015, LR: 0.000050
Epoch 85: Optimal threshold updated to = 0.0793
Fold 4, Epoch 85, Current decision threshold: 0.0793
Fold 4, Epoch 85/1000, Validation Loss: 0.0064, Accuracy: 0.9964
Fold 4, Epoch 85/1000, Precision: 0.9160, Recall: 0.9420, F1-Score: 0.9288, AUC: 0.9988, AUPR: 0.9656
New best model saved, F1: 0.9288, AUC: 0.9988, AUPR: 0.9656
Fold 4, Epoch: 86/1000, Batch: 854, Loss: 0.0034
Fold 4, Epoch 86/1000, Average Train Loss: 0.0015, LR: 0.000050
Fold 4, Epoch 86, Current decision threshold: 0.0793
Fold 4, Epoch 86/1000, Validation Loss: 0.0066, Accuracy: 0.9962
Fold 4, Epoch 86/1000, Precision: 0.9130, Recall: 0.9389, F1-Score: 0.9257, AUC: 0.9989, AUPR: 0.9658
No improvement, patience counter: 1/25
Fold 4, Epoch: 87/1000, Batch: 854, Loss: 0.0012
Fold 4, Epoch 87/1000, Average Train Loss: 0.0015, LR: 0.000050
Fold 4, Epoch 87, Current decision threshold: 0.0793
Fold 4, Epoch 87/1000, Validation Loss: 0.0064, Accuracy: 0.9960
Fold 4, Epoch 87/1000, Precision: 0.9073, Recall: 0.9377, F1-Score: 0.9222, AUC: 0.9988, AUPR: 0.9651
No improvement, patience counter: 2/25
Fold 4, Epoch: 88/1000, Batch: 854, Loss: 0.0017
Fold 4, Epoch 88/1000, Average Train Loss: 0.0015, LR: 0.000050
Fold 4, Epoch 88, Current decision threshold: 0.0793
Fold 4, Epoch 88/1000, Validation Loss: 0.0074, Accuracy: 0.9962
Fold 4, Epoch 88/1000, Precision: 0.9230, Recall: 0.9263, F1-Score: 0.9246, AUC: 0.9988, AUPR: 0.9654
No improvement, patience counter: 3/25
Fold 4, Epoch: 89/1000, Batch: 854, Loss: 0.0018
Fold 4, Epoch 89/1000, Average Train Loss: 0.0015, LR: 0.000050
Fold 4, Epoch 89, Current decision threshold: 0.0793
Fold 4, Epoch 89/1000, Validation Loss: 0.0059, Accuracy: 0.9963
Fold 4, Epoch 89/1000, Precision: 0.9066, Recall: 0.9495, F1-Score: 0.9276, AUC: 0.9988, AUPR: 0.9655
No improvement, patience counter: 4/25
Fold 4, Epoch: 90/1000, Batch: 854, Loss: 0.0039
Fold 4, Epoch 90/1000, Average Train Loss: 0.0014, LR: 0.000025
Epoch 90: Optimal threshold updated to = 0.1276
Fold 4, Epoch 90, Current decision threshold: 0.1276
Fold 4, Epoch 90/1000, Validation Loss: 0.0062, Accuracy: 0.9965
Fold 4, Epoch 90/1000, Precision: 0.9385, Recall: 0.9203, F1-Score: 0.9293, AUC: 0.9989, AUPR: 0.9667
New best model saved, F1: 0.9293, AUC: 0.9989, AUPR: 0.9667
Fold 4, Epoch: 91/1000, Batch: 854, Loss: 0.0028
Fold 4, Epoch 91/1000, Average Train Loss: 0.0014, LR: 0.000025
Fold 4, Epoch 91, Current decision threshold: 0.1276
Fold 4, Epoch 91/1000, Validation Loss: 0.0066, Accuracy: 0.9964
Fold 4, Epoch 91/1000, Precision: 0.9420, Recall: 0.9152, F1-Score: 0.9284, AUC: 0.9989, AUPR: 0.9662
No improvement, patience counter: 1/25
Fold 4, Epoch: 92/1000, Batch: 854, Loss: 0.0007
Fold 4, Epoch 92/1000, Average Train Loss: 0.0013, LR: 0.000025
Fold 4, Epoch 92, Current decision threshold: 0.1276
Fold 4, Epoch 92/1000, Validation Loss: 0.0064, Accuracy: 0.9963
Fold 4, Epoch 92/1000, Precision: 0.9378, Recall: 0.9152, F1-Score: 0.9264, AUC: 0.9989, AUPR: 0.9665
No improvement, patience counter: 2/25
Fold 4, Epoch: 93/1000, Batch: 854, Loss: 0.0011
Fold 4, Epoch 93/1000, Average Train Loss: 0.0013, LR: 0.000025
Fold 4, Epoch 93, Current decision threshold: 0.1276
Fold 4, Epoch 93/1000, Validation Loss: 0.0062, Accuracy: 0.9964
Fold 4, Epoch 93/1000, Precision: 0.9376, Recall: 0.9176, F1-Score: 0.9275, AUC: 0.9989, AUPR: 0.9671
No improvement, patience counter: 3/25
Fold 4, Epoch: 94/1000, Batch: 854, Loss: 0.0039
Fold 4, Epoch 94/1000, Average Train Loss: 0.0013, LR: 0.000025
Fold 4, Epoch 94, Current decision threshold: 0.1276
Fold 4, Epoch 94/1000, Validation Loss: 0.0065, Accuracy: 0.9964
Fold 4, Epoch 94/1000, Precision: 0.9393, Recall: 0.9156, F1-Score: 0.9273, AUC: 0.9989, AUPR: 0.9662
No improvement, patience counter: 4/25
Fold 4, Epoch: 95/1000, Batch: 854, Loss: 0.0019
Fold 4, Epoch 95/1000, Average Train Loss: 0.0013, LR: 0.000013
Epoch 95: Optimal threshold updated to = 0.1236
Fold 4, Epoch 95, Current decision threshold: 0.1236
Fold 4, Epoch 95/1000, Validation Loss: 0.0065, Accuracy: 0.9965
Fold 4, Epoch 95/1000, Precision: 0.9406, Recall: 0.9176, F1-Score: 0.9289, AUC: 0.9989, AUPR: 0.9668
No improvement, patience counter: 5/25
Fold 4, Epoch: 96/1000, Batch: 854, Loss: 0.0018
Fold 4, Epoch 96/1000, Average Train Loss: 0.0013, LR: 0.000013
Fold 4, Epoch 96, Current decision threshold: 0.1236
Fold 4, Epoch 96/1000, Validation Loss: 0.0060, Accuracy: 0.9965
Fold 4, Epoch 96/1000, Precision: 0.9340, Recall: 0.9259, F1-Score: 0.9299, AUC: 0.9989, AUPR: 0.9672
New best model saved, F1: 0.9299, AUC: 0.9989, AUPR: 0.9672
Fold 4, Epoch: 97/1000, Batch: 854, Loss: 0.0034
Fold 4, Epoch 97/1000, Average Train Loss: 0.0013, LR: 0.000013
Fold 4, Epoch 97, Current decision threshold: 0.1236
Fold 4, Epoch 97/1000, Validation Loss: 0.0064, Accuracy: 0.9964
Fold 4, Epoch 97/1000, Precision: 0.9383, Recall: 0.9176, F1-Score: 0.9278, AUC: 0.9989, AUPR: 0.9673
No improvement, patience counter: 1/25
Fold 4, Epoch: 98/1000, Batch: 854, Loss: 0.0010
Fold 4, Epoch 98/1000, Average Train Loss: 0.0013, LR: 0.000013
Fold 4, Epoch 98, Current decision threshold: 0.1236
Fold 4, Epoch 98/1000, Validation Loss: 0.0062, Accuracy: 0.9964
Fold 4, Epoch 98/1000, Precision: 0.9347, Recall: 0.9200, F1-Score: 0.9273, AUC: 0.9989, AUPR: 0.9673
No improvement, patience counter: 2/25
Fold 4, Epoch: 99/1000, Batch: 854, Loss: 0.0020
Fold 4, Epoch 99/1000, Average Train Loss: 0.0013, LR: 0.000013
Fold 4, Epoch 99, Current decision threshold: 0.1236
Fold 4, Epoch 99/1000, Validation Loss: 0.0068, Accuracy: 0.9964
Fold 4, Epoch 99/1000, Precision: 0.9432, Recall: 0.9105, F1-Score: 0.9266, AUC: 0.9989, AUPR: 0.9666
No improvement, patience counter: 3/25
Fold 4, Epoch: 100/1000, Batch: 854, Loss: 0.0010
Fold 4, Epoch 100/1000, Average Train Loss: 0.0013, LR: 0.000013
Epoch 100: Optimal threshold updated to = 0.0980
Fold 4, Epoch 100, Current decision threshold: 0.0980
Fold 4, Epoch 100/1000, Validation Loss: 0.0063, Accuracy: 0.9965
Fold 4, Epoch 100/1000, Precision: 0.9293, Recall: 0.9330, F1-Score: 0.9311, AUC: 0.9989, AUPR: 0.9669
New best model saved, F1: 0.9311, AUC: 0.9989, AUPR: 0.9669
Fold 4, Epoch: 101/1000, Batch: 854, Loss: 0.0014
Fold 4, Epoch 101/1000, Average Train Loss: 0.0012, LR: 0.000006
Fold 4, Epoch 101, Current decision threshold: 0.0980
Fold 4, Epoch 101/1000, Validation Loss: 0.0063, Accuracy: 0.9965
Fold 4, Epoch 101/1000, Precision: 0.9282, Recall: 0.9326, F1-Score: 0.9304, AUC: 0.9989, AUPR: 0.9668
No improvement, patience counter: 1/25
Fold 4, Epoch: 102/1000, Batch: 854, Loss: 0.0012
Fold 4, Epoch 102/1000, Average Train Loss: 0.0013, LR: 0.000006
Fold 4, Epoch 102, Current decision threshold: 0.0980
Fold 4, Epoch 102/1000, Validation Loss: 0.0066, Accuracy: 0.9965
Fold 4, Epoch 102/1000, Precision: 0.9315, Recall: 0.9278, F1-Score: 0.9297, AUC: 0.9989, AUPR: 0.9671
No improvement, patience counter: 2/25
Fold 4, Epoch: 103/1000, Batch: 854, Loss: 0.0016
Fold 4, Epoch 103/1000, Average Train Loss: 0.0012, LR: 0.000006
Fold 4, Epoch 103, Current decision threshold: 0.0980
Fold 4, Epoch 103/1000, Validation Loss: 0.0064, Accuracy: 0.9964
Fold 4, Epoch 103/1000, Precision: 0.9283, Recall: 0.9298, F1-Score: 0.9291, AUC: 0.9989, AUPR: 0.9672
No improvement, patience counter: 3/25
Fold 4, Epoch: 104/1000, Batch: 854, Loss: 0.0007
Fold 4, Epoch 104/1000, Average Train Loss: 0.0012, LR: 0.000006
Fold 4, Epoch 104, Current decision threshold: 0.0980
Fold 4, Epoch 104/1000, Validation Loss: 0.0066, Accuracy: 0.9965
Fold 4, Epoch 104/1000, Precision: 0.9294, Recall: 0.9298, F1-Score: 0.9296, AUC: 0.9989, AUPR: 0.9670
No improvement, patience counter: 4/25
Fold 4, Epoch: 105/1000, Batch: 854, Loss: 0.0024
Fold 4, Epoch 105/1000, Average Train Loss: 0.0012, LR: 0.000003
Epoch 105: Optimal threshold updated to = 0.0941
Fold 4, Epoch 105, Current decision threshold: 0.0941
Fold 4, Epoch 105/1000, Validation Loss: 0.0064, Accuracy: 0.9965
Fold 4, Epoch 105/1000, Precision: 0.9278, Recall: 0.9318, F1-Score: 0.9298, AUC: 0.9989, AUPR: 0.9672
No improvement, patience counter: 5/25
Fold 4, Epoch: 106/1000, Batch: 854, Loss: 0.0006
Fold 4, Epoch 106/1000, Average Train Loss: 0.0012, LR: 0.000003
Fold 4, Epoch 106, Current decision threshold: 0.0941
Fold 4, Epoch 106/1000, Validation Loss: 0.0065, Accuracy: 0.9965
Fold 4, Epoch 106/1000, Precision: 0.9295, Recall: 0.9302, F1-Score: 0.9298, AUC: 0.9989, AUPR: 0.9673
New best model saved, F1: 0.9298, AUC: 0.9989, AUPR: 0.9673
Fold 4, Epoch: 107/1000, Batch: 854, Loss: 0.0015
Fold 4, Epoch 107/1000, Average Train Loss: 0.0012, LR: 0.000003
Fold 4, Epoch 107, Current decision threshold: 0.0941
Fold 4, Epoch 107/1000, Validation Loss: 0.0065, Accuracy: 0.9965
Fold 4, Epoch 107/1000, Precision: 0.9295, Recall: 0.9306, F1-Score: 0.9300, AUC: 0.9989, AUPR: 0.9674
New best model saved, F1: 0.9300, AUC: 0.9989, AUPR: 0.9674
Fold 4, Epoch: 108/1000, Batch: 854, Loss: 0.0023
Fold 4, Epoch 108/1000, Average Train Loss: 0.0012, LR: 0.000003
Fold 4, Epoch 108, Current decision threshold: 0.0941
Fold 4, Epoch 108/1000, Validation Loss: 0.0064, Accuracy: 0.9964
Fold 4, Epoch 108/1000, Precision: 0.9267, Recall: 0.9318, F1-Score: 0.9292, AUC: 0.9989, AUPR: 0.9673
No improvement, patience counter: 1/25
Fold 4, Epoch: 109/1000, Batch: 854, Loss: 0.0015
Fold 4, Epoch 109/1000, Average Train Loss: 0.0012, LR: 0.000003
Fold 4, Epoch 109, Current decision threshold: 0.0941
Fold 4, Epoch 109/1000, Validation Loss: 0.0064, Accuracy: 0.9964
Fold 4, Epoch 109/1000, Precision: 0.9267, Recall: 0.9322, F1-Score: 0.9294, AUC: 0.9989, AUPR: 0.9673
No improvement, patience counter: 2/25
Fold 4, Epoch: 110/1000, Batch: 854, Loss: 0.0005
Fold 4, Epoch 110/1000, Average Train Loss: 0.0012, LR: 0.000003
Epoch 110: Optimal threshold updated to = 0.1181
Fold 4, Epoch 110, Current decision threshold: 0.1181
Fold 4, Epoch 110/1000, Validation Loss: 0.0062, Accuracy: 0.9965
Fold 4, Epoch 110/1000, Precision: 0.9343, Recall: 0.9251, F1-Score: 0.9297, AUC: 0.9989, AUPR: 0.9673
No improvement, patience counter: 3/25
Fold 4, Epoch: 111/1000, Batch: 854, Loss: 0.0009
Fold 4, Epoch 111/1000, Average Train Loss: 0.0012, LR: 0.000003
Fold 4, Epoch 111, Current decision threshold: 0.1181
Fold 4, Epoch 111/1000, Validation Loss: 0.0065, Accuracy: 0.9964
Fold 4, Epoch 111/1000, Precision: 0.9380, Recall: 0.9192, F1-Score: 0.9285, AUC: 0.9989, AUPR: 0.9672
No improvement, patience counter: 4/25
Fold 4, Epoch: 112/1000, Batch: 854, Loss: 0.0004
Fold 4, Epoch 112/1000, Average Train Loss: 0.0012, LR: 0.000002
Fold 4, Epoch 112, Current decision threshold: 0.1181
Fold 4, Epoch 112/1000, Validation Loss: 0.0065, Accuracy: 0.9964
Fold 4, Epoch 112/1000, Precision: 0.9373, Recall: 0.9192, F1-Score: 0.9281, AUC: 0.9989, AUPR: 0.9672
No improvement, patience counter: 5/25
Fold 4, Epoch: 113/1000, Batch: 854, Loss: 0.0006
Fold 4, Epoch 113/1000, Average Train Loss: 0.0012, LR: 0.000002
Fold 4, Epoch 113, Current decision threshold: 0.1181
Fold 4, Epoch 113/1000, Validation Loss: 0.0064, Accuracy: 0.9964
Fold 4, Epoch 113/1000, Precision: 0.9362, Recall: 0.9203, F1-Score: 0.9282, AUC: 0.9989, AUPR: 0.9673
No improvement, patience counter: 6/25
Fold 4, Epoch: 114/1000, Batch: 854, Loss: 0.0003
Fold 4, Epoch 114/1000, Average Train Loss: 0.0012, LR: 0.000002
Fold 4, Epoch 114, Current decision threshold: 0.1181
Fold 4, Epoch 114/1000, Validation Loss: 0.0066, Accuracy: 0.9964
Fold 4, Epoch 114/1000, Precision: 0.9387, Recall: 0.9180, F1-Score: 0.9282, AUC: 0.9989, AUPR: 0.9673
No improvement, patience counter: 7/25
Fold 4, Epoch: 115/1000, Batch: 854, Loss: 0.0013
Fold 4, Epoch 115/1000, Average Train Loss: 0.0012, LR: 0.000002
Epoch 115: Optimal threshold updated to = 0.1042
Fold 4, Epoch 115, Current decision threshold: 0.1042
Fold 4, Epoch 115/1000, Validation Loss: 0.0064, Accuracy: 0.9965
Fold 4, Epoch 115/1000, Precision: 0.9330, Recall: 0.9282, F1-Score: 0.9306, AUC: 0.9989, AUPR: 0.9675
New best model saved, F1: 0.9306, AUC: 0.9989, AUPR: 0.9675
Fold 4, Epoch: 116/1000, Batch: 854, Loss: 0.0049
Fold 4, Epoch 116/1000, Average Train Loss: 0.0012, LR: 0.000002
Fold 4, Epoch 116, Current decision threshold: 0.1042
Fold 4, Epoch 116/1000, Validation Loss: 0.0064, Accuracy: 0.9965
Fold 4, Epoch 116/1000, Precision: 0.9323, Recall: 0.9278, F1-Score: 0.9300, AUC: 0.9989, AUPR: 0.9675
No improvement, patience counter: 1/25
Fold 4, Epoch: 117/1000, Batch: 854, Loss: 0.0004
Fold 4, Epoch 117/1000, Average Train Loss: 0.0012, LR: 0.000002
Fold 4, Epoch 117, Current decision threshold: 0.1042
Fold 4, Epoch 117/1000, Validation Loss: 0.0065, Accuracy: 0.9965
Fold 4, Epoch 117/1000, Precision: 0.9337, Recall: 0.9278, F1-Score: 0.9308, AUC: 0.9989, AUPR: 0.9674
No improvement, patience counter: 2/25
Fold 4, Epoch: 118/1000, Batch: 854, Loss: 0.0014
Fold 4, Epoch 118/1000, Average Train Loss: 0.0012, LR: 0.000002
Fold 4, Epoch 118, Current decision threshold: 0.1042
Fold 4, Epoch 118/1000, Validation Loss: 0.0063, Accuracy: 0.9965
Fold 4, Epoch 118/1000, Precision: 0.9308, Recall: 0.9286, F1-Score: 0.9297, AUC: 0.9989, AUPR: 0.9674
No improvement, patience counter: 3/25
Fold 4, Epoch: 119/1000, Batch: 854, Loss: 0.0009
Fold 4, Epoch 119/1000, Average Train Loss: 0.0012, LR: 0.000002
Fold 4, Epoch 119, Current decision threshold: 0.1042
Fold 4, Epoch 119/1000, Validation Loss: 0.0064, Accuracy: 0.9965
Fold 4, Epoch 119/1000, Precision: 0.9315, Recall: 0.9278, F1-Score: 0.9297, AUC: 0.9989, AUPR: 0.9674
No improvement, patience counter: 4/25
Fold 4, Epoch: 120/1000, Batch: 854, Loss: 0.0008
Fold 4, Epoch 120/1000, Average Train Loss: 0.0012, LR: 0.000001
Epoch 120: Optimal threshold updated to = 0.0942
Fold 4, Epoch 120, Current decision threshold: 0.0942
Fold 4, Epoch 120/1000, Validation Loss: 0.0064, Accuracy: 0.9965
Fold 4, Epoch 120/1000, Precision: 0.9285, Recall: 0.9326, F1-Score: 0.9306, AUC: 0.9989, AUPR: 0.9674
No improvement, patience counter: 5/25
Fold 4, Epoch: 121/1000, Batch: 854, Loss: 0.0006
Fold 4, Epoch 121/1000, Average Train Loss: 0.0012, LR: 0.000001
Fold 4, Epoch 121, Current decision threshold: 0.0942
Fold 4, Epoch 121/1000, Validation Loss: 0.0064, Accuracy: 0.9965
Fold 4, Epoch 121/1000, Precision: 0.9282, Recall: 0.9330, F1-Score: 0.9306, AUC: 0.9989, AUPR: 0.9674
No improvement, patience counter: 6/25
Fold 4, Epoch: 122/1000, Batch: 854, Loss: 0.0006
Fold 4, Epoch 122/1000, Average Train Loss: 0.0012, LR: 0.000001
Fold 4, Epoch 122, Current decision threshold: 0.0942
Fold 4, Epoch 122/1000, Validation Loss: 0.0065, Accuracy: 0.9965
Fold 4, Epoch 122/1000, Precision: 0.9285, Recall: 0.9318, F1-Score: 0.9301, AUC: 0.9989, AUPR: 0.9674
No improvement, patience counter: 7/25
Fold 4, Epoch: 123/1000, Batch: 854, Loss: 0.0011
Fold 4, Epoch 123/1000, Average Train Loss: 0.0012, LR: 0.000001
Fold 4, Epoch 123, Current decision threshold: 0.0942
Fold 4, Epoch 123/1000, Validation Loss: 0.0065, Accuracy: 0.9965
Fold 4, Epoch 123/1000, Precision: 0.9295, Recall: 0.9310, F1-Score: 0.9303, AUC: 0.9989, AUPR: 0.9674
No improvement, patience counter: 8/25
Fold 4, Epoch: 124/1000, Batch: 854, Loss: 0.0011
Fold 4, Epoch 124/1000, Average Train Loss: 0.0012, LR: 0.000000
Fold 4, Epoch 124, Current decision threshold: 0.0942
Fold 4, Epoch 124/1000, Validation Loss: 0.0064, Accuracy: 0.9965
Fold 4, Epoch 124/1000, Precision: 0.9289, Recall: 0.9318, F1-Score: 0.9303, AUC: 0.9989, AUPR: 0.9674
No improvement, patience counter: 9/25
Fold 4, Epoch: 125/1000, Batch: 854, Loss: 0.0002
Fold 4, Epoch 125/1000, Average Train Loss: 0.0012, LR: 0.000000
Epoch 125: Optimal threshold updated to = 0.0967
Fold 4, Epoch 125, Current decision threshold: 0.0967
Fold 4, Epoch 125/1000, Validation Loss: 0.0064, Accuracy: 0.9965
Fold 4, Epoch 125/1000, Precision: 0.9303, Recall: 0.9310, F1-Score: 0.9306, AUC: 0.9989, AUPR: 0.9674
No improvement, patience counter: 10/25
Fold 4, Epoch: 126/1000, Batch: 854, Loss: 0.0016
Fold 4, Epoch 126/1000, Average Train Loss: 0.0012, LR: 0.000000
Fold 4, Epoch 126, Current decision threshold: 0.0967
Fold 4, Epoch 126/1000, Validation Loss: 0.0064, Accuracy: 0.9965
Fold 4, Epoch 126/1000, Precision: 0.9303, Recall: 0.9310, F1-Score: 0.9306, AUC: 0.9989, AUPR: 0.9675
No improvement, patience counter: 11/25
Fold 4, Epoch: 127/1000, Batch: 854, Loss: 0.0009
Fold 4, Epoch 127/1000, Average Train Loss: 0.0012, LR: 0.000000
Fold 4, Epoch 127, Current decision threshold: 0.0967
Fold 4, Epoch 127/1000, Validation Loss: 0.0064, Accuracy: 0.9965
Fold 4, Epoch 127/1000, Precision: 0.9299, Recall: 0.9306, F1-Score: 0.9302, AUC: 0.9989, AUPR: 0.9674
No improvement, patience counter: 12/25
Fold 4, Epoch: 128/1000, Batch: 854, Loss: 0.0013
Fold 4, Epoch 128/1000, Average Train Loss: 0.0012, LR: 0.000000
Fold 4, Epoch 128, Current decision threshold: 0.0967
Fold 4, Epoch 128/1000, Validation Loss: 0.0064, Accuracy: 0.9965
Fold 4, Epoch 128/1000, Precision: 0.9295, Recall: 0.9310, F1-Score: 0.9303, AUC: 0.9989, AUPR: 0.9674
No improvement, patience counter: 13/25
Fold 4, Epoch: 129/1000, Batch: 854, Loss: 0.0006
Fold 4, Epoch 129/1000, Average Train Loss: 0.0011, LR: 0.000000
Fold 4, Epoch 129, Current decision threshold: 0.0967
Fold 4, Epoch 129/1000, Validation Loss: 0.0064, Accuracy: 0.9965
Fold 4, Epoch 129/1000, Precision: 0.9295, Recall: 0.9310, F1-Score: 0.9303, AUC: 0.9989, AUPR: 0.9674
No improvement, patience counter: 14/25
Fold 4, Epoch: 130/1000, Batch: 854, Loss: 0.0010
Fold 4, Epoch 130/1000, Average Train Loss: 0.0012, LR: 0.000000
Epoch 130: Optimal threshold updated to = 0.0944
Fold 4, Epoch 130, Current decision threshold: 0.0944
Fold 4, Epoch 130/1000, Validation Loss: 0.0064, Accuracy: 0.9965
Fold 4, Epoch 130/1000, Precision: 0.9286, Recall: 0.9330, F1-Score: 0.9308, AUC: 0.9989, AUPR: 0.9674
New best model saved, F1: 0.9308, AUC: 0.9989, AUPR: 0.9674
Fold 4, Epoch: 131/1000, Batch: 854, Loss: 0.0018
Fold 4, Epoch 131/1000, Average Train Loss: 0.0012, LR: 0.000000
Fold 4, Epoch 131, Current decision threshold: 0.0944
Fold 4, Epoch 131/1000, Validation Loss: 0.0064, Accuracy: 0.9965
Fold 4, Epoch 131/1000, Precision: 0.9289, Recall: 0.9318, F1-Score: 0.9303, AUC: 0.9989, AUPR: 0.9675
No improvement, patience counter: 1/25
Fold 4, Epoch: 132/1000, Batch: 854, Loss: 0.0011
Fold 4, Epoch 132/1000, Average Train Loss: 0.0012, LR: 0.000000
Fold 4, Epoch 132, Current decision threshold: 0.0944
Fold 4, Epoch 132/1000, Validation Loss: 0.0064, Accuracy: 0.9965
Fold 4, Epoch 132/1000, Precision: 0.9292, Recall: 0.9322, F1-Score: 0.9307, AUC: 0.9989, AUPR: 0.9674
No improvement, patience counter: 2/25
Fold 4, Epoch: 133/1000, Batch: 854, Loss: 0.0006
Fold 4, Epoch 133/1000, Average Train Loss: 0.0012, LR: 0.000000
Fold 4, Epoch 133, Current decision threshold: 0.0944
Fold 4, Epoch 133/1000, Validation Loss: 0.0064, Accuracy: 0.9965
Fold 4, Epoch 133/1000, Precision: 0.9289, Recall: 0.9318, F1-Score: 0.9303, AUC: 0.9989, AUPR: 0.9675
No improvement, patience counter: 3/25
Fold 4, Epoch: 134/1000, Batch: 854, Loss: 0.0011
Fold 4, Epoch 134/1000, Average Train Loss: 0.0011, LR: 0.000000
Fold 4, Epoch 134, Current decision threshold: 0.0944
Fold 4, Epoch 134/1000, Validation Loss: 0.0064, Accuracy: 0.9965
Fold 4, Epoch 134/1000, Precision: 0.9289, Recall: 0.9318, F1-Score: 0.9303, AUC: 0.9989, AUPR: 0.9675
No improvement, patience counter: 4/25
Fold 4, Epoch: 135/1000, Batch: 854, Loss: 0.0034
Fold 4, Epoch 135/1000, Average Train Loss: 0.0012, LR: 0.000000
Epoch 135: Optimal threshold updated to = 0.1003
Fold 4, Epoch 135, Current decision threshold: 0.1003
Fold 4, Epoch 135/1000, Validation Loss: 0.0064, Accuracy: 0.9965
Fold 4, Epoch 135/1000, Precision: 0.9313, Recall: 0.9298, F1-Score: 0.9305, AUC: 0.9989, AUPR: 0.9674
No improvement, patience counter: 5/25
Fold 4, Epoch: 136/1000, Batch: 854, Loss: 0.0007
Fold 4, Epoch 136/1000, Average Train Loss: 0.0012, LR: 0.000000
Fold 4, Epoch 136, Current decision threshold: 0.1003
Fold 4, Epoch 136/1000, Validation Loss: 0.0064, Accuracy: 0.9965
Fold 4, Epoch 136/1000, Precision: 0.9313, Recall: 0.9298, F1-Score: 0.9305, AUC: 0.9989, AUPR: 0.9674
No improvement, patience counter: 6/25
Fold 4, Epoch: 137/1000, Batch: 854, Loss: 0.0005
Fold 4, Epoch 137/1000, Average Train Loss: 0.0012, LR: 0.000000
Fold 4, Epoch 137, Current decision threshold: 0.1003
Fold 4, Epoch 137/1000, Validation Loss: 0.0064, Accuracy: 0.9965
Fold 4, Epoch 137/1000, Precision: 0.9313, Recall: 0.9302, F1-Score: 0.9308, AUC: 0.9989, AUPR: 0.9674
No improvement, patience counter: 7/25
Fold 4, Epoch: 138/1000, Batch: 854, Loss: 0.0007
Fold 4, Epoch 138/1000, Average Train Loss: 0.0012, LR: 0.000000
Fold 4, Epoch 138, Current decision threshold: 0.1003
Fold 4, Epoch 138/1000, Validation Loss: 0.0064, Accuracy: 0.9965
Fold 4, Epoch 138/1000, Precision: 0.9313, Recall: 0.9302, F1-Score: 0.9308, AUC: 0.9989, AUPR: 0.9674
No improvement, patience counter: 8/25
Fold 4, Epoch: 139/1000, Batch: 854, Loss: 0.0021
Fold 4, Epoch 139/1000, Average Train Loss: 0.0012, LR: 0.000000
Fold 4, Epoch 139, Current decision threshold: 0.1003
Fold 4, Epoch 139/1000, Validation Loss: 0.0064, Accuracy: 0.9965
Fold 4, Epoch 139/1000, Precision: 0.9313, Recall: 0.9294, F1-Score: 0.9303, AUC: 0.9989, AUPR: 0.9674
No improvement, patience counter: 9/25
Fold 4, Epoch: 140/1000, Batch: 854, Loss: 0.0012
Fold 4, Epoch 140/1000, Average Train Loss: 0.0012, LR: 0.000000
Epoch 140: Optimal threshold updated to = 0.1001
Fold 4, Epoch 140, Current decision threshold: 0.1001
Fold 4, Epoch 140/1000, Validation Loss: 0.0064, Accuracy: 0.9965
Fold 4, Epoch 140/1000, Precision: 0.9313, Recall: 0.9298, F1-Score: 0.9305, AUC: 0.9989, AUPR: 0.9674
No improvement, patience counter: 10/25
Fold 4, Epoch: 141/1000, Batch: 854, Loss: 0.0005
Fold 4, Epoch 141/1000, Average Train Loss: 0.0012, LR: 0.000000
Fold 4, Epoch 141, Current decision threshold: 0.1001
Fold 4, Epoch 141/1000, Validation Loss: 0.0064, Accuracy: 0.9965
Fold 4, Epoch 141/1000, Precision: 0.9313, Recall: 0.9298, F1-Score: 0.9305, AUC: 0.9989, AUPR: 0.9674
No improvement, patience counter: 11/25
Fold 4, Epoch: 142/1000, Batch: 854, Loss: 0.0008
Fold 4, Epoch 142/1000, Average Train Loss: 0.0012, LR: 0.000000
Fold 4, Epoch 142, Current decision threshold: 0.1001
Fold 4, Epoch 142/1000, Validation Loss: 0.0064, Accuracy: 0.9965
Fold 4, Epoch 142/1000, Precision: 0.9313, Recall: 0.9298, F1-Score: 0.9305, AUC: 0.9989, AUPR: 0.9674
No improvement, patience counter: 12/25
Fold 4, Epoch: 143/1000, Batch: 854, Loss: 0.0008
Fold 4, Epoch 143/1000, Average Train Loss: 0.0012, LR: 0.000000
Fold 4, Epoch 143, Current decision threshold: 0.1001
Fold 4, Epoch 143/1000, Validation Loss: 0.0064, Accuracy: 0.9965
Fold 4, Epoch 143/1000, Precision: 0.9313, Recall: 0.9302, F1-Score: 0.9308, AUC: 0.9989, AUPR: 0.9674
No improvement, patience counter: 13/25
Fold 4, Epoch: 144/1000, Batch: 854, Loss: 0.0011
Fold 4, Epoch 144/1000, Average Train Loss: 0.0012, LR: 0.000000
Fold 4, Epoch 144, Current decision threshold: 0.1001
Fold 4, Epoch 144/1000, Validation Loss: 0.0064, Accuracy: 0.9965
Fold 4, Epoch 144/1000, Precision: 0.9313, Recall: 0.9302, F1-Score: 0.9308, AUC: 0.9989, AUPR: 0.9674
No improvement, patience counter: 14/25
Fold 4, Epoch: 145/1000, Batch: 854, Loss: 0.0022
Fold 4, Epoch 145/1000, Average Train Loss: 0.0012, LR: 0.000000
Epoch 145: Optimal threshold updated to = 0.1002
Fold 4, Epoch 145, Current decision threshold: 0.1002
Fold 4, Epoch 145/1000, Validation Loss: 0.0064, Accuracy: 0.9965
Fold 4, Epoch 145/1000, Precision: 0.9313, Recall: 0.9298, F1-Score: 0.9305, AUC: 0.9989, AUPR: 0.9674
No improvement, patience counter: 15/25
Fold 4, Epoch: 146/1000, Batch: 854, Loss: 0.0041
Fold 4, Epoch 146/1000, Average Train Loss: 0.0012, LR: 0.000000
Fold 4, Epoch 146, Current decision threshold: 0.1002
Fold 4, Epoch 146/1000, Validation Loss: 0.0064, Accuracy: 0.9965
Fold 4, Epoch 146/1000, Precision: 0.9313, Recall: 0.9298, F1-Score: 0.9305, AUC: 0.9989, AUPR: 0.9674
No improvement, patience counter: 16/25
Fold 4, Epoch: 147/1000, Batch: 854, Loss: 0.0015
Fold 4, Epoch 147/1000, Average Train Loss: 0.0012, LR: 0.000000
Fold 4, Epoch 147, Current decision threshold: 0.1002
Fold 4, Epoch 147/1000, Validation Loss: 0.0064, Accuracy: 0.9965
Fold 4, Epoch 147/1000, Precision: 0.9313, Recall: 0.9298, F1-Score: 0.9305, AUC: 0.9989, AUPR: 0.9674
No improvement, patience counter: 17/25
Fold 4, Epoch: 148/1000, Batch: 854, Loss: 0.0003
Fold 4, Epoch 148/1000, Average Train Loss: 0.0012, LR: 0.000000
Fold 4, Epoch 148, Current decision threshold: 0.1002
Fold 4, Epoch 148/1000, Validation Loss: 0.0064, Accuracy: 0.9965
Fold 4, Epoch 148/1000, Precision: 0.9313, Recall: 0.9298, F1-Score: 0.9305, AUC: 0.9989, AUPR: 0.9674
No improvement, patience counter: 18/25
Fold 4, Epoch: 149/1000, Batch: 854, Loss: 0.0021
Fold 4, Epoch 149/1000, Average Train Loss: 0.0012, LR: 0.000000
Fold 4, Epoch 149, Current decision threshold: 0.1002
Fold 4, Epoch 149/1000, Validation Loss: 0.0064, Accuracy: 0.9965
Fold 4, Epoch 149/1000, Precision: 0.9313, Recall: 0.9298, F1-Score: 0.9305, AUC: 0.9989, AUPR: 0.9674
No improvement, patience counter: 19/25
Fold 4, Epoch: 150/1000, Batch: 854, Loss: 0.0003
Fold 4, Epoch 150/1000, Average Train Loss: 0.0012, LR: 0.000000
Epoch 150: Optimal threshold updated to = 0.1001
Fold 4, Epoch 150, Current decision threshold: 0.1001
Fold 4, Epoch 150/1000, Validation Loss: 0.0064, Accuracy: 0.9965
Fold 4, Epoch 150/1000, Precision: 0.9313, Recall: 0.9298, F1-Score: 0.9305, AUC: 0.9989, AUPR: 0.9674
No improvement, patience counter: 20/25
Fold 4, Epoch: 151/1000, Batch: 854, Loss: 0.0020
Fold 4, Epoch 151/1000, Average Train Loss: 0.0012, LR: 0.000000
Fold 4, Epoch 151, Current decision threshold: 0.1001
Fold 4, Epoch 151/1000, Validation Loss: 0.0064, Accuracy: 0.9965
Fold 4, Epoch 151/1000, Precision: 0.9313, Recall: 0.9298, F1-Score: 0.9305, AUC: 0.9989, AUPR: 0.9674
No improvement, patience counter: 21/25
Fold 4, Epoch: 152/1000, Batch: 854, Loss: 0.0004
Fold 4, Epoch 152/1000, Average Train Loss: 0.0012, LR: 0.000000
Fold 4, Epoch 152, Current decision threshold: 0.1001
Fold 4, Epoch 152/1000, Validation Loss: 0.0064, Accuracy: 0.9965
Fold 4, Epoch 152/1000, Precision: 0.9313, Recall: 0.9302, F1-Score: 0.9308, AUC: 0.9989, AUPR: 0.9674
No improvement, patience counter: 22/25
Fold 4, Epoch: 153/1000, Batch: 854, Loss: 0.0006
Fold 4, Epoch 153/1000, Average Train Loss: 0.0012, LR: 0.000000
Fold 4, Epoch 153, Current decision threshold: 0.1001
Fold 4, Epoch 153/1000, Validation Loss: 0.0064, Accuracy: 0.9965
Fold 4, Epoch 153/1000, Precision: 0.9313, Recall: 0.9302, F1-Score: 0.9308, AUC: 0.9989, AUPR: 0.9674
No improvement, patience counter: 23/25
Fold 4, Epoch: 154/1000, Batch: 854, Loss: 0.0007
Fold 4, Epoch 154/1000, Average Train Loss: 0.0012, LR: 0.000000
Fold 4, Epoch 154, Current decision threshold: 0.1001
Fold 4, Epoch 154/1000, Validation Loss: 0.0064, Accuracy: 0.9965
Fold 4, Epoch 154/1000, Precision: 0.9313, Recall: 0.9302, F1-Score: 0.9308, AUC: 0.9989, AUPR: 0.9674
No improvement, patience counter: 24/25
Fold 4, Epoch: 155/1000, Batch: 854, Loss: 0.0005
Fold 4, Epoch 155/1000, Average Train Loss: 0.0012, LR: 0.000000
Epoch 155: Optimal threshold updated to = 0.1003
Fold 4, Epoch 155, Current decision threshold: 0.1003
Fold 4, Epoch 155/1000, Validation Loss: 0.0064, Accuracy: 0.9965
Fold 4, Epoch 155/1000, Precision: 0.9313, Recall: 0.9298, F1-Score: 0.9305, AUC: 0.9989, AUPR: 0.9674
No improvement, patience counter: 25/25
Early stopping at epoch 155
Restored best model, F1: 0.9308, AUC: 0.9989, AUPR: 0.9674
Round 3, Fold 4 best model and threshold 0.1003 saved to D:\SPAN\models\span_round_3_fold_4.pkl
Completed fold 4 in 5-folds, Validation Loss: 0.0064, Accuracy: 0.9965
Completed fold 4 in 5-folds, Precision: 0.9286, Recall: 0.9330, F1-Score: 0.9308, AUC: 0.9989, AUPR: 0.9674
Fold 4 test Finished! - 2026-04-05 02:04:15
======================================================================
Final Results Summary
----------------------------------------------------------------------
AUC         AUPR        Acc         F1          Pre         Recall      
0.9989      0.9674      0.9965      0.9308      0.9286      0.9330      
======================================================================
