Logging for round 6, fold 4 configured to file: D:\SPAN\logs\fafa-round_6-fold_4.log - 2026-04-06 10:16:26
========== Round 6 - Fold 4 Training ==========
current_sys_path: D:\SPAN
device = cuda
Global seed initialized to 42 for reproducibility
Using GPU: NVIDIA GeForce RTX 3060 Laptop GPU
Starting fold 4 in 5-folds
Training data - Positive samples: tensor([44949.]), Negative samples: tensor([392092.])
Fold 4, Epoch: 1/1000, Batch: 854, Loss: 0.0437
Fold 4, Epoch 1/1000, Average Train Loss: 0.0309, LR: 0.000200
Fold 4, Epoch 1, Current decision threshold: 0.2000
Fold 4, Epoch 1/1000, Validation Loss: 0.0135, Accuracy: 0.6578
Fold 4, Epoch 1/1000, Precision: 0.0670, Recall: 0.9980, F1-Score: 0.1256, AUC: 0.9666, AUPR: 0.4074
New best model saved, F1: 0.1256, AUC: 0.9666, AUPR: 0.4074
Fold 4, Epoch: 2/1000, Batch: 854, Loss: 0.0102
Fold 4, Epoch 2/1000, Average Train Loss: 0.0173, LR: 0.000200
Fold 4, Epoch 2, Current decision threshold: 0.2000
Fold 4, Epoch 2/1000, Validation Loss: 0.0090, Accuracy: 0.9713
Fold 4, Epoch 2/1000, Precision: 0.4527, Recall: 0.7798, F1-Score: 0.5728, AUC: 0.9841, AUPR: 0.5685
New best model saved, F1: 0.5728, AUC: 0.9841, AUPR: 0.5685
Fold 4, Epoch: 3/1000, Batch: 854, Loss: 0.0095
Fold 4, Epoch 3/1000, Average Train Loss: 0.0130, LR: 0.000200
Fold 4, Epoch 3, Current decision threshold: 0.2000
Fold 4, Epoch 3/1000, Validation Loss: 0.0073, Accuracy: 0.9814
Fold 4, Epoch 3/1000, Precision: 0.5821, Recall: 0.8676, F1-Score: 0.6967, AUC: 0.9918, AUPR: 0.6999
New best model saved, F1: 0.6967, AUC: 0.9918, AUPR: 0.6999
Fold 4, Epoch: 4/1000, Batch: 854, Loss: 0.0106
Fold 4, Epoch 4/1000, Average Train Loss: 0.0112, LR: 0.000200
Fold 4, Epoch 4, Current decision threshold: 0.2000
Fold 4, Epoch 4/1000, Validation Loss: 0.0071, Accuracy: 0.9843
Fold 4, Epoch 4/1000, Precision: 0.6320, Recall: 0.8671, F1-Score: 0.7312, AUC: 0.9933, AUPR: 0.7395
New best model saved, F1: 0.7312, AUC: 0.9933, AUPR: 0.7395
Fold 4, Epoch: 5/1000, Batch: 854, Loss: 0.0085
Fold 4, Epoch 5/1000, Average Train Loss: 0.0101, LR: 0.000200
Epoch 5: Optimal threshold updated to = 0.1926
Fold 4, Epoch 5, Current decision threshold: 0.1926
Fold 4, Epoch 5/1000, Validation Loss: 0.0073, Accuracy: 0.9884
Fold 4, Epoch 5/1000, Precision: 0.7195, Recall: 0.8663, F1-Score: 0.7861, AUC: 0.9950, AUPR: 0.7947
New best model saved, F1: 0.7861, AUC: 0.9950, AUPR: 0.7947
Fold 4, Epoch: 6/1000, Batch: 854, Loss: 0.0096
Fold 4, Epoch 6/1000, Average Train Loss: 0.0092, LR: 0.000200
Fold 4, Epoch 6, Current decision threshold: 0.1926
Fold 4, Epoch 6/1000, Validation Loss: 0.0071, Accuracy: 0.9895
Fold 4, Epoch 6/1000, Precision: 0.7471, Recall: 0.8692, F1-Score: 0.8035, AUC: 0.9958, AUPR: 0.8226
New best model saved, F1: 0.8035, AUC: 0.9958, AUPR: 0.8226
Fold 4, Epoch: 7/1000, Batch: 854, Loss: 0.0067
Fold 4, Epoch 7/1000, Average Train Loss: 0.0085, LR: 0.000200
Fold 4, Epoch 7, Current decision threshold: 0.1926
Fold 4, Epoch 7/1000, Validation Loss: 0.0062, Accuracy: 0.9900
Fold 4, Epoch 7/1000, Precision: 0.7477, Recall: 0.8981, F1-Score: 0.8160, AUC: 0.9961, AUPR: 0.8412
New best model saved, F1: 0.8160, AUC: 0.9961, AUPR: 0.8412
Fold 4, Epoch: 8/1000, Batch: 854, Loss: 0.0056
Fold 4, Epoch 8/1000, Average Train Loss: 0.0079, LR: 0.000200
Fold 4, Epoch 8, Current decision threshold: 0.1926
Fold 4, Epoch 8/1000, Validation Loss: 0.0063, Accuracy: 0.9913
Fold 4, Epoch 8/1000, Precision: 0.7814, Recall: 0.8965, F1-Score: 0.8350, AUC: 0.9964, AUPR: 0.8518
New best model saved, F1: 0.8350, AUC: 0.9964, AUPR: 0.8518
Fold 4, Epoch: 9/1000, Batch: 854, Loss: 0.0100
Fold 4, Epoch 9/1000, Average Train Loss: 0.0075, LR: 0.000200
Fold 4, Epoch 9, Current decision threshold: 0.1926
Fold 4, Epoch 9/1000, Validation Loss: 0.0088, Accuracy: 0.9916
Fold 4, Epoch 9/1000, Precision: 0.8542, Recall: 0.7951, F1-Score: 0.8236, AUC: 0.9971, AUPR: 0.8699
New best model saved, F1: 0.8236, AUC: 0.9971, AUPR: 0.8699
Fold 4, Epoch: 10/1000, Batch: 854, Loss: 0.0072
Fold 4, Epoch 10/1000, Average Train Loss: 0.0071, LR: 0.000200
Epoch 10: Optimal threshold updated to = 0.1858
Fold 4, Epoch 10, Current decision threshold: 0.1858
Fold 4, Epoch 10/1000, Validation Loss: 0.0067, Accuracy: 0.9925
Fold 4, Epoch 10/1000, Precision: 0.8210, Recall: 0.8897, F1-Score: 0.8539, AUC: 0.9971, AUPR: 0.8739
New best model saved, F1: 0.8539, AUC: 0.9971, AUPR: 0.8739
Fold 4, Epoch: 11/1000, Batch: 854, Loss: 0.0073
Fold 4, Epoch 11/1000, Average Train Loss: 0.0067, LR: 0.000200
Fold 4, Epoch 11, Current decision threshold: 0.1858
Fold 4, Epoch 11/1000, Validation Loss: 0.0061, Accuracy: 0.9923
Fold 4, Epoch 11/1000, Precision: 0.8117, Recall: 0.8957, F1-Score: 0.8517, AUC: 0.9971, AUPR: 0.8824
New best model saved, F1: 0.8517, AUC: 0.9971, AUPR: 0.8824
Fold 4, Epoch: 12/1000, Batch: 854, Loss: 0.0077
Fold 4, Epoch 12/1000, Average Train Loss: 0.0064, LR: 0.000200
Fold 4, Epoch 12, Current decision threshold: 0.1858
Fold 4, Epoch 12/1000, Validation Loss: 0.0070, Accuracy: 0.9928
Fold 4, Epoch 12/1000, Precision: 0.8432, Recall: 0.8680, F1-Score: 0.8554, AUC: 0.9974, AUPR: 0.8872
New best model saved, F1: 0.8554, AUC: 0.9974, AUPR: 0.8872
Fold 4, Epoch: 13/1000, Batch: 854, Loss: 0.0089
Fold 4, Epoch 13/1000, Average Train Loss: 0.0062, LR: 0.000200
Fold 4, Epoch 13, Current decision threshold: 0.1858
Fold 4, Epoch 13/1000, Validation Loss: 0.0071, Accuracy: 0.9929
Fold 4, Epoch 13/1000, Precision: 0.8511, Recall: 0.8607, F1-Score: 0.8559, AUC: 0.9974, AUPR: 0.8947
New best model saved, F1: 0.8559, AUC: 0.9974, AUPR: 0.8947
Fold 4, Epoch: 14/1000, Batch: 854, Loss: 0.0038
Fold 4, Epoch 14/1000, Average Train Loss: 0.0060, LR: 0.000200
Fold 4, Epoch 14, Current decision threshold: 0.1858
Fold 4, Epoch 14/1000, Validation Loss: 0.0065, Accuracy: 0.9931
Fold 4, Epoch 14/1000, Precision: 0.8455, Recall: 0.8788, F1-Score: 0.8618, AUC: 0.9975, AUPR: 0.9022
New best model saved, F1: 0.8618, AUC: 0.9975, AUPR: 0.9022
Fold 4, Epoch: 15/1000, Batch: 854, Loss: 0.0070
Fold 4, Epoch 15/1000, Average Train Loss: 0.0058, LR: 0.000200
Epoch 15: Optimal threshold updated to = 0.1097
Fold 4, Epoch 15, Current decision threshold: 0.1097
Fold 4, Epoch 15/1000, Validation Loss: 0.0083, Accuracy: 0.9935
Fold 4, Epoch 15/1000, Precision: 0.8378, Recall: 0.9106, F1-Score: 0.8727, AUC: 0.9976, AUPR: 0.9036
New best model saved, F1: 0.8727, AUC: 0.9976, AUPR: 0.9036
Fold 4, Epoch: 16/1000, Batch: 854, Loss: 0.0048
Fold 4, Epoch 16/1000, Average Train Loss: 0.0056, LR: 0.000200
Fold 4, Epoch 16, Current decision threshold: 0.1097
Fold 4, Epoch 16/1000, Validation Loss: 0.0069, Accuracy: 0.9929
Fold 4, Epoch 16/1000, Precision: 0.8089, Recall: 0.9336, F1-Score: 0.8668, AUC: 0.9977, AUPR: 0.9061
New best model saved, F1: 0.8668, AUC: 0.9977, AUPR: 0.9061
Fold 4, Epoch: 17/1000, Batch: 854, Loss: 0.0063
Fold 4, Epoch 17/1000, Average Train Loss: 0.0053, LR: 0.000200
Fold 4, Epoch 17, Current decision threshold: 0.1097
Fold 4, Epoch 17/1000, Validation Loss: 0.0064, Accuracy: 0.9928
Fold 4, Epoch 17/1000, Precision: 0.8013, Recall: 0.9400, F1-Score: 0.8651, AUC: 0.9977, AUPR: 0.9115
New best model saved, F1: 0.8651, AUC: 0.9977, AUPR: 0.9115
Fold 4, Epoch: 18/1000, Batch: 854, Loss: 0.0038
Fold 4, Epoch 18/1000, Average Train Loss: 0.0052, LR: 0.000200
Fold 4, Epoch 18, Current decision threshold: 0.1097
Fold 4, Epoch 18/1000, Validation Loss: 0.0057, Accuracy: 0.9930
Fold 4, Epoch 18/1000, Precision: 0.8015, Recall: 0.9509, F1-Score: 0.8698, AUC: 0.9979, AUPR: 0.9166
New best model saved, F1: 0.8698, AUC: 0.9979, AUPR: 0.9166
Fold 4, Epoch: 19/1000, Batch: 854, Loss: 0.0042
Fold 4, Epoch 19/1000, Average Train Loss: 0.0051, LR: 0.000200
Fold 4, Epoch 19, Current decision threshold: 0.1097
Fold 4, Epoch 19/1000, Validation Loss: 0.0074, Accuracy: 0.9940
Fold 4, Epoch 19/1000, Precision: 0.8465, Recall: 0.9255, F1-Score: 0.8842, AUC: 0.9979, AUPR: 0.9212
New best model saved, F1: 0.8842, AUC: 0.9979, AUPR: 0.9212
Fold 4, Epoch: 20/1000, Batch: 854, Loss: 0.0053
Fold 4, Epoch 20/1000, Average Train Loss: 0.0050, LR: 0.000200
Epoch 20: Optimal threshold updated to = 0.1412
Fold 4, Epoch 20, Current decision threshold: 0.1412
Fold 4, Epoch 20/1000, Validation Loss: 0.0072, Accuracy: 0.9939
Fold 4, Epoch 20/1000, Precision: 0.8576, Recall: 0.9042, F1-Score: 0.8803, AUC: 0.9979, AUPR: 0.9149
No improvement, patience counter: 1/25
Fold 4, Epoch: 21/1000, Batch: 854, Loss: 0.0032
Fold 4, Epoch 21/1000, Average Train Loss: 0.0049, LR: 0.000200
Fold 4, Epoch 21, Current decision threshold: 0.1412
Fold 4, Epoch 21/1000, Validation Loss: 0.0069, Accuracy: 0.9937
Fold 4, Epoch 21/1000, Precision: 0.8528, Recall: 0.9002, F1-Score: 0.8758, AUC: 0.9978, AUPR: 0.9185
No improvement, patience counter: 2/25
Fold 4, Epoch: 22/1000, Batch: 854, Loss: 0.0065
Fold 4, Epoch 22/1000, Average Train Loss: 0.0047, LR: 0.000200
Fold 4, Epoch 22, Current decision threshold: 0.1412
Fold 4, Epoch 22/1000, Validation Loss: 0.0066, Accuracy: 0.9943
Fold 4, Epoch 22/1000, Precision: 0.8631, Recall: 0.9138, F1-Score: 0.8878, AUC: 0.9980, AUPR: 0.9213
New best model saved, F1: 0.8878, AUC: 0.9980, AUPR: 0.9213
Fold 4, Epoch: 23/1000, Batch: 854, Loss: 0.0036
Fold 4, Epoch 23/1000, Average Train Loss: 0.0046, LR: 0.000200
Fold 4, Epoch 23, Current decision threshold: 0.1412
Fold 4, Epoch 23/1000, Validation Loss: 0.0066, Accuracy: 0.9939
Fold 4, Epoch 23/1000, Precision: 0.8523, Recall: 0.9086, F1-Score: 0.8796, AUC: 0.9978, AUPR: 0.9152
No improvement, patience counter: 1/25
Fold 4, Epoch: 24/1000, Batch: 854, Loss: 0.0044
Fold 4, Epoch 24/1000, Average Train Loss: 0.0045, LR: 0.000200
Fold 4, Epoch 24, Current decision threshold: 0.1412
Fold 4, Epoch 24/1000, Validation Loss: 0.0064, Accuracy: 0.9942
Fold 4, Epoch 24/1000, Precision: 0.8595, Recall: 0.9134, F1-Score: 0.8856, AUC: 0.9980, AUPR: 0.9232
New best model saved, F1: 0.8856, AUC: 0.9980, AUPR: 0.9232
Fold 4, Epoch: 25/1000, Batch: 854, Loss: 0.0030
Fold 4, Epoch 25/1000, Average Train Loss: 0.0044, LR: 0.000200
Epoch 25: Optimal threshold updated to = 0.1494
Fold 4, Epoch 25, Current decision threshold: 0.1494
Fold 4, Epoch 25/1000, Validation Loss: 0.0060, Accuracy: 0.9945
Fold 4, Epoch 25/1000, Precision: 0.8649, Recall: 0.9223, F1-Score: 0.8927, AUC: 0.9980, AUPR: 0.9272
New best model saved, F1: 0.8927, AUC: 0.9980, AUPR: 0.9272
Fold 4, Epoch: 26/1000, Batch: 854, Loss: 0.0048
Fold 4, Epoch 26/1000, Average Train Loss: 0.0043, LR: 0.000200
Fold 4, Epoch 26, Current decision threshold: 0.1494
Fold 4, Epoch 26/1000, Validation Loss: 0.0068, Accuracy: 0.9948
Fold 4, Epoch 26/1000, Precision: 0.8854, Recall: 0.9050, F1-Score: 0.8951, AUC: 0.9980, AUPR: 0.9254
No improvement, patience counter: 1/25
Fold 4, Epoch: 27/1000, Batch: 854, Loss: 0.0074
Fold 4, Epoch 27/1000, Average Train Loss: 0.0043, LR: 0.000200
Fold 4, Epoch 27, Current decision threshold: 0.1494
Fold 4, Epoch 27/1000, Validation Loss: 0.0082, Accuracy: 0.9947
Fold 4, Epoch 27/1000, Precision: 0.9144, Recall: 0.8647, F1-Score: 0.8889, AUC: 0.9982, AUPR: 0.9289
New best model saved, F1: 0.8889, AUC: 0.9982, AUPR: 0.9289
Fold 4, Epoch: 28/1000, Batch: 854, Loss: 0.0047
Fold 4, Epoch 28/1000, Average Train Loss: 0.0041, LR: 0.000200
Fold 4, Epoch 28, Current decision threshold: 0.1494
Fold 4, Epoch 28/1000, Validation Loss: 0.0078, Accuracy: 0.9947
Fold 4, Epoch 28/1000, Precision: 0.9074, Recall: 0.8760, F1-Score: 0.8914, AUC: 0.9981, AUPR: 0.9308
New best model saved, F1: 0.8914, AUC: 0.9981, AUPR: 0.9308
Fold 4, Epoch: 29/1000, Batch: 854, Loss: 0.0012
Fold 4, Epoch 29/1000, Average Train Loss: 0.0041, LR: 0.000200
Fold 4, Epoch 29, Current decision threshold: 0.1494
Fold 4, Epoch 29/1000, Validation Loss: 0.0062, Accuracy: 0.9949
Fold 4, Epoch 29/1000, Precision: 0.8829, Recall: 0.9134, F1-Score: 0.8979, AUC: 0.9982, AUPR: 0.9353
New best model saved, F1: 0.8979, AUC: 0.9982, AUPR: 0.9353
Fold 4, Epoch: 30/1000, Batch: 854, Loss: 0.0048
Fold 4, Epoch 30/1000, Average Train Loss: 0.0040, LR: 0.000200
Epoch 30: Optimal threshold updated to = 0.1307
Fold 4, Epoch 30, Current decision threshold: 0.1307
Fold 4, Epoch 30/1000, Validation Loss: 0.0067, Accuracy: 0.9947
Fold 4, Epoch 30/1000, Precision: 0.8729, Recall: 0.9203, F1-Score: 0.8959, AUC: 0.9980, AUPR: 0.9234
No improvement, patience counter: 1/25
Fold 4, Epoch: 31/1000, Batch: 854, Loss: 0.0048
Fold 4, Epoch 31/1000, Average Train Loss: 0.0040, LR: 0.000200
Fold 4, Epoch 31, Current decision threshold: 0.1307
Fold 4, Epoch 31/1000, Validation Loss: 0.0064, Accuracy: 0.9943
Fold 4, Epoch 31/1000, Precision: 0.8556, Recall: 0.9231, F1-Score: 0.8881, AUC: 0.9979, AUPR: 0.9212
No improvement, patience counter: 2/25
Fold 4, Epoch: 32/1000, Batch: 854, Loss: 0.0036
Fold 4, Epoch 32/1000, Average Train Loss: 0.0038, LR: 0.000200
Fold 4, Epoch 32, Current decision threshold: 0.1307
Fold 4, Epoch 32/1000, Validation Loss: 0.0059, Accuracy: 0.9943
Fold 4, Epoch 32/1000, Precision: 0.8521, Recall: 0.9324, F1-Score: 0.8904, AUC: 0.9980, AUPR: 0.9283
No improvement, patience counter: 3/25
Fold 4, Epoch: 33/1000, Batch: 854, Loss: 0.0015
Fold 4, Epoch 33/1000, Average Train Loss: 0.0037, LR: 0.000200
Fold 4, Epoch 33, Current decision threshold: 0.1307
Fold 4, Epoch 33/1000, Validation Loss: 0.0075, Accuracy: 0.9946
Fold 4, Epoch 33/1000, Precision: 0.8803, Recall: 0.9034, F1-Score: 0.8917, AUC: 0.9980, AUPR: 0.9265
No improvement, patience counter: 4/25
Fold 4, Epoch: 34/1000, Batch: 854, Loss: 0.0026
Fold 4, Epoch 34/1000, Average Train Loss: 0.0033, LR: 0.000100
Fold 4, Epoch 34, Current decision threshold: 0.1307
Fold 4, Epoch 34/1000, Validation Loss: 0.0067, Accuracy: 0.9950
Fold 4, Epoch 34/1000, Precision: 0.8862, Recall: 0.9155, F1-Score: 0.9006, AUC: 0.9982, AUPR: 0.9313
No improvement, patience counter: 5/25
Fold 4, Epoch: 35/1000, Batch: 854, Loss: 0.0039
Fold 4, Epoch 35/1000, Average Train Loss: 0.0032, LR: 0.000100
Epoch 35: Optimal threshold updated to = 0.0853
Fold 4, Epoch 35, Current decision threshold: 0.0853
Fold 4, Epoch 35/1000, Validation Loss: 0.0074, Accuracy: 0.9951
Fold 4, Epoch 35/1000, Precision: 0.8746, Recall: 0.9348, F1-Score: 0.9037, AUC: 0.9983, AUPR: 0.9357
New best model saved, F1: 0.9037, AUC: 0.9983, AUPR: 0.9357
Fold 4, Epoch: 36/1000, Batch: 854, Loss: 0.0031
Fold 4, Epoch 36/1000, Average Train Loss: 0.0031, LR: 0.000100
Fold 4, Epoch 36, Current decision threshold: 0.0853
Fold 4, Epoch 36/1000, Validation Loss: 0.0064, Accuracy: 0.9949
Fold 4, Epoch 36/1000, Precision: 0.8620, Recall: 0.9452, F1-Score: 0.9017, AUC: 0.9984, AUPR: 0.9403
New best model saved, F1: 0.9017, AUC: 0.9984, AUPR: 0.9403
Fold 4, Epoch: 37/1000, Batch: 854, Loss: 0.0063
Fold 4, Epoch 37/1000, Average Train Loss: 0.0031, LR: 0.000100
Fold 4, Epoch 37, Current decision threshold: 0.0853
Fold 4, Epoch 37/1000, Validation Loss: 0.0067, Accuracy: 0.9944
Fold 4, Epoch 37/1000, Precision: 0.8529, Recall: 0.9360, F1-Score: 0.8925, AUC: 0.9982, AUPR: 0.9359
No improvement, patience counter: 1/25
Fold 4, Epoch: 38/1000, Batch: 854, Loss: 0.0021
Fold 4, Epoch 38/1000, Average Train Loss: 0.0030, LR: 0.000100
Fold 4, Epoch 38, Current decision threshold: 0.0853
Fold 4, Epoch 38/1000, Validation Loss: 0.0076, Accuracy: 0.9953
Fold 4, Epoch 38/1000, Precision: 0.8835, Recall: 0.9308, F1-Score: 0.9065, AUC: 0.9984, AUPR: 0.9407
New best model saved, F1: 0.9065, AUC: 0.9984, AUPR: 0.9407
Fold 4, Epoch: 39/1000, Batch: 854, Loss: 0.0022
Fold 4, Epoch 39/1000, Average Train Loss: 0.0030, LR: 0.000100
Fold 4, Epoch 39, Current decision threshold: 0.0853
Fold 4, Epoch 39/1000, Validation Loss: 0.0074, Accuracy: 0.9950
Fold 4, Epoch 39/1000, Precision: 0.8751, Recall: 0.9312, F1-Score: 0.9023, AUC: 0.9983, AUPR: 0.9366
No improvement, patience counter: 1/25
Fold 4, Epoch: 40/1000, Batch: 854, Loss: 0.0019
Fold 4, Epoch 40/1000, Average Train Loss: 0.0030, LR: 0.000100
Epoch 40: Optimal threshold updated to = 0.1242
Fold 4, Epoch 40, Current decision threshold: 0.1242
Fold 4, Epoch 40/1000, Validation Loss: 0.0076, Accuracy: 0.9957
Fold 4, Epoch 40/1000, Precision: 0.9182, Recall: 0.9082, F1-Score: 0.9132, AUC: 0.9985, AUPR: 0.9432
New best model saved, F1: 0.9132, AUC: 0.9985, AUPR: 0.9432
Fold 4, Epoch: 41/1000, Batch: 854, Loss: 0.0044
Fold 4, Epoch 41/1000, Average Train Loss: 0.0030, LR: 0.000100
Fold 4, Epoch 41, Current decision threshold: 0.1242
Fold 4, Epoch 41/1000, Validation Loss: 0.0073, Accuracy: 0.9953
Fold 4, Epoch 41/1000, Precision: 0.9007, Recall: 0.9090, F1-Score: 0.9048, AUC: 0.9983, AUPR: 0.9383
No improvement, patience counter: 1/25
Fold 4, Epoch: 42/1000, Batch: 854, Loss: 0.0030
Fold 4, Epoch 42/1000, Average Train Loss: 0.0029, LR: 0.000100
Fold 4, Epoch 42, Current decision threshold: 0.1242
Fold 4, Epoch 42/1000, Validation Loss: 0.0068, Accuracy: 0.9954
Fold 4, Epoch 42/1000, Precision: 0.8941, Recall: 0.9207, F1-Score: 0.9072, AUC: 0.9984, AUPR: 0.9410
No improvement, patience counter: 2/25
Fold 4, Epoch: 43/1000, Batch: 854, Loss: 0.0045
Fold 4, Epoch 43/1000, Average Train Loss: 0.0029, LR: 0.000100
Fold 4, Epoch 43, Current decision threshold: 0.1242
Fold 4, Epoch 43/1000, Validation Loss: 0.0072, Accuracy: 0.9957
Fold 4, Epoch 43/1000, Precision: 0.9103, Recall: 0.9155, F1-Score: 0.9129, AUC: 0.9984, AUPR: 0.9414
No improvement, patience counter: 3/25
Fold 4, Epoch: 44/1000, Batch: 854, Loss: 0.0022
Fold 4, Epoch 44/1000, Average Train Loss: 0.0028, LR: 0.000100
Fold 4, Epoch 44, Current decision threshold: 0.1242
Fold 4, Epoch 44/1000, Validation Loss: 0.0085, Accuracy: 0.9952
Fold 4, Epoch 44/1000, Precision: 0.9207, Recall: 0.8833, F1-Score: 0.9016, AUC: 0.9984, AUPR: 0.9397
No improvement, patience counter: 4/25
Fold 4, Epoch: 45/1000, Batch: 854, Loss: 0.0048
Fold 4, Epoch 45/1000, Average Train Loss: 0.0026, LR: 0.000050
Epoch 45: Optimal threshold updated to = 0.1243
Fold 4, Epoch 45, Current decision threshold: 0.1243
Fold 4, Epoch 45/1000, Validation Loss: 0.0068, Accuracy: 0.9957
Fold 4, Epoch 45/1000, Precision: 0.9078, Recall: 0.9191, F1-Score: 0.9134, AUC: 0.9985, AUPR: 0.9451
New best model saved, F1: 0.9134, AUC: 0.9985, AUPR: 0.9451
Fold 4, Epoch: 46/1000, Batch: 854, Loss: 0.0075
Fold 4, Epoch 46/1000, Average Train Loss: 0.0025, LR: 0.000050
Fold 4, Epoch 46, Current decision threshold: 0.1243
Fold 4, Epoch 46/1000, Validation Loss: 0.0069, Accuracy: 0.9956
Fold 4, Epoch 46/1000, Precision: 0.9087, Recall: 0.9138, F1-Score: 0.9113, AUC: 0.9985, AUPR: 0.9427
No improvement, patience counter: 1/25
Fold 4, Epoch: 47/1000, Batch: 854, Loss: 0.0067
Fold 4, Epoch 47/1000, Average Train Loss: 0.0025, LR: 0.000050
Fold 4, Epoch 47, Current decision threshold: 0.1243
Fold 4, Epoch 47/1000, Validation Loss: 0.0070, Accuracy: 0.9956
Fold 4, Epoch 47/1000, Precision: 0.9108, Recall: 0.9126, F1-Score: 0.9117, AUC: 0.9984, AUPR: 0.9426
No improvement, patience counter: 2/25
Fold 4, Epoch: 48/1000, Batch: 854, Loss: 0.0011
Fold 4, Epoch 48/1000, Average Train Loss: 0.0025, LR: 0.000050
Fold 4, Epoch 48, Current decision threshold: 0.1243
Fold 4, Epoch 48/1000, Validation Loss: 0.0076, Accuracy: 0.9955
Fold 4, Epoch 48/1000, Precision: 0.9161, Recall: 0.9014, F1-Score: 0.9087, AUC: 0.9985, AUPR: 0.9441
No improvement, patience counter: 3/25
Fold 4, Epoch: 49/1000, Batch: 854, Loss: 0.0022
Fold 4, Epoch 49/1000, Average Train Loss: 0.0025, LR: 0.000050
Fold 4, Epoch 49, Current decision threshold: 0.1243
Fold 4, Epoch 49/1000, Validation Loss: 0.0078, Accuracy: 0.9956
Fold 4, Epoch 49/1000, Precision: 0.9243, Recall: 0.8945, F1-Score: 0.9092, AUC: 0.9985, AUPR: 0.9473
New best model saved, F1: 0.9092, AUC: 0.9985, AUPR: 0.9473
Fold 4, Epoch: 50/1000, Batch: 854, Loss: 0.0026
Fold 4, Epoch 50/1000, Average Train Loss: 0.0025, LR: 0.000050
Epoch 50: Optimal threshold updated to = 0.0836
Fold 4, Epoch 50, Current decision threshold: 0.0836
Fold 4, Epoch 50/1000, Validation Loss: 0.0078, Accuracy: 0.9958
Fold 4, Epoch 50/1000, Precision: 0.9036, Recall: 0.9279, F1-Score: 0.9156, AUC: 0.9986, AUPR: 0.9473
New best model saved, F1: 0.9156, AUC: 0.9986, AUPR: 0.9473
Fold 4, Epoch: 51/1000, Batch: 854, Loss: 0.0014
Fold 4, Epoch 51/1000, Average Train Loss: 0.0024, LR: 0.000050
Fold 4, Epoch 51, Current decision threshold: 0.0836
Fold 4, Epoch 51/1000, Validation Loss: 0.0079, Accuracy: 0.9956
Fold 4, Epoch 51/1000, Precision: 0.9002, Recall: 0.9259, F1-Score: 0.9129, AUC: 0.9984, AUPR: 0.9439
No improvement, patience counter: 1/25
Fold 4, Epoch: 52/1000, Batch: 854, Loss: 0.0029
Fold 4, Epoch 52/1000, Average Train Loss: 0.0024, LR: 0.000050
Fold 4, Epoch 52, Current decision threshold: 0.0836
Fold 4, Epoch 52/1000, Validation Loss: 0.0075, Accuracy: 0.9956
Fold 4, Epoch 52/1000, Precision: 0.8970, Recall: 0.9295, F1-Score: 0.9130, AUC: 0.9985, AUPR: 0.9448
No improvement, patience counter: 2/25
Fold 4, Epoch: 53/1000, Batch: 854, Loss: 0.0019
Fold 4, Epoch 53/1000, Average Train Loss: 0.0024, LR: 0.000050
Fold 4, Epoch 53, Current decision threshold: 0.0836
Fold 4, Epoch 53/1000, Validation Loss: 0.0077, Accuracy: 0.9957
Fold 4, Epoch 53/1000, Precision: 0.9011, Recall: 0.9275, F1-Score: 0.9141, AUC: 0.9985, AUPR: 0.9454
No improvement, patience counter: 3/25
Fold 4, Epoch: 54/1000, Batch: 854, Loss: 0.0007
Fold 4, Epoch 54/1000, Average Train Loss: 0.0024, LR: 0.000050
Fold 4, Epoch 54, Current decision threshold: 0.0836
Fold 4, Epoch 54/1000, Validation Loss: 0.0077, Accuracy: 0.9958
Fold 4, Epoch 54/1000, Precision: 0.9044, Recall: 0.9287, F1-Score: 0.9164, AUC: 0.9985, AUPR: 0.9461
No improvement, patience counter: 4/25
Fold 4, Epoch: 55/1000, Batch: 854, Loss: 0.0022
Fold 4, Epoch 55/1000, Average Train Loss: 0.0023, LR: 0.000025
Epoch 55: Optimal threshold updated to = 0.1089
Fold 4, Epoch 55, Current decision threshold: 0.1089
Fold 4, Epoch 55/1000, Validation Loss: 0.0072, Accuracy: 0.9959
Fold 4, Epoch 55/1000, Precision: 0.9140, Recall: 0.9195, F1-Score: 0.9167, AUC: 0.9985, AUPR: 0.9469
No improvement, patience counter: 5/25
Fold 4, Epoch: 56/1000, Batch: 854, Loss: 0.0017
Fold 4, Epoch 56/1000, Average Train Loss: 0.0022, LR: 0.000025
Fold 4, Epoch 56, Current decision threshold: 0.1089
Fold 4, Epoch 56/1000, Validation Loss: 0.0079, Accuracy: 0.9958
Fold 4, Epoch 56/1000, Precision: 0.9215, Recall: 0.9078, F1-Score: 0.9146, AUC: 0.9985, AUPR: 0.9478
New best model saved, F1: 0.9146, AUC: 0.9985, AUPR: 0.9478
Fold 4, Epoch: 57/1000, Batch: 854, Loss: 0.0030
Fold 4, Epoch 57/1000, Average Train Loss: 0.0022, LR: 0.000025
Fold 4, Epoch 57, Current decision threshold: 0.1089
Fold 4, Epoch 57/1000, Validation Loss: 0.0078, Accuracy: 0.9957
Fold 4, Epoch 57/1000, Precision: 0.9160, Recall: 0.9090, F1-Score: 0.9125, AUC: 0.9985, AUPR: 0.9472
No improvement, patience counter: 1/25
Fold 4, Epoch: 58/1000, Batch: 854, Loss: 0.0034
Fold 4, Epoch 58/1000, Average Train Loss: 0.0022, LR: 0.000025
Fold 4, Epoch 58, Current decision threshold: 0.1089
Fold 4, Epoch 58/1000, Validation Loss: 0.0075, Accuracy: 0.9958
Fold 4, Epoch 58/1000, Precision: 0.9153, Recall: 0.9134, F1-Score: 0.9144, AUC: 0.9985, AUPR: 0.9471
No improvement, patience counter: 2/25
Fold 4, Epoch: 59/1000, Batch: 854, Loss: 0.0051
Fold 4, Epoch 59/1000, Average Train Loss: 0.0022, LR: 0.000025
Fold 4, Epoch 59, Current decision threshold: 0.1089
Fold 4, Epoch 59/1000, Validation Loss: 0.0074, Accuracy: 0.9959
Fold 4, Epoch 59/1000, Precision: 0.9163, Recall: 0.9167, F1-Score: 0.9165, AUC: 0.9985, AUPR: 0.9490
New best model saved, F1: 0.9165, AUC: 0.9985, AUPR: 0.9490
Fold 4, Epoch: 60/1000, Batch: 854, Loss: 0.0027
Fold 4, Epoch 60/1000, Average Train Loss: 0.0022, LR: 0.000025
Epoch 60: Optimal threshold updated to = 0.0685
Fold 4, Epoch 60, Current decision threshold: 0.0685
Fold 4, Epoch 60/1000, Validation Loss: 0.0077, Accuracy: 0.9958
Fold 4, Epoch 60/1000, Precision: 0.8960, Recall: 0.9368, F1-Score: 0.9160, AUC: 0.9985, AUPR: 0.9479
No improvement, patience counter: 1/25
Fold 4, Epoch: 61/1000, Batch: 854, Loss: 0.0010
Fold 4, Epoch 61/1000, Average Train Loss: 0.0022, LR: 0.000025
Fold 4, Epoch 61, Current decision threshold: 0.0685
Fold 4, Epoch 61/1000, Validation Loss: 0.0082, Accuracy: 0.9956
Fold 4, Epoch 61/1000, Precision: 0.8971, Recall: 0.9300, F1-Score: 0.9132, AUC: 0.9986, AUPR: 0.9486
No improvement, patience counter: 2/25
Fold 4, Epoch: 62/1000, Batch: 854, Loss: 0.0022
Fold 4, Epoch 62/1000, Average Train Loss: 0.0022, LR: 0.000025
Fold 4, Epoch 62, Current decision threshold: 0.0685
Fold 4, Epoch 62/1000, Validation Loss: 0.0076, Accuracy: 0.9956
Fold 4, Epoch 62/1000, Precision: 0.8910, Recall: 0.9380, F1-Score: 0.9139, AUC: 0.9985, AUPR: 0.9479
No improvement, patience counter: 3/25
Fold 4, Epoch: 63/1000, Batch: 854, Loss: 0.0014
Fold 4, Epoch 63/1000, Average Train Loss: 0.0022, LR: 0.000025
Fold 4, Epoch 63, Current decision threshold: 0.0685
Fold 4, Epoch 63/1000, Validation Loss: 0.0079, Accuracy: 0.9957
Fold 4, Epoch 63/1000, Precision: 0.8945, Recall: 0.9348, F1-Score: 0.9142, AUC: 0.9985, AUPR: 0.9481
No improvement, patience counter: 4/25
Fold 4, Epoch: 64/1000, Batch: 854, Loss: 0.0030
Fold 4, Epoch 64/1000, Average Train Loss: 0.0021, LR: 0.000013
Fold 4, Epoch 64, Current decision threshold: 0.0685
Fold 4, Epoch 64/1000, Validation Loss: 0.0076, Accuracy: 0.9957
Fold 4, Epoch 64/1000, Precision: 0.8943, Recall: 0.9368, F1-Score: 0.9151, AUC: 0.9985, AUPR: 0.9495
New best model saved, F1: 0.9151, AUC: 0.9985, AUPR: 0.9495
Fold 4, Epoch: 65/1000, Batch: 854, Loss: 0.0008
Fold 4, Epoch 65/1000, Average Train Loss: 0.0021, LR: 0.000013
Epoch 65: Optimal threshold updated to = 0.0867
Fold 4, Epoch 65, Current decision threshold: 0.0867
Fold 4, Epoch 65/1000, Validation Loss: 0.0076, Accuracy: 0.9959
Fold 4, Epoch 65/1000, Precision: 0.9091, Recall: 0.9255, F1-Score: 0.9172, AUC: 0.9985, AUPR: 0.9492
New best model saved, F1: 0.9172, AUC: 0.9985, AUPR: 0.9492
Fold 4, Epoch: 66/1000, Batch: 854, Loss: 0.0038
Fold 4, Epoch 66/1000, Average Train Loss: 0.0020, LR: 0.000013
Fold 4, Epoch 66, Current decision threshold: 0.0867
Fold 4, Epoch 66/1000, Validation Loss: 0.0074, Accuracy: 0.9958
Fold 4, Epoch 66/1000, Precision: 0.9033, Recall: 0.9283, F1-Score: 0.9156, AUC: 0.9986, AUPR: 0.9492
No improvement, patience counter: 1/25
Fold 4, Epoch: 67/1000, Batch: 854, Loss: 0.0027
Fold 4, Epoch 67/1000, Average Train Loss: 0.0021, LR: 0.000013
Fold 4, Epoch 67, Current decision threshold: 0.0867
Fold 4, Epoch 67/1000, Validation Loss: 0.0077, Accuracy: 0.9958
Fold 4, Epoch 67/1000, Precision: 0.9065, Recall: 0.9255, F1-Score: 0.9159, AUC: 0.9985, AUPR: 0.9486
No improvement, patience counter: 2/25
Fold 4, Epoch: 68/1000, Batch: 854, Loss: 0.0017
Fold 4, Epoch 68/1000, Average Train Loss: 0.0020, LR: 0.000013
Fold 4, Epoch 68, Current decision threshold: 0.0867
Fold 4, Epoch 68/1000, Validation Loss: 0.0076, Accuracy: 0.9958
Fold 4, Epoch 68/1000, Precision: 0.9053, Recall: 0.9275, F1-Score: 0.9163, AUC: 0.9986, AUPR: 0.9490
No improvement, patience counter: 3/25
Fold 4, Epoch: 69/1000, Batch: 854, Loss: 0.0013
Fold 4, Epoch 69/1000, Average Train Loss: 0.0021, LR: 0.000013
Fold 4, Epoch 69, Current decision threshold: 0.0867
Fold 4, Epoch 69/1000, Validation Loss: 0.0075, Accuracy: 0.9959
Fold 4, Epoch 69/1000, Precision: 0.9054, Recall: 0.9287, F1-Score: 0.9169, AUC: 0.9986, AUPR: 0.9489
No improvement, patience counter: 4/25
Fold 4, Epoch: 70/1000, Batch: 854, Loss: 0.0035
Fold 4, Epoch 70/1000, Average Train Loss: 0.0021, LR: 0.000006
Epoch 70: Optimal threshold updated to = 0.0763
Fold 4, Epoch 70, Current decision threshold: 0.0763
Fold 4, Epoch 70/1000, Validation Loss: 0.0078, Accuracy: 0.9959
Fold 4, Epoch 70/1000, Precision: 0.9039, Recall: 0.9316, F1-Score: 0.9175, AUC: 0.9985, AUPR: 0.9481
No improvement, patience counter: 5/25
Fold 4, Epoch: 71/1000, Batch: 854, Loss: 0.0021
Fold 4, Epoch 71/1000, Average Train Loss: 0.0020, LR: 0.000006
Fold 4, Epoch 71, Current decision threshold: 0.0763
Fold 4, Epoch 71/1000, Validation Loss: 0.0074, Accuracy: 0.9958
Fold 4, Epoch 71/1000, Precision: 0.8976, Recall: 0.9352, F1-Score: 0.9160, AUC: 0.9986, AUPR: 0.9493
No improvement, patience counter: 6/25
Fold 4, Epoch: 72/1000, Batch: 854, Loss: 0.0004
Fold 4, Epoch 72/1000, Average Train Loss: 0.0020, LR: 0.000006
Fold 4, Epoch 72, Current decision threshold: 0.0763
Fold 4, Epoch 72/1000, Validation Loss: 0.0077, Accuracy: 0.9958
Fold 4, Epoch 72/1000, Precision: 0.9019, Recall: 0.9324, F1-Score: 0.9169, AUC: 0.9986, AUPR: 0.9492
No improvement, patience counter: 7/25
Fold 4, Epoch: 73/1000, Batch: 854, Loss: 0.0037
Fold 4, Epoch 73/1000, Average Train Loss: 0.0020, LR: 0.000006
Fold 4, Epoch 73, Current decision threshold: 0.0763
Fold 4, Epoch 73/1000, Validation Loss: 0.0076, Accuracy: 0.9958
Fold 4, Epoch 73/1000, Precision: 0.9013, Recall: 0.9336, F1-Score: 0.9171, AUC: 0.9986, AUPR: 0.9491
No improvement, patience counter: 8/25
Fold 4, Epoch: 74/1000, Batch: 854, Loss: 0.0038
Fold 4, Epoch 74/1000, Average Train Loss: 0.0020, LR: 0.000003
Fold 4, Epoch 74, Current decision threshold: 0.0763
Fold 4, Epoch 74/1000, Validation Loss: 0.0076, Accuracy: 0.9959
Fold 4, Epoch 74/1000, Precision: 0.9027, Recall: 0.9336, F1-Score: 0.9179, AUC: 0.9986, AUPR: 0.9496
New best model saved, F1: 0.9179, AUC: 0.9986, AUPR: 0.9496
Fold 4, Epoch: 75/1000, Batch: 854, Loss: 0.0018
Fold 4, Epoch 75/1000, Average Train Loss: 0.0020, LR: 0.000003
Epoch 75: Optimal threshold updated to = 0.0844
Fold 4, Epoch 75, Current decision threshold: 0.0844
Fold 4, Epoch 75/1000, Validation Loss: 0.0078, Accuracy: 0.9960
Fold 4, Epoch 75/1000, Precision: 0.9100, Recall: 0.9283, F1-Score: 0.9191, AUC: 0.9986, AUPR: 0.9493
New best model saved, F1: 0.9191, AUC: 0.9986, AUPR: 0.9493
Fold 4, Epoch: 76/1000, Batch: 854, Loss: 0.0038
Fold 4, Epoch 76/1000, Average Train Loss: 0.0020, LR: 0.000003
Fold 4, Epoch 76, Current decision threshold: 0.0844
Fold 4, Epoch 76/1000, Validation Loss: 0.0076, Accuracy: 0.9959
Fold 4, Epoch 76/1000, Precision: 0.9063, Recall: 0.9304, F1-Score: 0.9182, AUC: 0.9986, AUPR: 0.9495
No improvement, patience counter: 1/25
Fold 4, Epoch: 77/1000, Batch: 854, Loss: 0.0008
Fold 4, Epoch 77/1000, Average Train Loss: 0.0020, LR: 0.000003
Fold 4, Epoch 77, Current decision threshold: 0.0844
Fold 4, Epoch 77/1000, Validation Loss: 0.0078, Accuracy: 0.9959
Fold 4, Epoch 77/1000, Precision: 0.9086, Recall: 0.9279, F1-Score: 0.9181, AUC: 0.9986, AUPR: 0.9494
No improvement, patience counter: 2/25
Fold 4, Epoch: 78/1000, Batch: 854, Loss: 0.0019
Fold 4, Epoch 78/1000, Average Train Loss: 0.0020, LR: 0.000003
Fold 4, Epoch 78, Current decision threshold: 0.0844
Fold 4, Epoch 78/1000, Validation Loss: 0.0077, Accuracy: 0.9959
Fold 4, Epoch 78/1000, Precision: 0.9083, Recall: 0.9291, F1-Score: 0.9186, AUC: 0.9986, AUPR: 0.9494
No improvement, patience counter: 3/25
Fold 4, Epoch: 79/1000, Batch: 854, Loss: 0.0005
Fold 4, Epoch 79/1000, Average Train Loss: 0.0020, LR: 0.000002
Fold 4, Epoch 79, Current decision threshold: 0.0844
Fold 4, Epoch 79/1000, Validation Loss: 0.0077, Accuracy: 0.9959
Fold 4, Epoch 79/1000, Precision: 0.9086, Recall: 0.9287, F1-Score: 0.9186, AUC: 0.9986, AUPR: 0.9494
No improvement, patience counter: 4/25
Fold 4, Epoch: 80/1000, Batch: 854, Loss: 0.0026
Fold 4, Epoch 80/1000, Average Train Loss: 0.0020, LR: 0.000002
Epoch 80: Optimal threshold updated to = 0.0904
Fold 4, Epoch 80, Current decision threshold: 0.0904
Fold 4, Epoch 80/1000, Validation Loss: 0.0076, Accuracy: 0.9960
Fold 4, Epoch 80/1000, Precision: 0.9103, Recall: 0.9271, F1-Score: 0.9186, AUC: 0.9986, AUPR: 0.9495
New best model saved, F1: 0.9186, AUC: 0.9986, AUPR: 0.9495
Fold 4, Epoch: 81/1000, Batch: 854, Loss: 0.0029
Fold 4, Epoch 81/1000, Average Train Loss: 0.0020, LR: 0.000002
Fold 4, Epoch 81, Current decision threshold: 0.0904
Fold 4, Epoch 81/1000, Validation Loss: 0.0077, Accuracy: 0.9959
Fold 4, Epoch 81/1000, Precision: 0.9111, Recall: 0.9247, F1-Score: 0.9179, AUC: 0.9986, AUPR: 0.9497
New best model saved, F1: 0.9179, AUC: 0.9986, AUPR: 0.9497
Fold 4, Epoch: 82/1000, Batch: 854, Loss: 0.0011
Fold 4, Epoch 82/1000, Average Train Loss: 0.0020, LR: 0.000002
Fold 4, Epoch 82, Current decision threshold: 0.0904
Fold 4, Epoch 82/1000, Validation Loss: 0.0077, Accuracy: 0.9959
Fold 4, Epoch 82/1000, Precision: 0.9112, Recall: 0.9251, F1-Score: 0.9181, AUC: 0.9986, AUPR: 0.9496
No improvement, patience counter: 1/25
Fold 4, Epoch: 83/1000, Batch: 854, Loss: 0.0008
Fold 4, Epoch 83/1000, Average Train Loss: 0.0020, LR: 0.000001
Fold 4, Epoch 83, Current decision threshold: 0.0904
Fold 4, Epoch 83/1000, Validation Loss: 0.0076, Accuracy: 0.9959
Fold 4, Epoch 83/1000, Precision: 0.9105, Recall: 0.9255, F1-Score: 0.9179, AUC: 0.9986, AUPR: 0.9495
No improvement, patience counter: 2/25
Fold 4, Epoch: 84/1000, Batch: 854, Loss: 0.0044
Fold 4, Epoch 84/1000, Average Train Loss: 0.0019, LR: 0.000001
Fold 4, Epoch 84, Current decision threshold: 0.0904
Fold 4, Epoch 84/1000, Validation Loss: 0.0077, Accuracy: 0.9959
Fold 4, Epoch 84/1000, Precision: 0.9102, Recall: 0.9259, F1-Score: 0.9180, AUC: 0.9986, AUPR: 0.9496
No improvement, patience counter: 3/25
Fold 4, Epoch: 85/1000, Batch: 854, Loss: 0.0015
Fold 4, Epoch 85/1000, Average Train Loss: 0.0020, LR: 0.000001
Epoch 85: Optimal threshold updated to = 0.0854
Fold 4, Epoch 85, Current decision threshold: 0.0854
Fold 4, Epoch 85/1000, Validation Loss: 0.0076, Accuracy: 0.9960
Fold 4, Epoch 85/1000, Precision: 0.9091, Recall: 0.9304, F1-Score: 0.9196, AUC: 0.9986, AUPR: 0.9496
New best model saved, F1: 0.9196, AUC: 0.9986, AUPR: 0.9496
Fold 4, Epoch: 86/1000, Batch: 854, Loss: 0.0075
Fold 4, Epoch 86/1000, Average Train Loss: 0.0020, LR: 0.000001
Fold 4, Epoch 86, Current decision threshold: 0.0854
Fold 4, Epoch 86/1000, Validation Loss: 0.0076, Accuracy: 0.9960
Fold 4, Epoch 86/1000, Precision: 0.9094, Recall: 0.9295, F1-Score: 0.9194, AUC: 0.9986, AUPR: 0.9496
No improvement, patience counter: 1/25
Fold 4, Epoch: 87/1000, Batch: 854, Loss: 0.0022
Fold 4, Epoch 87/1000, Average Train Loss: 0.0020, LR: 0.000001
Fold 4, Epoch 87, Current decision threshold: 0.0854
Fold 4, Epoch 87/1000, Validation Loss: 0.0076, Accuracy: 0.9960
Fold 4, Epoch 87/1000, Precision: 0.9091, Recall: 0.9295, F1-Score: 0.9192, AUC: 0.9986, AUPR: 0.9497
No improvement, patience counter: 2/25
Fold 4, Epoch: 88/1000, Batch: 854, Loss: 0.0018
Fold 4, Epoch 88/1000, Average Train Loss: 0.0020, LR: 0.000001
Fold 4, Epoch 88, Current decision threshold: 0.0854
Fold 4, Epoch 88/1000, Validation Loss: 0.0077, Accuracy: 0.9960
Fold 4, Epoch 88/1000, Precision: 0.9096, Recall: 0.9279, F1-Score: 0.9187, AUC: 0.9986, AUPR: 0.9496
No improvement, patience counter: 3/25
Fold 4, Epoch: 89/1000, Batch: 854, Loss: 0.0029
Fold 4, Epoch 89/1000, Average Train Loss: 0.0019, LR: 0.000001
Fold 4, Epoch 89, Current decision threshold: 0.0854
Fold 4, Epoch 89/1000, Validation Loss: 0.0077, Accuracy: 0.9960
Fold 4, Epoch 89/1000, Precision: 0.9090, Recall: 0.9287, F1-Score: 0.9188, AUC: 0.9986, AUPR: 0.9496
No improvement, patience counter: 4/25
Fold 4, Epoch: 90/1000, Batch: 854, Loss: 0.0040
Fold 4, Epoch 90/1000, Average Train Loss: 0.0020, LR: 0.000000
Epoch 90: Optimal threshold updated to = 0.0834
Fold 4, Epoch 90, Current decision threshold: 0.0834
Fold 4, Epoch 90/1000, Validation Loss: 0.0077, Accuracy: 0.9960
Fold 4, Epoch 90/1000, Precision: 0.9077, Recall: 0.9304, F1-Score: 0.9189, AUC: 0.9986, AUPR: 0.9496
No improvement, patience counter: 5/25
Fold 4, Epoch: 91/1000, Batch: 854, Loss: 0.0061
Fold 4, Epoch 91/1000, Average Train Loss: 0.0019, LR: 0.000000
Fold 4, Epoch 91, Current decision threshold: 0.0834
Fold 4, Epoch 91/1000, Validation Loss: 0.0077, Accuracy: 0.9960
Fold 4, Epoch 91/1000, Precision: 0.9077, Recall: 0.9308, F1-Score: 0.9191, AUC: 0.9986, AUPR: 0.9496
No improvement, patience counter: 6/25
Fold 4, Epoch: 92/1000, Batch: 854, Loss: 0.0011
Fold 4, Epoch 92/1000, Average Train Loss: 0.0020, LR: 0.000000
Fold 4, Epoch 92, Current decision threshold: 0.0834
Fold 4, Epoch 92/1000, Validation Loss: 0.0077, Accuracy: 0.9959
Fold 4, Epoch 92/1000, Precision: 0.9077, Recall: 0.9300, F1-Score: 0.9187, AUC: 0.9986, AUPR: 0.9496
No improvement, patience counter: 7/25
Fold 4, Epoch: 93/1000, Batch: 854, Loss: 0.0007
Fold 4, Epoch 93/1000, Average Train Loss: 0.0020, LR: 0.000000
Fold 4, Epoch 93, Current decision threshold: 0.0834
Fold 4, Epoch 93/1000, Validation Loss: 0.0076, Accuracy: 0.9960
Fold 4, Epoch 93/1000, Precision: 0.9074, Recall: 0.9308, F1-Score: 0.9189, AUC: 0.9986, AUPR: 0.9496
No improvement, patience counter: 8/25
Fold 4, Epoch: 94/1000, Batch: 854, Loss: 0.0010
Fold 4, Epoch 94/1000, Average Train Loss: 0.0020, LR: 0.000000
Fold 4, Epoch 94, Current decision threshold: 0.0834
Fold 4, Epoch 94/1000, Validation Loss: 0.0076, Accuracy: 0.9960
Fold 4, Epoch 94/1000, Precision: 0.9074, Recall: 0.9312, F1-Score: 0.9191, AUC: 0.9986, AUPR: 0.9496
No improvement, patience counter: 9/25
Fold 4, Epoch: 95/1000, Batch: 854, Loss: 0.0015
Fold 4, Epoch 95/1000, Average Train Loss: 0.0020, LR: 0.000000
Epoch 95: Optimal threshold updated to = 0.0865
Fold 4, Epoch 95, Current decision threshold: 0.0865
Fold 4, Epoch 95/1000, Validation Loss: 0.0076, Accuracy: 0.9960
Fold 4, Epoch 95/1000, Precision: 0.9100, Recall: 0.9283, F1-Score: 0.9191, AUC: 0.9986, AUPR: 0.9496
No improvement, patience counter: 10/25
Fold 4, Epoch: 96/1000, Batch: 854, Loss: 0.0017
Fold 4, Epoch 96/1000, Average Train Loss: 0.0020, LR: 0.000000
Fold 4, Epoch 96, Current decision threshold: 0.0865
Fold 4, Epoch 96/1000, Validation Loss: 0.0077, Accuracy: 0.9960
Fold 4, Epoch 96/1000, Precision: 0.9100, Recall: 0.9283, F1-Score: 0.9191, AUC: 0.9986, AUPR: 0.9496
No improvement, patience counter: 11/25
Fold 4, Epoch: 97/1000, Batch: 854, Loss: 0.0015
Fold 4, Epoch 97/1000, Average Train Loss: 0.0020, LR: 0.000000
Fold 4, Epoch 97, Current decision threshold: 0.0865
Fold 4, Epoch 97/1000, Validation Loss: 0.0077, Accuracy: 0.9960
Fold 4, Epoch 97/1000, Precision: 0.9100, Recall: 0.9279, F1-Score: 0.9189, AUC: 0.9986, AUPR: 0.9495
No improvement, patience counter: 12/25
Fold 4, Epoch: 98/1000, Batch: 854, Loss: 0.0028
Fold 4, Epoch 98/1000, Average Train Loss: 0.0019, LR: 0.000000
Fold 4, Epoch 98, Current decision threshold: 0.0865
Fold 4, Epoch 98/1000, Validation Loss: 0.0077, Accuracy: 0.9960
Fold 4, Epoch 98/1000, Precision: 0.9100, Recall: 0.9279, F1-Score: 0.9189, AUC: 0.9986, AUPR: 0.9495
No improvement, patience counter: 13/25
Fold 4, Epoch: 99/1000, Batch: 854, Loss: 0.0021
Fold 4, Epoch 99/1000, Average Train Loss: 0.0020, LR: 0.000000
Fold 4, Epoch 99, Current decision threshold: 0.0865
Fold 4, Epoch 99/1000, Validation Loss: 0.0077, Accuracy: 0.9960
Fold 4, Epoch 99/1000, Precision: 0.9100, Recall: 0.9279, F1-Score: 0.9189, AUC: 0.9986, AUPR: 0.9495
No improvement, patience counter: 14/25
Fold 4, Epoch: 100/1000, Batch: 854, Loss: 0.0008
Fold 4, Epoch 100/1000, Average Train Loss: 0.0020, LR: 0.000000
Epoch 100: Optimal threshold updated to = 0.0865
Fold 4, Epoch 100, Current decision threshold: 0.0865
Fold 4, Epoch 100/1000, Validation Loss: 0.0076, Accuracy: 0.9960
Fold 4, Epoch 100/1000, Precision: 0.9101, Recall: 0.9287, F1-Score: 0.9193, AUC: 0.9986, AUPR: 0.9495
No improvement, patience counter: 15/25
Fold 4, Epoch: 101/1000, Batch: 854, Loss: 0.0025
Fold 4, Epoch 101/1000, Average Train Loss: 0.0019, LR: 0.000000
Fold 4, Epoch 101, Current decision threshold: 0.0865
Fold 4, Epoch 101/1000, Validation Loss: 0.0077, Accuracy: 0.9960
Fold 4, Epoch 101/1000, Precision: 0.9100, Recall: 0.9279, F1-Score: 0.9189, AUC: 0.9986, AUPR: 0.9495
No improvement, patience counter: 16/25
Fold 4, Epoch: 102/1000, Batch: 854, Loss: 0.0034
Fold 4, Epoch 102/1000, Average Train Loss: 0.0019, LR: 0.000000
Fold 4, Epoch 102, Current decision threshold: 0.0865
Fold 4, Epoch 102/1000, Validation Loss: 0.0076, Accuracy: 0.9960
Fold 4, Epoch 102/1000, Precision: 0.9101, Recall: 0.9291, F1-Score: 0.9195, AUC: 0.9986, AUPR: 0.9495
No improvement, patience counter: 17/25
Fold 4, Epoch: 103/1000, Batch: 854, Loss: 0.0009
Fold 4, Epoch 103/1000, Average Train Loss: 0.0020, LR: 0.000000
Fold 4, Epoch 103, Current decision threshold: 0.0865
Fold 4, Epoch 103/1000, Validation Loss: 0.0076, Accuracy: 0.9960
Fold 4, Epoch 103/1000, Precision: 0.9100, Recall: 0.9279, F1-Score: 0.9189, AUC: 0.9986, AUPR: 0.9495
No improvement, patience counter: 18/25
Fold 4, Epoch: 104/1000, Batch: 854, Loss: 0.0020
Fold 4, Epoch 104/1000, Average Train Loss: 0.0020, LR: 0.000000
Fold 4, Epoch 104, Current decision threshold: 0.0865
Fold 4, Epoch 104/1000, Validation Loss: 0.0077, Accuracy: 0.9960
Fold 4, Epoch 104/1000, Precision: 0.9100, Recall: 0.9279, F1-Score: 0.9189, AUC: 0.9986, AUPR: 0.9495
No improvement, patience counter: 19/25
Fold 4, Epoch: 105/1000, Batch: 854, Loss: 0.0010
Fold 4, Epoch 105/1000, Average Train Loss: 0.0020, LR: 0.000000
Epoch 105: Optimal threshold updated to = 0.0857
Fold 4, Epoch 105, Current decision threshold: 0.0857
Fold 4, Epoch 105/1000, Validation Loss: 0.0077, Accuracy: 0.9960
Fold 4, Epoch 105/1000, Precision: 0.9101, Recall: 0.9287, F1-Score: 0.9193, AUC: 0.9986, AUPR: 0.9495
No improvement, patience counter: 20/25
Fold 4, Epoch: 106/1000, Batch: 854, Loss: 0.0004
Fold 4, Epoch 106/1000, Average Train Loss: 0.0019, LR: 0.000000
Fold 4, Epoch 106, Current decision threshold: 0.0857
Fold 4, Epoch 106/1000, Validation Loss: 0.0077, Accuracy: 0.9960
Fold 4, Epoch 106/1000, Precision: 0.9101, Recall: 0.9287, F1-Score: 0.9193, AUC: 0.9986, AUPR: 0.9495
No improvement, patience counter: 21/25
Fold 4, Epoch: 107/1000, Batch: 854, Loss: 0.0022
Fold 4, Epoch 107/1000, Average Train Loss: 0.0019, LR: 0.000000
Fold 4, Epoch 107, Current decision threshold: 0.0857
Fold 4, Epoch 107/1000, Validation Loss: 0.0077, Accuracy: 0.9960
Fold 4, Epoch 107/1000, Precision: 0.9101, Recall: 0.9287, F1-Score: 0.9193, AUC: 0.9986, AUPR: 0.9495
No improvement, patience counter: 22/25
Fold 4, Epoch: 108/1000, Batch: 854, Loss: 0.0030
Fold 4, Epoch 108/1000, Average Train Loss: 0.0020, LR: 0.000000
Fold 4, Epoch 108, Current decision threshold: 0.0857
Fold 4, Epoch 108/1000, Validation Loss: 0.0077, Accuracy: 0.9960
Fold 4, Epoch 108/1000, Precision: 0.9101, Recall: 0.9287, F1-Score: 0.9193, AUC: 0.9986, AUPR: 0.9495
No improvement, patience counter: 23/25
Fold 4, Epoch: 109/1000, Batch: 854, Loss: 0.0017
Fold 4, Epoch 109/1000, Average Train Loss: 0.0020, LR: 0.000000
Fold 4, Epoch 109, Current decision threshold: 0.0857
Fold 4, Epoch 109/1000, Validation Loss: 0.0077, Accuracy: 0.9960
Fold 4, Epoch 109/1000, Precision: 0.9101, Recall: 0.9291, F1-Score: 0.9195, AUC: 0.9986, AUPR: 0.9495
No improvement, patience counter: 24/25
Fold 4, Epoch: 110/1000, Batch: 854, Loss: 0.0025
Fold 4, Epoch 110/1000, Average Train Loss: 0.0019, LR: 0.000000
Epoch 110: Optimal threshold updated to = 0.0857
Fold 4, Epoch 110, Current decision threshold: 0.0857
Fold 4, Epoch 110/1000, Validation Loss: 0.0077, Accuracy: 0.9960
Fold 4, Epoch 110/1000, Precision: 0.9101, Recall: 0.9287, F1-Score: 0.9193, AUC: 0.9986, AUPR: 0.9495
No improvement, patience counter: 25/25
Early stopping at epoch 110
Restored best model, F1: 0.9196, AUC: 0.9986, AUPR: 0.9496
Round 6, Fold 4 best model and threshold 0.0857 saved to D:\SPAN\models\span_round_6_fold_4.pkl
Completed fold 4 in 5-folds, Validation Loss: 0.0076, Accuracy: 0.9960
Completed fold 4 in 5-folds, Precision: 0.9091, Recall: 0.9304, F1-Score: 0.9196, AUC: 0.9986, AUPR: 0.9496
Fold 4 test Finished! - 2026-04-06 15:02:57
======================================================================
Final Results Summary
----------------------------------------------------------------------
AUC         AUPR        Acc         F1          Pre         Recall      
0.9986      0.9496      0.9960      0.9196      0.9091      0.9304      
======================================================================
